095815177-> OPEN PORT: COM1@9600
095815256-> ********************** COMMAND BEGIN **********************
095815256-> data sent to printer:
095815257-> <2>Q<3>
095815262-> data received from printer:
095815422-> <21>
095815422-> ********************** COMMAND BEGIN **********************
095815424-> data sent to printer:
095815424-> <2>M<3>
095815428-> data received from printer:
095815589-> <21>
095822624-> OPEN PORT: COM1@9600
095822688-> OPEN PORT: COM1@9600
095822690-> ********************** COMMAND BEGIN **********************
095822691-> data sent to printer:
095822692-> <2>L&1<3>
095823352-> data received from printer:
095823526-> <2>6081*6071<3><6>
095823527-> ********************** COMMAND BEGIN **********************
095823528-> data sent to printer:
095823528-> <2>VRazon Social: YESENIA  MENDOZA<3>
095823617-> data received from printer:
095823781-> <6>
095823782-> ********************** COMMAND BEGIN **********************
095823782-> data sent to printer:
095823783-> <2>VCI/Rif: V-18025532<3>
095823859-> data received from printer:
095824022-> <6>
095824023-> ********************** COMMAND BEGIN **********************
095824024-> data sent to printer:
095824024-> <2>V----------------------------------------<3>
095824123-> data received from printer:
095824278-> <6>
095824291-> ********************** COMMAND BEGIN **********************
095824291-> data sent to printer:
095824292-> <2>Y0<3>
095824299-> data received from printer:
095824553-> <2>SENIAT    J-00000000000001600*0800*3100*2          Bs.0TIS0900049300120250951<3><6>
095824568-> ********************** COMMAND BEGIN **********************
095824568-> data sent to printer:
095824569-> <2>VC000013 ULTRA DELGADO 1.60 ASFERICO <3>
095824664-> data received from printer:
095824824-> <6>
095824825-> ********************** COMMAND BEGIN **********************
095824825-> data sent to printer:
095824826-> <2>N12,000xBs3904,29     00007808580<3>
095824968-> data received from printer:
095825125-> <6>
095825126-> ********************** COMMAND BEGIN **********************
095825126-> data sent to printer:
095825126-> <2>VM150955 YMCCFIVE7152351A<3>
095825209-> data received from printer:
095825365-> <6>
095825366-> ********************** COMMAND BEGIN **********************
095825366-> data sent to printer:
095825366-> <2>N11,000xBs1154,79     00001154791<3>
095825508-> data received from printer:
095825665-> <6>
095825948-> ********************** COMMAND BEGIN **********************
095825949-> data sent to printer:
095825950-> <2>OT835866<0><0><0><0><0><128>$<1><3>
095826515-> data received from printer:
095826682-> <2>914814<3><6>
095826747-> ********************** COMMAND BEGIN **********************
095826747-> data sent to printer:
095826748-> <2>P122/01/2025 EFECTIVO 000000104042<3>
095826891-> data received from printer:
095827046-> <6>
095827047-> ********************** COMMAND BEGIN **********************
095827047-> data sent to printer:
095827047-> <2>P1DIVISAS             000000835848<3>
095827416-> data received from printer:
095827572-> <6>
095827573-> ********************** COMMAND BEGIN **********************
095827573-> data sent to printer:
095827574-> <2>V<3>
095827630-> data received from printer:
095827782-> <6>
095827783-> ********************** COMMAND BEGIN **********************
095827783-> data sent to printer:
095827784-> <2>VNumero Orden: 0066881<3>
095827863-> data received from printer:
095828023-> <6>
095828023-> ********************** COMMAND BEGIN **********************
095828024-> data sent to printer:
095828024-> <2>V<3>
095828081-> data received from printer:
095828234-> <6>
095828245-> ********************** COMMAND BEGIN **********************
095828245-> data sent to printer:
095828245-> <2>V<161><161><161>GRACIAS POR SU COMPRA!!!<3>
095828331-> data received from printer:
095828489-> <6>
095828489-> ********************** COMMAND BEGIN **********************
095828490-> data sent to printer:
095828490-> <2>VSolo se aceptaran devoluciones<3>
095828579-> data received from printer:
095828745-> <6>
095828746-> ********************** COMMAND BEGIN **********************
095828746-> data sent to printer:
095828746-> <2>Vpor defectos de fabrica, con la<3>
095828836-> data received from printer:
095829000-> <6>
095829001-> ********************** COMMAND BEGIN **********************
095829001-> data sent to printer:
095829001-> <2>Vpresentacion de esta factura (original),<3>
095829101-> data received from printer:
095829255-> <6>
095829255-> ********************** COMMAND BEGIN **********************
095829256-> data sent to printer:
095829256-> <2>Vdentro de los treinta (30) dias<3>
095829347-> data received from printer:
095829497-> <6>
095829498-> ********************** COMMAND BEGIN **********************
095829498-> data sent to printer:
095829498-> <2>Vsiguientes a la emision de la misma.<3>
095829593-> data received from printer:
095829754-> <6>
095829755-> ********************** COMMAND BEGIN **********************
095829755-> data sent to printer:
095829755-> <2>Y0<3>
095829763-> data received from printer:
095830013-> <2>SENIAT    J-00000000000001600*0800*3100*2          Bs.0TIS0900049300120250951<3><6>
095830014-> ********************** COMMAND BEGIN **********************
095830014-> data sent to printer:
095830015-> <2>M<3>
095831312-> data received from printer:
095831469-> <6>
095846531-> OPEN PORT: COM1@9600
095846595-> ********************** COMMAND BEGIN **********************
095846596-> data sent to printer:
095846596-> <2>Y3<3>
095846604-> data received from printer:
095846790-> <2>6081*6071*909*0*<3><6>
100200626-> OPEN PORT: COM1@9600
100200691-> ********************** COMMAND BEGIN **********************
100200691-> data sent to printer:
100200692-> <2>Q<3>
100200697-> data received from printer:
100200862-> <21>
100200863-> ********************** COMMAND BEGIN **********************
100200863-> data sent to printer:
100200864-> <2>M<3>
100200868-> data received from printer:
100201027-> <21>
100208126-> OPEN PORT: COM1@9600
100208190-> OPEN PORT: COM1@9600
100208193-> ********************** COMMAND BEGIN **********************
100208194-> data sent to printer:
100208194-> <2>L&1<3>
100208854-> data received from printer:
100209028-> <2>6082*6071<3><6>
100209029-> ********************** COMMAND BEGIN **********************
100209030-> data sent to printer:
100209030-> <2>VRazon Social: YESENIA  MENDOZA<3>
100209119-> data received from printer:
100209284-> <6>
100209285-> ********************** COMMAND BEGIN **********************
100209285-> data sent to printer:
100209286-> <2>VCI/Rif: V-18025532<3>
100209362-> data received from printer:
100209525-> <6>
100209526-> ********************** COMMAND BEGIN **********************
100209526-> data sent to printer:
100209527-> <2>V----------------------------------------<3>
100209626-> data received from printer:
100209780-> <6>
100209782-> ********************** COMMAND BEGIN **********************
100209782-> data sent to printer:
100209783-> <2>Y0<3>
100209790-> data received from printer:
100210038-> <2>SENIAT    J-00000000000001600*0800*3100*2          Bs.0TIS0900049300120250955<3><6>
100210041-> ********************** COMMAND BEGIN **********************
100210041-> data sent to printer:
100210042-> <2>VC000013 ULTRA DELGADO 1.60 ASFERICO <3>
100210137-> data received from printer:
100210295-> <6>
100210296-> ********************** COMMAND BEGIN **********************
100210297-> data sent to printer:
100210297-> <2>N12,000xBs3904,29     00007808580<3>
100210439-> data received from printer:
100210596-> <6>
100210597-> ********************** COMMAND BEGIN **********************
100210597-> data sent to printer:
100210597-> <2>VM150955 YMCCFIVE7152351A<3>
100210680-> data received from printer:
100210836-> <6>
100210837-> ********************** COMMAND BEGIN **********************
100210837-> data sent to printer:
100210837-> <2>N11,000xBs1154,79     00001154791<3>
100210979-> data received from printer:
100211136-> <6>
100211363-> ********************** COMMAND BEGIN **********************
100211364-> data sent to printer:
100211366-> <2>OT797366<0><0><0><0><0><0><156><135><3>
100211933-> data received from printer:
100212105-> <2>914814<3><6>
100212115-> ********************** COMMAND BEGIN **********************
100212116-> data sent to printer:
100212116-> <2>P122/01/2025 EFECTIVO 000000141380<3>
100212259-> data received from printer:
100212421-> <6>
100212422-> ********************** COMMAND BEGIN **********************
100212422-> data sent to printer:
100212422-> <2>P1DIVISAS             000000797355<3>
100212791-> data received from printer:
100212946-> <6>
100212947-> ********************** COMMAND BEGIN **********************
100212947-> data sent to printer:
100212948-> <2>V<3>
100213003-> data received from printer:
100213157-> <6>
100213158-> ********************** COMMAND BEGIN **********************
100213158-> data sent to printer:
100213159-> <2>VNumero Orden: 0066882<3>
100213238-> data received from printer:
100213397-> <6>
100213398-> ********************** COMMAND BEGIN **********************
100213398-> data sent to printer:
100213398-> <2>V<3>
100213455-> data received from printer:
100213607-> <6>
100213645-> ********************** COMMAND BEGIN **********************
100213646-> data sent to printer:
100213646-> <2>V<161><161><161>GRACIAS POR SU COMPRA!!!<3>
100213732-> data received from printer:
100213893-> <6>
100213894-> ********************** COMMAND BEGIN **********************
100213894-> data sent to printer:
100213894-> <2>VSolo se aceptaran devoluciones<3>
100213983-> data received from printer:
100214134-> <6>
100214135-> ********************** COMMAND BEGIN **********************
100214135-> data sent to printer:
100214136-> <2>Vpor defectos de fabrica, con la<3>
100214225-> data received from printer:
100214389-> <6>
100214390-> ********************** COMMAND BEGIN **********************
100214390-> data sent to printer:
100214390-> <2>Vpresentacion de esta factura (original),<3>
100214490-> data received from printer:
100214644-> <6>
100214644-> ********************** COMMAND BEGIN **********************
100214645-> data sent to printer:
100214645-> <2>Vdentro de los treinta (30) dias<3>
100214735-> data received from printer:
100214899-> <6>
100214900-> ********************** COMMAND BEGIN **********************
100214900-> data sent to printer:
100214900-> <2>Vsiguientes a la emision de la misma.<3>
100214995-> data received from printer:
100215154-> <6>
100215155-> ********************** COMMAND BEGIN **********************
100215155-> data sent to printer:
100215156-> <2>Y0<3>
100215163-> data received from printer:
100215414-> <2>SENIAT    J-00000000000001600*0800*3100*2          Bs.0TIS0900049300120250955<3><6>
100215415-> ********************** COMMAND BEGIN **********************
100215415-> data sent to printer:
100215415-> <2>M<3>
100216713-> data received from printer:
100216869-> <6>
100231934-> OPEN PORT: COM1@9600
100231999-> ********************** COMMAND BEGIN **********************
100231999-> data sent to printer:
100231999-> <2>Y3<3>
100232007-> data received from printer:
100232192-> <2>6082*6071*909*0*<3><6>
112744262-> OPEN PORT: COM1@9600
112744389-> ********************** COMMAND BEGIN **********************
112744390-> data sent to printer:
112744390-> <2>Q<3>
112744395-> data received from printer:
112744556-> <21>
112744557-> ********************** COMMAND BEGIN **********************
112744557-> data sent to printer:
112744557-> <2>M<3>
112744562-> data received from printer:
112744721-> <21>
112752681-> OPEN PORT: COM1@9600
112752746-> OPEN PORT: COM1@9600
112752763-> ********************** COMMAND BEGIN **********************
112752763-> data sent to printer:
112752764-> <2>L&1<3>
112753424-> data received from printer:
112753590-> <2>6083*6071<3><6>
112753591-> ********************** COMMAND BEGIN **********************
112753591-> data sent to printer:
112753592-> <2>VRazon Social: ALI IBRAHIN<3>
112753675-> data received from printer:
112753831-> <6>
112753832-> ********************** COMMAND BEGIN **********************
112753832-> data sent to printer:
112753832-> <2>VCI/Rif: V-28009513<3>
112753908-> data received from printer:
112754072-> <6>
112754073-> ********************** COMMAND BEGIN **********************
112754073-> data sent to printer:
112754073-> <2>V----------------------------------------<3>
112754173-> data received from printer:
112754327-> <6>
112754409-> ********************** COMMAND BEGIN **********************
112754410-> data sent to printer:
112754411-> <2>Y0<3>
112754418-> data received from printer:
112754680-> <2>SENIAT    J-00000000000001600*0800*3100*2          Bs.0TIS0900049300120251120<3><6>
112754683-> ********************** COMMAND BEGIN **********************
112754683-> data sent to printer:
112754684-> <2>VC000001 VISION SENCILLA TERMINADO <3>
112754777-> data received from printer:
112754935-> <6>
112754936-> ********************** COMMAND BEGIN **********************
112754936-> data sent to printer:
112754937-> <2>N12,000xBs680,00      00001360000<3>
112755079-> data received from printer:
112755235-> <6>
112755236-> ********************** COMMAND BEGIN **********************
112755236-> data sent to printer:
112755236-> <2>VM145364 CMSLSTYL3435754BR<3>
112755320-> data received from printer:
112755475-> <6>
112755476-> ********************** COMMAND BEGIN **********************
112755476-> data sent to printer:
112755476-> <2>N11,000xBs1580,00     00001580000<3>
112755618-> data received from printer:
112755776-> <6>
112755777-> ********************** COMMAND BEGIN **********************
112755777-> data sent to printer:
112755777-> <2>VS000006 PRISMA<3>
112758836-> No reponse from printer
112758837-> ********************** COMMAND BEGIN **********************
112758837-> data sent to printer:
112758838-> <2>Q<3>
112804897-> No reponse from printer
112804898-> ********************** COMMAND BEGIN **********************
112804898-> data sent to printer:
112804898-> <2>M<3>
112804903-> data received from printer:
112805062-> <21>
161704541-> OPEN PORT: COM1@9600
161704769-> ********************** COMMAND BEGIN **********************
161704771-> data sent to printer:
161704772-> <2>Q<3>
161704778-> data received from printer:
161704945-> <21>
161704946-> ********************** COMMAND BEGIN **********************
161704946-> data sent to printer:
161704947-> <2>M<3>
161704952-> data received from printer:
161705111-> <21>
161706038-> OPEN PORT: COM1@9600
161706104-> OPEN PORT: COM1@9600
161706114-> ********************** COMMAND BEGIN **********************
161706114-> data sent to printer:
161706115-> <2>L&1<3>
161706775-> data received from printer:
161706953-> <2>6084*6083<3><6>
161706954-> ********************** COMMAND BEGIN **********************
161706954-> data sent to printer:
161706955-> <2>VRazon Social: ANA BALZA<3>
161707036-> data received from printer:
161707193-> <6>
161707194-> ********************** COMMAND BEGIN **********************
161707194-> data sent to printer:
161707194-> <2>VCI/Rif: V-5163257<3>
161707269-> data received from printer:
161707434-> <6>
161707434-> ********************** COMMAND BEGIN **********************
161707435-> data sent to printer:
161707435-> <2>V----------------------------------------<3>
161707535-> data received from printer:
161707689-> <6>
161707691-> ********************** COMMAND BEGIN **********************
161707691-> data sent to printer:
161707692-> <2>Y0<3>
161707699-> data received from printer:
161707949-> <2>SENIAT    J-00000000000001600*0800*3100*2          Bs.0TIS0900049300120251611<3><6>
161707952-> ********************** COMMAND BEGIN **********************
161707953-> data sent to printer:
161707953-> <2>VC300588 Prog RLX FIT  1.56 ChromActive C<3>
161708052-> data received from printer:
161708204-> <6>
161708205-> ********************** COMMAND BEGIN **********************
161708205-> data sent to printer:
161708205-> <2>VleAR *<3>
161708268-> data received from printer:
161708430-> <6>
161708431-> ********************** COMMAND BEGIN **********************
161708432-> data sent to printer:
161708432-> <2>N12,000xBs6500,00     00013000000<3>
161708574-> data received from printer:
161708731-> <6>
161708732-> ********************** COMMAND BEGIN **********************
161708732-> data sent to printer:
161708732-> <2>VM179464 DPCCINPZH601354MT<3>
161708816-> data received from printer:
161708972-> <6>
161708973-> ********************** COMMAND BEGIN **********************
161708973-> data sent to printer:
161708973-> <2>N11,000xBs4025,00     00004025000<3>
161709115-> data received from printer:
161709272-> <6>
161709319-> ********************** COMMAND BEGIN **********************
161709320-> data sent to printer:
161709320-> <2>\Descuento           000000434818000000000000000000000000000000000000<3>
161709452-> data received from printer:
161709603-> <6>
161709604-> ********************** COMMAND BEGIN **********************
161709604-> data sent to printer:
161709605-> <2>O1<3>
161710153-> data received from printer:
161710324-> <2>01267682<3><6>
161710368-> ********************** COMMAND BEGIN **********************
161710369-> data sent to printer:
161710369-> <2>P130/01/2025 EFECTIVO 000001267682<3>
161710564-> data received from printer:
161710730-> <6>
161710731-> ********************** COMMAND BEGIN **********************
161710731-> data sent to printer:
161710732-> <2>V<3>
161710789-> data received from printer:
161710940-> <6>
161710941-> ********************** COMMAND BEGIN **********************
161710941-> data sent to printer:
161710941-> <2>VNumero Orden: 0115065<3>
161711020-> data received from printer:
161711180-> <6>
161711181-> ********************** COMMAND BEGIN **********************
161711181-> data sent to printer:
161711181-> <2>V<3>
161711238-> data received from printer:
161711390-> <6>
161711426-> ********************** COMMAND BEGIN **********************
161711426-> data sent to printer:
161711427-> <2>V<161><161><161>GRACIAS POR SU COMPRA!!!<3>
161714481-> No reponse from printer
161714482-> ********************** COMMAND BEGIN **********************
161714482-> data sent to printer:
161714483-> <2>VSolo se aceptaran devoluciones<3>
161717540-> No reponse from printer
161717541-> ********************** COMMAND BEGIN **********************
161717541-> data sent to printer:
161717541-> <2>Vpor defectos de fabrica, con la<3>
161717579-> data received from printer:
161717735-> <21>
161717736-> ********************** COMMAND BEGIN **********************
161717736-> data sent to printer:
161717736-> <2>Vpresentacion de esta factura (original),<3>
161717783-> data received from printer:
161717945-> <21>
161717945-> ********************** COMMAND BEGIN **********************
161717946-> data sent to printer:
161717946-> <2>Vdentro de los treinta (30) dias<3>
161717984-> data received from printer:
161718140-> <21>
161718141-> ********************** COMMAND BEGIN **********************
161718141-> data sent to printer:
161718142-> <2>Vsiguientes a la emision de la misma.<3>
161718184-> data received from printer:
161718350-> <21>
161718351-> ********************** COMMAND BEGIN **********************
161718351-> data sent to printer:
161718351-> <2>V <3>
161718357-> data received from printer:
161718516-> <21>
161718516-> ********************** COMMAND BEGIN **********************
161718517-> data sent to printer:
161718517-> <2>V   * * * CONTRIBUYENTE FORMAL * * * <3>
161718560-> data received from printer:
161718712-> <21>
161718713-> ********************** COMMAND BEGIN **********************
161718713-> data sent to printer:
161718714-> <2>V <3>
161718720-> data received from printer:
161718878-> <21>
161718879-> ********************** COMMAND BEGIN **********************
161718879-> data sent to printer:
161718879-> <2>V           CZL 0736194-0196<3>
161718913-> data received from printer:
161719074-> <21>
161719075-> ********************** COMMAND BEGIN **********************
161719075-> data sent to printer:
161719075-> <2>V <3>
161719081-> data received from printer:
161719239-> <21>
161719239-> ********************** COMMAND BEGIN **********************
161719240-> data sent to printer:
161719240-> <2>Y0<3>
161719248-> data received from printer:
161719497-> <2>SENIAT    J-00000000000001600*0800*3100*2          Bs.0TIS0900049300120251611<3><6>
161719498-> ********************** COMMAND BEGIN **********************
161719498-> data sent to printer:
161719498-> <2>M<3>
161719503-> data received from printer:
161719663-> <21>
161734729-> OPEN PORT: COM1@9600
161734807-> ********************** COMMAND BEGIN **********************
161734807-> data sent to printer:
161734808-> <2>Y3<3>
161734815-> data received from printer:
161735001-> <2>6084*6084*909*0*<3><6>
162431110-> OPEN PORT: COM1@9600
162431176-> ********************** COMMAND BEGIN **********************
162431177-> data sent to printer:
162431177-> <2>Q<3>
162431182-> data received from printer:
162431343-> <21>
162431343-> ********************** COMMAND BEGIN **********************
162431344-> data sent to printer:
162431344-> <2>M<3>
162431349-> data received from printer:
162431508-> <21>
162432452-> OPEN PORT: COM1@9600
162432517-> OPEN PORT: COM1@9600
162432517-> ********************** COMMAND BEGIN **********************
162432518-> data sent to printer:
162432518-> <2>L&1<3>
162433179-> data received from printer:
162433347-> <2>6085*6084<3><6>
162433347-> ********************** COMMAND BEGIN **********************
162433348-> data sent to printer:
162433348-> <2>VRazon Social: ANA BALZA<3>
162433429-> data received from printer:
162433588-> <6>
162433588-> ********************** COMMAND BEGIN **********************
162433589-> data sent to printer:
162433589-> <2>VCI/Rif: V-5163257<3>
162433664-> data received from printer:
162433829-> <6>
162433829-> ********************** COMMAND BEGIN **********************
162433830-> data sent to printer:
162433830-> <2>V----------------------------------------<3>
162433930-> data received from printer:
162434084-> <6>
162434085-> ********************** COMMAND BEGIN **********************
162434085-> data sent to printer:
162434086-> <2>Y0<3>
162434093-> data received from printer:
162434343-> <2>SENIAT    J-00000000000001600*0800*3100*2          Bs.0TIS0900049300120251618<3><6>
162434344-> ********************** COMMAND BEGIN **********************
162434344-> data sent to printer:
162434344-> <2>VM179464 DPCCINPZH601354MT<3>
162434427-> data received from printer:
162434583-> <6>
162434584-> ********************** COMMAND BEGIN **********************
162434584-> data sent to printer:
162434585-> <2>N11,000xBs4025,00     00004025000<3>
162434726-> data received from printer:
162434884-> <6>
162434884-> ********************** COMMAND BEGIN **********************
162434885-> data sent to printer:
162434885-> <2>VC300588 Prog RLX FIT  1.56 ChromActive C<3>
162434985-> data received from printer:
162435140-> <6>
162435141-> ********************** COMMAND BEGIN **********************
162435141-> data sent to printer:
162435142-> <2>VleAR *<3>
162435205-> data received from printer:
162435365-> <6>
162435366-> ********************** COMMAND BEGIN **********************
162435366-> data sent to printer:
162435366-> <2>N12,000xBs6500,00     00013000000<3>
162435508-> data received from printer:
162435667-> <6>
162435696-> ********************** COMMAND BEGIN **********************
162435697-> data sent to printer:
162435697-> <2>\Descuento           000000434818000000000000000000000000000000000000<3>
162435829-> data received from printer:
162435984-> <6>
162435985-> ********************** COMMAND BEGIN **********************
162435985-> data sent to printer:
162435985-> <2>O1<3>
162441039-> No reponse from printer
162441040-> ********************** COMMAND BEGIN **********************
162441040-> data sent to printer:
162441041-> <2>Q<3>
162447099-> No reponse from printer
162447103-> ********************** COMMAND BEGIN **********************
162447104-> data sent to printer:
162447104-> <2>M<3>
162447109-> data received from printer:
162447264-> <21>
181750331-> OPEN PORT: COM1@9600
181750437-> ********************** COMMAND BEGIN **********************
181750437-> data sent to printer:
181750438-> <2>Q<3>
181750442-> data received from printer:
181750603-> <21>
181750604-> ********************** COMMAND BEGIN **********************
181750604-> data sent to printer:
181750605-> <2>M<3>
181750609-> data received from printer:
181750768-> <21>
181751644-> OPEN PORT: COM1@9600
181751710-> OPEN PORT: COM1@9600
181751712-> ********************** COMMAND BEGIN **********************
181751713-> data sent to printer:
181751713-> <2>L&1<3>
181752374-> data received from printer:
181752538-> <2>6086*6085<3><6>
181752539-> ********************** COMMAND BEGIN **********************
181752539-> data sent to printer:
181752540-> <2>VRazon Social: YESENIA  MENDOZA<3>
181752629-> data received from printer:
181752793-> <6>
181752794-> ********************** COMMAND BEGIN **********************
181752794-> data sent to printer:
181752795-> <2>VCI/Rif: V-18025532<3>
181752871-> data received from printer:
181753033-> <6>
181753034-> ********************** COMMAND BEGIN **********************
181753035-> data sent to printer:
181753035-> <2>V----------------------------------------<3>
181753135-> data received from printer:
181753289-> <6>
181753299-> ********************** COMMAND BEGIN **********************
181753300-> data sent to printer:
181753300-> <2>Y0<3>
181753308-> data received from printer:
181753565-> <2>SENIAT    J-00000000000001600*0800*3100*2          Bs.0TIS0900049300120251811<3><6>
181753568-> ********************** COMMAND BEGIN **********************
181753568-> data sent to printer:
181753569-> <2>VC000013 ULTRA DELGADO 1.60 ASFERICO <3>
181753664-> data received from printer:
181753820-> <6>
181753821-> ********************** COMMAND BEGIN **********************
181753821-> data sent to printer:
181753821-> <2>N12,000xBs3904,29     00007808580<3>
181753963-> data received from printer:
181754120-> <6>
181754121-> ********************** COMMAND BEGIN **********************
181754121-> data sent to printer:
181754122-> <2>VM145364 CMSLSTYL3435754BR<3>
181754205-> data received from printer:
181754361-> <6>
181754361-> ********************** COMMAND BEGIN **********************
181754362-> data sent to printer:
181754362-> <2>N11,000xBs1594,71     00001594711<3>
181754504-> data received from printer:
181754662-> <6>
181754946-> ********************** COMMAND BEGIN **********************
181754949-> data sent to printer:
181754950-> <2>OT165833<0><0><0><0><0><128><165>X<3>
181755516-> data received from printer:
181755691-> <2>965844<3><6>
181755747-> ********************** COMMAND BEGIN **********************
181755747-> data sent to printer:
181755748-> <2>P122/01/2025 EFECTIVO 000000800000<3>
181755891-> data received from printer:
181756053-> <6>
181756054-> ********************** COMMAND BEGIN **********************
181756054-> data sent to printer:
181756054-> <2>P1DIVISAS             000000165844<3>
181756249-> data received from printer:
181756414-> <6>
181756415-> ********************** COMMAND BEGIN **********************
181756415-> data sent to printer:
181756416-> <2>V<3>
181756472-> data received from printer:
181756625-> <6>
181756626-> ********************** COMMAND BEGIN **********************
181756626-> data sent to printer:
181756627-> <2>VNumero Orden: 0066883<3>
181756706-> data received from printer:
181756865-> <6>
181756866-> ********************** COMMAND BEGIN **********************
181756866-> data sent to printer:
181756866-> <2>V<3>
181756923-> data received from printer:
181757076-> <6>
181757086-> ********************** COMMAND BEGIN **********************
181757087-> data sent to printer:
181757087-> <2>V<161><161><161>GRACIAS POR SU COMPRA!!!<3>
181757173-> data received from printer:
181757331-> <6>
181757332-> ********************** COMMAND BEGIN **********************
181757332-> data sent to printer:
181757332-> <2>VSolo se aceptaran devoluciones<3>
181757421-> data received from printer:
181757572-> <6>
181757573-> ********************** COMMAND BEGIN **********************
181757573-> data sent to printer:
181757573-> <2>Vpor defectos de fabrica, con la<3>
181757663-> data received from printer:
181757827-> <6>
181757828-> ********************** COMMAND BEGIN **********************
181757828-> data sent to printer:
181757828-> <2>Vpresentacion de esta factura (original),<3>
181757928-> data received from printer:
181758083-> <6>
181758084-> ********************** COMMAND BEGIN **********************
181758084-> data sent to printer:
181758085-> <2>Vdentro de los treinta (30) dias<3>
181758174-> data received from printer:
181758338-> <6>
181758339-> ********************** COMMAND BEGIN **********************
181758339-> data sent to printer:
181758340-> <2>Vsiguientes a la emision de la misma.<3>
181758435-> data received from printer:
181758594-> <6>
181758595-> ********************** COMMAND BEGIN **********************
181758595-> data sent to printer:
181758595-> <2>Y0<3>
181758603-> data received from printer:
181758855-> <2>SENIAT    J-00000000000001600*0800*3100*2          Bs.0TIS0900049300120251811<3><6>
181758856-> ********************** COMMAND BEGIN **********************
181758856-> data sent to printer:
181758857-> <2>M<3>
181800155-> data received from printer:
181800310-> <6>
181815373-> OPEN PORT: COM1@9600
181815438-> ********************** COMMAND BEGIN **********************
181815439-> data sent to printer:
181815439-> <2>Y3<3>
181815447-> data received from printer:
181815632-> <2>6086*6085*909*0*<3><6>
181909554-> OPEN PORT: COM1@9600
181909618-> ********************** COMMAND BEGIN **********************
181909619-> data sent to printer:
181909619-> <2>Q<3>
181909624-> data received from printer:
181909780-> <21>
181909781-> ********************** COMMAND BEGIN **********************
181909781-> data sent to printer:
181909782-> <2>M<3>
181909786-> data received from printer:
181909945-> <21>
181910429-> OPEN PORT: COM1@9600
181910494-> OPEN PORT: COM1@9600
181910495-> ********************** COMMAND BEGIN **********************
181910496-> data sent to printer:
181910496-> <2>L&1<3>
181911156-> data received from printer:
181911329-> <2>6087*6085<3><6>
181911329-> ********************** COMMAND BEGIN **********************
181911330-> data sent to printer:
181911330-> <2>VRazon Social: YESENIA  MENDOZA<3>
181911419-> data received from printer:
181911570-> <6>
181911571-> ********************** COMMAND BEGIN **********************
181911571-> data sent to printer:
181911571-> <2>VCI/Rif: V-18025532<3>
181911647-> data received from printer:
181911811-> <6>
181911812-> ********************** COMMAND BEGIN **********************
181911812-> data sent to printer:
181911812-> <2>V----------------------------------------<3>
181911912-> data received from printer:
181912066-> <6>
181912066-> ********************** COMMAND BEGIN **********************
181912067-> data sent to printer:
181912067-> <2>Y0<3>
181912075-> data received from printer:
181912325-> <2>SENIAT    J-00000000000001600*0800*3100*2          Bs.0TIS0900049300120251813<3><6>
181912326-> ********************** COMMAND BEGIN **********************
181912326-> data sent to printer:
181912327-> <2>VC000013 ULTRA DELGADO 1.60 ASFERICO <3>
181912422-> data received from printer:
181912581-> <6>
181912582-> ********************** COMMAND BEGIN **********************
181912582-> data sent to printer:
181912582-> <2>N12,000xBs3904,29     00007808580<3>
181912724-> data received from printer:
181912882-> <6>
181912883-> ********************** COMMAND BEGIN **********************
181912883-> data sent to printer:
181912883-> <2>VM145364 CMSLSTYL3435754BR<3>
181912967-> data received from printer:
181913123-> <6>
181913124-> ********************** COMMAND BEGIN **********************
181913124-> data sent to printer:
181913124-> <2>N11,000xBs1594,71     00001594711<3>
181913266-> data received from printer:
181913424-> <6>
181913650-> ********************** COMMAND BEGIN **********************
181913651-> data sent to printer:
181913651-> <2>OT165833<0><0><0><0><0><128><192>X<3>
181914216-> data received from printer:
181914377-> <2>965844<3><6>
181914385-> ********************** COMMAND BEGIN **********************
181914386-> data sent to printer:
181914386-> <2>P122/01/2025 EFECTIVO 000000800000<3>
181914529-> data received from printer:
181914692-> <6>
181914692-> ********************** COMMAND BEGIN **********************
181914693-> data sent to printer:
181914693-> <2>P1DIVISAS             000000165844<3>
181914888-> data received from printer:
181915053-> <6>
181915054-> ********************** COMMAND BEGIN **********************
181915054-> data sent to printer:
181915055-> <2>V<3>
181915111-> data received from printer:
181915263-> <6>
181915264-> ********************** COMMAND BEGIN **********************
181915264-> data sent to printer:
181915265-> <2>VNumero Orden: 0066883<3>
181915344-> data received from printer:
181915503-> <6>
181915503-> ********************** COMMAND BEGIN **********************
181915504-> data sent to printer:
181915504-> <2>V<3>
181915561-> data received from printer:
181915714-> <6>
181915721-> ********************** COMMAND BEGIN **********************
181915722-> data sent to printer:
181915722-> <2>V<161><161><161>GRACIAS POR SU COMPRA!!!<3>
181915808-> data received from printer:
181915970-> <6>
181915971-> ********************** COMMAND BEGIN **********************
181915971-> data sent to printer:
181915971-> <2>VSolo se aceptaran devoluciones<3>
181916060-> data received from printer:
181916211-> <6>
181916212-> ********************** COMMAND BEGIN **********************
181916212-> data sent to printer:
181916212-> <2>Vpor defectos de fabrica, con la<3>
181916302-> data received from printer:
181916465-> <6>
181916466-> ********************** COMMAND BEGIN **********************
181916466-> data sent to printer:
181916466-> <2>Vpresentacion de esta factura (original),<3>
181916566-> data received from printer:
181916720-> <6>
181916721-> ********************** COMMAND BEGIN **********************
181916721-> data sent to printer:
181916722-> <2>Vdentro de los treinta (30) dias<3>
181916812-> data received from printer:
181916975-> <6>
181916976-> ********************** COMMAND BEGIN **********************
181916976-> data sent to printer:
181916977-> <2>Vsiguientes a la emision de la misma.<3>
181917072-> data received from printer:
181917230-> <6>
181917231-> ********************** COMMAND BEGIN **********************
181917231-> data sent to printer:
181917232-> <2>Y0<3>
181917239-> data received from printer:
181917487-> <2>SENIAT    J-00000000000001600*0800*3100*2          Bs.0TIS0900049300120251813<3><6>
181917487-> ********************** COMMAND BEGIN **********************
181917488-> data sent to printer:
181917488-> <2>M<3>
181918786-> data received from printer:
181918943-> <6>
181933999-> OPEN PORT: COM1@9600
181934064-> ********************** COMMAND BEGIN **********************
181934064-> data sent to printer:
181934065-> <2>Y3<3>
181934072-> data received from printer:
181934243-> <2>6087*6085*909*0*<3><6>
182149339-> OPEN PORT: COM1@9600
182149406-> ********************** COMMAND BEGIN **********************
182149406-> data sent to printer:
182149407-> <2>Q<3>
182149411-> data received from printer:
182149562-> <21>
182149563-> ********************** COMMAND BEGIN **********************
182149563-> data sent to printer:
182149564-> <2>M<3>
182149569-> data received from printer:
182149727-> <21>
182240631-> OPEN PORT: COM1@9600
182240697-> OPEN PORT: COM1@9600
182240697-> ********************** COMMAND BEGIN **********************
182240698-> data sent to printer:
182240698-> <2>L&1<3>
182241359-> data received from printer:
182241534-> <2>6088*6085<3><6>
182241535-> ********************** COMMAND BEGIN **********************
182241535-> data sent to printer:
182241536-> <2>VRazon Social: YESENIA  MENDOZA<3>
182241624-> data received from printer:
182241789-> <6>
182241789-> ********************** COMMAND BEGIN **********************
182241790-> data sent to printer:
182241790-> <2>VCI/Rif: V-18025532<3>
182241866-> data received from printer:
182242031-> <6>
182242032-> ********************** COMMAND BEGIN **********************
182242032-> data sent to printer:
182242033-> <2>V----------------------------------------<3>
182242132-> data received from printer:
182242286-> <6>
182242287-> ********************** COMMAND BEGIN **********************
182242287-> data sent to printer:
182242288-> <2>Y0<3>
182242295-> data received from printer:
182242546-> <2>SENIAT    J-00000000000001600*0800*3100*2          Bs.0TIS0900049300120251816<3><6>
182242547-> ********************** COMMAND BEGIN **********************
182242547-> data sent to printer:
182242548-> <2>VC000013 ULTRA DELGADO 1.60 ASFERICO <3>
182242643-> data received from printer:
182242801-> <6>
182242802-> ********************** COMMAND BEGIN **********************
182242802-> data sent to printer:
182242803-> <2>N12,000xBs3904,29     00007808580<3>
182242944-> data received from printer:
182243101-> <6>
182243102-> ********************** COMMAND BEGIN **********************
182243102-> data sent to printer:
182243102-> <2>VM145364 CMSLSTYL3435754BR<3>
182243186-> data received from printer:
182243341-> <6>
182243342-> ********************** COMMAND BEGIN **********************
182243342-> data sent to printer:
182243342-> <2>N11,000xBs1594,71     00001594711<3>
182243484-> data received from printer:
182243641-> <6>
182243869-> ********************** COMMAND BEGIN **********************
182243870-> data sent to printer:
182243871-> <2>OT165833<0><0><0><0><0><128><144><173><3>
182244436-> data received from printer:
182244608-> <2>965844<3><6>
182244616-> ********************** COMMAND BEGIN **********************
182244616-> data sent to printer:
182244617-> <2>P122/01/2025 EFECTIVO 000000800000<3>
182244760-> data received from printer:
182244924-> <6>
182244924-> ********************** COMMAND BEGIN **********************
182244925-> data sent to printer:
182244925-> <2>P1DIVISAS             000000165844<3>
182245120-> data received from printer:
182245284-> <6>
182245285-> ********************** COMMAND BEGIN **********************
182245285-> data sent to printer:
182245286-> <2>V<3>
182245342-> data received from printer:
182245494-> <6>
182245495-> ********************** COMMAND BEGIN **********************
182245495-> data sent to printer:
182245495-> <2>VNumero Orden: 0066883<3>
182245574-> data received from printer:
182245734-> <6>
182245735-> ********************** COMMAND BEGIN **********************
182245735-> data sent to printer:
182245735-> <2>V<3>
182245792-> data received from printer:
182245944-> <6>
182245957-> ********************** COMMAND BEGIN **********************
182245957-> data sent to printer:
182245957-> <2>V<161><161><161>GRACIAS POR SU COMPRA!!!<3>
182246043-> data received from printer:
182246199-> <6>
182246199-> ********************** COMMAND BEGIN **********************
182246200-> data sent to printer:
182246200-> <2>VSolo se aceptaran devoluciones<3>
182246289-> data received from printer:
182246454-> <6>
182246455-> ********************** COMMAND BEGIN **********************
182246455-> data sent to printer:
182246455-> <2>Vpor defectos de fabrica, con la<3>
182246545-> data received from printer:
182246709-> <6>
182246710-> ********************** COMMAND BEGIN **********************
182246710-> data sent to printer:
182246710-> <2>Vpresentacion de esta factura (original),<3>
182246810-> data received from printer:
182246965-> <6>
182246966-> ********************** COMMAND BEGIN **********************
182246966-> data sent to printer:
182246967-> <2>Vdentro de los treinta (30) dias<3>
182247057-> data received from printer:
182247221-> <6>
182247222-> ********************** COMMAND BEGIN **********************
182247222-> data sent to printer:
182247222-> <2>Vsiguientes a la emision de la misma.<3>
182247318-> data received from printer:
182247476-> <6>
182247477-> ********************** COMMAND BEGIN **********************
182247477-> data sent to printer:
182247477-> <2>Y0<3>
182247485-> data received from printer:
182247736-> <2>SENIAT    J-00000000000001600*0800*3100*2          Bs.0TIS0900049300120251816<3><6>
182247737-> ********************** COMMAND BEGIN **********************
182247737-> data sent to printer:
182247738-> <2>M<3>
182249035-> data received from printer:
182249190-> <6>
182304248-> OPEN PORT: COM1@9600
182304313-> ********************** COMMAND BEGIN **********************
182304314-> data sent to printer:
182304314-> <2>Y3<3>
182304321-> data received from printer:
182304507-> <2>6088*6085*909*0*<3><6>
