105608927-> OPEN PORT: COM1@9600
105609017-> ********************** COMMAND BEGIN **********************
105609017-> data sent to printer:
105609018-> <2>L&2<3>
105610685-> data received from printer:
105610840-> <2>161*157<3><6>
105610841-> ********************** COMMAND BEGIN **********************
105610841-> data sent to printer:
105610842-> <2>VRazon Social: YUMIRA FERNANDEZ <3>
105611066-> data received from printer:
105611230-> <6>
105611231-> ********************** COMMAND BEGIN **********************
105611231-> data sent to printer:
105611232-> <2>VCI/Rif: V6469005<3>
105611463-> data received from printer:
105611620-> <6>
105611621-> ********************** COMMAND BEGIN **********************
105611621-> data sent to printer:
105611621-> <2>VDatos del Documento Original:<3>
105611842-> data received from printer:
105611995-> <6>
105611996-> ********************** COMMAND BEGIN **********************
105611996-> data sent to printer:
105611996-> <2>VNumero: 0001542<3>
105612205-> data received from printer:
105612370-> <6>
105612371-> ********************** COMMAND BEGIN **********************
105612371-> data sent to printer:
105612372-> <2>VFecha: 06/09/2023<3>
105612614-> data received from printer:
105612776-> <6>
105612776-> ********************** COMMAND BEGIN **********************
105612777-> data sent to printer:
105612777-> <2>VSerial Fiscal: TIX2290065<3>
105612996-> data received from printer:
105613152-> <6>
105613152-> ********************** COMMAND BEGIN **********************
105613153-> data sent to printer:
105613153-> <2>V----------------------------------------<3>
105613384-> data received from printer:
105613543-> <6>
105613793-> ********************** COMMAND BEGIN **********************
105613794-> data sent to printer:
105613794-> <2>VM162634 CPCLCDES1190952TR<3>
105614011-> data received from printer:
105614168-> <6>
105614169-> ********************** COMMAND BEGIN **********************
105614169-> data sent to printer:
105614170-> <2>R11,000xBs0,01        00000000011<3>
105614451-> data received from printer:
105614603-> <6>
105614604-> ********************** COMMAND BEGIN **********************
105614604-> data sent to printer:
105614605-> <2>VC000004 KRIPTOK INVISIBLE <3>
105614823-> data received from printer:
105614979-> <6>
105614979-> ********************** COMMAND BEGIN **********************
105614980-> data sent to printer:
105614980-> <2>R12,000xBs658,77      00001317540<3>
105615257-> data received from printer:
105615415-> <6>
105615416-> ********************** COMMAND BEGIN **********************
105615416-> data sent to printer:
105615416-> <2>VA000004 GARANTIA EXTENDIDA<3>
105615638-> data received from printer:
105615791-> <6>
105615792-> ********************** COMMAND BEGIN **********************
105615792-> data sent to printer:
105615792-> <2>R11,000xBs237,16      00000237161<3>
105616071-> data received from printer:
105616227-> <6>
105616509-> ********************** COMMAND BEGIN **********************
105616511-> data sent to printer:
105616513-> <2>O1<3>
105617640-> data received from printer:
105617795-> <2>159266<3><6>
105617796-> ********************** COMMAND BEGIN **********************
105617797-> data sent to printer:
105617797-> <2>VMonto Disponible:  1638,38<3>
105618017-> data received from printer:
105618170-> <6>
105618173-> ********************** COMMAND BEGIN **********************
105618173-> data sent to printer:
105618173-> <2>Y0<3>
105618223-> data received from printer:
105618500-> <2>SENIAT    J-316292649    1600*800*3100*2          Bs.0TIY1900001070620230534*300<3><6>
105618501-> ********************** COMMAND BEGIN **********************
105618501-> data sent to printer:
105618501-> <2>S<3>
105618509-> data received from printer:
105618665-> <21>
105618666-> ********************** COMMAND BEGIN **********************
105618666-> data sent to printer:
105618667-> <2>M<3>
105619986-> data received from printer:
105620150-> <6>
110252150-> OPEN PORT: COM1@9600
110252192-> ********************** COMMAND BEGIN **********************
110252192-> data sent to printer:
110252193-> <2>L&2<3>
110255091-> data received from printer:
110255250-> <2>162*157<3><6>
110255250-> ********************** COMMAND BEGIN **********************
110255251-> data sent to printer:
110255251-> <2>VRazon Social: YUMIRA FERNANDEZ <3>
110255472-> data received from printer:
110255626-> <6>
110255627-> ********************** COMMAND BEGIN **********************
110255627-> data sent to printer:
110255628-> <2>VCI/Rif: V6469005<3>
110255872-> data received from printer:
110256031-> <6>
110256032-> ********************** COMMAND BEGIN **********************
110256032-> data sent to printer:
110256032-> <2>VDatos del Documento Original:<3>
110256252-> data received from printer:
110256407-> <6>
110256408-> ********************** COMMAND BEGIN **********************
110256408-> data sent to printer:
110256409-> <2>VNumero: 0001542<3>
110256615-> data received from printer:
110256768-> <6>
110256769-> ********************** COMMAND BEGIN **********************
110256769-> data sent to printer:
110256769-> <2>VFecha: 06/09/2023<3>
110256980-> data received from printer:
110257144-> <6>
110257145-> ********************** COMMAND BEGIN **********************
110257145-> data sent to printer:
110257145-> <2>VSerial Fiscal: TIX2290065<3>
110257360-> data received from printer:
110257519-> <6>
110257520-> ********************** COMMAND BEGIN **********************
110257520-> data sent to printer:
110257521-> <2>V----------------------------------------<3>
110257753-> data received from printer:
110257909-> <6>
110258131-> ********************** COMMAND BEGIN **********************
110258133-> data sent to printer:
110258135-> <2>VM162634 CPCLCDES1190952TR<3>
110258355-> data received from printer:
110258516-> <6>
110258517-> ********************** COMMAND BEGIN **********************
110258517-> data sent to printer:
110258518-> <2>R11,000xBs0,01        00000000011<3>
110258795-> data received from printer:
110258951-> <6>
110258952-> ********************** COMMAND BEGIN **********************
110258952-> data sent to printer:
110258953-> <2>VC000004 KRIPTOK INVISIBLE <3>
110259172-> data received from printer:
110259327-> <6>
110259327-> ********************** COMMAND BEGIN **********************
110259328-> data sent to printer:
110259328-> <2>R12,000xBs658,77      00001317540<3>
110259607-> data received from printer:
110259763-> <6>
110259764-> ********************** COMMAND BEGIN **********************
110259764-> data sent to printer:
110259764-> <2>VA000004 GARANTIA EXTENDIDA<3>
110259982-> data received from printer:
110300138-> <6>
110300138-> ********************** COMMAND BEGIN **********************
110300139-> data sent to printer:
110300139-> <2>R11,000xBs237,16      00000237161<3>
110300420-> data received from printer:
110300574-> <6>
110300851-> ********************** COMMAND BEGIN **********************
110300853-> data sent to printer:
110300855-> <2>O1<3>
110301986-> data received from printer:
110302146-> <2>159266<3><6>
110302146-> ********************** COMMAND BEGIN **********************
110302147-> data sent to printer:
110302147-> <2>VMonto Disponible:  1638,38<3>
110302369-> data received from printer:
110302521-> <6>
110302522-> ********************** COMMAND BEGIN **********************
110302522-> data sent to printer:
110302523-> <2>Y0<3>
110302573-> data received from printer:
110302851-> <2>SENIAT    J-316292649    1600*800*3100*2          Bs.0TIY1900001070620230541*300<3><6>
110302852-> ********************** COMMAND BEGIN **********************
110302852-> data sent to printer:
110302852-> <2>S<3>
110302860-> data received from printer:
110303016-> <21>
110303016-> ********************** COMMAND BEGIN **********************
110303017-> data sent to printer:
110303017-> <2>M<3>
110304336-> data received from printer:
110304500-> <6>
111218954-> OPEN PORT: COM1@9600
111218996-> ********************** COMMAND BEGIN **********************
111218996-> data sent to printer:
111218996-> <2>L&2<3>
111220663-> data received from printer:
111220817-> <2>163*157<3><6>
111220817-> ********************** COMMAND BEGIN **********************
111220817-> data sent to printer:
111220817-> <2>VRazon Social: YUMIRA FERNANDEZ <3>
111221038-> data received from printer:
111221191-> <6>
111221191-> ********************** COMMAND BEGIN **********************
111221192-> data sent to printer:
111221192-> <2>VCI/Rif: V6469005<3>
111221400-> data received from printer:
111221552-> <6>
111221553-> ********************** COMMAND BEGIN **********************
111221553-> data sent to printer:
111221554-> <2>VDatos del Documento Original:<3>
111221777-> data received from printer:
111221942-> <6>
111221943-> ********************** COMMAND BEGIN **********************
111221943-> data sent to printer:
111221944-> <2>VNumero: 0001542<3>
111222148-> data received from printer:
111222303-> <6>
111222303-> ********************** COMMAND BEGIN **********************
111222304-> data sent to printer:
111222304-> <2>VFecha: 06/09/2023<3>
111222513-> data received from printer:
111222679-> <6>
111222680-> ********************** COMMAND BEGIN **********************
111222680-> data sent to printer:
111222680-> <2>VSerial Fiscal: TIX2290065<3>
111222899-> data received from printer:
111223054-> <6>
111223055-> ********************** COMMAND BEGIN **********************
111223055-> data sent to printer:
111223056-> <2>V----------------------------------------<3>
111223286-> data received from printer:
111223445-> <6>
111223678-> ********************** COMMAND BEGIN **********************
111223679-> data sent to printer:
111223681-> <2>VM162634 CPCLCDES1190952TR<3>
111223900-> data received from printer:
111224051-> <6>
111224052-> ********************** COMMAND BEGIN **********************
111224052-> data sent to printer:
111224052-> <2>R11,000xBs0,01        00000000011<3>
111224333-> data received from printer:
111224486-> <6>
111224487-> ********************** COMMAND BEGIN **********************
111224487-> data sent to printer:
111224488-> <2>VC000004 KRIPTOK INVISIBLE <3>
111224705-> data received from printer:
111224862-> <6>
111224863-> ********************** COMMAND BEGIN **********************
111224863-> data sent to printer:
111224864-> <2>R12,000xBs658,77      00001317540<3>
111225177-> data received from printer:
111225343-> <6>
111225344-> ********************** COMMAND BEGIN **********************
111225344-> data sent to printer:
111225345-> <2>VA000004 GARANTIA EXTENDIDA<3>
111225562-> data received from printer:
111225719-> <6>
111225719-> ********************** COMMAND BEGIN **********************
111225720-> data sent to printer:
111225720-> <2>R11,000xBs237,16      00000237161<3>
111226000-> data received from printer:
111226155-> <6>
111226431-> ********************** COMMAND BEGIN **********************
111226432-> data sent to printer:
111226433-> <2>O1<3>
111227524-> data received from printer:
111227679-> <2>159266<3><6>
111227681-> ********************** COMMAND BEGIN **********************
111227681-> data sent to printer:
111227682-> <2>VMonto Disponible:  1638,38<3>
111227901-> data received from printer:
111228055-> <6>
111228056-> ********************** COMMAND BEGIN **********************
111228056-> data sent to printer:
111228057-> <2>Y0<3>
111228106-> data received from printer:
111228386-> <2>SENIAT    J-316292649    1600*800*3100*2          Bs.0TIY1900001070620230550*300<3><6>
111228387-> ********************** COMMAND BEGIN **********************
111228387-> data sent to printer:
111228388-> <2>S<3>
111228395-> data received from printer:
111228552-> <21>
111228553-> ********************** COMMAND BEGIN **********************
111228553-> data sent to printer:
111228553-> <2>M<3>
111229873-> data received from printer:
111230037-> <6>
114042295-> OPEN PORT: COM1@9600
114042341-> ********************** COMMAND BEGIN **********************
114042342-> data sent to printer:
114042343-> <2>L&2<3>
114044012-> data received from printer:
114044162-> <2>164*157<3><6>
114044163-> ********************** COMMAND BEGIN **********************
114044163-> data sent to printer:
114044164-> <2>VRazon Social: YUMIRA FERNANDEZ <3>
114044389-> data received from printer:
114044552-> <6>
114044553-> ********************** COMMAND BEGIN **********************
114044553-> data sent to printer:
114044553-> <2>VCI/Rif: V6469005<3>
114044759-> data received from printer:
114044913-> <6>
114044914-> ********************** COMMAND BEGIN **********************
114044914-> data sent to printer:
114044915-> <2>VDatos del Documento Original:<3>
114045136-> data received from printer:
114045289-> <6>
114045290-> ********************** COMMAND BEGIN **********************
114045291-> data sent to printer:
114045291-> <2>VNumero: 0001542<3>
114045501-> data received from printer:
114045666-> <6>
114045667-> ********************** COMMAND BEGIN **********************
114045667-> data sent to printer:
114045668-> <2>VFecha: 06/09/2023<3>
114045874-> data received from printer:
114046027-> <6>
114046027-> ********************** COMMAND BEGIN **********************
114046028-> data sent to printer:
114046028-> <2>VSerial Fiscal: TIX2290065<3>
114046245-> data received from printer:
114046402-> <6>
114046403-> ********************** COMMAND BEGIN **********************
114046403-> data sent to printer:
114046404-> <2>V----------------------------------------<3>
114046672-> data received from printer:
114046837-> <6>
114047061-> ********************** COMMAND BEGIN **********************
114047061-> data sent to printer:
114047061-> <2>VM162634 CPCLCDES1190952TR<3>
114047278-> data received from printer:
114047429-> <6>
114047430-> ********************** COMMAND BEGIN **********************
114047430-> data sent to printer:
114047431-> <2>R11,000xBs0,01        00000000011<3>
114047711-> data received from printer:
114047865-> <6>
114047866-> ********************** COMMAND BEGIN **********************
114047866-> data sent to printer:
114047866-> <2>VC000004 KRIPTOK INVISIBLE <3>
114048084-> data received from printer:
114048241-> <6>
114048242-> ********************** COMMAND BEGIN **********************
114048242-> data sent to printer:
114048243-> <2>R12,000xBs658,77      00001317540<3>
114048520-> data received from printer:
114048676-> <6>
114048677-> ********************** COMMAND BEGIN **********************
114048677-> data sent to printer:
114048678-> <2>VA000004 GARANTIA EXTENDIDA<3>
114048900-> data received from printer:
114049051-> <6>
114049052-> ********************** COMMAND BEGIN **********************
114049052-> data sent to printer:
114049052-> <2>R11,000xBs237,16      00000237161<3>
114049331-> data received from printer:
114049487-> <6>
114049765-> ********************** COMMAND BEGIN **********************
114049766-> data sent to printer:
114049767-> <2>O1<3>
114050894-> data received from printer:
114051057-> <2>159266<3><6>
114051058-> ********************** COMMAND BEGIN **********************
114051058-> data sent to printer:
114051059-> <2>VMonto Disponible:  1638,38<3>
114051278-> data received from printer:
114051433-> <6>
114051434-> ********************** COMMAND BEGIN **********************
114051435-> data sent to printer:
114051435-> <2>Y0<3>
114051485-> data received from printer:
114051763-> <2>SENIAT    J-316292649    1600*800*3100*2          Bs.0TIY1900001070620230619*300<3><6>
114051764-> ********************** COMMAND BEGIN **********************
114051764-> data sent to printer:
114051765-> <2>S<3>
114051772-> data received from printer:
114051929-> <21>
114051930-> ********************** COMMAND BEGIN **********************
114051930-> data sent to printer:
114051930-> <2>M<3>
114053215-> data received from printer:
114053370-> <6>
115407989-> OPEN PORT: COM1@9600
115408031-> ********************** COMMAND BEGIN **********************
115408031-> data sent to printer:
115408032-> <2>L&2<3>
115409699-> data received from printer:
115409864-> <2>165*157<3><6>
115409865-> ********************** COMMAND BEGIN **********************
115409866-> data sent to printer:
115409866-> <2>VRazon Social: YUMIRA FERNANDEZ <3>
115410089-> data received from printer:
115410240-> <6>
115410241-> ********************** COMMAND BEGIN **********************
115410241-> data sent to printer:
115410242-> <2>VCI/Rif: V6469005<3>
115410451-> data received from printer:
115410602-> <6>
115410602-> ********************** COMMAND BEGIN **********************
115410603-> data sent to printer:
115410603-> <2>VDatos del Documento Original:<3>
115410823-> data received from printer:
115410977-> <6>
115410978-> ********************** COMMAND BEGIN **********************
115410978-> data sent to printer:
115410978-> <2>VNumero: 0001542<3>
115411222-> data received from printer:
115411382-> <6>
115411383-> ********************** COMMAND BEGIN **********************
115411383-> data sent to printer:
115411383-> <2>VFecha: 06/09/2023<3>
115411590-> data received from printer:
115411742-> <6>
115411743-> ********************** COMMAND BEGIN **********************
115411744-> data sent to printer:
115411744-> <2>VSerial Fiscal: TIX2290065<3>
115412606-> data received from printer:
115412763-> <6>
115412764-> ********************** COMMAND BEGIN **********************
115412764-> data sent to printer:
115412764-> <2>V----------------------------------------<3>
115412999-> data received from printer:
115413153-> <6>
115413378-> ********************** COMMAND BEGIN **********************
115413379-> data sent to printer:
115413379-> <2>VM162634 CPCLCDES1190952TR<3>
115413595-> data received from printer:
115413759-> <6>
115413760-> ********************** COMMAND BEGIN **********************
115413760-> data sent to printer:
115413761-> <2>R11,000xBs0,01        00000000011<3>
115414040-> data received from printer:
115414195-> <6>
115414196-> ********************** COMMAND BEGIN **********************
115414196-> data sent to printer:
115414197-> <2>VC000004 KRIPTOK INVISIBLE <3>
115414418-> data received from printer:
115414570-> <6>
115414570-> ********************** COMMAND BEGIN **********************
115414571-> data sent to printer:
115414571-> <2>R12,000xBs658,77      00001317540<3>
115414846-> data received from printer:
115415005-> <6>
115415006-> ********************** COMMAND BEGIN **********************
115415006-> data sent to printer:
115415007-> <2>VA000004 GARANTIA EXTENDIDA<3>
115415226-> data received from printer:
115415380-> <6>
115415381-> ********************** COMMAND BEGIN **********************
115415381-> data sent to printer:
115415381-> <2>R11,000xBs237,16      00000237161<3>
115415664-> data received from printer:
115415816-> <6>
115416390-> ********************** COMMAND BEGIN **********************
115416392-> data sent to printer:
115416394-> <2>O1<3>
115417523-> data received from printer:
115417674-> <2>159266<3><6>
115417675-> ********************** COMMAND BEGIN **********************
115417675-> data sent to printer:
115417676-> <2>VMonto Disponible:  1638,38<3>
115417894-> data received from printer:
115418050-> <6>
115418052-> ********************** COMMAND BEGIN **********************
115418052-> data sent to printer:
115418053-> <2>Y0<3>
115418102-> data received from printer:
115418383-> <2>SENIAT    J-316292649    1600*800*3100*2          Bs.0TIY1900001070620230632*300<3><6>
115418384-> ********************** COMMAND BEGIN **********************
115418385-> data sent to printer:
115418385-> <2>S<3>
115418392-> data received from printer:
115418549-> <21>
115418550-> ********************** COMMAND BEGIN **********************
115418550-> data sent to printer:
115418551-> <2>M<3>
115419867-> data received from printer:
115420033-> <6>
115816560-> OPEN PORT: COM1@9600
115816600-> ********************** COMMAND BEGIN **********************
115816601-> data sent to printer:
115816601-> <2>L&2<3>
115818270-> data received from printer:
115818428-> <2>166*157<3><6>
115818429-> ********************** COMMAND BEGIN **********************
115818429-> data sent to printer:
115818430-> <2>VRazon Social: EMILIO  MARTINEZ <3>
115818654-> data received from printer:
115818819-> <6>
115818819-> ********************** COMMAND BEGIN **********************
115818820-> data sent to printer:
115818821-> <2>VCI/Rif: E82037675<3>
115819031-> data received from printer:
115819194-> <6>
115819194-> ********************** COMMAND BEGIN **********************
115819195-> data sent to printer:
115819195-> <2>VDatos del Documento Original:<3>
115819415-> data received from printer:
115819570-> <6>
115819571-> ********************** COMMAND BEGIN **********************
115819571-> data sent to printer:
115819572-> <2>VNumero: 0001562<3>
115819778-> data received from printer:
115819931-> <6>
115819932-> ********************** COMMAND BEGIN **********************
115819932-> data sent to printer:
115819933-> <2>VFecha: 09/09/2023<3>
115820143-> data received from printer:
115820307-> <6>
115820308-> ********************** COMMAND BEGIN **********************
115820308-> data sent to printer:
115820309-> <2>VSerial Fiscal: TIX2290065<3>
115820524-> data received from printer:
115820683-> <6>
115820684-> ********************** COMMAND BEGIN **********************
115820684-> data sent to printer:
115820684-> <2>V----------------------------------------<3>
115820916-> data received from printer:
115821073-> <6>
115821297-> ********************** COMMAND BEGIN **********************
115821298-> data sent to printer:
115821298-> <2>VM175901 NPCCHAPYM621248A<3>
115821516-> data received from printer:
115821669-> <6>
115821670-> ********************** COMMAND BEGIN **********************
115821670-> data sent to printer:
115821670-> <2>R11,000xBs996,60      00000996601<3>
115822606-> data received from printer:
115822764-> <6>
115823040-> ********************** COMMAND BEGIN **********************
115823040-> data sent to printer:
115823040-> <2>O1<3>
115824045-> data received from printer:
115824200-> <2>115606<3><6>
115824201-> ********************** COMMAND BEGIN **********************
115824201-> data sent to printer:
115824201-> <2>VMonto Disponible:  1156,06<3>
115824423-> data received from printer:
115824575-> <6>
115824576-> ********************** COMMAND BEGIN **********************
115824577-> data sent to printer:
115824577-> <2>Y0<3>
115824627-> data received from printer:
115824907-> <2>SENIAT    J-316292649    1600*800*3100*2          Bs.0TIY1900001070620230636*300<3><6>
115824907-> ********************** COMMAND BEGIN **********************
115824908-> data sent to printer:
115824908-> <2>S<3>
115824916-> data received from printer:
115825072-> <21>
115825073-> ********************** COMMAND BEGIN **********************
115825073-> data sent to printer:
115825073-> <2>M<3>
115826368-> data received from printer:
115826529-> <6>
120445708-> OPEN PORT: COM1@9600
120445751-> ********************** COMMAND BEGIN **********************
120445751-> data sent to printer:
120445752-> <2>L&2<3>
120447383-> data received from printer:
120447547-> <2>167*157<3><6>
120447548-> ********************** COMMAND BEGIN **********************
120447548-> data sent to printer:
120447549-> <2>VRazon Social: YUMIRA FERNANDEZ <3>
120447774-> data received from printer:
120447938-> <6>
120447938-> ********************** COMMAND BEGIN **********************
120447939-> data sent to printer:
120447939-> <2>VCI/Rif: V6469005<3>
120448181-> data received from printer:
120448344-> <6>
120448345-> ********************** COMMAND BEGIN **********************
120448345-> data sent to printer:
120448345-> <2>VDatos del Documento Original:<3>
120448569-> data received from printer:
120448720-> <6>
120448721-> ********************** COMMAND BEGIN **********************
120448721-> data sent to printer:
120448722-> <2>VNumero: 0001542<3>
120448927-> data received from printer:
120449081-> <6>
120449082-> ********************** COMMAND BEGIN **********************
120449082-> data sent to printer:
120449083-> <2>VFecha: 06/09/2023<3>
120449292-> data received from printer:
120449457-> <6>
120449458-> ********************** COMMAND BEGIN **********************
120449458-> data sent to printer:
120449458-> <2>VSerial Fiscal: TIX2290065<3>
120449677-> data received from printer:
120449834-> <6>
120449835-> ********************** COMMAND BEGIN **********************
120449835-> data sent to printer:
120449835-> <2>V----------------------------------------<3>
120450066-> data received from printer:
120450225-> <6>
120450456-> ********************** COMMAND BEGIN **********************
120450456-> data sent to printer:
120450457-> <2>VM162634 CPCLCDES1190952TR<3>
120450674-> data received from printer:
120450837-> <6>
120450838-> ********************** COMMAND BEGIN **********************
120450838-> data sent to printer:
120450839-> <2>R11,000xBs0,01        00000000011<3>
120451120-> data received from printer:
120451273-> <6>
120451274-> ********************** COMMAND BEGIN **********************
120451274-> data sent to printer:
120451275-> <2>VC000004 KRIPTOK INVISIBLE <3>
120451493-> data received from printer:
120451648-> <6>
120451648-> ********************** COMMAND BEGIN **********************
120451648-> data sent to printer:
120451648-> <2>R12,000xBs658,77      00001317540<3>
120451925-> data received from printer:
120452082-> <6>
120452083-> ********************** COMMAND BEGIN **********************
120452083-> data sent to printer:
120452084-> <2>VA000004 GARANTIA EXTENDIDA<3>
120452306-> data received from printer:
120452458-> <6>
120452459-> ********************** COMMAND BEGIN **********************
120452459-> data sent to printer:
120452460-> <2>R11,000xBs237,16      00000237161<3>
120452738-> data received from printer:
120452893-> <6>
120453171-> ********************** COMMAND BEGIN **********************
120453172-> data sent to printer:
120453172-> <2>O1<3>
120454303-> data received from printer:
120454463-> <2>159266<3><6>
120454464-> ********************** COMMAND BEGIN **********************
120454464-> data sent to printer:
120454465-> <2>VMonto Disponible:  1638,38<3>
120454685-> data received from printer:
120454839-> <6>
120454841-> ********************** COMMAND BEGIN **********************
120454841-> data sent to printer:
120454841-> <2>Y0<3>
120454891-> data received from printer:
120455170-> <2>SENIAT    J-316292649    1600*800*3100*2          Bs.0TIY1900001070620230643*300<3><6>
120455171-> ********************** COMMAND BEGIN **********************
120455171-> data sent to printer:
120455172-> <2>S<3>
120455179-> data received from printer:
120455335-> <21>
120455336-> ********************** COMMAND BEGIN **********************
120455336-> data sent to printer:
120455337-> <2>M<3>
120456657-> data received from printer:
120456821-> <6>
120556671-> OPEN PORT: COM1@9600
120556711-> ********************** COMMAND BEGIN **********************
120556712-> data sent to printer:
120556712-> <2>L&2<3>
120558378-> data received from printer:
120558532-> <2>168*157<3><6>
120558533-> ********************** COMMAND BEGIN **********************
120558533-> data sent to printer:
120558533-> <2>VRazon Social: YUMIRA FERNANDEZ <3>
120558758-> data received from printer:
120558909-> <6>
120558909-> ********************** COMMAND BEGIN **********************
120558910-> data sent to printer:
120558910-> <2>VCI/Rif: V6469005<3>
120559116-> data received from printer:
120559270-> <6>
120559270-> ********************** COMMAND BEGIN **********************
120559271-> data sent to printer:
120559271-> <2>VDatos del Documento Original:<3>
120559492-> data received from printer:
120559661-> <6>
120559662-> ********************** COMMAND BEGIN **********************
120559662-> data sent to printer:
120559663-> <2>VNumero: 0001542<3>
120559871-> data received from printer:
120600037-> <6>
120600038-> ********************** COMMAND BEGIN **********************
120600038-> data sent to printer:
120600039-> <2>VFecha: 06/09/2023<3>
120600246-> data received from printer:
120600398-> <6>
120600398-> ********************** COMMAND BEGIN **********************
120600399-> data sent to printer:
120600399-> <2>VSerial Fiscal: TIX2290065<3>
120600616-> data received from printer:
120600775-> <6>
120600776-> ********************** COMMAND BEGIN **********************
120600776-> data sent to printer:
120600776-> <2>V----------------------------------------<3>
120601011-> data received from printer:
120601166-> <6>
120601388-> ********************** COMMAND BEGIN **********************
120601389-> data sent to printer:
120601389-> <2>VM162634 CPCLCDES1190952TR<3>
120601604-> data received from printer:
120601762-> <6>
120601763-> ********************** COMMAND BEGIN **********************
120601763-> data sent to printer:
120601764-> <2>R11,000xBs0,01        00000000011<3>
120602042-> data received from printer:
120602197-> <6>
120602198-> ********************** COMMAND BEGIN **********************
120602198-> data sent to printer:
120602199-> <2>VC000004 KRIPTOK INVISIBLE <3>
120602420-> data received from printer:
120602572-> <6>
120602573-> ********************** COMMAND BEGIN **********************
120602573-> data sent to printer:
120602574-> <2>R12,000xBs658,77      00001317540<3>
120602848-> data received from printer:
120603008-> <6>
120603009-> ********************** COMMAND BEGIN **********************
120603009-> data sent to printer:
120603009-> <2>VA000004 GARANTIA EXTENDIDA<3>
120603229-> data received from printer:
120603383-> <6>
120603384-> ********************** COMMAND BEGIN **********************
120603384-> data sent to printer:
120603385-> <2>R11,000xBs237,16      00000237161<3>
120603667-> data received from printer:
120603818-> <6>
120604094-> ********************** COMMAND BEGIN **********************
120604095-> data sent to printer:
120604095-> <2>O1<3>
120605827-> data received from printer:
120605993-> <2>159266<3><6>
120605994-> ********************** COMMAND BEGIN **********************
120605994-> data sent to printer:
120605995-> <2>VMonto Disponible:  1638,38<3>
120606216-> data received from printer:
120606369-> <6>
120606370-> ********************** COMMAND BEGIN **********************
120606370-> data sent to printer:
120606371-> <2>Y0<3>
120606420-> data received from printer:
120606700-> <2>SENIAT    J-316292649    1600*800*3100*2          Bs.0TIY1900001070620230644*300<3><6>
120606701-> ********************** COMMAND BEGIN **********************
120606701-> data sent to printer:
120606701-> <2>S<3>
120606709-> data received from printer:
120606865-> <21>
120606866-> ********************** COMMAND BEGIN **********************
120606866-> data sent to printer:
120606866-> <2>M<3>
120608184-> data received from printer:
120608350-> <6>
121232448-> OPEN PORT: COM1@9600
121232490-> ********************** COMMAND BEGIN **********************
121232491-> data sent to printer:
121232491-> <2>L&2<3>
121234158-> data received from printer:
121234321-> <2>169*157<3><6>
121234322-> ********************** COMMAND BEGIN **********************
121234323-> data sent to printer:
121234323-> <2>VRazon Social: YUMIRA FERNANDEZ <3>
121234545-> data received from printer:
121234697-> <6>
121234698-> ********************** COMMAND BEGIN **********************
121234698-> data sent to printer:
121234698-> <2>VCI/Rif: V6469005<3>
121234906-> data received from printer:
121235057-> <6>
121235057-> ********************** COMMAND BEGIN **********************
121235058-> data sent to printer:
121235058-> <2>VDatos del Documento Original:<3>
121235281-> data received from printer:
121235447-> <6>
121235448-> ********************** COMMAND BEGIN **********************
121235448-> data sent to printer:
121235448-> <2>VNumero: 0001542<3>
121235653-> data received from printer:
121235807-> <6>
121235808-> ********************** COMMAND BEGIN **********************
121235808-> data sent to printer:
121235809-> <2>VFecha: 06/09/2023<3>
121236017-> data received from printer:
121236183-> <6>
121236184-> ********************** COMMAND BEGIN **********************
121236184-> data sent to printer:
121236184-> <2>VSerial Fiscal: TIX2290065<3>
121236403-> data received from printer:
121236559-> <6>
121236560-> ********************** COMMAND BEGIN **********************
121236560-> data sent to printer:
121236561-> <2>V----------------------------------------<3>
121236826-> data received from printer:
121236979-> <6>
121237205-> ********************** COMMAND BEGIN **********************
121237205-> data sent to printer:
121237206-> <2>VM162634 CPCLCDES1190952TR<3>
121237426-> data received from printer:
121237576-> <6>
121237577-> ********************** COMMAND BEGIN **********************
121237577-> data sent to printer:
121237578-> <2>R11,000xBs0,01        00000000011<3>
121237854-> data received from printer:
121238011-> <6>
121238012-> ********************** COMMAND BEGIN **********************
121238012-> data sent to printer:
121238012-> <2>VC000004 KRIPTOK INVISIBLE <3>
121238232-> data received from printer:
121238387-> <6>
121238388-> ********************** COMMAND BEGIN **********************
121238388-> data sent to printer:
121238389-> <2>R12,000xBs658,77      00001317540<3>
121238667-> data received from printer:
121238822-> <6>
121238824-> ********************** COMMAND BEGIN **********************
121238824-> data sent to printer:
121238825-> <2>VA000004 GARANTIA EXTENDIDA<3>
121239043-> data received from printer:
121239198-> <6>
121239199-> ********************** COMMAND BEGIN **********************
121239199-> data sent to printer:
121239200-> <2>R11,000xBs237,16      00000237161<3>
121239480-> data received from printer:
121239633-> <6>
121239913-> ********************** COMMAND BEGIN **********************
121239913-> data sent to printer:
121239913-> <2>O1<3>
121241041-> data received from printer:
121241202-> <2>159266<3><6>
121241203-> ********************** COMMAND BEGIN **********************
121241203-> data sent to printer:
121241204-> <2>VMonto Disponible:  1638,38<3>
121241425-> data received from printer:
121241577-> <6>
121241579-> ********************** COMMAND BEGIN **********************
121241579-> data sent to printer:
121241579-> <2>Y0<3>
121241629-> data received from printer:
121241909-> <2>SENIAT    J-316292649    1600*800*3100*2          Bs.0TIY1900001070620230651*300<3><6>
121241910-> ********************** COMMAND BEGIN **********************
121241911-> data sent to printer:
121241911-> <2>S<3>
121241919-> data received from printer:
121242075-> <21>
121242076-> ********************** COMMAND BEGIN **********************
121242076-> data sent to printer:
121242076-> <2>M<3>
121243358-> data received from printer:
121243516-> <6>
121629167-> OPEN PORT: COM1@9600
121629207-> ********************** COMMAND BEGIN **********************
121629208-> data sent to printer:
121629208-> <2>L&2<3>
121630875-> data received from printer:
121631038-> <2>170*157<3><6>
121631039-> ********************** COMMAND BEGIN **********************
121631040-> data sent to printer:
121631040-> <2>VRazon Social: YUMIRA FERNANDEZ <3>
121631265-> data received from printer:
121631428-> <6>
121631429-> ********************** COMMAND BEGIN **********************
121631430-> data sent to printer:
121631430-> <2>VCI/Rif: V6469005<3>
121631636-> data received from printer:
121631789-> <6>
121631790-> ********************** COMMAND BEGIN **********************
121631790-> data sent to printer:
121631790-> <2>VDatos del Documento Original:<3>
121632049-> data received from printer:
121632209-> <6>
121632210-> ********************** COMMAND BEGIN **********************
121632210-> data sent to printer:
121632211-> <2>VNumero: 0001542<3>
121632415-> data received from printer:
121632570-> <6>
121632571-> ********************** COMMAND BEGIN **********************
121632571-> data sent to printer:
121632572-> <2>VFecha: 06/09/2023<3>
121632781-> data received from printer:
121632946-> <6>
121632947-> ********************** COMMAND BEGIN **********************
121632947-> data sent to printer:
121632947-> <2>VSerial Fiscal: TIX2290065<3>
121633166-> data received from printer:
121633322-> <6>
121633323-> ********************** COMMAND BEGIN **********************
121633323-> data sent to printer:
121633323-> <2>V----------------------------------------<3>
121633554-> data received from printer:
121633712-> <6>
121633935-> ********************** COMMAND BEGIN **********************
121633937-> data sent to printer:
121633939-> <2>VM162634 CPCLCDES1190952TR<3>
121634157-> data received from printer:
121634317-> <6>
121634318-> ********************** COMMAND BEGIN **********************
121634318-> data sent to printer:
121634318-> <2>R11,000xBs0,01        00000000011<3>
121634599-> data received from printer:
121634753-> <6>
121634754-> ********************** COMMAND BEGIN **********************
121634754-> data sent to printer:
121634755-> <2>VC000004 KRIPTOK INVISIBLE <3>
121634973-> data received from printer:
121635128-> <6>
121635129-> ********************** COMMAND BEGIN **********************
121635130-> data sent to printer:
121635130-> <2>R12,000xBs658,77      00001317540<3>
121635407-> data received from printer:
121635563-> <6>
121635564-> ********************** COMMAND BEGIN **********************
121635564-> data sent to printer:
121635565-> <2>VA000004 GARANTIA EXTENDIDA<3>
121635786-> data received from printer:
121635938-> <6>
121635938-> ********************** COMMAND BEGIN **********************
121635939-> data sent to printer:
121635939-> <2>R11,000xBs237,16      00000237161<3>
121636218-> data received from printer:
121636373-> <6>
121636654-> ********************** COMMAND BEGIN **********************
121636656-> data sent to printer:
121636658-> <2>O1<3>
121637786-> data received from printer:
121637941-> <2>159266<3><6>
121637941-> ********************** COMMAND BEGIN **********************
121637942-> data sent to printer:
121637942-> <2>VMonto Disponible:  1638,38<3>
121638161-> data received from printer:
121638316-> <6>
121638317-> ********************** COMMAND BEGIN **********************
121638317-> data sent to printer:
121638317-> <2>Y0<3>
121638367-> data received from printer:
121638646-> <2>SENIAT    J-316292649    1600*800*3100*2          Bs.0TIY1900001070620230655*300<3><6>
121638647-> ********************** COMMAND BEGIN **********************
121638647-> data sent to printer:
121638647-> <2>S<3>
121638655-> data received from printer:
121638811-> <21>
121638811-> ********************** COMMAND BEGIN **********************
121638812-> data sent to printer:
121638812-> <2>M<3>
121640772-> data received from printer:
121640927-> <6>
123102117-> OPEN PORT: COM1@9600
123102169-> ********************** COMMAND BEGIN **********************
123102170-> data sent to printer:
123102170-> <2>L&2<3>
123103837-> data received from printer:
123104002-> <2>171*157<3><6>
123104003-> ********************** COMMAND BEGIN **********************
123104003-> data sent to printer:
123104004-> <2>VRazon Social: YUMIRA FERNANDEZ <3>
123104227-> data received from printer:
123104392-> <6>
123104393-> ********************** COMMAND BEGIN **********************
123104393-> data sent to printer:
123104394-> <2>VCI/Rif: V6469005<3>
123104603-> data received from printer:
123104768-> <6>
123104769-> ********************** COMMAND BEGIN **********************
123104769-> data sent to printer:
123104770-> <2>VDatos del Documento Original:<3>
123104989-> data received from printer:
123105144-> <6>
123105144-> ********************** COMMAND BEGIN **********************
123105145-> data sent to printer:
123105145-> <2>VNumero: 0001542<3>
123105352-> data received from printer:
123105504-> <6>
123105505-> ********************** COMMAND BEGIN **********************
123105505-> data sent to printer:
123105505-> <2>VFecha: 06/09/2023<3>
123105716-> data received from printer:
123105879-> <6>
123105880-> ********************** COMMAND BEGIN **********************
123105880-> data sent to printer:
123105881-> <2>VSerial Fiscal: TIX2290065<3>
123106096-> data received from printer:
123106255-> <6>
123106255-> ********************** COMMAND BEGIN **********************
123106256-> data sent to printer:
123106256-> <2>V----------------------------------------<3>
123106489-> data received from printer:
123106646-> <6>
123106873-> ********************** COMMAND BEGIN **********************
123106875-> data sent to printer:
123106876-> <2>VM162634 CPCLCDES1190952TR<3>
123107096-> data received from printer:
123107255-> <6>
123107256-> ********************** COMMAND BEGIN **********************
123107256-> data sent to printer:
123107256-> <2>R11,000xBs0,01        00000000011<3>
123107533-> data received from printer:
123107690-> <6>
123107690-> ********************** COMMAND BEGIN **********************
123107691-> data sent to printer:
123107691-> <2>VC000004 KRIPTOK INVISIBLE <3>
123107911-> data received from printer:
123108066-> <6>
123108067-> ********************** COMMAND BEGIN **********************
123108067-> data sent to printer:
123108067-> <2>R12,000xBs658,77      00001317540<3>
123108346-> data received from printer:
123108502-> <6>
123108503-> ********************** COMMAND BEGIN **********************
123108503-> data sent to printer:
123108503-> <2>VA000004 GARANTIA EXTENDIDA<3>
123108757-> data received from printer:
123108922-> <6>
123108923-> ********************** COMMAND BEGIN **********************
123108923-> data sent to printer:
123108923-> <2>R11,000xBs237,16      00000237161<3>
123109205-> data received from printer:
123109358-> <6>
123109637-> ********************** COMMAND BEGIN **********************
123109638-> data sent to printer:
123109639-> <2>O1<3>
123110729-> data received from printer:
123110885-> <2>159266<3><6>
123110886-> ********************** COMMAND BEGIN **********************
123110886-> data sent to printer:
123110887-> <2>VMonto Disponible:  1638,38<3>
123111108-> data received from printer:
123111261-> <6>
123111262-> ********************** COMMAND BEGIN **********************
123111263-> data sent to printer:
123111263-> <2>Y0<3>
123111313-> data received from printer:
123111593-> <2>SENIAT    J-316292649    1600*800*3100*2          Bs.0TIY1900001070620230709*300<3><6>
123111594-> ********************** COMMAND BEGIN **********************
123111594-> data sent to printer:
123111595-> <2>S<3>
123111602-> data received from printer:
123111758-> <21>
123111759-> ********************** COMMAND BEGIN **********************
123111760-> data sent to printer:
123111760-> <2>M<3>
123113723-> data received from printer:
123113874-> <6>
125526884-> OPEN PORT: COM1@9600
125527019-> ********************** COMMAND BEGIN **********************
125527026-> data sent to printer:
125527027-> <2>L&2<3>
125528695-> data received from printer:
125528853-> <2>172*157<3><6>
125528854-> ********************** COMMAND BEGIN **********************
125528855-> data sent to printer:
125528855-> <2>VRazon Social: YUMIRA FERNANDEZ <3>
125529077-> data received from printer:
125529229-> <6>
125529229-> ********************** COMMAND BEGIN **********************
125529230-> data sent to printer:
125529230-> <2>VCI/Rif: V6469005<3>
125529438-> data received from printer:
125529589-> <6>
125529590-> ********************** COMMAND BEGIN **********************
125529590-> data sent to printer:
125529591-> <2>VDatos del Documento Original:<3>
125529814-> data received from printer:
125529965-> <6>
125529965-> ********************** COMMAND BEGIN **********************
125529966-> data sent to printer:
125529966-> <2>VNumero: 0001542<3>
125530171-> data received from printer:
125530325-> <6>
125530326-> ********************** COMMAND BEGIN **********************
125530326-> data sent to printer:
125530327-> <2>VFecha: 06/09/2023<3>
125530535-> data received from printer:
125530700-> <6>
125530700-> ********************** COMMAND BEGIN **********************
125530701-> data sent to printer:
125530701-> <2>VSerial Fiscal: TIX2290065<3>
125530920-> data received from printer:
125531076-> <6>
125531077-> ********************** COMMAND BEGIN **********************
125531077-> data sent to printer:
125531077-> <2>V----------------------------------------<3>
125531308-> data received from printer:
125531467-> <6>
125531724-> ********************** COMMAND BEGIN **********************
125531725-> data sent to printer:
125531725-> <2>VM162634 CPCLCDES1190952TR<3>
125531943-> data received from printer:
125532106-> <6>
125532107-> ********************** COMMAND BEGIN **********************
125532107-> data sent to printer:
125532107-> <2>R11,000xBs0,01        00000000011<3>
125532422-> data received from printer:
125532586-> <6>
125532587-> ********************** COMMAND BEGIN **********************
125532587-> data sent to printer:
125532588-> <2>VC000004 KRIPTOK INVISIBLE <3>
125532808-> data received from printer:
125532962-> <6>
125532963-> ********************** COMMAND BEGIN **********************
125532963-> data sent to printer:
125532963-> <2>R12,000xBs658,77      00001317540<3>
125533242-> data received from printer:
125533398-> <6>
125533399-> ********************** COMMAND BEGIN **********************
125533399-> data sent to printer:
125533400-> <2>VA000004 GARANTIA EXTENDIDA<3>
125533618-> data received from printer:
125533773-> <6>
125533774-> ********************** COMMAND BEGIN **********************
125533774-> data sent to printer:
125533775-> <2>R11,000xBs237,16      00000237161<3>
125534056-> data received from printer:
125534208-> <6>
125534487-> ********************** COMMAND BEGIN **********************
125534489-> data sent to printer:
125534490-> <2>O1<3>
125535622-> data received from printer:
125535774-> <2>159266<3><6>
125535775-> ********************** COMMAND BEGIN **********************
125535775-> data sent to printer:
125535776-> <2>VMonto Disponible:  1638,38<3>
125535997-> data received from printer:
125536150-> <6>
125536152-> ********************** COMMAND BEGIN **********************
125536152-> data sent to printer:
125536153-> <2>Y0<3>
125536202-> data received from printer:
125536480-> <2>SENIAT    J-316292649    1600*800*3100*2          Bs.0TIY1900001070620230734*300<3><6>
125536481-> ********************** COMMAND BEGIN **********************
125536482-> data sent to printer:
125536482-> <2>S<3>
125536490-> data received from printer:
125536645-> <21>
125536646-> ********************** COMMAND BEGIN **********************
125536646-> data sent to printer:
125536647-> <2>M<3>
125537929-> data received from printer:
125538085-> <6>
130037785-> OPEN PORT: COM1@9600
130037827-> ********************** COMMAND BEGIN **********************
130037828-> data sent to printer:
130037829-> <2>L&2<3>
130039496-> data received from printer:
130039647-> <2>173*157<3><6>
130039648-> ********************** COMMAND BEGIN **********************
130039648-> data sent to printer:
130039649-> <2>VRazon Social: YUMIRA FERNANDEZ <3>
130039874-> data received from printer:
130040038-> <6>
130040039-> ********************** COMMAND BEGIN **********************
130040039-> data sent to printer:
130040039-> <2>VCI/Rif: V6469005<3>
130040245-> data received from printer:
130040398-> <6>
130040399-> ********************** COMMAND BEGIN **********************
130040399-> data sent to printer:
130040400-> <2>VDatos del Documento Original:<3>
130040621-> data received from printer:
130040773-> <6>
130040773-> ********************** COMMAND BEGIN **********************
130040774-> data sent to printer:
130040774-> <2>VNumero: 0001542<3>
130040983-> data received from printer:
130041135-> <6>
130041136-> ********************** COMMAND BEGIN **********************
130041136-> data sent to printer:
130041136-> <2>VFecha: 06/09/2023<3>
130041378-> data received from printer:
130041541-> <6>
130041542-> ********************** COMMAND BEGIN **********************
130041542-> data sent to printer:
130041543-> <2>VSerial Fiscal: TIX2290065<3>
130041761-> data received from printer:
130041917-> <6>
130041918-> ********************** COMMAND BEGIN **********************
130041918-> data sent to printer:
130041918-> <2>V----------------------------------------<3>
130042149-> data received from printer:
130042307-> <6>
130042534-> ********************** COMMAND BEGIN **********************
130042535-> data sent to printer:
130042536-> <2>VM162634 CPCLCDES1190952TR<3>
130042753-> data received from printer:
130042917-> <6>
130042917-> ********************** COMMAND BEGIN **********************
130042918-> data sent to printer:
130042918-> <2>R11,000xBs0,01        00000000011<3>
130043199-> data received from printer:
130043353-> <6>
130043354-> ********************** COMMAND BEGIN **********************
130043354-> data sent to printer:
130043355-> <2>VC000004 KRIPTOK INVISIBLE <3>
130043572-> data received from printer:
130043729-> <6>
130043730-> ********************** COMMAND BEGIN **********************
130043730-> data sent to printer:
130043731-> <2>R12,000xBs658,77      00001317540<3>
130044007-> data received from printer:
130044164-> <6>
130044165-> ********************** COMMAND BEGIN **********************
130044165-> data sent to printer:
130044166-> <2>VA000004 GARANTIA EXTENDIDA<3>
130044387-> data received from printer:
130044540-> <6>
130044541-> ********************** COMMAND BEGIN **********************
130044541-> data sent to printer:
130044542-> <2>R11,000xBs237,16      00000237161<3>
130044820-> data received from printer:
130044975-> <6>
130045260-> ********************** COMMAND BEGIN **********************
130045261-> data sent to printer:
130045263-> <2>O1<3>
130046389-> data received from printer:
130046545-> <2>159266<3><6>
130046546-> ********************** COMMAND BEGIN **********************
130046546-> data sent to printer:
130046546-> <2>VMonto Disponible:  1638,38<3>
130046766-> data received from printer:
130046921-> <6>
130046921-> ********************** COMMAND BEGIN **********************
130046922-> data sent to printer:
130046922-> <2>Y0<3>
130046972-> data received from printer:
130047253-> <2>SENIAT    J-316292649    1600*800*3100*2          Bs.0TIY1900001070620230739*300<3><6>
130047254-> ********************** COMMAND BEGIN **********************
130047254-> data sent to printer:
130047255-> <2>S<3>
130047262-> data received from printer:
130047419-> <21>
130047419-> ********************** COMMAND BEGIN **********************
130047420-> data sent to printer:
130047420-> <2>M<3>
130048739-> data received from printer:
130048890-> <6>
130833262-> OPEN PORT: COM1@9600
130833303-> ********************** COMMAND BEGIN **********************
130833303-> data sent to printer:
130833304-> <2>Q<3>
130833311-> data received from printer:
130833466-> <21>
130833467-> ********************** COMMAND BEGIN **********************
130833467-> data sent to printer:
130833468-> <2>M<3>
130833475-> data received from printer:
130833632-> <21>
132425151-> OPEN PORT: COM1@9600
132425192-> ********************** COMMAND BEGIN **********************
132425193-> data sent to printer:
132425193-> <2>Q<3>
132425220-> data received from printer:
132425382-> <21>
132425383-> ********************** COMMAND BEGIN **********************
132425383-> data sent to printer:
132425384-> <2>M<3>
132425391-> data received from printer:
132425548-> <21>
132453469-> OPEN PORT: COM1@9600
132453510-> OPEN PORT: COM1@9600
132453512-> ********************** COMMAND BEGIN **********************
132453512-> data sent to printer:
132453513-> <2>L&1<3>
132455146-> data received from printer:
132455300-> <2>2555*2540<3><6>
132455301-> ********************** COMMAND BEGIN **********************
132455302-> data sent to printer:
132455302-> <2>VRazon Social: Sebatian Malpica<3>
132455524-> data received from printer:
132455675-> <6>
132455676-> ********************** COMMAND BEGIN **********************
132455676-> data sent to printer:
132455677-> <2>VCI/Rif: V-32030387<3>
132455921-> data received from printer:
132456080-> <6>
132456081-> ********************** COMMAND BEGIN **********************
132456081-> data sent to printer:
132456082-> <2>V----------------------------------------<3>
132456314-> data received from printer:
132456470-> <6>
132456473-> ********************** COMMAND BEGIN **********************
132456474-> data sent to printer:
132456474-> <2>VC000019 VISION SENCILLA ANTIREFLEJO TERM<3>
132456708-> data received from printer:
132456860-> <6>
132456861-> ********************** COMMAND BEGIN **********************
132456861-> data sent to printer:
132456862-> <2>V <3>
132457052-> data received from printer:
132457206-> <6>
132457207-> ********************** COMMAND BEGIN **********************
132457207-> data sent to printer:
132457207-> <2>N12,000xBs448,47      00000896940<3>
132457482-> data received from printer:
132457641-> <6>
132457642-> ********************** COMMAND BEGIN **********************
132457642-> data sent to printer:
132457642-> <2>VS000106 SERVICIO MONTURA PROPIA<3>
132457869-> data received from printer:
132458032-> <6>
132458033-> ********************** COMMAND BEGIN **********************
132458033-> data sent to printer:
132458034-> <2>N11,000xBs365,42      00000365421<3>
132458312-> data received from printer:
132458468-> <6>
132458469-> ********************** COMMAND BEGIN **********************
132458469-> data sent to printer:
132458469-> <2>VA000004 GARANTIA EXTENDIDA<3>
132458689-> data received from printer:
132458844-> <6>
132458844-> ********************** COMMAND BEGIN **********************
132458845-> data sent to printer:
132458845-> <2>N11,000xBs134,54      00000134541<3>
132459127-> data received from printer:
132459279-> <6>
132459580-> ********************** COMMAND BEGIN **********************
132459580-> data sent to printer:
132459581-> <2>OT146690<0><0><0><0><0><128><216><237><3>
132500845-> data received from printer:
132501001-> <2>152090<3><6>
132501058-> ********************** COMMAND BEGIN **********************
132501059-> data sent to printer:
132501059-> <2>P110/09/2023 EFECTIVO 000000001000<3>
132501327-> data received from printer:
132501484-> <6>
132501485-> ********************** COMMAND BEGIN **********************
132501485-> data sent to printer:
132501486-> <2>P1DIVISAS             000000146690<3>
132501756-> data received from printer:
132501919-> <6>
132501920-> ********************** COMMAND BEGIN **********************
132501920-> data sent to printer:
132501921-> <2>V<3>
132502111-> data received from printer:
132502265-> <6>
132502266-> ********************** COMMAND BEGIN **********************
132502266-> data sent to printer:
132502267-> <2>VNumero Orden: 0069403<3>
132502481-> data received from printer:
132502641-> <6>
132502642-> ********************** COMMAND BEGIN **********************
132502642-> data sent to printer:
132502642-> <2>V<3>
132502837-> data received from printer:
132503001-> <6>
132503017-> ********************** COMMAND BEGIN **********************
132503018-> data sent to printer:
132503018-> <2>V*Contrato de Garantia Extendida para<3>
132503246-> data received from printer:
132503406-> <6>
132503407-> ********************** COMMAND BEGIN **********************
132503407-> data sent to printer:
132503408-> <2>V      Cristales Formulados:<3>
132503628-> data received from printer:
132503781-> <6>
132503782-> ********************** COMMAND BEGIN **********************
132503782-> data sent to printer:
132503782-> <2>V <3>
132504011-> data received from printer:
132504172-> <6>
132504173-> ********************** COMMAND BEGIN **********************
132504174-> data sent to printer:
132504174-> <2>VOD: ESF -1,25 EJE 85 CIL -1,00 ADD 0,00<3>
132504407-> data received from printer:
132504562-> <6>
132504562-> ********************** COMMAND BEGIN **********************
132504563-> data sent to printer:
132504563-> <2>VOI: ESF -1,50 EJE 80 CIL -1,25 ADD 0,00<3>
132504798-> data received from printer:
132504953-> <6>
132504953-> ********************** COMMAND BEGIN **********************
132504954-> data sent to printer:
132504954-> <2>V <3>
132505146-> data received from printer:
132505299-> <6>
132505300-> ********************** COMMAND BEGIN **********************
132505300-> data sent to printer:
132505301-> <2>VCondiciones legales en el Contrato<3>
132505529-> data received from printer:
132505691-> <6>
132505692-> ********************** COMMAND BEGIN **********************
132505692-> data sent to printer:
132505693-> <2>VSuscrito.<3>
132505897-> data received from printer:
132506052-> <6>
132506053-> ********************** COMMAND BEGIN **********************
132506053-> data sent to printer:
132506054-> <2>V <3>
132506245-> data received from printer:
132506397-> <6>
132506407-> ********************** COMMAND BEGIN **********************
132506408-> data sent to printer:
132506408-> <2>V<161><161><161>GRACIAS POR SU COMPRA!!!<3>
132507272-> data received from printer:
132507433-> <6>
132507434-> ********************** COMMAND BEGIN **********************
132507434-> data sent to printer:
132507434-> <2>VSolo se aceptaran devoluciones<3>
132507660-> data received from printer:
132507823-> <6>
132507824-> ********************** COMMAND BEGIN **********************
132507824-> data sent to printer:
132507825-> <2>Vpor defectos de fabrica, con la<3>
132508047-> data received from printer:
132508199-> <6>
132508200-> ********************** COMMAND BEGIN **********************
132508200-> data sent to printer:
132508200-> <2>Vpresentacion de esta factura (original),<3>
132508434-> data received from printer:
132508589-> <6>
132508590-> ********************** COMMAND BEGIN **********************
132508590-> data sent to printer:
132508590-> <2>Vdentro de los treinta (30) dias<3>
132508817-> data received from printer:
132508979-> <6>
132508979-> ********************** COMMAND BEGIN **********************
132508980-> data sent to printer:
132508980-> <2>Vsiguientes a la emision de la misma.<3>
132509863-> data received from printer:
132510015-> <6>
132510017-> ********************** COMMAND BEGIN **********************
132510017-> data sent to printer:
132510017-> <2>Y0<3>
132510067-> data received from printer:
132510346-> <2>SENIAT    J-316292649    1600*800*3100*2          Bs.0TIY1900001070620230803*300<3><6>
132510347-> ********************** COMMAND BEGIN **********************
132510347-> data sent to printer:
132510348-> <2>S<3>
132510355-> data received from printer:
132510512-> <21>
132510513-> ********************** COMMAND BEGIN **********************
132510513-> data sent to printer:
132510514-> <2>M<3>
132511825-> data received from printer:
132511982-> <6>
150746049-> OPEN PORT: COM1@9600
150746095-> ********************** COMMAND BEGIN **********************
150746095-> data sent to printer:
150746096-> <2>Q<3>
150746104-> data received from printer:
150746273-> <21>
150746274-> ********************** COMMAND BEGIN **********************
150746274-> data sent to printer:
150746274-> <2>M<3>
150746282-> data received from printer:
150746439-> <21>
150749329-> OPEN PORT: COM1@9600
150749371-> OPEN PORT: COM1@9600
150749373-> ********************** COMMAND BEGIN **********************
150749373-> data sent to printer:
150749374-> <2>L&1<3>
150751042-> data received from printer:
150751193-> <2>2556*2540<3><6>
150751194-> ********************** COMMAND BEGIN **********************
150751194-> data sent to printer:
150751194-> <2>VRazon Social: Sebatian Malpica<3>
150751415-> data received from printer:
150751568-> <6>
150751568-> ********************** COMMAND BEGIN **********************
150751569-> data sent to printer:
150751569-> <2>VCI/Rif: V-32030387<3>
150751779-> data received from printer:
150751943-> <6>
150751944-> ********************** COMMAND BEGIN **********************
150751944-> data sent to printer:
150751945-> <2>V----------------------------------------<3>
150752179-> data received from printer:
150752334-> <6>
150752335-> ********************** COMMAND BEGIN **********************
150752335-> data sent to printer:
150752336-> <2>VC000019 VISION SENCILLA ANTIREFLEJO TERM<3>
150752567-> data received from printer:
150752725-> <6>
150752725-> ********************** COMMAND BEGIN **********************
150752726-> data sent to printer:
150752726-> <2>V <3>
150752918-> data received from printer:
150753070-> <6>
150753071-> ********************** COMMAND BEGIN **********************
150753071-> data sent to printer:
150753072-> <2>N12,000xBs448,47      00000896940<3>
150753381-> data received from printer:
150753536-> <6>
150753537-> ********************** COMMAND BEGIN **********************
150753537-> data sent to printer:
150753537-> <2>VS000106 SERVICIO MONTURA PROPIA<3>
150753763-> data received from printer:
150753927-> <6>
150753928-> ********************** COMMAND BEGIN **********************
150753928-> data sent to printer:
150753928-> <2>N11,000xBs365,42      00000365421<3>
150754211-> data received from printer:
150754363-> <6>
150754363-> ********************** COMMAND BEGIN **********************
150754364-> data sent to printer:
150754364-> <2>VA000004 GARANTIA EXTENDIDA<3>
150754582-> data received from printer:
150754739-> <6>
150754740-> ********************** COMMAND BEGIN **********************
150754741-> data sent to printer:
150754741-> <2>N11,000xBs134,54      00000134541<3>
150755021-> data received from printer:
150755175-> <6>
150755458-> ********************** COMMAND BEGIN **********************
150755459-> data sent to printer:
150755459-> <2>OT146690<0><0><0><0><0><128><211><191><3>
150756728-> data received from printer:
150756880-> <2>152090<3><6>
150756887-> ********************** COMMAND BEGIN **********************
150756888-> data sent to printer:
150756888-> <2>P110/09/2023 EFECTIVO 000000001000<3>
150757154-> data received from printer:
150757315-> <6>
150757315-> ********************** COMMAND BEGIN **********************
150757316-> data sent to printer:
150757316-> <2>P1DIVISAS             000000146690<3>
150757584-> data received from printer:
150757750-> <6>
150757751-> ********************** COMMAND BEGIN **********************
150757751-> data sent to printer:
150757752-> <2>V<3>
150757946-> data received from printer:
150758097-> <6>
150758098-> ********************** COMMAND BEGIN **********************
150758098-> data sent to printer:
150758098-> <2>VNumero Orden: 0069403<3>
150758311-> data received from printer:
150758474-> <6>
150758475-> ********************** COMMAND BEGIN **********************
150758475-> data sent to printer:
150758475-> <2>V<3>
150758667-> data received from printer:
150758820-> <6>
150758829-> ********************** COMMAND BEGIN **********************
150758829-> data sent to printer:
150758830-> <2>V*Contrato de Garantia Extendida para<3>
150759061-> data received from printer:
150759225-> <6>
150759227-> ********************** COMMAND BEGIN **********************
150759227-> data sent to printer:
150759227-> <2>V      Cristales Formulados:<3>
150759446-> data received from printer:
150759601-> <6>
150759602-> ********************** COMMAND BEGIN **********************
150759602-> data sent to printer:
150759602-> <2>V <3>
150759796-> data received from printer:
150759947-> <6>
150759948-> ********************** COMMAND BEGIN **********************
150759948-> data sent to printer:
150759948-> <2>VOD: ESF -1,25 EJE 85 CIL -1,00 ADD 0,00<3>
150800184-> data received from printer:
150800338-> <6>
150800339-> ********************** COMMAND BEGIN **********************
150800339-> data sent to printer:
150800340-> <2>VOI: ESF -1,50 EJE 80 CIL -1,25 ADD 0,00<3>
150800571-> data received from printer:
150800729-> <6>
150800729-> ********************** COMMAND BEGIN **********************
150800730-> data sent to printer:
150800730-> <2>V <3>
150800924-> data received from printer:
150801075-> <6>
150801076-> ********************** COMMAND BEGIN **********************
150801076-> data sent to printer:
150801077-> <2>VCondiciones legales en el Contrato<3>
150801339-> data received from printer:
150801495-> <6>
150801495-> ********************** COMMAND BEGIN **********************
150801495-> data sent to printer:
150801495-> <2>VSuscrito.<3>
150801697-> data received from printer:
150801854-> <6>
150801855-> ********************** COMMAND BEGIN **********************
150801855-> data sent to printer:
150801856-> <2>V <3>
150802051-> data received from printer:
150802215-> <6>
150802219-> ********************** COMMAND BEGIN **********************
150802219-> data sent to printer:
150802220-> <2>V<161><161><161>GRACIAS POR SU COMPRA!!!<3>
150802438-> data received from printer:
150802590-> <6>
150802591-> ********************** COMMAND BEGIN **********************
150802591-> data sent to printer:
150802591-> <2>VSolo se aceptaran devoluciones<3>
150802815-> data received from printer:
150802980-> <6>
150802981-> ********************** COMMAND BEGIN **********************
150802981-> data sent to printer:
150802981-> <2>Vpor defectos de fabrica, con la<3>
150803208-> data received from printer:
150803370-> <6>
150803371-> ********************** COMMAND BEGIN **********************
150803371-> data sent to printer:
150803371-> <2>Vpresentacion de esta factura (original),<3>
150803604-> data received from printer:
150803760-> <6>
150803761-> ********************** COMMAND BEGIN **********************
150803761-> data sent to printer:
150803762-> <2>Vdentro de los treinta (30) dias<3>
150803987-> data received from printer:
150804151-> <6>
150804152-> ********************** COMMAND BEGIN **********************
150804152-> data sent to printer:
150804153-> <2>Vsiguientes a la emision de la misma.<3>
150804384-> data received from printer:
150804542-> <6>
150804543-> ********************** COMMAND BEGIN **********************
150804543-> data sent to printer:
150804543-> <2>Y0<3>
150804593-> data received from printer:
150804873-> <2>SENIAT    J-316292649    1600*800*3100*2          Bs.0TIY1900001070620230946*300<3><6>
150804874-> ********************** COMMAND BEGIN **********************
150804874-> data sent to printer:
150804874-> <2>S<3>
150804882-> data received from printer:
150805039-> <21>
150805040-> ********************** COMMAND BEGIN **********************
150805040-> data sent to printer:
150805041-> <2>M<3>
150806386-> data received from printer:
150806539-> <6>
150821029-> OPEN PORT: COM1@9600
150821069-> ********************** COMMAND BEGIN **********************
150821070-> data sent to printer:
150821070-> <2>S<3>
150821427-> data received from printer:
150821592-> <6>
150821593-> ********************** COMMAND BEGIN **********************
150821593-> data sent to printer:
150821594-> <2>V----------------------------------------<3>
150821828-> data received from printer:
150821982-> <6>
150821983-> ********************** COMMAND BEGIN **********************
150821983-> data sent to printer:
150821984-> <2>V <3>
150822179-> data received from printer:
150822342-> <6>
150822343-> ********************** COMMAND BEGIN **********************
150822343-> data sent to printer:
150822343-> <2>VOs: 0069403<3>
150822594-> data received from printer:
150822748-> <6>
150822749-> ********************** COMMAND BEGIN **********************
150822749-> data sent to printer:
150822749-> <2>VFactura:  0002556<3>
150822959-> data received from printer:
150823124-> <6>
150823125-> ********************** COMMAND BEGIN **********************
150823125-> data sent to printer:
150823126-> <2>VCorrelativo: 0000001<3>
150823341-> data received from printer:
150823499-> <6>
150823500-> ********************** COMMAND BEGIN **********************
150823500-> data sent to printer:
150823501-> <2>VNombre de la sucursal: MILLENNIUM MALL<3>
150823731-> data received from printer:
150823889-> <6>
150823889-> ********************** COMMAND BEGIN **********************
150823890-> data sent to printer:
150823890-> <2>VCliente: V-32030387<3>
150824151-> data received from printer:
150824310-> <6>
150824310-> ********************** COMMAND BEGIN **********************
150824311-> data sent to printer:
150824311-> <2>VTelefono: 0424-1265113<3>
150824562-> data received from printer:
150824716-> <6>
150824717-> ********************** COMMAND BEGIN **********************
150824717-> data sent to printer:
150824717-> <2>VBanco: MERCANTIL<3>
150824927-> data received from printer:
150825091-> <6>
150825092-> ********************** COMMAND BEGIN **********************
150825092-> data sent to printer:
150825092-> <2>VMonto:    149,80<3>
150825304-> data received from printer:
150825467-> <6>
150825468-> ********************** COMMAND BEGIN **********************
150825468-> data sent to printer:
150825469-> <2>V <3>
150825708-> data received from printer:
150825872-> <6>
150825873-> ********************** COMMAND BEGIN **********************
150825873-> data sent to printer:
150825873-> <2>V----------------------------------------<3>
150826108-> data received from printer:
150826262-> <6>
150826263-> ********************** COMMAND BEGIN **********************
150826264-> data sent to printer:
150826264-> <2>T<3>
150826620-> data received from printer:
150826772-> <6>
151400011-> OPEN PORT: COM1@9600
151400051-> ********************** COMMAND BEGIN **********************
151400052-> data sent to printer:
151400052-> <2>L&2<3>
151401721-> data received from printer:
151401875-> <2>174*157<3><6>
151401875-> ********************** COMMAND BEGIN **********************
151401876-> data sent to printer:
151401876-> <2>VRazon Social: YUMIRA FERNANDEZ <3>
151402099-> data received from printer:
151402265-> <6>
151402266-> ********************** COMMAND BEGIN **********************
151402266-> data sent to printer:
151402266-> <2>VCI/Rif: V6469005<3>
151402475-> data received from printer:
151402626-> <6>
151402627-> ********************** COMMAND BEGIN **********************
151402627-> data sent to printer:
151402627-> <2>VDatos del Documento Original:<3>
151402847-> data received from printer:
151403001-> <6>
151403002-> ********************** COMMAND BEGIN **********************
151403002-> data sent to printer:
151403002-> <2>VNumero: 0001542<3>
151403209-> data received from printer:
151403362-> <6>
151403363-> ********************** COMMAND BEGIN **********************
151403363-> data sent to printer:
151403364-> <2>VFecha: 06/09/2023<3>
151403575-> data received from printer:
151403738-> <6>
151403739-> ********************** COMMAND BEGIN **********************
151403739-> data sent to printer:
151403739-> <2>VSerial Fiscal: TIX2290065<3>
151403954-> data received from printer:
151404113-> <6>
151404114-> ********************** COMMAND BEGIN **********************
151404114-> data sent to printer:
151404115-> <2>V----------------------------------------<3>
151404347-> data received from printer:
151404504-> <6>
151404734-> ********************** COMMAND BEGIN **********************
151404736-> data sent to printer:
151404738-> <2>VM162634 CPCLCDES1190952TR<3>
151404992-> data received from printer:
151405158-> <6>
151405159-> ********************** COMMAND BEGIN **********************
151405159-> data sent to printer:
151405160-> <2>R11,000xBs0,01        00000000011<3>
151405439-> data received from printer:
151405594-> <6>
151405595-> ********************** COMMAND BEGIN **********************
151405595-> data sent to printer:
151405595-> <2>VC000004 KRIPTOK INVISIBLE <3>
151405817-> data received from printer:
151405969-> <6>
151405970-> ********************** COMMAND BEGIN **********************
151405970-> data sent to printer:
151405971-> <2>R12,000xBs658,77      00001317540<3>
151406246-> data received from printer:
151406404-> <6>
151406405-> ********************** COMMAND BEGIN **********************
151406405-> data sent to printer:
151406406-> <2>VA000004 GARANTIA EXTENDIDA<3>
151406626-> data received from printer:
151406779-> <6>
151406780-> ********************** COMMAND BEGIN **********************
151406780-> data sent to printer:
151406781-> <2>R11,000xBs237,16      00000237161<3>
151407063-> data received from printer:
151407215-> <6>
151407490-> ********************** COMMAND BEGIN **********************
151407491-> data sent to printer:
151407491-> <2>O1<3>
151408618-> data received from printer:
151408783-> <2>159266<3><6>
151408784-> ********************** COMMAND BEGIN **********************
151408784-> data sent to printer:
151408784-> <2>VMonto Disponible:  1638,38<3>
151409621-> data received from printer:
151409773-> <6>
151409774-> ********************** COMMAND BEGIN **********************
151409774-> data sent to printer:
151409774-> <2>Y0<3>
151409824-> data received from printer:
151410103-> <2>SENIAT    J-316292649    1600*800*3100*2          Bs.0TIY1900001070620230952*300<3><6>
151410104-> ********************** COMMAND BEGIN **********************
151410104-> data sent to printer:
151410104-> <2>S<3>
151410112-> data received from printer:
151410268-> <21>
151410269-> ********************** COMMAND BEGIN **********************
151410269-> data sent to printer:
151410270-> <2>M<3>
151411554-> data received from printer:
151411708-> <6>
151828564-> OPEN PORT: COM1@9600
151828605-> ********************** COMMAND BEGIN **********************
151828618-> data sent to printer:
151828618-> <2>L&2<3>
151830282-> data received from printer:
151830441-> <2>175*157<3><6>
151830442-> ********************** COMMAND BEGIN **********************
151830443-> data sent to printer:
151830443-> <2>VRazon Social: YUMIRA FERNANDEZ <3>
151830664-> data received from printer:
151830817-> <6>
151830818-> ********************** COMMAND BEGIN **********************
151830818-> data sent to printer:
151830819-> <2>VCI/Rif: V6469005<3>
151831026-> data received from printer:
151831192-> <6>
151831193-> ********************** COMMAND BEGIN **********************
151831193-> data sent to printer:
151831194-> <2>VDatos del Documento Original:<3>
151831416-> data received from printer:
151831567-> <6>
151831568-> ********************** COMMAND BEGIN **********************
151831568-> data sent to printer:
151831568-> <2>VNumero: 0001542<3>
151831772-> data received from printer:
151831928-> <6>
151831929-> ********************** COMMAND BEGIN **********************
151831929-> data sent to printer:
151831930-> <2>VFecha: 06/09/2023<3>
151832176-> data received from printer:
151832333-> <6>
151832334-> ********************** COMMAND BEGIN **********************
151832334-> data sent to printer:
151832334-> <2>VSerial Fiscal: TIX2290065<3>
151832549-> data received from printer:
151832709-> <6>
151832710-> ********************** COMMAND BEGIN **********************
151832710-> data sent to printer:
151832710-> <2>V----------------------------------------<3>
151832942-> data received from printer:
151833100-> <6>
151833323-> ********************** COMMAND BEGIN **********************
151833323-> data sent to printer:
151833323-> <2>VM162634 CPCLCDES1190952TR<3>
151833542-> data received from printer:
151833708-> <6>
151833709-> ********************** COMMAND BEGIN **********************
151833709-> data sent to printer:
151833709-> <2>R11,000xBs0,01        00000000011<3>
151833986-> data received from printer:
151834144-> <6>
151834145-> ********************** COMMAND BEGIN **********************
151834145-> data sent to printer:
151834146-> <2>VC000004 KRIPTOK INVISIBLE <3>
151834365-> data received from printer:
151834520-> <6>
151834521-> ********************** COMMAND BEGIN **********************
151834521-> data sent to printer:
151834522-> <2>R12,000xBs658,77      00001317540<3>
151834801-> data received from printer:
151834955-> <6>
151834956-> ********************** COMMAND BEGIN **********************
151834956-> data sent to printer:
151834956-> <2>VA000004 GARANTIA EXTENDIDA<3>
151835174-> data received from printer:
151835330-> <6>
151835331-> ********************** COMMAND BEGIN **********************
151835331-> data sent to printer:
151835332-> <2>R11,000xBs237,16      00000237161<3>
151835611-> data received from printer:
151835766-> <6>
151836044-> ********************** COMMAND BEGIN **********************
151836045-> data sent to printer:
151836046-> <2>O1<3>
151837172-> data received from printer:
151837332-> <2>159266<3><6>
151837333-> ********************** COMMAND BEGIN **********************
151837333-> data sent to printer:
151837334-> <2>VMonto Disponible:  1638,38<3>
151837555-> data received from printer:
151837707-> <6>
151837708-> ********************** COMMAND BEGIN **********************
151837708-> data sent to printer:
151837709-> <2>Y0<3>
151837758-> data received from printer:
151838039-> <2>SENIAT    J-316292649    1600*800*3100*2          Bs.0TIY1900001070620230957*300<3><6>
151838040-> ********************** COMMAND BEGIN **********************
151838040-> data sent to printer:
151838041-> <2>S<3>
151838048-> data received from printer:
151838205-> <21>
151838206-> ********************** COMMAND BEGIN **********************
151838206-> data sent to printer:
151838206-> <2>M<3>
151839526-> data received from printer:
151839691-> <6>
152120630-> OPEN PORT: COM1@9600
152120670-> ********************** COMMAND BEGIN **********************
152120671-> data sent to printer:
152120671-> <2>L&2<3>
152122299-> data received from printer:
152122455-> <2>176*157<3><6>
152122456-> ********************** COMMAND BEGIN **********************
152122456-> data sent to printer:
152122457-> <2>VRazon Social: SEBATIAN MALPICA<3>
152123351-> data received from printer:
152123506-> <6>
152123507-> ********************** COMMAND BEGIN **********************
152123507-> data sent to printer:
152123507-> <2>VCI/Rif: V32030387<3>
152123714-> data received from printer:
152123866-> <6>
152123867-> ********************** COMMAND BEGIN **********************
152123867-> data sent to printer:
152123868-> <2>VDatos del Documento Original:<3>
152124088-> data received from printer:
152124242-> <6>
152124243-> ********************** COMMAND BEGIN **********************
152124243-> data sent to printer:
152124244-> <2>VNumero: 0002556<3>
152124452-> data received from printer:
152124618-> <6>
152124619-> ********************** COMMAND BEGIN **********************
152124619-> data sent to printer:
152124620-> <2>VFecha: 19/09/2023<3>
152124826-> data received from printer:
152124978-> <6>
152124978-> ********************** COMMAND BEGIN **********************
152124979-> data sent to printer:
152124979-> <2>VSerial Fiscal: TIY1900001<3>
152125196-> data received from printer:
152125354-> <6>
152125354-> ********************** COMMAND BEGIN **********************
152125355-> data sent to printer:
152125355-> <2>V----------------------------------------<3>
152125590-> data received from printer:
152125745-> <6>
152125967-> ********************** COMMAND BEGIN **********************
152125969-> data sent to printer:
152125971-> <2>VC000019 VISION SENCILLA ANTIREFLEJO TER<3>
152126202-> data received from printer:
152126366-> <6>
152126366-> ********************** COMMAND BEGIN **********************
152126367-> data sent to printer:
152126367-> <2>R12,000xBs448,47      00000896940<3>
152126641-> data received from printer:
152126801-> <6>
152126802-> ********************** COMMAND BEGIN **********************
152126802-> data sent to printer:
152126803-> <2>VS000106 SERVICIO MONTURA PROPIA<3>
152127029-> data received from printer:
152127192-> <6>
152127193-> ********************** COMMAND BEGIN **********************
152127193-> data sent to printer:
152127194-> <2>R11,000xBs365,42      00000365421<3>
152127472-> data received from printer:
152127627-> <6>
152127628-> ********************** COMMAND BEGIN **********************
152127628-> data sent to printer:
152127629-> <2>VA000004 GARANTIA EXTENDIDA<3>
152127847-> data received from printer:
152128003-> <6>
152128004-> ********************** COMMAND BEGIN **********************
152128004-> data sent to printer:
152128005-> <2>R11,000xBs134,54      00000134541<3>
152128286-> data received from printer:
152128438-> <6>
152128712-> ********************** COMMAND BEGIN **********************
152128713-> data sent to printer:
152128714-> <2>O1<3>
152129842-> data received from printer:
152130007-> <2>147689<3><6>
152130008-> ********************** COMMAND BEGIN **********************
152130008-> data sent to printer:
152130008-> <2>VMonto Disponible:  1520,91<3>
152130226-> data received from printer:
152130382-> <6>
152130383-> ********************** COMMAND BEGIN **********************
152130383-> data sent to printer:
152130384-> <2>Y0<3>
152130433-> data received from printer:
152130714-> <2>SENIAT    J-316292649    1600*800*3100*2          Bs.0TIY1900001070620230959*300<3><6>
152130715-> ********************** COMMAND BEGIN **********************
152130715-> data sent to printer:
152130715-> <2>S<3>
152130723-> data received from printer:
152130879-> <21>
152130879-> ********************** COMMAND BEGIN **********************
152130880-> data sent to printer:
152130880-> <2>M<3>
152132199-> data received from printer:
152132364-> <6>
152543494-> OPEN PORT: COM1@9600
152543534-> ********************** COMMAND BEGIN **********************
152543549-> data sent to printer:
152543550-> <2>L&2<3>
152545215-> data received from printer:
152545375-> <2>177*157<3><6>
152545376-> ********************** COMMAND BEGIN **********************
152545376-> data sent to printer:
152545377-> <2>VRazon Social: SEBATIAN MALPICA<3>
152545599-> data received from printer:
152545750-> <6>
152545751-> ********************** COMMAND BEGIN **********************
152545751-> data sent to printer:
152545752-> <2>VCI/Rif: V32030387<3>
152545962-> data received from printer:
152546125-> <6>
152546126-> ********************** COMMAND BEGIN **********************
152546126-> data sent to printer:
152546126-> <2>VDatos del Documento Original:<3>
152546345-> data received from printer:
152546500-> <6>
152546500-> ********************** COMMAND BEGIN **********************
152546501-> data sent to printer:
152546501-> <2>VNumero: 0002556<3>
152546707-> data received from printer:
152546861-> <6>
152546862-> ********************** COMMAND BEGIN **********************
152546862-> data sent to printer:
152546863-> <2>VFecha: 19/09/2023<3>
152547073-> data received from printer:
152547236-> <6>
152547237-> ********************** COMMAND BEGIN **********************
152547237-> data sent to printer:
152547238-> <2>VSerial Fiscal: TIY1900001<3>
152547452-> data received from printer:
152547612-> <6>
152547613-> ********************** COMMAND BEGIN **********************
152547613-> data sent to printer:
152547613-> <2>V----------------------------------------<3>
152547846-> data received from printer:
152548003-> <6>
152548226-> ********************** COMMAND BEGIN **********************
152548226-> data sent to printer:
152548226-> <2>VC000019 VISION SENCILLA ANTIREFLEJO TER<3>
152548460-> data received from printer:
152548625-> <6>
152548626-> ********************** COMMAND BEGIN **********************
152548626-> data sent to printer:
152548626-> <2>R12,000xBs448,47      00000896940<3>
152548899-> data received from printer:
152549060-> <6>
152549061-> ********************** COMMAND BEGIN **********************
152549061-> data sent to printer:
152549062-> <2>VS000106 SERVICIO MONTURA PROPIA<3>
152549324-> data received from printer:
152549480-> <6>
152549480-> ********************** COMMAND BEGIN **********************
152549481-> data sent to printer:
152549481-> <2>R11,000xBs365,42      00000365421<3>
152549760-> data received from printer:
152549915-> <6>
152549916-> ********************** COMMAND BEGIN **********************
152549917-> data sent to printer:
152549917-> <2>VA000004 GARANTIA EXTENDIDA<3>
152550137-> data received from printer:
152550290-> <6>
152550291-> ********************** COMMAND BEGIN **********************
152550291-> data sent to printer:
152550292-> <2>R11,000xBs134,54      00000134541<3>
152550574-> data received from printer:
152550726-> <6>
152551001-> ********************** COMMAND BEGIN **********************
152551002-> data sent to printer:
152551003-> <2>O1<3>
152552094-> data received from printer:
152552253-> <2>147689<3><6>
152552253-> ********************** COMMAND BEGIN **********************
152552253-> data sent to printer:
152552253-> <2>VMonto Disponible:  1520,91<3>
152552474-> data received from printer:
152552627-> <6>
152552628-> ********************** COMMAND BEGIN **********************
152552628-> data sent to printer:
152552629-> <2>Y0<3>
152552678-> data received from printer:
152552958-> <2>SENIAT    J-316292649    1600*800*3100*2          Bs.0TIY1900001070620231004*300<3><6>
152552959-> ********************** COMMAND BEGIN **********************
152552959-> data sent to printer:
152552960-> <2>S<3>
152552967-> data received from printer:
152553123-> <21>
152553124-> ********************** COMMAND BEGIN **********************
152553124-> data sent to printer:
152553124-> <2>M<3>
152554406-> data received from printer:
152554564-> <6>
