115459960-> OPEN PORT: COM1@9600
115500082-> ********************** COMMAND BEGIN **********************
115500082-> data sent to printer:
115500083-> <2>Q<3>
115500090-> data received from printer:
115500252-> <21>
115500253-> ********************** COMMAND BEGIN **********************
115500253-> data sent to printer:
115500254-> <2>M<3>
115500261-> data received from printer:
115500417-> <21>
120329219-> OPEN PORT: COM1@9600
120329259-> ********************** COMMAND BEGIN **********************
120329260-> data sent to printer:
120329260-> <2>Q<3>
120329268-> data received from printer:
120329432-> <21>
120329433-> ********************** COMMAND BEGIN **********************
120329433-> data sent to printer:
120329434-> <2>M<3>
120329441-> data received from printer:
120329598-> <21>
120333697-> OPEN PORT: COM1@9600
120333738-> OPEN PORT: COM1@9600
120333757-> ********************** COMMAND BEGIN **********************
120333758-> data sent to printer:
120333758-> <2>L&1<3>
120336072-> data received from printer:
120336225-> <2>2678*2673<3><6>
120336226-> ********************** COMMAND BEGIN **********************
120336226-> data sent to printer:
120336227-> <2>VRazon Social: Hoffman Ugas<3>
120336447-> data received from printer:
120336600-> <6>
120336601-> ********************** COMMAND BEGIN **********************
120336601-> data sent to printer:
120336601-> <2>VCI/Rif: V-13068346<3>
120336810-> data received from printer:
120336975-> <6>
120336976-> ********************** COMMAND BEGIN **********************
120336976-> data sent to printer:
120336976-> <2>V----------------------------------------<3>
120337209-> data received from printer:
120337366-> <6>
120337380-> ********************** COMMAND BEGIN **********************
120337381-> data sent to printer:
120337381-> <2>VS000041 1 pto.Soldadura Mont. Metal Marc<3>
120337616-> data received from printer:
120337772-> <6>
120337773-> ********************** COMMAND BEGIN **********************
120337773-> data sent to printer:
120337773-> <2>VS000041 1 pto.Soldadura Mont. Metal Marc<3>
120338004-> data received from printer:
120338162-> <6>
120338171-> ********************** COMMAND BEGIN **********************
120338171-> data sent to printer:
120338172-> <2>N11,000xBs177,82      00000177821<3>
120338452-> data received from printer:
120338612-> <6>
120340620-> ********************** COMMAND BEGIN **********************
120340621-> data sent to printer:
120340621-> <2>O1<3>
120341627-> data received from printer:
120341789-> <2>20627<3><6>
120343558-> ********************** COMMAND BEGIN **********************
120343559-> data sent to printer:
120343559-> <2>P101/04/2024 DEBITO   000000020627<3>
120343827-> data received from printer:
120343986-> <6>
120345017-> ********************** COMMAND BEGIN **********************
120345018-> data sent to printer:
120345018-> <2>V<3>
120345214-> data received from printer:
120345373-> <6>
120345374-> ********************** COMMAND BEGIN **********************
120345374-> data sent to printer:
120345375-> <2>VNumero Orden: 0069224<3>
120345588-> data received from printer:
120345750-> <6>
120345751-> ********************** COMMAND BEGIN **********************
120345751-> data sent to printer:
120345751-> <2>V<3>
120345944-> data received from printer:
120346096-> <6>
120346149-> ********************** COMMAND BEGIN **********************
120346149-> data sent to printer:
120346150-> <2>V<161><161><161>GRACIAS POR SU COMPRA!!!<3>
120346373-> data received from printer:
120346531-> <6>
120346532-> ********************** COMMAND BEGIN **********************
120346532-> data sent to printer:
120346533-> <2>VSolo se aceptaran devoluciones<3>
120346755-> data received from printer:
120346921-> <6>
120346922-> ********************** COMMAND BEGIN **********************
120346922-> data sent to printer:
120346923-> <2>Vpor defectos de fabrica, con la<3>
120347148-> data received from printer:
120347311-> <6>
120347312-> ********************** COMMAND BEGIN **********************
120347312-> data sent to printer:
120347313-> <2>Vpresentacion de esta factura (original),<3>
120347549-> data received from printer:
120347701-> <6>
120347702-> ********************** COMMAND BEGIN **********************
120347702-> data sent to printer:
120347702-> <2>Vdentro de los treinta (30) dias<3>
120347925-> data received from printer:
120348091-> <6>
120348091-> ********************** COMMAND BEGIN **********************
120348092-> data sent to printer:
120348092-> <2>Vsiguientes a la emision de la misma.<3>
120348360-> data received from printer:
120348512-> <6>
120348528-> ********************** COMMAND BEGIN **********************
120348529-> data sent to printer:
120348529-> <2>Y0<3>
120348579-> data received from printer:
120348859-> <2>SENIAT    J-316292649    1600*800*3100*2          Bs.0TIY1900001051120230148*300<3><6>
120348860-> ********************** COMMAND BEGIN **********************
120348861-> data sent to printer:
120348861-> <2>S<3>
120348869-> data received from printer:
120349024-> <21>
120349025-> ********************** COMMAND BEGIN **********************
120349025-> data sent to printer:
120349026-> <2>M<3>
120350286-> data received from printer:
120350449-> <6>
121043454-> OPEN PORT: COM1@9600
121043507-> ********************** COMMAND BEGIN **********************
121043508-> data sent to printer:
121043508-> <2>Q<3>
121043516-> data received from printer:
121043679-> <21>
121043680-> ********************** COMMAND BEGIN **********************
121043680-> data sent to printer:
121043680-> <2>M<3>
121043688-> data received from printer:
121043844-> <21>
121046648-> OPEN PORT: COM1@9600
121046687-> OPEN PORT: COM1@9600
121046688-> ********************** COMMAND BEGIN **********************
121046689-> data sent to printer:
121046689-> <2>L&1<3>
121048363-> data received from printer:
121048529-> <2>2679*2673<3><6>
121048530-> ********************** COMMAND BEGIN **********************
121048530-> data sent to printer:
121048531-> <2>VRazon Social: Jose Gori<3>
121048748-> data received from printer:
121048904-> <6>
121048905-> ********************** COMMAND BEGIN **********************
121048905-> data sent to printer:
121048905-> <2>VCI/Rif: V-10484050<3>
121049114-> data received from printer:
121049279-> <6>
121049279-> ********************** COMMAND BEGIN **********************
121049280-> data sent to printer:
121049280-> <2>V----------------------------------------<3>
121049514-> data received from printer:
121049669-> <6>
121049670-> ********************** COMMAND BEGIN **********************
121049670-> data sent to printer:
121049670-> <2>VS000052 Plaquetas de Marca<3>
121049890-> data received from printer:
121050045-> <6>
121050046-> ********************** COMMAND BEGIN **********************
121050046-> data sent to printer:
121050046-> <2>N12,000xBs248,58      00000497161<3>
121050325-> data received from printer:
121050481-> <6>
121051993-> ********************** COMMAND BEGIN **********************
121051994-> data sent to printer:
121051994-> <2>O1<3>
121052968-> data received from printer:
121053127-> <2>57671<3><6>
121054532-> ********************** COMMAND BEGIN **********************
121054532-> data sent to printer:
121054533-> <2>P101/04/2024 DEBITO   000000020002<3>
121054803-> data received from printer:
121054964-> <6>
121054965-> ********************** COMMAND BEGIN **********************
121054965-> data sent to printer:
121054966-> <2>P101/04/2024 EFECTIVO 000000037669<3>
121055233-> data received from printer:
121055385-> <6>
121055973-> ********************** COMMAND BEGIN **********************
121055973-> data sent to printer:
121055974-> <2>V<3>
121056167-> data received from printer:
121056323-> <6>
121056324-> ********************** COMMAND BEGIN **********************
121056324-> data sent to printer:
121056324-> <2>VNumero Orden: 0069556<3>
121056542-> data received from printer:
121056699-> <6>
121056699-> ********************** COMMAND BEGIN **********************
121056700-> data sent to printer:
121056700-> <2>V<3>
121056892-> data received from printer:
121057045-> <6>
121057058-> ********************** COMMAND BEGIN **********************
121057058-> data sent to printer:
121057059-> <2>V<161><161><161>GRACIAS POR SU COMPRA!!!<3>
121057318-> data received from printer:
121057481-> <6>
121057482-> ********************** COMMAND BEGIN **********************
121057482-> data sent to printer:
121057482-> <2>VSolo se aceptaran devoluciones<3>
121057706-> data received from printer:
121057872-> <6>
121057873-> ********************** COMMAND BEGIN **********************
121057873-> data sent to printer:
121057874-> <2>Vpor defectos de fabrica, con la<3>
121058100-> data received from printer:
121058262-> <6>
121058263-> ********************** COMMAND BEGIN **********************
121058263-> data sent to printer:
121058264-> <2>Vpresentacion de esta factura (original),<3>
121058501-> data received from printer:
121058653-> <6>
121058654-> ********************** COMMAND BEGIN **********************
121058654-> data sent to printer:
121058655-> <2>Vdentro de los treinta (30) dias<3>
121058879-> data received from printer:
121059043-> <6>
121059044-> ********************** COMMAND BEGIN **********************
121059044-> data sent to printer:
121059044-> <2>Vsiguientes a la emision de la misma.<3>
121059275-> data received from printer:
121059434-> <6>
121059435-> ********************** COMMAND BEGIN **********************
121059435-> data sent to printer:
121059436-> <2>Y0<3>
121059485-> data received from printer:
121059765-> <2>SENIAT    J-316292649    1600*800*3100*2          Bs.0TIY1900001051120230156*300<3><6>
121059766-> ********************** COMMAND BEGIN **********************
121059766-> data sent to printer:
121059766-> <2>S<3>
121059774-> data received from printer:
121059931-> <21>
121059932-> ********************** COMMAND BEGIN **********************
121059932-> data sent to printer:
121059933-> <2>M<3>
121101233-> data received from printer:
121101386-> <6>
