104525446-> OPEN PORT: COM1@9600
104525493-> OPEN PORT: COM1@9600
104525508-> ********************** COMMAND BEGIN **********************
104525509-> data sent to printer:
104525509-> <2>L&1<3>
104525518-> data received from printer:
104525675-> <21>
104525676-> ********************** COMMAND BEGIN **********************
104525676-> data sent to printer:
104525676-> <2>VRazon Social: MARIA PENA<3>
104525792-> data received from printer:
104525946-> <6>
104525947-> ********************** COMMAND BEGIN **********************
104525947-> data sent to printer:
104525948-> <2>VCI/Rif: V-18001525<3>
104526056-> data received from printer:
104526216-> <6>
104526216-> ********************** COMMAND BEGIN **********************
104526217-> data sent to printer:
104526217-> <2>V----------------------------------------<3>
104526348-> data received from printer:
104526501-> <6>
104526503-> ********************** COMMAND BEGIN **********************
104526504-> data sent to printer:
104526504-> <2>VL068362 UMCPRB3025-S58O<3>
104526618-> data received from printer:
104526771-> <6>
104526772-> ********************** COMMAND BEGIN **********************
104526772-> data sent to printer:
104526772-> <2>N11,000xBs2978,50     00002978501<3>
104526813-> data received from printer:
104526967-> <21>
104627786-> OPEN PORT: COM1@9600
104800601-> OPEN PORT: COM1@9600
104800641-> OPEN PORT: COM1@9600
104800642-> ********************** COMMAND BEGIN **********************
104800643-> data sent to printer:
104800643-> <2>L&1<3>
104800653-> data received from printer:
104800809-> <21>
104800810-> ********************** COMMAND BEGIN **********************
104800810-> data sent to printer:
104800811-> <2>VRazon Social: MARIA PENA<3>
104800925-> data received from printer:
104801079-> <6>
104801079-> ********************** COMMAND BEGIN **********************
104801080-> data sent to printer:
104801080-> <2>VCI/Rif: V-18001525<3>
104801189-> data received from printer:
104801350-> <6>
104801350-> ********************** COMMAND BEGIN **********************
104801351-> data sent to printer:
104801351-> <2>V----------------------------------------<3>
104801482-> data received from printer:
104801636-> <6>
104801636-> ********************** COMMAND BEGIN **********************
104801637-> data sent to printer:
104801637-> <2>VL068362 UMCPRB3025-S58O<3>
104801751-> data received from printer:
104801907-> <6>
104801907-> ********************** COMMAND BEGIN **********************
104801908-> data sent to printer:
104801908-> <2>N11,000xBs2978,50     00002978501<3>
104801949-> data received from printer:
104802102-> <21>
104829474-> ********************** COMMAND BEGIN **********************
104829475-> data sent to printer:
104829475-> <2>O1<3>
104829483-> data received from printer:
104829641-> <21>
113438708-> OPEN PORT: COM1@9600
113438756-> OPEN PORT: COM1@9600
113438758-> ********************** COMMAND BEGIN **********************
113438758-> data sent to printer:
113438759-> <2>L&1<3>
113440429-> data received from printer:
113440586-> <2>2225*2223<3><6>
113440587-> ********************** COMMAND BEGIN **********************
113440587-> data sent to printer:
113440587-> <2>VRazon Social: MARIA PENA<3>
113440805-> data received from printer:
113440962-> <6>
113440962-> ********************** COMMAND BEGIN **********************
113440963-> data sent to printer:
113440963-> <2>VCI/Rif: V-18001525<3>
113441171-> data received from printer:
113441322-> <6>
113441322-> ********************** COMMAND BEGIN **********************
113441323-> data sent to printer:
113441323-> <2>V----------------------------------------<3>
113441556-> data received from printer:
113441713-> <6>
113441715-> ********************** COMMAND BEGIN **********************
113441715-> data sent to printer:
113441715-> <2>VL068362 UMCPRB3025-S58O<3>
113441932-> data received from printer:
113442088-> <6>
113442088-> ********************** COMMAND BEGIN **********************
113442089-> data sent to printer:
113442089-> <2>N11,000xBs2978,50     00002978501<3>
113442367-> data received from printer:
113442523-> <6>
113547132-> ********************** COMMAND BEGIN **********************
113547133-> data sent to printer:
113547133-> <2>OT297850<0><0> <193><0><1>D<22><3>
113548282-> data received from printer:
113548435-> <2>354442<3><6>
113930821-> ********************** COMMAND BEGIN **********************
113930823-> data sent to printer:
113930824-> <2>V<3>
113931018-> data received from printer:
113931171-> <6>
113931546-> ********************** COMMAND BEGIN **********************
113931546-> data sent to printer:
113931546-> <2>VNumero Orden: 0000311<3>
113931762-> data received from printer:
113931926-> <6>
113932345-> ********************** COMMAND BEGIN **********************
113932345-> data sent to printer:
113932345-> <2>V<3>
113932536-> data received from printer:
113932692-> <6>
113934326-> ********************** COMMAND BEGIN **********************
113934326-> data sent to printer:
113934326-> <2>Y0<3>
113934376-> data received from printer:
113934662-> <2>SENIAT    J-316292649    1600*800*3100*2          Bs.0TIY1900001091220220623*300<3><6>
113934675-> ********************** COMMAND BEGIN **********************
113934676-> data sent to printer:
113934676-> <2>S<3>
113934683-> data received from printer:
113934842-> <21>
113934843-> ********************** COMMAND BEGIN **********************
113934843-> data sent to printer:
113934843-> <2>M<3>
113936132-> data received from printer:
113936283-> <6>
115148307-> OPEN PORT: COM1@9600
115148346-> OPEN PORT: COM1@9600
115148348-> ********************** COMMAND BEGIN **********************
115148348-> data sent to printer:
115148349-> <2>L&1<3>
115150648-> data received from printer:
115150802-> <2>2226*2223<3><6>
115150803-> ********************** COMMAND BEGIN **********************
115150803-> data sent to printer:
115150803-> <2>VRazon Social: MARIA PENA<3>
115151021-> data received from printer:
115151178-> <6>
115151178-> ********************** COMMAND BEGIN **********************
115151178-> data sent to printer:
115151179-> <2>VCI/Rif: V-18001525<3>
115151422-> data received from printer:
115151584-> <6>
115151584-> ********************** COMMAND BEGIN **********************
115151585-> data sent to printer:
115151585-> <2>V----------------------------------------<3>
115151819-> data received from printer:
115151975-> <6>
115151977-> ********************** COMMAND BEGIN **********************
115151977-> data sent to printer:
115151977-> <2>VL068362 UMCPRB3025-S58O<3>
115152190-> data received from printer:
115152351-> <6>
115152352-> ********************** COMMAND BEGIN **********************
115152353-> data sent to printer:
115152353-> <2>N11,000xBs2978,50     00002978501<3>
115152634-> data received from printer:
115152788-> <6>
115155491-> ********************** COMMAND BEGIN **********************
115155492-> data sent to printer:
115155492-> <2>OT297850<0><6><228><189><240><6>^<208><3>
115156602-> data received from printer:
115156766-> <2>354442<3><6>
115158635-> ********************** COMMAND BEGIN **********************
115158635-> data sent to printer:
115158636-> <2>V<3>
115158828-> data received from printer:
115158988-> <6>
115158988-> ********************** COMMAND BEGIN **********************
115158989-> data sent to printer:
115158989-> <2>VNumero Orden: 0000311<3>
115159238-> data received from printer:
115159393-> <6>
115159393-> ********************** COMMAND BEGIN **********************
115159395-> data sent to printer:
115159395-> <2>V<3>
115159587-> data received from printer:
115159739-> <6>
115159747-> ********************** COMMAND BEGIN **********************
115159747-> data sent to printer:
115159747-> <2>Y0<3>
115159796-> data received from printer:
115200069-> <2>SENIAT    J-316292649    1600*800*3100*2          Bs.0TIY1900001091220220635*300<3><6>
115200070-> ********************** COMMAND BEGIN **********************
115200070-> data sent to printer:
115200070-> <2>S<3>
115200078-> data received from printer:
115200235-> <21>
115200236-> ********************** COMMAND BEGIN **********************
115200236-> data sent to printer:
115200236-> <2>M<3>
115201521-> data received from printer:
115201676-> <6>
121000823-> OPEN PORT: COM1@9600
121000865-> OPEN PORT: COM1@9600
121000869-> ********************** COMMAND BEGIN **********************
121000870-> data sent to printer:
121000870-> <2>L&1<3>
121002538-> data received from printer:
121002699-> <2>2227*2223<3><6>
121002700-> ********************** COMMAND BEGIN **********************
121002700-> data sent to printer:
121002701-> <2>VRazon Social: MARIA PENA<3>
121002917-> data received from printer:
121003075-> <6>
121003076-> ********************** COMMAND BEGIN **********************
121003076-> data sent to printer:
121003077-> <2>VCI/Rif: V-18001525<3>
121003288-> data received from printer:
121003450-> <6>
121003451-> ********************** COMMAND BEGIN **********************
121003451-> data sent to printer:
121003451-> <2>V----------------------------------------<3>
121003682-> data received from printer:
121003840-> <6>
121003843-> ********************** COMMAND BEGIN **********************
121003843-> data sent to printer:
121003843-> <2>VL068362 UMCPRB3025-S58O<3>
121004058-> data received from printer:
121004216-> <6>
121004216-> ********************** COMMAND BEGIN **********************
121004217-> data sent to printer:
121004217-> <2>N11,000xBs2978,50     00002978501<3>
121004499-> data received from printer:
121004652-> <6>
121005434-> ********************** COMMAND BEGIN **********************
121005435-> data sent to printer:
121005435-> <2>OT185506<0><0><0><0><0><128><19><22><3>
121006544-> data received from printer:
121006702-> <2>351071<3><6>
121007345-> ********************** COMMAND BEGIN **********************
121007345-> data sent to printer:
121007346-> <2>V<3>
121007540-> data received from printer:
121007702-> <6>
121007702-> ********************** COMMAND BEGIN **********************
121007703-> data sent to printer:
121007703-> <2>VNumero Orden: 0000311<3>
121007915-> data received from printer:
121008078-> <6>
121008078-> ********************** COMMAND BEGIN **********************
121008079-> data sent to printer:
121008079-> <2>V<3>
121008271-> data received from printer:
121008423-> <6>
121009332-> ********************** COMMAND BEGIN **********************
121009333-> data sent to printer:
121009335-> <2>Y0<3>
121009386-> data received from printer:
121009670-> <2>SENIAT    J-316292649    1600*800*3100*2          Bs.0TIY1900001091220220653*300<3><6>
121009671-> ********************** COMMAND BEGIN **********************
121009671-> data sent to printer:
121009671-> <2>S<3>
121009679-> data received from printer:
121009835-> <21>
121009836-> ********************** COMMAND BEGIN **********************
121009837-> data sent to printer:
121009837-> <2>M<3>
121011790-> data received from printer:
121011949-> <6>
122436112-> OPEN PORT: COM1@9600
122436155-> OPEN PORT: COM1@9600
122436159-> ********************** COMMAND BEGIN **********************
122436159-> data sent to printer:
122436160-> <2>L&1<3>
122437830-> data received from printer:
122437984-> <2>2228*2223<3><6>
122437985-> ********************** COMMAND BEGIN **********************
122437985-> data sent to printer:
122437985-> <2>VRazon Social: MARIA PENA<3>
122438202-> data received from printer:
122438361-> <6>
122438361-> ********************** COMMAND BEGIN **********************
122438362-> data sent to printer:
122438362-> <2>VCI/Rif: V-18001525<3>
122438570-> data received from printer:
122438721-> <6>
122438721-> ********************** COMMAND BEGIN **********************
122438722-> data sent to printer:
122438722-> <2>V----------------------------------------<3>
122438955-> data received from printer:
122439112-> <6>
122439114-> ********************** COMMAND BEGIN **********************
122439114-> data sent to printer:
122439114-> <2>VL068362 UMCPRB3025-S58O<3>
122439331-> data received from printer:
122439487-> <6>
122439488-> ********************** COMMAND BEGIN **********************
122439488-> data sent to printer:
122439488-> <2>N11,000xBs2978,50     00002978501<3>
122439767-> data received from printer:
122439923-> <6>
122440258-> ********************** COMMAND BEGIN **********************
122440259-> data sent to printer:
122440260-> <2>O1<3>
122441269-> data received from printer:
122441435-> <2>345506<3><6>
122713267-> ********************** COMMAND BEGIN **********************
122713267-> data sent to printer:
122713268-> <2>P123/03/2023 Debito   000000341000<3>
122713533-> data received from printer:
122713689-> <6>
122713690-> ********************** COMMAND BEGIN **********************
122713690-> data sent to printer:
122713690-> <2>P123/03/2023 Transfere000000002000<3>
122713958-> data received from printer:
122714109-> <6>
122714109-> ********************** COMMAND BEGIN **********************
122714110-> data sent to printer:
122714110-> <2>P123/03/2023 Efectivo 000000002506<3>
122714380-> data received from printer:
122714530-> <6>
122723433-> ********************** COMMAND BEGIN **********************
122723433-> data sent to printer:
122723434-> <2>V<3>
122723624-> data received from printer:
122723782-> <6>
122723782-> ********************** COMMAND BEGIN **********************
122723783-> data sent to printer:
122723783-> <2>VNumero Orden: 0000321<3>
122723997-> data received from printer:
122724158-> <6>
122724159-> ********************** COMMAND BEGIN **********************
122724159-> data sent to printer:
122724159-> <2>V<3>
122724353-> data received from printer:
122724504-> <6>
122724514-> ********************** COMMAND BEGIN **********************
122724514-> data sent to printer:
122724514-> <2>Y0<3>
122724564-> data received from printer:
122724849-> <2>SENIAT    J-316292649    1600*800*3100*2          Bs.0TIY1900001091220220711*300<3><6>
122724850-> ********************** COMMAND BEGIN **********************
122724850-> data sent to printer:
122724850-> <2>S<3>
122724857-> data received from printer:
122725014-> <21>
122725015-> ********************** COMMAND BEGIN **********************
122725015-> data sent to printer:
122725015-> <2>M<3>
122726309-> data received from printer:
122726471-> <6>
124532258-> OPEN PORT: COM1@9600
124532300-> OPEN PORT: COM1@9600
124532301-> ********************** COMMAND BEGIN **********************
124532301-> data sent to printer:
124532301-> <2>L&1<3>
124533971-> data received from printer:
124534122-> <2>2229*2223<3><6>
124534122-> ********************** COMMAND BEGIN **********************
124534123-> data sent to printer:
124534123-> <2>VRazon Social: MARIA PENA<3>
124534337-> data received from printer:
124534497-> <6>
124534498-> ********************** COMMAND BEGIN **********************
124534498-> data sent to printer:
124534498-> <2>VCI/Rif: V-18001525<3>
124534708-> data received from printer:
124534872-> <6>
124534872-> ********************** COMMAND BEGIN **********************
124534873-> data sent to printer:
124534873-> <2>V----------------------------------------<3>
124535107-> data received from printer:
124535262-> <6>
124535263-> ********************** COMMAND BEGIN **********************
124535263-> data sent to printer:
124535263-> <2>VL068362 UMCPRB3025-S58O<3>
124535476-> data received from printer:
124535638-> <6>
124535639-> ********************** COMMAND BEGIN **********************
124535639-> data sent to printer:
124535639-> <2>N11,000xBs2978,50     00002978501<3>
124535919-> data received from printer:
124536074-> <6>
124536705-> ********************** COMMAND BEGIN **********************
124536706-> data sent to printer:
124536707-> <2>O1<3>
124537714-> data received from printer:
124537867-> <2>345506<3><6>
124538173-> ********************** COMMAND BEGIN **********************
124538174-> data sent to printer:
124538176-> <2>P123/03/2023 Debito   000000341000<3>
124538445-> data received from printer:
124538597-> <6>
124538597-> ********************** COMMAND BEGIN **********************
124538598-> data sent to printer:
124538598-> <2>P123/03/2023 Transfere000000002000<3>
124538868-> data received from printer:
124539032-> <6>
124539032-> ********************** COMMAND BEGIN **********************
124539033-> data sent to printer:
124539033-> <2>P123/03/2023 Efectivo 000000002506<3>
124539299-> data received from printer:
124539453-> <6>
124539453-> ********************** COMMAND BEGIN **********************
124539454-> data sent to printer:
124539454-> <2>V<3>
124539645-> data received from printer:
124539798-> <6>
124539799-> ********************** COMMAND BEGIN **********************
124539799-> data sent to printer:
124539799-> <2>VNumero Orden: 0000321<3>
124540015-> data received from printer:
124540174-> <6>
124540174-> ********************** COMMAND BEGIN **********************
124540175-> data sent to printer:
124540175-> <2>V<3>
124540365-> data received from printer:
124540519-> <6>
124541134-> ********************** COMMAND BEGIN **********************
124541135-> data sent to printer:
124541136-> <2>Y0<3>
124541186-> data received from printer:
124541470-> <2>SENIAT    J-316292649    1600*800*3100*2          Bs.0TIY1900001091220220729*300<3><6>
124541470-> ********************** COMMAND BEGIN **********************
124541471-> data sent to printer:
124541471-> <2>S<3>
124541478-> data received from printer:
124541636-> <21>
124541636-> ********************** COMMAND BEGIN **********************
124541637-> data sent to printer:
124541637-> <2>M<3>
124542930-> data received from printer:
124543091-> <6>
125153356-> OPEN PORT: COM1@9600
125153398-> OPEN PORT: COM1@9600
125153399-> ********************** COMMAND BEGIN **********************
125153400-> data sent to printer:
125153400-> <2>L&1<3>
125155071-> data received from printer:
125155235-> <2>2230*2223<3><6>
125155235-> ********************** COMMAND BEGIN **********************
125155236-> data sent to printer:
125155236-> <2>VRazon Social: MARIA PENA<3>
125155452-> data received from printer:
125155611-> <6>
125155611-> ********************** COMMAND BEGIN **********************
125155612-> data sent to printer:
125155612-> <2>VCI/Rif: V-18001525<3>
125155823-> data received from printer:
125155986-> <6>
125155986-> ********************** COMMAND BEGIN **********************
125155987-> data sent to printer:
125155987-> <2>V----------------------------------------<3>
125156217-> data received from printer:
125156378-> <6>
125156378-> ********************** COMMAND BEGIN **********************
125156379-> data sent to printer:
125156379-> <2>VL068362 UMCPRB3025-S58O<3>
125156594-> data received from printer:
125156754-> <6>
125156754-> ********************** COMMAND BEGIN **********************
125156755-> data sent to printer:
125156755-> <2>N11,000xBs2978,50     00002978501<3>
125157037-> data received from printer:
125157190-> <6>
125157818-> ********************** COMMAND BEGIN **********************
125157819-> data sent to printer:
125157819-> <2>O1<3>
125158824-> data received from printer:
125158978-> <2>345506<3><6>
125158996-> ********************** COMMAND BEGIN **********************
125158996-> data sent to printer:
125158997-> <2>P123/03/2023 Debito   000000341000<3>
125159266-> data received from printer:
125159428-> <6>
125159428-> ********************** COMMAND BEGIN **********************
125159429-> data sent to printer:
125159429-> <2>P123/03/2023 Transfere000000002000<3>
125159695-> data received from printer:
125159850-> <6>
125159850-> ********************** COMMAND BEGIN **********************
125159851-> data sent to printer:
125159851-> <2>P123/03/2023 Efectivo 000000002506<3>
125200118-> data received from printer:
125200270-> <6>
125200270-> ********************** COMMAND BEGIN **********************
125200271-> data sent to printer:
125200271-> <2>V<3>
125200465-> data received from printer:
125200631-> <6>
125200631-> ********************** COMMAND BEGIN **********************
125200632-> data sent to printer:
125200632-> <2>VNumero Orden: 0000321<3>
125200844-> data received from printer:
125201006-> <6>
125201006-> ********************** COMMAND BEGIN **********************
125201007-> data sent to printer:
125201007-> <2>V<3>
125201199-> data received from printer:
125201352-> <6>
125201383-> ********************** COMMAND BEGIN **********************
125201383-> data sent to printer:
125201384-> <2>Y0<3>
125201433-> data received from printer:
125201715-> <2>SENIAT    J-316292649    1600*800*3100*2          Bs.0TIY1900001091220220735*300<3><6>
125201715-> ********************** COMMAND BEGIN **********************
125201716-> data sent to printer:
125201716-> <2>S<3>
125201723-> data received from printer:
125201880-> <21>
125201880-> ********************** COMMAND BEGIN **********************
125201881-> data sent to printer:
125201881-> <2>M<3>
125203807-> data received from printer:
125203965-> <6>
125831546-> OPEN PORT: COM1@9600
125831587-> OPEN PORT: COM1@9600
125831588-> ********************** COMMAND BEGIN **********************
125831588-> data sent to printer:
125831589-> <2>L&1<3>
125833261-> data received from printer:
125833415-> <2>2231*2223<3><6>
125833416-> ********************** COMMAND BEGIN **********************
125833416-> data sent to printer:
125833416-> <2>VRazon Social: MARIA PENA<3>
125833632-> data received from printer:
125833790-> <6>
125833790-> ********************** COMMAND BEGIN **********************
125833791-> data sent to printer:
125833791-> <2>VCI/Rif: V-18001525<3>
125834003-> data received from printer:
125834166-> <6>
125834166-> ********************** COMMAND BEGIN **********************
125834167-> data sent to printer:
125834167-> <2>V----------------------------------------<3>
125834398-> data received from printer:
125834557-> <6>
125834557-> ********************** COMMAND BEGIN **********************
125834558-> data sent to printer:
125834558-> <2>VL068362 UMCPRB3025-S58O<3>
125834772-> data received from printer:
125834933-> <6>
125834933-> ********************** COMMAND BEGIN **********************
125834934-> data sent to printer:
125834934-> <2>N11,000xBs2978,50     00002978501<3>
125835216-> data received from printer:
125835369-> <6>
131511966-> ********************** COMMAND BEGIN **********************
131511967-> data sent to printer:
131511967-> <2>P123/03/2023 Debito   000000027000<3>
131512009-> data received from printer:
131512169-> <21>
131642860-> ********************** COMMAND BEGIN **********************
131642861-> data sent to printer:
131642861-> <2>P123/03/2023 Debito   000000027000<3>
131642903-> data received from printer:
131643068-> <21>
131757774-> ********************** COMMAND BEGIN **********************
131757775-> data sent to printer:
131757775-> <2>P123/03/2023 DIVISAS  000000060000<3>
131757816-> data received from printer:
131757969-> <21>
131802254-> ********************** COMMAND BEGIN **********************
131802254-> data sent to printer:
131802254-> <2>P123/03/2023 Efectivo 000000260306<3>
131802296-> data received from printer:
131802448-> <21>
131829949-> ********************** COMMAND BEGIN **********************
131829950-> data sent to printer:
131829951-> <2>Q<3>
131830315-> data received from printer:
131830468-> <6>
131831392-> ********************** COMMAND BEGIN **********************
131831393-> data sent to printer:
131831394-> <2>M<3>
131831402-> data received from printer:
131831568-> <21>
131840067-> OPEN PORT: COM1@9600
131840109-> OPEN PORT: COM1@9600
131840110-> ********************** COMMAND BEGIN **********************
131840110-> data sent to printer:
131840111-> <2>L&1<3>
131842412-> data received from printer:
131842570-> <2>2232*2231<3><6>
131842571-> ********************** COMMAND BEGIN **********************
131842571-> data sent to printer:
131842571-> <2>VRazon Social: MARIA PENA<3>
131842786-> data received from printer:
131842945-> <6>
131842945-> ********************** COMMAND BEGIN **********************
131842946-> data sent to printer:
131842946-> <2>VCI/Rif: V-18001525<3>
131843157-> data received from printer:
131843320-> <6>
131843320-> ********************** COMMAND BEGIN **********************
131843321-> data sent to printer:
131843321-> <2>V----------------------------------------<3>
131843551-> data received from printer:
131843710-> <6>
131843710-> ********************** COMMAND BEGIN **********************
131843711-> data sent to printer:
131843711-> <2>VL068362 UMCPRB3025-S58O<3>
131843962-> data received from printer:
131844115-> <6>
131844116-> ********************** COMMAND BEGIN **********************
131844116-> data sent to printer:
131844116-> <2>N11,000xBs2978,50     00002978501<3>
131844395-> data received from printer:
131844550-> <6>
131904898-> ********************** COMMAND BEGIN **********************
131904899-> data sent to printer:
131904900-> <2>P123/03/2023 Debito   000000027000<3>
131904943-> data received from printer:
131905094-> <21>
131905095-> ********************** COMMAND BEGIN **********************
131905095-> data sent to printer:
131905095-> <2>P123/03/2023 DIVISAS  000000060000<3>
131905137-> data received from printer:
131905290-> <21>
131905290-> ********************** COMMAND BEGIN **********************
131905291-> data sent to printer:
131905291-> <2>P123/03/2023 Efectivo 000000260306<3>
131905333-> data received from printer:
131905486-> <21>
132352552-> ********************** COMMAND BEGIN **********************
132352553-> data sent to printer:
132352553-> <2>Q<3>
132352918-> data received from printer:
132353071-> <6>
132353727-> ********************** COMMAND BEGIN **********************
132353727-> data sent to printer:
132353728-> <2>M<3>
132353735-> data received from printer:
132353889-> <21>
132405457-> OPEN PORT: COM1@9600
132405498-> OPEN PORT: COM1@9600
132405499-> ********************** COMMAND BEGIN **********************
132405499-> data sent to printer:
132405499-> <2>L&1<3>
132407165-> data received from printer:
132407324-> <2>2233*2232<3><6>
132407324-> ********************** COMMAND BEGIN **********************
132407325-> data sent to printer:
132407325-> <2>VRazon Social: MARIA PENA<3>
132407542-> data received from printer:
132407700-> <6>
132407700-> ********************** COMMAND BEGIN **********************
132407701-> data sent to printer:
132407701-> <2>VCI/Rif: V-18001525<3>
132407908-> data received from printer:
132408061-> <6>
132408061-> ********************** COMMAND BEGIN **********************
132408062-> data sent to printer:
132408062-> <2>V----------------------------------------<3>
132408295-> data received from printer:
132408452-> <6>
132408452-> ********************** COMMAND BEGIN **********************
132408453-> data sent to printer:
132408453-> <2>VL068362 UMCPRB3025-S58O<3>
132408670-> data received from printer:
132408827-> <6>
132408827-> ********************** COMMAND BEGIN **********************
132408828-> data sent to printer:
132408828-> <2>N11,000xBs2978,50     00002978501<3>
132409106-> data received from printer:
132409262-> <6>
132541559-> ********************** COMMAND BEGIN **********************
132541560-> data sent to printer:
132541560-> <2>P123/03/2023 Debito   000000027000<3>
132541602-> data received from printer:
132541755-> <21>
132643827-> ********************** COMMAND BEGIN **********************
132643827-> data sent to printer:
132643828-> <2>P123/03/2023 DIVISAS  000000058200<3>
132643870-> data received from printer:
132644024-> <21>
133514129-> ********************** COMMAND BEGIN **********************
133514129-> data sent to printer:
133514130-> <2>P123/03/2023 DIVISAS  000000058200<3>
133514171-> data received from printer:
133514336-> <21>
133525672-> ********************** COMMAND BEGIN **********************
133525672-> data sent to printer:
133525672-> <2>P123/03/2023 Debito   000000027000<3>
133525714-> data received from printer:
133525869-> <21>
133530637-> ********************** COMMAND BEGIN **********************
133530637-> data sent to printer:
133530638-> <2>P123/03/2023 Efectivo 000000260306<3>
133530679-> data received from printer:
133530842-> <21>
133556885-> ********************** COMMAND BEGIN **********************
133556885-> data sent to printer:
133556886-> <2>Q<3>
133557250-> data received from printer:
133557412-> <6>
133557845-> ********************** COMMAND BEGIN **********************
133557846-> data sent to printer:
133557846-> <2>M<3>
133557853-> data received from printer:
133558018-> <21>
133646570-> OPEN PORT: COM1@9600
133646610-> OPEN PORT: COM1@9600
133646610-> ********************** COMMAND BEGIN **********************
133646611-> data sent to printer:
133646611-> <2>L&1<3>
133648279-> data received from printer:
133648430-> <2>2234*2233<3><6>
133648430-> ********************** COMMAND BEGIN **********************
133648431-> data sent to printer:
133648431-> <2>VRazon Social: MARIA PENA<3>
133648649-> data received from printer:
133648805-> <6>
133648805-> ********************** COMMAND BEGIN **********************
133648806-> data sent to printer:
133648806-> <2>VCI/Rif: V-18001525<3>
133649013-> data received from printer:
133649166-> <6>
133649166-> ********************** COMMAND BEGIN **********************
133649167-> data sent to printer:
133649167-> <2>V----------------------------------------<3>
133649399-> data received from printer:
133649557-> <6>
133649557-> ********************** COMMAND BEGIN **********************
133649558-> data sent to printer:
133649558-> <2>VL068362 UMCPRB3025-S58O<3>
133649775-> data received from printer:
133649933-> <6>
133649933-> ********************** COMMAND BEGIN **********************
133649934-> data sent to printer:
133649934-> <2>N11,000xBs2978,50     00002978501<3>
133650212-> data received from printer:
133650369-> <6>
133924413-> ********************** COMMAND BEGIN **********************
133924413-> data sent to printer:
133924414-> <2>OT58200<0><0><0><0><0><0><128><223><17><3>
133925562-> data received from printer:
133925725-> <2>347252<3><6>
140403112-> ********************** COMMAND BEGIN **********************
140403112-> data sent to printer:
140403112-> <2>P123/03/2023 DIVISAS  000000058200<3>
140403379-> data received from printer:
140403537-> <6>
140410232-> ********************** COMMAND BEGIN **********************
140410232-> data sent to printer:
140410232-> <2>P123/03/2023 Debito   000000027000<3>
140410502-> data received from printer:
140410656-> <6>
140415702-> ********************** COMMAND BEGIN **********************
140415703-> data sent to printer:
140415703-> <2>P123/03/2023 Efectivo 000000260306<3>
140415968-> data received from printer:
140416123-> <6>
140440163-> ********************** COMMAND BEGIN **********************
140440164-> data sent to printer:
140440165-> <2>V<3>
140440358-> data received from printer:
140440518-> <6>
140445352-> ********************** COMMAND BEGIN **********************
140445352-> data sent to printer:
140445353-> <2>VNumero Orden: 0000322<3>
140445569-> data received from printer:
140445727-> <6>
140445727-> ********************** COMMAND BEGIN **********************
140445728-> data sent to printer:
140445728-> <2>V<3>
140445918-> data received from printer:
140446072-> <6>
140448701-> ********************** COMMAND BEGIN **********************
140448701-> data sent to printer:
140448702-> <2>Y0<3>
140448752-> data received from printer:
140449026-> <2>SENIAT    J-316292649    1600*800*3100*2          Bs.0TIY1900001091220220848*300<3><6>
140449026-> ********************** COMMAND BEGIN **********************
140449027-> data sent to printer:
140449027-> <2>S<3>
140449035-> data received from printer:
140449191-> <21>
140449191-> ********************** COMMAND BEGIN **********************
140449192-> data sent to printer:
140449192-> <2>M<3>
140450513-> data received from printer:
140450677-> <6>
141959261-> OPEN PORT: COM1@9600
141959301-> OPEN PORT: COM1@9600
141959302-> ********************** COMMAND BEGIN **********************
141959302-> data sent to printer:
141959302-> <2>L&1<3>
142000971-> data received from printer:
142001133-> <2>2235*2233<3><6>
142001133-> ********************** COMMAND BEGIN **********************
142001134-> data sent to printer:
142001134-> <2>VRazon Social: MARIA PENA<3>
142001350-> data received from printer:
142001508-> <6>
142001508-> ********************** COMMAND BEGIN **********************
142001509-> data sent to printer:
142001509-> <2>VCI/Rif: V-18001525<3>
142001720-> data received from printer:
142001885-> <6>
142001885-> ********************** COMMAND BEGIN **********************
142001886-> data sent to printer:
142001886-> <2>V----------------------------------------<3>
142002117-> data received from printer:
142002276-> <6>
142002276-> ********************** COMMAND BEGIN **********************
142002277-> data sent to printer:
142002277-> <2>VL068362 UMCPRB3025-S58O<3>
142002492-> data received from printer:
142002651-> <6>
142002651-> ********************** COMMAND BEGIN **********************
142002652-> data sent to printer:
142002652-> <2>N11,000xBs2978,50     00002978501<3>
142002933-> data received from printer:
142003086-> <6>
142008467-> ********************** COMMAND BEGIN **********************
142008469-> data sent to printer:
142008470-> <2>Q<3>
142008835-> data received from printer:
142008990-> <6>
142008990-> ********************** COMMAND BEGIN **********************
142008991-> data sent to printer:
142008991-> <2>M<3>
142008998-> data received from printer:
142009156-> <21>
142813536-> OPEN PORT: COM1@9600
142813577-> OPEN PORT: COM1@9600
142813577-> ********************** COMMAND BEGIN **********************
142813578-> data sent to printer:
142813578-> <2>L&1<3>
142815247-> data received from printer:
142815410-> <2>2236*2235<3><6>
142815410-> ********************** COMMAND BEGIN **********************
142815411-> data sent to printer:
142815411-> <2>VRazon Social: MARIA PENA<3>
142815626-> data received from printer:
142815786-> <6>
142815786-> ********************** COMMAND BEGIN **********************
142815787-> data sent to printer:
142815787-> <2>VCI/Rif: V-18001525<3>
142816031-> data received from printer:
142816193-> <6>
142816193-> ********************** COMMAND BEGIN **********************
142816194-> data sent to printer:
142816194-> <2>V----------------------------------------<3>
142816426-> data received from printer:
142816584-> <6>
142816584-> ********************** COMMAND BEGIN **********************
142816585-> data sent to printer:
142816585-> <2>VL068362 UMCPRB3025-S58O<3>
142816802-> data received from printer:
142816959-> <6>
142816959-> ********************** COMMAND BEGIN **********************
142816960-> data sent to printer:
142816960-> <2>N11,000xBs2978,50     00002978501<3>
142817238-> data received from printer:
142817396-> <6>
142933438-> ********************** COMMAND BEGIN **********************
142933439-> data sent to printer:
142933439-> <2>Q<3>
142933806-> data received from printer:
142933964-> <6>
142935389-> ********************** COMMAND BEGIN **********************
142935389-> data sent to printer:
142935390-> <2>M<3>
142935398-> data received from printer:
142935563-> <21>
150634720-> OPEN PORT: COM1@9600
150634761-> OPEN PORT: COM1@9600
150634763-> ********************** COMMAND BEGIN **********************
150634763-> data sent to printer:
150634764-> <2>L&1<3>
150636433-> data received from printer:
150636589-> <2>2237*2236<3><6>
150636590-> ********************** COMMAND BEGIN **********************
150636590-> data sent to printer:
150636590-> <2>VRazon Social: MARIA PENA<3>
150636807-> data received from printer:
150636964-> <6>
150636964-> ********************** COMMAND BEGIN **********************
150636965-> data sent to printer:
150636965-> <2>VCI/Rif: V-18001525<3>
150637173-> data received from printer:
150637325-> <6>
150637325-> ********************** COMMAND BEGIN **********************
150637326-> data sent to printer:
150637326-> <2>V----------------------------------------<3>
150637558-> data received from printer:
150637715-> <6>
150637717-> ********************** COMMAND BEGIN **********************
150637717-> data sent to printer:
150637717-> <2>VL068362 UMCPRB3025-S58O<3>
150637933-> data received from printer:
150638090-> <6>
150638090-> ********************** COMMAND BEGIN **********************
150638091-> data sent to printer:
150638091-> <2>N11,000xBs2978,50     00002978501<3>
150638370-> data received from printer:
150638526-> <6>
152013323-> ********************** COMMAND BEGIN **********************
152013324-> data sent to printer:
152013324-> <2>Q<3>
152013689-> data received from printer:
152013855-> <6>
152014344-> ********************** COMMAND BEGIN **********************
152014345-> data sent to printer:
152014345-> <2>M<3>
152014353-> data received from printer:
152014509-> <21>
152033026-> OPEN PORT: COM1@9600
152033068-> OPEN PORT: COM1@9600
152033069-> ********************** COMMAND BEGIN **********************
152033069-> data sent to printer:
152033070-> <2>L&1<3>
152034739-> data received from printer:
152034896-> <2>2238*2237<3><6>
152034897-> ********************** COMMAND BEGIN **********************
152034897-> data sent to printer:
152034897-> <2>VRazon Social: MARIA PENA<3>
152035114-> data received from printer:
152035273-> <6>
152035273-> ********************** COMMAND BEGIN **********************
152035274-> data sent to printer:
152035274-> <2>VCI/Rif: V-18001525<3>
152036112-> data received from printer:
152036264-> <6>
152036264-> ********************** COMMAND BEGIN **********************
152036265-> data sent to printer:
152036265-> <2>V----------------------------------------<3>
152036497-> data received from printer:
152036654-> <6>
152036654-> ********************** COMMAND BEGIN **********************
152036655-> data sent to printer:
152036655-> <2>VL068362 UMCPRB3025-S58O<3>
152036871-> data received from printer:
152037029-> <6>
152037029-> ********************** COMMAND BEGIN **********************
152037030-> data sent to printer:
152037030-> <2>N11,000xBs2978,50     00002978501<3>
152037308-> data received from printer:
152037464-> <6>
152931952-> ********************** COMMAND BEGIN **********************
152931953-> data sent to printer:
152931953-> <2>Q<3>
152932355-> data received from printer:
152932516-> <6>
152932516-> ********************** COMMAND BEGIN **********************
152932517-> data sent to printer:
152932517-> <2>M<3>
152932525-> data received from printer:
152932682-> <21>
153002194-> OPEN PORT: COM1@9600
153002234-> OPEN PORT: COM1@9600
153002234-> ********************** COMMAND BEGIN **********************
153002235-> data sent to printer:
153002235-> <2>L&1<3>
153003867-> data received from printer:
153004031-> <2>2239*2238<3><6>
153004031-> ********************** COMMAND BEGIN **********************
153004032-> data sent to printer:
153004032-> <2>VRazon Social: MARIA PENA<3>
153004283-> data received from printer:
153004437-> <6>
153004437-> ********************** COMMAND BEGIN **********************
153004438-> data sent to printer:
153004438-> <2>VCI/Rif: V-18001525<3>
153004647-> data received from printer:
153004812-> <6>
153004812-> ********************** COMMAND BEGIN **********************
153004813-> data sent to printer:
153004813-> <2>V----------------------------------------<3>
153005047-> data received from printer:
153005203-> <6>
153005203-> ********************** COMMAND BEGIN **********************
153005204-> data sent to printer:
153005204-> <2>VL068362 UMCPRB3025-S58O<3>
153006051-> data received from printer:
153006208-> <6>
153006208-> ********************** COMMAND BEGIN **********************
153006209-> data sent to printer:
153006209-> <2>N11,000xBs2978,50     00002978501<3>
153006487-> data received from printer:
153006644-> <6>
153215320-> ********************** COMMAND BEGIN **********************
153215321-> data sent to printer:
153215321-> <2>OT60000<0><0><0><0><0><0><128><184><247><3>
153216435-> data received from printer:
153216588-> <2>347306<3><6>
153352964-> ********************** COMMAND BEGIN **********************
153352965-> data sent to printer:
153352965-> <2>Q<3>
153353364-> data received from printer:
153353520-> <6>
153354419-> ********************** COMMAND BEGIN **********************
153354420-> data sent to printer:
153354421-> <2>M<3>
153354429-> data received from printer:
153354591-> <21>
153401963-> OPEN PORT: COM1@9600
153402003-> OPEN PORT: COM1@9600
153402003-> ********************** COMMAND BEGIN **********************
153402004-> data sent to printer:
153402004-> <2>L&1<3>
153403639-> data received from printer:
153403798-> <2>2240*2239<3><6>
153403798-> ********************** COMMAND BEGIN **********************
153403799-> data sent to printer:
153403799-> <2>VRazon Social: MARIA PENA<3>
153404051-> data received from printer:
153404203-> <6>
153404203-> ********************** COMMAND BEGIN **********************
153404204-> data sent to printer:
153404204-> <2>VCI/Rif: V-18001525<3>
153404411-> data received from printer:
153404564-> <6>
153404564-> ********************** COMMAND BEGIN **********************
153404565-> data sent to printer:
153404565-> <2>V----------------------------------------<3>
153404798-> data received from printer:
153404956-> <6>
153404956-> ********************** COMMAND BEGIN **********************
153404957-> data sent to printer:
153404957-> <2>VL068362 UMCPRB3025-S58O<3>
153405174-> data received from printer:
153405331-> <6>
153405331-> ********************** COMMAND BEGIN **********************
153405332-> data sent to printer:
153405332-> <2>N11,000xBs2978,50     00002978501<3>
153405610-> data received from printer:
153405766-> <6>
153433153-> ********************** COMMAND BEGIN **********************
153433154-> data sent to printer:
153433154-> <2>OT60000<0><0><0><0><0><0><0><201><197><3>
153434269-> data received from printer:
153434431-> <2>347306<3><6>
154740732-> ********************** COMMAND BEGIN **********************
154740733-> data sent to printer:
154740733-> <2>P123/03/2023 Debito   000000150000<3>
154741034-> data received from printer:
154741199-> <6>
154748120-> ********************** COMMAND BEGIN **********************
154748121-> data sent to printer:
154748121-> <2>P123/03/2023 Efectivo 000000000536<3>
154748391-> data received from printer:
154748545-> <6>
154823809-> ********************** COMMAND BEGIN **********************
154823810-> data sent to printer:
154823810-> <2>V<3>
154824000-> data received from printer:
154824153-> <6>
154825148-> ********************** COMMAND BEGIN **********************
154825150-> data sent to printer:
154825151-> <2>VNumero Orden: 0000326<3>
154825367-> data received from printer:
154825527-> <6>
154825917-> ********************** COMMAND BEGIN **********************
154825917-> data sent to printer:
154825918-> <2>V<3>
154826112-> data received from printer:
154826266-> <6>
154831974-> ********************** COMMAND BEGIN **********************
154831975-> data sent to printer:
154831976-> <2>Y0<3>
154832026-> data received from printer:
154832307-> <2>SENIAT    J-316292649    1600*800*3100*2          Bs.0TIY1900001091220221032*300<3><6>
154832689-> ********************** COMMAND BEGIN **********************
154832690-> data sent to printer:
154832690-> <2>S<3>
154832697-> data received from printer:
154832850-> <21>
154834543-> ********************** COMMAND BEGIN **********************
154834544-> data sent to printer:
154834544-> <2>M<3>
154835866-> data received from printer:
154836029-> <6>
160458274-> OPEN PORT: COM1@9600
160458317-> OPEN PORT: COM1@9600
160458318-> ********************** COMMAND BEGIN **********************
160458318-> data sent to printer:
160458319-> <2>L&1<3>
160459952-> data received from printer:
160500109-> <2>2241*2239<3><6>
160500109-> ********************** COMMAND BEGIN **********************
160500110-> data sent to printer:
160500110-> <2>VRazon Social: MARIA PENA<3>
160500328-> data received from printer:
160500485-> <6>
160500485-> ********************** COMMAND BEGIN **********************
160500486-> data sent to printer:
160500486-> <2>VCI/Rif: V-18001525<3>
160500729-> data received from printer:
160500891-> <6>
160500892-> ********************** COMMAND BEGIN **********************
160500892-> data sent to printer:
160500892-> <2>V----------------------------------------<3>
160501126-> data received from printer:
160501282-> <6>
160501282-> ********************** COMMAND BEGIN **********************
160501283-> data sent to printer:
160501283-> <2>VL068362 UMCPRB3025-S58O<3>
160501496-> data received from printer:
160501658-> <6>
160501658-> ********************** COMMAND BEGIN **********************
160501659-> data sent to printer:
160501659-> <2>N11,000xBs2978,50     00002978501<3>
160501940-> data received from printer:
160502093-> <6>
160546617-> ********************** COMMAND BEGIN **********************
160546617-> data sent to printer:
160546617-> <2>Q<3>
160546985-> data received from printer:
160547150-> <6>
160547150-> ********************** COMMAND BEGIN **********************
160547151-> data sent to printer:
160547151-> <2>M<3>
160547158-> data received from printer:
160547316-> <21>
160702103-> OPEN PORT: COM1@9600
160702145-> OPEN PORT: COM1@9600
160702146-> ********************** COMMAND BEGIN **********************
160702146-> data sent to printer:
160702147-> <2>L&1<3>
160703814-> data received from printer:
160703975-> <2>2242*2241<3><6>
160703975-> ********************** COMMAND BEGIN **********************
160703976-> data sent to printer:
160703976-> <2>VRazon Social: MARIA PENA<3>
160704189-> data received from printer:
160704350-> <6>
160704350-> ********************** COMMAND BEGIN **********************
160704351-> data sent to printer:
160704351-> <2>VCI/Rif: V-18001525<3>
160704561-> data received from printer:
160704725-> <6>
160704725-> ********************** COMMAND BEGIN **********************
160704726-> data sent to printer:
160704726-> <2>V----------------------------------------<3>
160704960-> data received from printer:
160705116-> <6>
160705116-> ********************** COMMAND BEGIN **********************
160705117-> data sent to printer:
160705117-> <2>VL068362 UMCPRB3025-S58O<3>
160705329-> data received from printer:
160705492-> <6>
160705492-> ********************** COMMAND BEGIN **********************
160705493-> data sent to printer:
160705493-> <2>N11,000xBs2978,50     00002978501<3>
160705773-> data received from printer:
160705927-> <6>
160906058-> ********************** COMMAND BEGIN **********************
160906059-> data sent to printer:
160906059-> <2>OT201000<0><0><0><0><0><128><18><246><3>
160907204-> data received from printer:
160907364-> <2>351536<3><6>
161107610-> ********************** COMMAND BEGIN **********************
161107610-> data sent to printer:
161107611-> <2>P123/03/2023 DIVISAS  000000141000<3>
161107880-> data received from printer:
161108045-> <6>
161117341-> ********************** COMMAND BEGIN **********************
161117342-> data sent to printer:
161117342-> <2>P123/03/2023 DIVISAS  000000060000<3>
161117608-> data received from printer:
161117767-> <6>
161124405-> ********************** COMMAND BEGIN **********************
161124405-> data sent to printer:
161124406-> <2>P123/03/2023 Debito   000000150000<3>
161124673-> data received from printer:
161124828-> <6>
161137342-> ********************** COMMAND BEGIN **********************
161137342-> data sent to printer:
161137342-> <2>P123/03/2023 Efectivo 000000000536<3>
161137612-> data received from printer:
161137766-> <6>
161146116-> ********************** COMMAND BEGIN **********************
161146117-> data sent to printer:
161146117-> <2>V<3>
161146307-> data received from printer:
161146464-> <6>
161146673-> ********************** COMMAND BEGIN **********************
161146673-> data sent to printer:
161146673-> <2>VNumero Orden: 0000326<3>
161146888-> data received from printer:
161147053-> <6>
161152370-> ********************** COMMAND BEGIN **********************
161152370-> data sent to printer:
161152371-> <2>V<3>
161152566-> data received from printer:
161152727-> <6>
161153051-> ********************** COMMAND BEGIN **********************
161153053-> data sent to printer:
161153054-> <2>Y0<3>
161153105-> data received from printer:
161153387-> <2>SENIAT    J-316292649    1600*800*3100*2          Bs.0TIY1900001091220221055*300<3><6>
161153387-> ********************** COMMAND BEGIN **********************
161153388-> data sent to printer:
161153388-> <2>S<3>
161153395-> data received from printer:
161153552-> <21>
161153552-> ********************** COMMAND BEGIN **********************
161153553-> data sent to printer:
161153553-> <2>M<3>
161154876-> data received from printer:
161155037-> <6>
162101250-> OPEN PORT: COM1@9600
162101291-> OPEN PORT: COM1@9600
162101292-> ********************** COMMAND BEGIN **********************
162101292-> data sent to printer:
162101292-> <2>L&1<3>
162102963-> data received from printer:
162103126-> <2>2243*2241<3><6>
162103127-> ********************** COMMAND BEGIN **********************
162103127-> data sent to printer:
162103127-> <2>VRazon Social: MARIA PENA<3>
162103341-> data received from printer:
162103502-> <6>
162103502-> ********************** COMMAND BEGIN **********************
162103503-> data sent to printer:
162103503-> <2>VCI/Rif: V-18001525<3>
162104343-> data received from printer:
162104509-> <6>
162104509-> ********************** COMMAND BEGIN **********************
162104509-> data sent to printer:
162104510-> <2>V----------------------------------------<3>
162104744-> data received from printer:
162104900-> <6>
162104901-> ********************** COMMAND BEGIN **********************
162104901-> data sent to printer:
162104901-> <2>VL068362 UMCPRB3025-S58O<3>
162105114-> data received from printer:
162105276-> <6>
162105277-> ********************** COMMAND BEGIN **********************
162105277-> data sent to printer:
162105277-> <2>N11,000xBs2978,50     00002978501<3>
162105558-> data received from printer:
162105712-> <6>
162139375-> ********************** COMMAND BEGIN **********************
162139376-> data sent to printer:
162139376-> <2>OT201000<0><0><0><0><0><0>j<186><3>
162140523-> data received from printer:
162140677-> <2>351536<3><6>
162143630-> ********************** COMMAND BEGIN **********************
162143630-> data sent to printer:
162143630-> <2>P123/03/2023 DIVISAS  000000141000<3>
162143901-> data received from printer:
162144057-> <6>
162144057-> ********************** COMMAND BEGIN **********************
162144058-> data sent to printer:
162144058-> <2>P123/03/2023 DIVISAS  000000060000<3>
162144324-> data received from printer:
162144478-> <6>
162144479-> ********************** COMMAND BEGIN **********************
162144479-> data sent to printer:
162144479-> <2>P123/03/2023 Debito   000000150000<3>
162144747-> data received from printer:
162144913-> <6>
162144913-> ********************** COMMAND BEGIN **********************
162144914-> data sent to printer:
162144914-> <2>P123/03/2023 Efectivo 000000000536<3>
162145184-> data received from printer:
162145349-> <6>
162147689-> ********************** COMMAND BEGIN **********************
162147689-> data sent to printer:
162147689-> <2>V<3>
162147879-> data received from printer:
162148035-> <6>
162148035-> ********************** COMMAND BEGIN **********************
162148036-> data sent to printer:
162148036-> <2>VNumero Orden: 0000326<3>
162148250-> data received from printer:
162148410-> <6>
162148410-> ********************** COMMAND BEGIN **********************
162148411-> data sent to printer:
162148411-> <2>V<3>
162148605-> data received from printer:
162148770-> <6>
162148805-> ********************** COMMAND BEGIN **********************
162148805-> data sent to printer:
162148805-> <2>Y0<3>
162148855-> data received from printer:
162149132-> <2>SENIAT    J-316292649    1600*800*3100*2          Bs.0TIY1900001091220221105*300<3><6>
162149132-> ********************** COMMAND BEGIN **********************
162149133-> data sent to printer:
162149133-> <2>S<3>
162149140-> data received from printer:
162149297-> <21>
162149298-> ********************** COMMAND BEGIN **********************
162149298-> data sent to printer:
162149298-> <2>M<3>
162150620-> data received from printer:
162150783-> <6>
162445338-> OPEN PORT: COM1@9600
162445379-> OPEN PORT: COM1@9600
162445381-> ********************** COMMAND BEGIN **********************
162445382-> data sent to printer:
162445382-> <2>L&1<3>
162447052-> data received from printer:
162447204-> <2>2244*2241<3><6>
162447204-> ********************** COMMAND BEGIN **********************
162447205-> data sent to printer:
162447205-> <2>VRazon Social: MARIA PENA<3>
162447418-> data received from printer:
162447581-> <6>
162447581-> ********************** COMMAND BEGIN **********************
162447582-> data sent to printer:
162447582-> <2>VCI/Rif: V-18001525<3>
162447792-> data received from printer:
162447957-> <6>
162447957-> ********************** COMMAND BEGIN **********************
162447958-> data sent to printer:
162447958-> <2>V----------------------------------------<3>
162448193-> data received from printer:
162448347-> <6>
162448348-> ********************** COMMAND BEGIN **********************
162448348-> data sent to printer:
162448348-> <2>VL068362 UMCPRB3025-S58O<3>
162448561-> data received from printer:
162448722-> <6>
162448722-> ********************** COMMAND BEGIN **********************
162448723-> data sent to printer:
162448723-> <2>N11,000xBs2978,50     00002978501<3>
162449004-> data received from printer:
162449157-> <6>
162501132-> ********************** COMMAND BEGIN **********************
162501132-> data sent to printer:
162501132-> <2>P123/03/2023 DIVISAS  000000240000<3>
162501174-> data received from printer:
162501338-> <21>
162501338-> ********************** COMMAND BEGIN **********************
162501339-> data sent to printer:
162501339-> <2>P123/03/2023 Efectivo 000000112706<3>
162501381-> data received from printer:
162501534-> <21>
162536772-> OPEN PORT: COM1@9600
162559698-> OPEN PORT: COM1@9600
162559738-> OPEN PORT: COM1@9600
162559738-> ********************** COMMAND BEGIN **********************
162559739-> data sent to printer:
162559739-> <2>L&1<3>
162559749-> data received from printer:
162559914-> <21>
162559914-> ********************** COMMAND BEGIN **********************
162559915-> data sent to printer:
162559915-> <2>VRazon Social: MARIA PENA<3>
162600134-> data received from printer:
162600290-> <6>
162600290-> ********************** COMMAND BEGIN **********************
162600291-> data sent to printer:
162600291-> <2>VCI/Rif: V-18001525<3>
162600536-> data received from printer:
162600695-> <6>
162600695-> ********************** COMMAND BEGIN **********************
162600696-> data sent to printer:
162600696-> <2>V----------------------------------------<3>
162600932-> data received from printer:
162601086-> <6>
162601086-> ********************** COMMAND BEGIN **********************
162601086-> data sent to printer:
162601087-> <2>VL068362 UMCPRB3025-S58O<3>
162601302-> data received from printer:
162601461-> <6>
162601461-> ********************** COMMAND BEGIN **********************
162601462-> data sent to printer:
162601462-> <2>N11,000xBs2978,50     00002978501<3>
162601742-> data received from printer:
162601896-> <6>
162730177-> ********************** COMMAND BEGIN **********************
162730177-> data sent to printer:
162730178-> <2>Q<3>
162730544-> data received from printer:
162730704-> <6>
162731374-> ********************** COMMAND BEGIN **********************
162731375-> data sent to printer:
162731375-> <2>M<3>
162731383-> data received from printer:
162731538-> <21>
163843382-> OPEN PORT: COM1@9600
163843425-> OPEN PORT: COM1@9600
163843426-> ********************** COMMAND BEGIN **********************
163843427-> data sent to printer:
163843427-> <2>L&1<3>
163845098-> data received from printer:
163845252-> <2>2245*2244<3><6>
163845252-> ********************** COMMAND BEGIN **********************
163845253-> data sent to printer:
163845253-> <2>VRazon Social: MARIA PENA<3>
163846099-> data received from printer:
163846257-> <6>
163846257-> ********************** COMMAND BEGIN **********************
163846258-> data sent to printer:
163846258-> <2>VCI/Rif: V-18001525<3>
163846465-> data received from printer:
163846618-> <6>
163846618-> ********************** COMMAND BEGIN **********************
163846619-> data sent to printer:
163846619-> <2>V----------------------------------------<3>
163846851-> data received from printer:
163847009-> <6>
163847010-> ********************** COMMAND BEGIN **********************
163847010-> data sent to printer:
163847010-> <2>VL068362 UMCPRB3025-S58O<3>
163847227-> data received from printer:
163847384-> <6>
163847384-> ********************** COMMAND BEGIN **********************
163847385-> data sent to printer:
163847385-> <2>N11,000xBs2978,50     00002978501<3>
163847663-> data received from printer:
163847819-> <6>
163908030-> ********************** COMMAND BEGIN **********************
163908030-> data sent to printer:
163908031-> <2>P123/03/2023 DIVISAS  000000240000<3>
163908073-> data received from printer:
163908234-> <21>
163932228-> ********************** COMMAND BEGIN **********************
163932229-> data sent to printer:
163932230-> <2>Q<3>
163932595-> data received from printer:
163932760-> <6>
163943896-> OPEN PORT: COM1@9600
164005932-> OPEN PORT: COM1@9600
164005972-> OPEN PORT: COM1@9600
164005973-> ********************** COMMAND BEGIN **********************
164005973-> data sent to printer:
164005973-> <2>L&1<3>
164007643-> data received from printer:
164007800-> <2>2246*2245<3><6>
164007800-> ********************** COMMAND BEGIN **********************
164007801-> data sent to printer:
164007801-> <2>VRazon Social: MARIA PENA<3>
164008019-> data received from printer:
164008175-> <6>
164008175-> ********************** COMMAND BEGIN **********************
164008176-> data sent to printer:
164008176-> <2>VCI/Rif: V-18001525<3>
164008383-> data received from printer:
164008536-> <6>
164008536-> ********************** COMMAND BEGIN **********************
164008537-> data sent to printer:
164008537-> <2>V----------------------------------------<3>
164008770-> data received from printer:
164008927-> <6>
164008927-> ********************** COMMAND BEGIN **********************
164008928-> data sent to printer:
164008928-> <2>VL068362 UMCPRB3025-S58O<3>
164009145-> data received from printer:
164009302-> <6>
164009302-> ********************** COMMAND BEGIN **********************
164009303-> data sent to printer:
164009303-> <2>N11,000xBs2978,50     00002978501<3>
164009617-> data received from printer:
164009768-> <6>
164318226-> ********************** COMMAND BEGIN **********************
164318227-> data sent to printer:
164318227-> <2>OT232800<0><0><0><0><0><128>1<216><3>
164319338-> data received from printer:
164319494-> <2>352490<3><6>
164331607-> ********************** COMMAND BEGIN **********************
164331607-> data sent to printer:
164331607-> <2>P123/03/2023 DIVISAS  000000240000<3>
164331875-> data received from printer:
164332039-> <6>
164335192-> ********************** COMMAND BEGIN **********************
164335192-> data sent to printer:
164335192-> <2>P123/03/2023 Efectivo 000000112706<3>
164335621-> data received from printer:
164335787-> <6>
164341422-> ********************** COMMAND BEGIN **********************
164341422-> data sent to printer:
164341423-> <2>V<3>
164341615-> data received from printer:
164341779-> <6>
164342070-> ********************** COMMAND BEGIN **********************
164342070-> data sent to printer:
164342071-> <2>VNumero Orden: 0000335<3>
164342287-> data received from printer:
164342438-> <6>
164342749-> ********************** COMMAND BEGIN **********************
164342750-> data sent to printer:
164342750-> <2>V<3>
164342940-> data received from printer:
164343093-> <6>
164345051-> ********************** COMMAND BEGIN **********************
164345051-> data sent to printer:
164345052-> <2>Y0<3>
164345101-> data received from printer:
164345375-> <2>SENIAT    J-316292649    1600*800*3100*2          Bs.0TIY1900001091220221127*300<3><6>
164345375-> ********************** COMMAND BEGIN **********************
164345376-> data sent to printer:
164345376-> <2>S<3>
164345383-> data received from printer:
164345541-> <21>
164345541-> ********************** COMMAND BEGIN **********************
164345542-> data sent to printer:
164345542-> <2>M<3>
164346832-> data received from printer:
164346983-> <6>
170533574-> OPEN PORT: COM1@9600
170533617-> OPEN PORT: COM1@9600
170533618-> ********************** COMMAND BEGIN **********************
170533619-> data sent to printer:
170533620-> <2>L&1<3>
170535289-> data received from printer:
170535449-> <2>2247*2245<3><6>
170535449-> ********************** COMMAND BEGIN **********************
170535450-> data sent to printer:
170535450-> <2>VRazon Social: MARIA PENA<3>
170535664-> data received from printer:
170535825-> <6>
170535826-> ********************** COMMAND BEGIN **********************
170535826-> data sent to printer:
170535826-> <2>VCI/Rif: V-18001525<3>
170536036-> data received from printer:
170536186-> <6>
170536187-> ********************** COMMAND BEGIN **********************
170536187-> data sent to printer:
170536187-> <2>V----------------------------------------<3>
170536422-> data received from printer:
170536577-> <6>
170536577-> ********************** COMMAND BEGIN **********************
170536578-> data sent to printer:
170536578-> <2>VL068362 UMCPRB3025-S58O<3>
170536827-> data received from printer:
170536983-> <6>
170536984-> ********************** COMMAND BEGIN **********************
170536984-> data sent to printer:
170536984-> <2>N11,000xBs2978,50     00002978501<3>
170537267-> data received from printer:
170537418-> <6>
170555837-> ********************** COMMAND BEGIN **********************
170555838-> data sent to printer:
170555838-> <2>OT232800<0><0><0><0><0><128><222><129><3>
170556948-> data received from printer:
170557099-> <2>352490<3><6>
170608690-> ********************** COMMAND BEGIN **********************
170608691-> data sent to printer:
170608691-> <2>P123/03/2023 DIVISAS  000000240000<3>
170608961-> data received from printer:
170609115-> <6>
170609116-> ********************** COMMAND BEGIN **********************
170609116-> data sent to printer:
170609116-> <2>P123/03/2023 Efectivo 000000112706<3>
170609544-> data received from printer:
170609700-> <6>
170617305-> ********************** COMMAND BEGIN **********************
170617306-> data sent to printer:
170617306-> <2>V<3>
170617535-> data received from printer:
170617687-> <6>
170617687-> ********************** COMMAND BEGIN **********************
170617688-> data sent to printer:
170617688-> <2>VNumero Orden: 0000335<3>
170618531-> data received from printer:
170618694-> <6>
170618695-> ********************** COMMAND BEGIN **********************
170618695-> data sent to printer:
170618695-> <2>V<3>
170618889-> data received from printer:
170619054-> <6>
170619360-> ********************** COMMAND BEGIN **********************
170619361-> data sent to printer:
170619362-> <2>Y0<3>
170619411-> data received from printer:
170619694-> <2>SENIAT    J-316292649    1600*800*3100*2          Bs.0TIY1900001091220221150*300<3><6>
170619695-> ********************** COMMAND BEGIN **********************
170619695-> data sent to printer:
170619695-> <2>S<3>
170619703-> data received from printer:
170619860-> <21>
170619860-> ********************** COMMAND BEGIN **********************
170619861-> data sent to printer:
170619861-> <2>M<3>
170621145-> data received from printer:
170621301-> <6>
