131411917-> OPEN PORT: COM1@9600
131412103-> ********************** COMMAND BEGIN **********************
131412103-> data sent to printer:
131412104-> <2>Q<3>
131412109-> data received from printer:
131412272-> <21>
131412273-> ********************** COMMAND BEGIN **********************
131412273-> data sent to printer:
131412274-> <2>M<3>
131412278-> data received from printer:
131412438-> <21>
131414496-> OPEN PORT: COM1@9600
131414561-> OPEN PORT: COM1@9600
131414578-> ********************** COMMAND BEGIN **********************
131414578-> data sent to printer:
131414589-> <2>L&1<3>
131415250-> data received from printer:
131415421-> <2>6127*6126<3><6>
131415422-> ********************** COMMAND BEGIN **********************
131415423-> data sent to printer:
131415423-> <2>VRazon Social: YOLEYDI OCHOA<3>
131415509-> data received from printer:
131415661-> <6>
131415662-> ********************** COMMAND BEGIN **********************
131415662-> data sent to printer:
131415663-> <2>VCI/Rif: V-18002649<3>
131415739-> data received from printer:
131415901-> <6>
131415902-> ********************** COMMAND BEGIN **********************
131415902-> data sent to printer:
131415902-> <2>V----------------------------------------<3>
131416002-> data received from printer:
131416156-> <6>
131416164-> ********************** COMMAND BEGIN **********************
131416164-> data sent to printer:
131416165-> <2>Y0<3>
131416172-> data received from printer:
131416430-> <2>SENIAT    J-00000000000001600*0800*3100*2          Bs.0TIS0900049240220251306<3><6>
131416433-> ********************** COMMAND BEGIN **********************
131416433-> data sent to printer:
131416434-> <2>VL071948 DPCOEXES3175-SMA<3>
131416516-> data received from printer:
131416671-> <6>
131416672-> ********************** COMMAND BEGIN **********************
131416672-> data sent to printer:
131416673-> <2>N11,000xBs1998,86     00001998861<3>
131416814-> data received from printer:
131416971-> <6>
131417252-> ********************** COMMAND BEGIN **********************
131417254-> data sent to printer:
131417256-> <2>O1<3>
131417806-> data received from printer:
131417972-> <2>231868<3><6>
131418046-> ********************** COMMAND BEGIN **********************
131418047-> data sent to printer:
131418048-> <2>P121/02/2025 TRANSFERE000000150000<3>
131418192-> data received from printer:
131418350-> <6>
131418351-> ********************** COMMAND BEGIN **********************
131418351-> data sent to printer:
131418351-> <2>P121/02/2025 DEBITO   000000081868<3>
131418546-> data received from printer:
131418710-> <6>
131418711-> ********************** COMMAND BEGIN **********************
131418711-> data sent to printer:
131418711-> <2>V<3>
131418768-> data received from printer:
131418921-> <6>
131418922-> ********************** COMMAND BEGIN **********************
131418922-> data sent to printer:
131418922-> <2>VNumero Orden: 0153633<3>
131419001-> data received from printer:
131419161-> <6>
131419161-> ********************** COMMAND BEGIN **********************
131419162-> data sent to printer:
131419162-> <2>V<3>
131419219-> data received from printer:
131419371-> <6>
131419414-> ********************** COMMAND BEGIN **********************
131419415-> data sent to printer:
131419415-> <2>V<161><161><161>GRACIAS POR SU COMPRA!!!<3>
131419501-> data received from printer:
131419658-> <6>
131419659-> ********************** COMMAND BEGIN **********************
131419659-> data sent to printer:
131419660-> <2>VSolo se aceptaran devoluciones<3>
131419748-> data received from printer:
131419899-> <6>
131419900-> ********************** COMMAND BEGIN **********************
131419900-> data sent to printer:
131419900-> <2>Vpor defectos de fabrica, con la<3>
131419990-> data received from printer:
131420155-> <6>
131420156-> ********************** COMMAND BEGIN **********************
131420156-> data sent to printer:
131420157-> <2>Vpresentacion de esta factura (original),<3>
131420256-> data received from printer:
131420411-> <6>
131420412-> ********************** COMMAND BEGIN **********************
131420412-> data sent to printer:
131420412-> <2>Vdentro de los treinta (30) dias<3>
131420502-> data received from printer:
131420667-> <6>
131420668-> ********************** COMMAND BEGIN **********************
131420668-> data sent to printer:
131420668-> <2>Vsiguientes a la emision de la misma.<3>
131420763-> data received from printer:
131420923-> <6>
131420924-> ********************** COMMAND BEGIN **********************
131420925-> data sent to printer:
131420925-> <2>Y0<3>
131420933-> data received from printer:
131421182-> <2>SENIAT    J-00000000000001600*0800*3100*2          Bs.0TIS0900049240220251307<3><6>
131421183-> ********************** COMMAND BEGIN **********************
131421183-> data sent to printer:
131421184-> <2>M<3>
131422481-> data received from printer:
131422637-> <6>
131427707-> OPEN PORT: COM1@9600
131427772-> ********************** COMMAND BEGIN **********************
131427772-> data sent to printer:
131427772-> <2>Y3<3>
131427780-> data received from printer:
131427966-> <2>6127*6126*910*0*<3><6>
131545177-> OPEN PORT: COM1@9600
131545243-> ********************** COMMAND BEGIN **********************
131545244-> data sent to printer:
131545244-> <2>Q<3>
131545249-> data received from printer:
131545412-> <21>
131545413-> ********************** COMMAND BEGIN **********************
131545413-> data sent to printer:
131545413-> <2>M<3>
131545418-> data received from printer:
131545578-> <21>
131547211-> OPEN PORT: COM1@9600
131547277-> OPEN PORT: COM1@9600
131547278-> ********************** COMMAND BEGIN **********************
131547278-> data sent to printer:
131547278-> <2>L&1<3>
131547939-> data received from printer:
131548105-> <2>6128*6126<3><6>
131548105-> ********************** COMMAND BEGIN **********************
131548106-> data sent to printer:
131548106-> <2>VRazon Social: YOLEYDI OCHOA<3>
131548192-> data received from printer:
131548345-> <6>
131548345-> ********************** COMMAND BEGIN **********************
131548346-> data sent to printer:
131548346-> <2>VCI/Rif: V 18002649<3>
131548422-> data received from printer:
131548587-> <6>
131548587-> ********************** COMMAND BEGIN **********************
131548588-> data sent to printer:
131548588-> <2>V----------------------------------------<3>
131548687-> data received from printer:
131548843-> <6>
131548843-> ********************** COMMAND BEGIN **********************
131548844-> data sent to printer:
131548844-> <2>Y0<3>
131548852-> data received from printer:
131549102-> <2>SENIAT    J-00000000000001600*0800*3100*2          Bs.0TIS0900049240220251308<3><6>
131549103-> ********************** COMMAND BEGIN **********************
131549103-> data sent to printer:
131549104-> <2>VL071948 DPCOEXES3175-SMA<3>
131549186-> data received from printer:
131549343-> <6>
131549343-> ********************** COMMAND BEGIN **********************
131549344-> data sent to printer:
131549344-> <2>N11,000xBs1998,86     00001998861<3>
131549486-> data received from printer:
131549644-> <6>
131549837-> ********************** COMMAND BEGIN **********************
131549839-> data sent to printer:
131549840-> <2>O1<3>
131550390-> data received from printer:
131550553-> <2>231868<3><6>
131550587-> ********************** COMMAND BEGIN **********************
131550588-> data sent to printer:
131550588-> <2>P121/02/2025 TRANSFERE000000150000<3>
131550731-> data received from printer:
131550885-> <6>
131550885-> ********************** COMMAND BEGIN **********************
131550886-> data sent to printer:
131550886-> <2>P121/02/2025 DEBITO   000000081868<3>
131551081-> data received from printer:
131551246-> <6>
131551247-> ********************** COMMAND BEGIN **********************
131551247-> data sent to printer:
131551247-> <2>V<3>
131551304-> data received from printer:
131551457-> <6>
131551458-> ********************** COMMAND BEGIN **********************
131551458-> data sent to printer:
131551458-> <2>VNumero Orden: 0153625<3>
131551537-> data received from printer:
131551697-> <6>
131551698-> ********************** COMMAND BEGIN **********************
131551698-> data sent to printer:
131551699-> <2>V<3>
131551755-> data received from printer:
131551908-> <6>
131551914-> ********************** COMMAND BEGIN **********************
131551915-> data sent to printer:
131551915-> <2>V<161><161><161>GRACIAS POR SU COMPRA!!!<3>
131552001-> data received from printer:
131552163-> <6>
131552164-> ********************** COMMAND BEGIN **********************
131552164-> data sent to printer:
131552164-> <2>VSolo se aceptaran devoluciones<3>
131552253-> data received from printer:
131552404-> <6>
131552405-> ********************** COMMAND BEGIN **********************
131552405-> data sent to printer:
131552406-> <2>Vpor defectos de fabrica, con la<3>
131552496-> data received from printer:
131552659-> <6>
131552659-> ********************** COMMAND BEGIN **********************
131552660-> data sent to printer:
131552661-> <2>Vpresentacion de esta factura (original),<3>
131552760-> data received from printer:
131552916-> <6>
131552916-> ********************** COMMAND BEGIN **********************
131552917-> data sent to printer:
131552917-> <2>Vdentro de los treinta (30) dias<3>
131553007-> data received from printer:
131553172-> <6>
131553172-> ********************** COMMAND BEGIN **********************
131553173-> data sent to printer:
131553173-> <2>Vsiguientes a la emision de la misma.<3>
131553268-> data received from printer:
131553427-> <6>
131553428-> ********************** COMMAND BEGIN **********************
131553428-> data sent to printer:
131553429-> <2>Y0<3>
131553436-> data received from printer:
131553687-> <2>SENIAT    J-00000000000001600*0800*3100*2          Bs.0TIS0900049240220251308<3><6>
131553688-> ********************** COMMAND BEGIN **********************
131553688-> data sent to printer:
131553688-> <2>M<3>
131554986-> data received from printer:
131555143-> <6>
131600202-> OPEN PORT: COM1@9600
131600266-> ********************** COMMAND BEGIN **********************
131600266-> data sent to printer:
131600267-> <2>Y3<3>
131600274-> data received from printer:
131600447-> <2>6128*6126*910*0*<3><6>
134045965-> OPEN PORT: COM1@9600
134046032-> ********************** COMMAND BEGIN **********************
134046032-> data sent to printer:
134046032-> <2>Q<3>
134046037-> data received from printer:
134046199-> <21>
134046200-> ********************** COMMAND BEGIN **********************
134046200-> data sent to printer:
134046201-> <2>M<3>
134046205-> data received from printer:
134046364-> <21>
134047449-> OPEN PORT: COM1@9600
134047515-> OPEN PORT: COM1@9600
134047517-> ********************** COMMAND BEGIN **********************
134047517-> data sent to printer:
134047518-> <2>L&1<3>
134048178-> data received from printer:
134048344-> <2>6129*6126<3><6>
134048345-> ********************** COMMAND BEGIN **********************
134048345-> data sent to printer:
134048346-> <2>VRazon Social: JOSE GOMEZ<3>
134048428-> data received from printer:
134048584-> <6>
134048585-> ********************** COMMAND BEGIN **********************
134048585-> data sent to printer:
134048585-> <2>VCI/Rif: V-6160130<3>
134048660-> data received from printer:
134048825-> <6>
134048826-> ********************** COMMAND BEGIN **********************
134048826-> data sent to printer:
134048827-> <2>V----------------------------------------<3>
134048926-> data received from printer:
134049081-> <6>
134049083-> ********************** COMMAND BEGIN **********************
134049083-> data sent to printer:
134049083-> <2>Y0<3>
134049091-> data received from printer:
134049339-> <2>SENIAT    J-00000000000001600*0800*3100*2          Bs.0TIS0900049240220251333<3><6>
134049341-> ********************** COMMAND BEGIN **********************
134049342-> data sent to printer:
134049342-> <2>VA000004 GARANTIA EXTENDIDA<3>
134049427-> data received from printer:
134049580-> <6>
134049581-> ********************** COMMAND BEGIN **********************
134049581-> data sent to printer:
134049582-> <2>N11,000xBs589,71      00000589711<3>
134049723-> data received from printer:
134049880-> <6>
134049881-> ********************** COMMAND BEGIN **********************
134049881-> data sent to printer:
134049882-> <2>VC000004 KRIPTOK INVISIBLE <3>
134049966-> data received from printer:
134050120-> <6>
134050121-> ********************** COMMAND BEGIN **********************
134050121-> data sent to printer:
134050121-> <2>N12,000xBs1965,71     00003931420<3>
134050263-> data received from printer:
134050421-> <6>
134050422-> ********************** COMMAND BEGIN **********************
134050422-> data sent to printer:
134050422-> <2>VM178517 CMCPALFABV100757N<3>
134050506-> data received from printer:
134050662-> <6>
134050663-> ********************** COMMAND BEGIN **********************
134050663-> data sent to printer:
134050663-> <2>N11,000xBs5009,39     00005009391<3>
134050805-> data received from printer:
134050962-> <6>
134051065-> ********************** COMMAND BEGIN **********************
134051066-> data sent to printer:
134051066-> <2>O1<3>
134051616-> data received from printer:
134051793-> <2>01042638<3><6>
134051847-> ********************** COMMAND BEGIN **********************
134051848-> data sent to printer:
134051848-> <2>P124/02/2025 TRANSFERE000000800000<3>
134051992-> data received from printer:
134052156-> <6>
134052157-> ********************** COMMAND BEGIN **********************
134052157-> data sent to printer:
134052157-> <2>P124/02/2025 DEBITO   000000242637<3>
134052300-> data received from printer:
134052456-> <6>
134052457-> ********************** COMMAND BEGIN **********************
134052457-> data sent to printer:
134052457-> <2>P1EFECTIVO            000000000001<3>
134052652-> data received from printer:
134052816-> <6>
134131603-> ********************** COMMAND BEGIN **********************
134131605-> data sent to printer:
134131608-> <2>Q<3>
134131614-> data received from printer:
134131772-> <21>
134131772-> ********************** COMMAND BEGIN **********************
134131773-> data sent to printer:
134131773-> <2>M<3>
134133071-> data received from printer:
134133227-> <6>
134256736-> OPEN PORT: COM1@9600
134256800-> ********************** COMMAND BEGIN **********************
134256801-> data sent to printer:
134256801-> <2>Q<3>
134256806-> data received from printer:
134256958-> <21>
134256959-> ********************** COMMAND BEGIN **********************
134256959-> data sent to printer:
134256960-> <2>M<3>
134256964-> data received from printer:
134257124-> <21>
134257355-> OPEN PORT: COM1@9600
134257422-> OPEN PORT: COM1@9600
134257423-> ********************** COMMAND BEGIN **********************
134257423-> data sent to printer:
134257424-> <2>L&1<3>
134258084-> data received from printer:
134258257-> <2>6130*6126<3><6>
134258258-> ********************** COMMAND BEGIN **********************
134258258-> data sent to printer:
134258259-> <2>VRazon Social: JOSE GOMEZ<3>
134258341-> data received from printer:
134258497-> <6>
134258497-> ********************** COMMAND BEGIN **********************
134258498-> data sent to printer:
134258498-> <2>VCI/Rif: V-6160130<3>
134258573-> data received from printer:
134258724-> <6>
134258724-> ********************** COMMAND BEGIN **********************
134258725-> data sent to printer:
134258725-> <2>V----------------------------------------<3>
134258825-> data received from printer:
134258980-> <6>
134258980-> ********************** COMMAND BEGIN **********************
134258980-> data sent to printer:
134258981-> <2>Y0<3>
134258989-> data received from printer:
134259237-> <2>SENIAT    J-00000000000001600*0800*3100*2          Bs.0TIS0900049240220251335<3><6>
134259238-> ********************** COMMAND BEGIN **********************
134259238-> data sent to printer:
134259238-> <2>VA000004 GARANTIA EXTENDIDA<3>
134259323-> data received from printer:
134259478-> <6>
134259479-> ********************** COMMAND BEGIN **********************
134259479-> data sent to printer:
134259479-> <2>N11,000xBs589,71      00000589711<3>
134259621-> data received from printer:
134259779-> <6>
134259780-> ********************** COMMAND BEGIN **********************
134259780-> data sent to printer:
134259781-> <2>VC000004 KRIPTOK INVISIBLE <3>
134259865-> data received from printer:
134300019-> <6>
134300020-> ********************** COMMAND BEGIN **********************
134300020-> data sent to printer:
134300021-> <2>N12,000xBs1965,71     00003931420<3>
134300163-> data received from printer:
134300319-> <6>
134300320-> ********************** COMMAND BEGIN **********************
134300320-> data sent to printer:
134300321-> <2>VM178517 CMCPALFABV100757N<3>
134300404-> data received from printer:
134300560-> <6>
134300561-> ********************** COMMAND BEGIN **********************
134300562-> data sent to printer:
134300563-> <2>N11,000xBs5009,39     00005009391<3>
134300705-> data received from printer:
134300861-> <6>
134300897-> ********************** COMMAND BEGIN **********************
134300897-> data sent to printer:
134300898-> <2>O1<3>
134301447-> data received from printer:
134301613-> <2>01042638<3><6>
134301620-> ********************** COMMAND BEGIN **********************
134301620-> data sent to printer:
134301621-> <2>P124/02/2025 TRANSFERE000000800000<3>
134301764-> data received from printer:
134301929-> <6>
134301930-> ********************** COMMAND BEGIN **********************
134301930-> data sent to printer:
134301931-> <2>P124/02/2025 DEBITO   000000242637<3>
134302073-> data received from printer:
134302229-> <6>
134320864-> ********************** COMMAND BEGIN **********************
134320867-> data sent to printer:
134320869-> <2>P1EFECTIVO            000000000001<3>
134321066-> data received from printer:
134321217-> <6>
135106873-> OPEN PORT: COM1@9600
135106945-> ********************** COMMAND BEGIN **********************
135106946-> data sent to printer:
135106946-> <2>Q<3>
135106951-> data received from printer:
135107110-> <21>
135107111-> ********************** COMMAND BEGIN **********************
135107112-> data sent to printer:
135107112-> <2>M<3>
135108410-> data received from printer:
135108565-> <6>
135109138-> OPEN PORT: COM1@9600
135109203-> OPEN PORT: COM1@9600
135109204-> ********************** COMMAND BEGIN **********************
135109204-> data sent to printer:
135109204-> <2>L&1<3>
135109865-> data received from printer:
135110040-> <2>6131*6126<3><6>
135110041-> ********************** COMMAND BEGIN **********************
135110041-> data sent to printer:
135110042-> <2>VRazon Social: JOSE GOMEZ<3>
135110124-> data received from printer:
135110281-> <6>
135110282-> ********************** COMMAND BEGIN **********************
135110282-> data sent to printer:
135110282-> <2>VCI/Rif: V-6160130<3>
135110357-> data received from printer:
135110522-> <6>
135110523-> ********************** COMMAND BEGIN **********************
135110523-> data sent to printer:
135110524-> <2>V----------------------------------------<3>
135110623-> data received from printer:
135110777-> <6>
135110779-> ********************** COMMAND BEGIN **********************
135110779-> data sent to printer:
135110780-> <2>Y0<3>
135110788-> data received from printer:
135111037-> <2>SENIAT    J-00000000000001600*0800*3100*2          Bs.0TIS0900049240220251343<3><6>
135111039-> ********************** COMMAND BEGIN **********************
135111040-> data sent to printer:
135111040-> <2>VA000004 GARANTIA EXTENDIDA<3>
135111124-> data received from printer:
135111278-> <6>
135111278-> ********************** COMMAND BEGIN **********************
135111279-> data sent to printer:
135111279-> <2>N11,000xBs589,71      00000589711<3>
135111421-> data received from printer:
135111578-> <6>
135111579-> ********************** COMMAND BEGIN **********************
135111579-> data sent to printer:
135111580-> <2>VC000004 KRIPTOK INVISIBLE <3>
135111664-> data received from printer:
135111819-> <6>
135111820-> ********************** COMMAND BEGIN **********************
135111820-> data sent to printer:
135111821-> <2>N12,000xBs1965,71     00003931420<3>
135111963-> data received from printer:
135112119-> <6>
135112119-> ********************** COMMAND BEGIN **********************
135112120-> data sent to printer:
135112120-> <2>VM178517 CMCPALFABV100757N<3>
135112204-> data received from printer:
135112359-> <6>
135112360-> ********************** COMMAND BEGIN **********************
135112360-> data sent to printer:
135112360-> <2>N11,000xBs5009,39     00005009391<3>
135112502-> data received from printer:
135112660-> <6>
135112697-> ********************** COMMAND BEGIN **********************
135112697-> data sent to printer:
135112698-> <2>O1<3>
135113247-> data received from printer:
135113412-> <2>01042638<3><6>
135113419-> ********************** COMMAND BEGIN **********************
135113419-> data sent to printer:
135113420-> <2>P124/02/2025 TRANSFERE000000850000<3>
135113562-> data received from printer:
135113728-> <6>
135113729-> ********************** COMMAND BEGIN **********************
135113729-> data sent to printer:
135113729-> <2>P124/02/2025 DEBITO   000000192637<3>
135113872-> data received from printer:
135114029-> <6>
135118177-> ********************** COMMAND BEGIN **********************
135118178-> data sent to printer:
135118179-> <2>P1EFECTIVO            000000000001<3>
135118375-> data received from printer:
135118539-> <6>
135127548-> ********************** COMMAND BEGIN **********************
135127548-> data sent to printer:
135127549-> <2>V<3>
135127605-> data received from printer:
135127761-> <6>
135127762-> ********************** COMMAND BEGIN **********************
135127763-> data sent to printer:
135127763-> <2>VNumero Orden: 0001808<3>
135127843-> data received from printer:
135128002-> <6>
135128002-> ********************** COMMAND BEGIN **********************
135128003-> data sent to printer:
135128003-> <2>V<3>
135128060-> data received from printer:
135128213-> <6>
135128251-> ********************** COMMAND BEGIN **********************
135128252-> data sent to printer:
135128252-> <2>V*Contrato de Garantia Extendida para<3>
135128348-> data received from printer:
135128500-> <6>
135128508-> ********************** COMMAND BEGIN **********************
135128509-> data sent to printer:
135128510-> <2>V      Cristales Formulados:<3>
135128595-> data received from printer:
135128755-> <6>
135128756-> ********************** COMMAND BEGIN **********************
135128756-> data sent to printer:
135128757-> <2>V <3>
135128814-> data received from printer:
135128980-> <6>
135128981-> ********************** COMMAND BEGIN **********************
135128981-> data sent to printer:
135128982-> <2>VOD: ESF 1,75 EJE 0 CIL 0,00 ADD 2,50<3>
135129077-> data received from printer:
135129235-> <6>
135129236-> ********************** COMMAND BEGIN **********************
135129236-> data sent to printer:
135129237-> <2>VOI: ESF 1,75 EJE 145 CIL -0,50 ADD 2,50<3>
135129335-> data received from printer:
135129490-> <6>
135129490-> ********************** COMMAND BEGIN **********************
135129491-> data sent to printer:
135129491-> <2>V <3>
135129549-> data received from printer:
135129700-> <6>
135129701-> ********************** COMMAND BEGIN **********************
135129701-> data sent to printer:
135129702-> <2>VCondiciones legales en el Contrato<3>
135129795-> data received from printer:
135129956-> <6>
135129957-> ********************** COMMAND BEGIN **********************
135129957-> data sent to printer:
135129957-> <2>VSuscrito.<3>
135130023-> data received from printer:
135130181-> <6>
135130182-> ********************** COMMAND BEGIN **********************
135130182-> data sent to printer:
135130183-> <2>V <3>
135130241-> data received from printer:
135130392-> <6>
135130421-> ********************** COMMAND BEGIN **********************
135130422-> data sent to printer:
135130423-> <2>V<161><161><161>GRACIAS POR SU COMPRA!!!<3>
135130510-> data received from printer:
135130665-> <6>
135130666-> ********************** COMMAND BEGIN **********************
135130666-> data sent to printer:
135130666-> <2>VSolo se aceptaran devoluciones<3>
135130755-> data received from printer:
135130920-> <6>
135130921-> ********************** COMMAND BEGIN **********************
135130921-> data sent to printer:
135130921-> <2>Vpor defectos de fabrica, con la<3>
135131011-> data received from printer:
135131175-> <6>
135131175-> ********************** COMMAND BEGIN **********************
135131176-> data sent to printer:
135131176-> <2>Vpresentacion de esta factura (original),<3>
135131276-> data received from printer:
135131430-> <6>
135131431-> ********************** COMMAND BEGIN **********************
135131431-> data sent to printer:
135131431-> <2>Vdentro de los treinta (30) dias<3>
135131521-> data received from printer:
135131685-> <6>
135131686-> ********************** COMMAND BEGIN **********************
135131686-> data sent to printer:
135131687-> <2>Vsiguientes a la emision de la misma.<3>
135131782-> data received from printer:
135131940-> <6>
135131941-> ********************** COMMAND BEGIN **********************
135131941-> data sent to printer:
135131941-> <2>Y0<3>
135131949-> data received from printer:
135132198-> <2>SENIAT    J-00000000000001600*0800*3100*2          Bs.0TIS0900049240220251344<3><6>
135132199-> ********************** COMMAND BEGIN **********************
135132199-> data sent to printer:
135132199-> <2>M<3>
135133497-> data received from printer:
135133654-> <6>
135138730-> OPEN PORT: COM1@9600
135138800-> ********************** COMMAND BEGIN **********************
135138800-> data sent to printer:
135138800-> <2>Y3<3>
135138808-> data received from printer:
135138988-> <2>6131*6126*910*0*<3><6>
