124423393-> OPEN PORT: COM1@9600
124423470-> ********************** COMMAND BEGIN **********************
124423471-> data sent to printer:
124423471-> <2>L&2<3>
124429299-> No reponse from printer
124429300-> ********************** COMMAND BEGIN **********************
124429300-> data sent to printer:
124429300-> <2>VRazon Social: YUDIT  GUERRA<3>
124433205-> No reponse from printer
124433206-> ********************** COMMAND BEGIN **********************
124433206-> data sent to printer:
124433207-> <2>Q<3>
124439029-> No reponse from printer
124439030-> ********************** COMMAND BEGIN **********************
124439050-> data sent to printer:
124439051-> <2>M<3>
124522346-> No reponse from printer
124614660-> OPEN PORT: COM1@9600
124614722-> ********************** COMMAND BEGIN **********************
124614722-> data sent to printer:
124614722-> <2>L&2<3>
124620539-> No reponse from printer
124620540-> ********************** COMMAND BEGIN **********************
124620540-> data sent to printer:
124620541-> <2>VRazon Social: YUDIT  GUERRA<3>
124624446-> No reponse from printer
124624446-> ********************** COMMAND BEGIN **********************
124624447-> data sent to printer:
124624447-> <2>Q<3>
124630270-> No reponse from printer
124630271-> ********************** COMMAND BEGIN **********************
124630271-> data sent to printer:
124630271-> <2>M<3>
124713572-> No reponse from printer
133406847-> OPEN PORT: COM1@9600
133412031-> ********************** COMMAND BEGIN **********************
133412033-> data sent to printer:
133412034-> <2>L&2<3>
133418091-> No reponse from printer
133418092-> ********************** COMMAND BEGIN **********************
133418092-> data sent to printer:
133418092-> <2>VRazon Social: WILLIAM  COLMENARES<3>
133422156-> No reponse from printer
133425248-> ********************** COMMAND BEGIN **********************
133425249-> data sent to printer:
133425249-> <2>Q<3>
133431309-> No reponse from printer
133432521-> ********************** COMMAND BEGIN **********************
133432521-> data sent to printer:
133432522-> <2>M<3>
133517579-> No reponse from printer
134520935-> OPEN PORT: COM1@9600
134520999-> ********************** COMMAND BEGIN **********************
134521000-> data sent to printer:
134521000-> <2>Q<3>
134527058-> No reponse from printer
134527059-> ********************** COMMAND BEGIN **********************
134527059-> data sent to printer:
134527060-> <2>M<3>
134612117-> No reponse from printer
134621960-> OPEN PORT: COM1@9600
134622024-> OPEN PORT: COM1@9600
134622025-> ********************** COMMAND BEGIN **********************
134622025-> data sent to printer:
134622025-> <2>L&1<3>
134628081-> No reponse from printer
134628081-> ********************** COMMAND BEGIN **********************
134628082-> data sent to printer:
134628082-> <2>VRazon Social: WILLIAM  COLMENARES<3>
134632147-> No reponse from printer
134633733-> ********************** COMMAND BEGIN **********************
134633734-> data sent to printer:
134633734-> <2>Q<3>
134639786-> No reponse from printer
134639804-> ********************** COMMAND BEGIN **********************
134639804-> data sent to printer:
134639804-> <2>M<3>
134724861-> No reponse from printer
140021515-> OPEN PORT: COM1@9600
140021579-> ********************** COMMAND BEGIN **********************
140021580-> data sent to printer:
140021580-> <2>Q<3>
140027637-> No reponse from printer
140027638-> ********************** COMMAND BEGIN **********************
140027638-> data sent to printer:
140027638-> <2>M<3>
141501641-> OPEN PORT: COM1@9600
141501706-> ********************** COMMAND BEGIN **********************
141501707-> data sent to printer:
141501707-> <2>L&2<3>
141502367-> data received from printer:
141502537-> <2>0886*6027<3><6>
141502538-> ********************** COMMAND BEGIN **********************
141502539-> data sent to printer:
141502539-> <2>VRazon Social: WILLIAM  COLMENARES<3>
141502631-> data received from printer:
141502792-> <6>
141502793-> ********************** COMMAND BEGIN **********************
141502793-> data sent to printer:
141502793-> <2>VCI/Rif: V21002617<3>
141502868-> data received from printer:
141503032-> <6>
141503033-> ********************** COMMAND BEGIN **********************
141503033-> data sent to printer:
141503034-> <2>VDatos del Documento Original:<3>
141503121-> data received from printer:
141503272-> <6>
141503273-> ********************** COMMAND BEGIN **********************
141503273-> data sent to printer:
141503273-> <2>VNumero: M651561<3>
141503346-> data received from printer:
141503498-> <6>
141503499-> ********************** COMMAND BEGIN **********************
141503499-> data sent to printer:
141503499-> <2>VFecha: 26/12/2024<3>
141503574-> data received from printer:
141503740-> <6>
141503741-> ********************** COMMAND BEGIN **********************
141503741-> data sent to printer:
141503742-> <2>VSerial Fiscal: FACTMANUAL<3>
141503825-> data received from printer:
141503981-> <6>
141503982-> ********************** COMMAND BEGIN **********************
141503982-> data sent to printer:
141503982-> <2>V----------------------------------------<3>
141504082-> data received from printer:
141504236-> <6>
141504708-> ********************** COMMAND BEGIN **********************
141504709-> data sent to printer:
141504710-> <2>VC000001 VISION SENCILLA TERMINADO <3>
141504804-> data received from printer:
141504959-> <6>
141504960-> ********************** COMMAND BEGIN **********************
141504961-> data sent to printer:
141504961-> <2>R12,000xBs595,00      00001190000<3>
141505103-> data received from printer:
141505260-> <6>
141505261-> ********************** COMMAND BEGIN **********************
141505261-> data sent to printer:
141505262-> <2>VM145364 CMSLSTYL3435754BR<3>
141505345-> data received from printer:
141505502-> <6>
141505503-> ********************** COMMAND BEGIN **********************
141505503-> data sent to printer:
141505504-> <2>R11,000xBs1495,00     00001495000<3>
141505645-> data received from printer:
141505802-> <6>
141505900-> ********************** COMMAND BEGIN **********************
141505901-> data sent to printer:
141505902-> <2>O1<3>
141510965-> No reponse from printer
141510966-> ********************** COMMAND BEGIN **********************
141510966-> data sent to printer:
141510967-> <2>VMonto Disponible:  2685<3>
141510996-> data received from printer:
141511160-> <21>
141511173-> ********************** COMMAND BEGIN **********************
141511173-> data sent to printer:
141511173-> <2>Y0<3>
141511181-> data received from printer:
141511434-> <2>SENIAT    J-00000000000001600*0800*3100*2          Bs.0TIS0900049301220241400<3><6>
141511436-> ********************** COMMAND BEGIN **********************
141511436-> data sent to printer:
141511436-> <2>S<3>
141511494-> data received from printer:
141511645-> <6>
141511646-> ********************** COMMAND BEGIN **********************
141511646-> data sent to printer:
141511647-> <2>M<3>
141511651-> data received from printer:
141511810-> <21>
145617922-> OPEN PORT: COM1@9600
145617986-> ********************** COMMAND BEGIN **********************
145617987-> data sent to printer:
145617987-> <2>L&2<3>
145617994-> data received from printer:
145618154-> <21>
145618155-> ********************** COMMAND BEGIN **********************
145618155-> data sent to printer:
145618156-> <2>VRazon Social: WILLIAM  COLMENARES<3>
145618247-> data received from printer:
145618410-> <6>
145618411-> ********************** COMMAND BEGIN **********************
145618411-> data sent to printer:
145618411-> <2>VCI/Rif: V21002617<3>
145618486-> data received from printer:
145618637-> <6>
145618638-> ********************** COMMAND BEGIN **********************
145618638-> data sent to printer:
145618638-> <2>VDatos del Documento Original:<3>
145618726-> data received from printer:
145618878-> <6>
145618879-> ********************** COMMAND BEGIN **********************
145618879-> data sent to printer:
145618879-> <2>VNumero: M651561<3>
145618966-> data received from printer:
145619119-> <6>
145619120-> ********************** COMMAND BEGIN **********************
145619120-> data sent to printer:
145619120-> <2>VFecha: 26/12/2024<3>
145619195-> data received from printer:
145619359-> <6>
145619360-> ********************** COMMAND BEGIN **********************
145619360-> data sent to printer:
145619361-> <2>VSerial Fiscal: FACTMANUAL<3>
145619444-> data received from printer:
145619599-> <6>
145619600-> ********************** COMMAND BEGIN **********************
145619600-> data sent to printer:
145619600-> <2>V----------------------------------------<3>
145619699-> data received from printer:
145619855-> <6>
145620045-> ********************** COMMAND BEGIN **********************
145620045-> data sent to printer:
145620045-> <2>VC000001 VISION SENCILLA TERMINADO <3>
145620152-> data received from printer:
145620310-> <6>
145620311-> ********************** COMMAND BEGIN **********************
145620311-> data sent to printer:
145620311-> <2>R12,000xBs595,00      00001190000<3>
145620350-> data received from printer:
145620506-> <21>
145620507-> ********************** COMMAND BEGIN **********************
145620507-> data sent to printer:
145620507-> <2>VM145364 CMSLSTYL3435754BR<3>
145620590-> data received from printer:
145620747-> <6>
145620748-> ********************** COMMAND BEGIN **********************
145620748-> data sent to printer:
145620748-> <2>R11,000xBs1495,00     00001495000<3>
145620787-> data received from printer:
145620943-> <21>
