113059093-> OPEN PORT: COM1@9600
113059174-> ********************** COMMAND BEGIN **********************
113059175-> data sent to printer:
113059175-> <2>L&2<3>
113100843-> data received from printer:
113101006-> <2>126*110<3><6>
113101007-> ********************** COMMAND BEGIN **********************
113101007-> data sent to printer:
113101007-> <2>VRazon Social: ANGEL MORAN<3>
113101223-> data received from printer:
113101381-> <6>
113101381-> ********************** COMMAND BEGIN **********************
113101382-> data sent to printer:
113101382-> <2>VCI/Rif: V1800368<3>
113101590-> data received from printer:
113101741-> <6>
113101742-> ********************** COMMAND BEGIN **********************
113101742-> data sent to printer:
113101742-> <2>VDatos del Documento Original:<3>
113102000-> data received from printer:
113102161-> <6>
113102162-> ********************** COMMAND BEGIN **********************
113102162-> data sent to printer:
113102162-> <2>VNumero: M000189<3>
113102369-> data received from printer:
113102522-> <6>
113102522-> ********************** COMMAND BEGIN **********************
113102523-> data sent to printer:
113102523-> <2>VFecha: 17/05/2023<3>
113102734-> data received from printer:
113102897-> <6>
113102897-> ********************** COMMAND BEGIN **********************
113102898-> data sent to printer:
113102898-> <2>VSerial Fiscal: FACTURAMAN<3>
113103113-> data received from printer:
113103273-> <6>
113103273-> ********************** COMMAND BEGIN **********************
113103273-> data sent to printer:
113103273-> <2>V----------------------------------------<3>
113103505-> data received from printer:
113103662-> <6>
113104054-> ********************** COMMAND BEGIN **********************
113104055-> data sent to printer:
113104056-> <2>VC000013 ULTRA DELGADO 1.60 ASFERICO <3>
113104287-> data received from printer:
113104438-> <6>
113104439-> ********************** COMMAND BEGIN **********************
113104439-> data sent to printer:
113104439-> <2>R12,000xBs1426,03     00002852060<3>
113104712-> data received from printer:
113104873-> <6>
113104873-> ********************** COMMAND BEGIN **********************
113104874-> data sent to printer:
113104874-> <2>VM144902 NPCOCDES770743A<3>
113105091-> data received from printer:
113105249-> <6>
113105250-> ********************** COMMAND BEGIN **********************
113105250-> data sent to printer:
113105250-> <2>R11,000xBs193,36      00000193361<3>
113105532-> data received from printer:
113105684-> <6>
113105970-> ********************** COMMAND BEGIN **********************
113105971-> data sent to printer:
113105972-> <2>\Descuento           000000000000000000000000000000000000000000000000<3>
113106227-> data received from printer:
113106385-> <6>
113106386-> ********************** COMMAND BEGIN **********************
113106387-> data sent to printer:
113106387-> <2>O1<3>
113107515-> data received from printer:
113107676-> <2>307636<3><6>
113107677-> ********************** COMMAND BEGIN **********************
113107677-> data sent to printer:
113107677-> <2>VMonto Disponible:  3045,42<3>
113107896-> data received from printer:
113108051-> <6>
113108063-> ********************** COMMAND BEGIN **********************
113108063-> data sent to printer:
113108063-> <2>Y0<3>
113108113-> data received from printer:
113108397-> <2>SENIAT    J-316292649    1600*800*3100*2          Bs.0TIY1900001040220230612*300<3><6>
113108398-> ********************** COMMAND BEGIN **********************
113108398-> data sent to printer:
113108398-> <2>S<3>
113108406-> data received from printer:
113108562-> <21>
113108563-> ********************** COMMAND BEGIN **********************
113108563-> data sent to printer:
113108563-> <2>M<3>
113109882-> data received from printer:
113110048-> <6>
152915800-> OPEN PORT: COM1@9600
152915863-> ********************** COMMAND BEGIN **********************
152915863-> data sent to printer:
152915863-> <2>Q<3>
152915871-> data received from printer:
152916034-> <21>
152916035-> ********************** COMMAND BEGIN **********************
152916035-> data sent to printer:
152916035-> <2>M<3>
152916043-> data received from printer:
152916199-> <21>
152921439-> OPEN PORT: COM1@9600
152921480-> OPEN PORT: COM1@9600
152921513-> ********************** COMMAND BEGIN **********************
152921513-> data sent to printer:
152921513-> <2>L&1<3>
152923185-> data received from printer:
152923345-> <2>2369*2366<3><6>
152923346-> ********************** COMMAND BEGIN **********************
152923346-> data sent to printer:
152923346-> <2>VRazon Social: Angel Moran<3>
152923566-> data received from printer:
152923720-> <6>
152923720-> ********************** COMMAND BEGIN **********************
152923721-> data sent to printer:
152923721-> <2>VCI/Rif: V-1800368<3>
152923928-> data received from printer:
152924081-> <6>
152924081-> ********************** COMMAND BEGIN **********************
152924082-> data sent to printer:
152924082-> <2>V----------------------------------------<3>
152924315-> data received from printer:
152924472-> <6>
152924490-> ********************** COMMAND BEGIN **********************
152924490-> data sent to printer:
152924490-> <2>VM144902 NPCOCDES770743A<3>
152924708-> data received from printer:
152924862-> <6>
152924863-> ********************** COMMAND BEGIN **********************
152924863-> data sent to printer:
152924864-> <2>N11,000xBs193,36      00000193361<3>
152925142-> data received from printer:
152925297-> <6>
152925297-> ********************** COMMAND BEGIN **********************
152925298-> data sent to printer:
152925298-> <2>VC000013 ULTRA DELGADO 1.60 ASFERICO <3>
152925528-> data received from printer:
152925688-> <6>
152925688-> ********************** COMMAND BEGIN **********************
152925689-> data sent to printer:
152925689-> <2>N12,000xBs1426,03     00002852060<3>
152925968-> data received from printer:
152926123-> <6>
152926983-> ********************** COMMAND BEGIN **********************
152926985-> data sent to printer:
152926986-> <2>O1<3>
152928113-> data received from printer:
152928270-> <2>307636<3><6>
152928395-> ********************** COMMAND BEGIN **********************
152928395-> data sent to printer:
152928396-> <2>P120/04/2023 EFECTIVO 000000307636<3>
152929291-> data received from printer:
152929444-> <6>
152929445-> ********************** COMMAND BEGIN **********************
152929445-> data sent to printer:
152929445-> <2>V<3>
152929636-> data received from printer:
152929790-> <6>
152929791-> ********************** COMMAND BEGIN **********************
152929791-> data sent to printer:
152929791-> <2>VNumero Orden: 0104690<3>
152930008-> data received from printer:
152930165-> <6>
152930166-> ********************** COMMAND BEGIN **********************
152930166-> data sent to printer:
152930166-> <2>V<3>
152930356-> data received from printer:
152930511-> <6>
152930577-> ********************** COMMAND BEGIN **********************
152930578-> data sent to printer:
152930579-> <2>V*Contrato de Garantia Extendida para<3>
152930810-> data received from printer:
152930963-> <6>
152930963-> ********************** COMMAND BEGIN **********************
152930964-> data sent to printer:
152930964-> <2>V      Cristales Formulados:<3>
152931188-> data received from printer:
152931339-> <6>
152931339-> ********************** COMMAND BEGIN **********************
152931340-> data sent to printer:
152931340-> <2>V <3>
152931532-> data received from printer:
152931685-> <6>
152931685-> ********************** COMMAND BEGIN **********************
152931686-> data sent to printer:
152931686-> <2>VOD: ESF 4,00 EJE 115 CIL -1,75 ADD 0,50<3>
152931920-> data received from printer:
152932076-> <6>
152932076-> ********************** COMMAND BEGIN **********************
152932077-> data sent to printer:
152932077-> <2>VOI: ESF 4,00 EJE 115 CIL -1,75 ADD 0,50<3>
152932313-> data received from printer:
152932467-> <6>
152932467-> ********************** COMMAND BEGIN **********************
152932468-> data sent to printer:
152932468-> <2>V <3>
152932695-> data received from printer:
152932857-> <6>
152932857-> ********************** COMMAND BEGIN **********************
152932858-> data sent to printer:
152932858-> <2>VCondiciones legales en el Contrato<3>
152933088-> data received from printer:
152933248-> <6>
152933248-> ********************** COMMAND BEGIN **********************
152933249-> data sent to printer:
152933249-> <2>VSuscrito.<3>
152933449-> data received from printer:
152933608-> <6>
152933608-> ********************** COMMAND BEGIN **********************
152933609-> data sent to printer:
152933609-> <2>V <3>
152933803-> data received from printer:
152933954-> <6>
152933971-> ********************** COMMAND BEGIN **********************
152933972-> data sent to printer:
152933972-> <2>V<161><161><161>GRACIAS POR SU COMPRA!!!<3>
152934195-> data received from printer:
152934345-> <6>
152934345-> ********************** COMMAND BEGIN **********************
152934346-> data sent to printer:
152934346-> <2>VSolo se aceptaran devoluciones<3>
152934567-> data received from printer:
152934720-> <6>
152934721-> ********************** COMMAND BEGIN **********************
152934721-> data sent to printer:
152934721-> <2>Vpor defectos de fabrica, con la<3>
152934946-> data received from printer:
152935110-> <6>
152935110-> ********************** COMMAND BEGIN **********************
152935111-> data sent to printer:
152935111-> <2>Vpresentacion de esta factura (original),<3>
152935348-> data received from printer:
152935501-> <6>
152935502-> ********************** COMMAND BEGIN **********************
152935503-> data sent to printer:
152935503-> <2>Vdentro de los treinta (30) dias<3>
152935726-> data received from printer:
152935891-> <6>
152935891-> ********************** COMMAND BEGIN **********************
152935892-> data sent to printer:
152935892-> <2>Vsiguientes a la emision de la misma.<3>
152936123-> data received from printer:
152936282-> <6>
152936304-> ********************** COMMAND BEGIN **********************
152936304-> data sent to printer:
152936304-> <2>Y0<3>
152936354-> data received from printer:
152936628-> <2>SENIAT    J-316292649    1600*800*3100*2          Bs.0TIY1900001040220231011*300<3><6>
152936629-> ********************** COMMAND BEGIN **********************
152936629-> data sent to printer:
152936629-> <2>S<3>
152936637-> data received from printer:
152936793-> <21>
152936793-> ********************** COMMAND BEGIN **********************
152936794-> data sent to printer:
152936794-> <2>M<3>
152938743-> data received from printer:
152938908-> <6>
155547554-> OPEN PORT: COM1@9600
155547596-> ********************** COMMAND BEGIN **********************
155547597-> data sent to printer:
155547598-> <2>Q<3>
155547605-> data received from printer:
155547759-> <21>
155547759-> ********************** COMMAND BEGIN **********************
155547760-> data sent to printer:
155547760-> <2>M<3>
155547768-> data received from printer:
155547924-> <21>
155551346-> OPEN PORT: COM1@9600
155551387-> OPEN PORT: COM1@9600
155551388-> ********************** COMMAND BEGIN **********************
155551388-> data sent to printer:
155551389-> <2>L&1<3>
155553057-> data received from printer:
155553218-> <2>2370*2366<3><6>
155553219-> ********************** COMMAND BEGIN **********************
155553219-> data sent to printer:
155553219-> <2>VRazon Social: Angel Moran<3>
155553437-> data received from printer:
155553594-> <6>
155553595-> ********************** COMMAND BEGIN **********************
155553595-> data sent to printer:
155553595-> <2>VCI/Rif: V-1800368<3>
155553806-> data received from printer:
155553971-> <6>
155553971-> ********************** COMMAND BEGIN **********************
155553972-> data sent to printer:
155553972-> <2>V----------------------------------------<3>
155554203-> data received from printer:
155554362-> <6>
155554363-> ********************** COMMAND BEGIN **********************
155554363-> data sent to printer:
155554363-> <2>VM144902 NPCOCDES770743A<3>
155554578-> data received from printer:
155554738-> <6>
155554738-> ********************** COMMAND BEGIN **********************
155554739-> data sent to printer:
155554739-> <2>N11,000xBs193,36      00000193361<3>
155555022-> data received from printer:
155555175-> <6>
155555176-> ********************** COMMAND BEGIN **********************
155555176-> data sent to printer:
155555176-> <2>VC000013 ULTRA DELGADO 1.60 ASFERICO <3>
155555404-> data received from printer:
155555565-> <6>
155555565-> ********************** COMMAND BEGIN **********************
155555566-> data sent to printer:
155555566-> <2>N12,000xBs1426,03     00002852060<3>
155555843-> data received from printer:
155556001-> <6>
155556259-> ********************** COMMAND BEGIN **********************
155556259-> data sent to printer:
155556260-> <2>O1<3>
155557385-> data received from printer:
155557536-> <2>307636<3><6>
155557610-> ********************** COMMAND BEGIN **********************
155557611-> data sent to printer:
155557611-> <2>P120/04/2023 EFECTIVO 000000307636<3>
155557880-> data received from printer:
155558035-> <6>
155558035-> ********************** COMMAND BEGIN **********************
155558036-> data sent to printer:
155558036-> <2>V<3>
155558226-> data received from printer:
155558381-> <6>
155558381-> ********************** COMMAND BEGIN **********************
155558382-> data sent to printer:
155558382-> <2>VNumero Orden: 0104691<3>
155558596-> data received from printer:
155558758-> <6>
155558758-> ********************** COMMAND BEGIN **********************
155558759-> data sent to printer:
155558759-> <2>V<3>
155558953-> data received from printer:
155559119-> <6>
155559154-> ********************** COMMAND BEGIN **********************
155559155-> data sent to printer:
155559156-> <2>V*Contrato de Garantia Extendida para<3>
155559384-> data received from printer:
155559539-> <6>
155559539-> ********************** COMMAND BEGIN **********************
155559540-> data sent to printer:
155559540-> <2>V      Cristales Formulados:<3>
155559759-> data received from printer:
155559914-> <6>
155559915-> ********************** COMMAND BEGIN **********************
155559915-> data sent to printer:
155559915-> <2>V <3>
155600145-> data received from printer:
155600304-> <6>
155600304-> ********************** COMMAND BEGIN **********************
155600305-> data sent to printer:
155600305-> <2>VOD: ESF 4,00 EJE 115 CIL -1,75 ADD 0,50<3>
155600538-> data received from printer:
155600695-> <6>
155600695-> ********************** COMMAND BEGIN **********************
155600696-> data sent to printer:
155600696-> <2>VOI: ESF 4,00 EJE 115 CIL -1,75 ADD 0,50<3>
155600931-> data received from printer:
155601086-> <6>
155601086-> ********************** COMMAND BEGIN **********************
155601087-> data sent to printer:
155601087-> <2>V <3>
155601279-> data received from printer:
155601432-> <6>
155601433-> ********************** COMMAND BEGIN **********************
155601433-> data sent to printer:
155601433-> <2>VCondiciones legales en el Contrato<3>
155601661-> data received from printer:
155601823-> <6>
155601823-> ********************** COMMAND BEGIN **********************
155601824-> data sent to printer:
155601824-> <2>VSuscrito.<3>
155602028-> data received from printer:
155602183-> <6>
155602183-> ********************** COMMAND BEGIN **********************
155602184-> data sent to printer:
155602184-> <2>V <3>
155602375-> data received from printer:
155602529-> <6>
155602555-> ********************** COMMAND BEGIN **********************
155602555-> data sent to printer:
155602556-> <2>V<161><161><161>GRACIAS POR SU COMPRA!!!<3>
155602778-> data received from printer:
155602935-> <6>
155602935-> ********************** COMMAND BEGIN **********************
155602936-> data sent to printer:
155602936-> <2>VSolo se aceptaran devoluciones<3>
155603162-> data received from printer:
155603327-> <6>
155603328-> ********************** COMMAND BEGIN **********************
155603328-> data sent to printer:
155603328-> <2>Vpor defectos de fabrica, con la<3>
155603552-> data received from printer:
155603717-> <6>
155603717-> ********************** COMMAND BEGIN **********************
155603718-> data sent to printer:
155603718-> <2>Vpresentacion de esta factura (original),<3>
155603953-> data received from printer:
155604108-> <6>
155604109-> ********************** COMMAND BEGIN **********************
155604109-> data sent to printer:
155604109-> <2>Vdentro de los treinta (30) dias<3>
155604335-> data received from printer:
155604499-> <6>
155604499-> ********************** COMMAND BEGIN **********************
155604500-> data sent to printer:
155604500-> <2>Vsiguientes a la emision de la misma.<3>
155604728-> data received from printer:
155604890-> <6>
155604890-> ********************** COMMAND BEGIN **********************
155604891-> data sent to printer:
155604891-> <2>Y0<3>
155604940-> data received from printer:
155605222-> <2>SENIAT    J-316292649    1600*800*3100*2          Bs.0TIY1900001040220231037*300<3><6>
155605223-> ********************** COMMAND BEGIN **********************
155605223-> data sent to printer:
155605223-> <2>S<3>
155605231-> data received from printer:
155605388-> <21>
155605389-> ********************** COMMAND BEGIN **********************
155605389-> data sent to printer:
155605389-> <2>M<3>
155606709-> data received from printer:
155606874-> <6>
