133233913-> OPEN PORT: COM1@9600
133233980-> ********************** COMMAND BEGIN **********************
133233980-> data sent to printer:
133233980-> <2>Q<3>
133233988-> data received from printer:
133234148-> <21>
133234149-> ********************** COMMAND BEGIN **********************
133234150-> data sent to printer:
133234150-> <2>M<3>
133234157-> data received from printer:
133234313-> <21>
133422824-> OPEN PORT: COM1@9600
133422867-> ********************** COMMAND BEGIN **********************
133422867-> data sent to printer:
133422868-> <2>Q<3>
133422875-> data received from printer:
133423058-> <21>
133423059-> ********************** COMMAND BEGIN **********************
133423059-> data sent to printer:
133423059-> <2>M<3>
133423067-> data received from printer:
133423224-> <21>
133429340-> OPEN PORT: COM1@9600
133429380-> OPEN PORT: COM1@9600
133429391-> ********************** COMMAND BEGIN **********************
133429392-> data sent to printer:
133429392-> <2>L&1<3>
133431064-> data received from printer:
133431221-> <2>2551*2540<3><6>
133431222-> ********************** COMMAND BEGIN **********************
133431223-> data sent to printer:
133431223-> <2>VRazon Social: Sebatian Malpica<3>
133431447-> data received from printer:
133431613-> <6>
133431613-> ********************** COMMAND BEGIN **********************
133431614-> data sent to printer:
133431614-> <2>VCI/Rif: V-32030387<3>
133431857-> data received from printer:
133432019-> <6>
133432020-> ********************** COMMAND BEGIN **********************
133432020-> data sent to printer:
133432020-> <2>V----------------------------------------<3>
133432255-> data received from printer:
133432410-> <6>
133432422-> ********************** COMMAND BEGIN **********************
133432422-> data sent to printer:
133432422-> <2>VC000019 VISION SENCILLA ANTIREFLEJO TERM<3>
133432653-> data received from printer:
133432815-> <6>
133432816-> ********************** COMMAND BEGIN **********************
133432816-> data sent to printer:
133432816-> <2>V <3>
133433007-> data received from printer:
133433160-> <6>
133433161-> ********************** COMMAND BEGIN **********************
133433161-> data sent to printer:
133433162-> <2>N12,000xBs448,47      00000896940<3>
133433438-> data received from printer:
133433595-> <6>
133433596-> ********************** COMMAND BEGIN **********************
133433596-> data sent to printer:
133433596-> <2>VS000106 SERVICIO MONTURA PROPIA<3>
133433819-> data received from printer:
133433984-> <6>
133433984-> ********************** COMMAND BEGIN **********************
133433985-> data sent to printer:
133433985-> <2>N11,000xBs365,42      00000365421<3>
133434266-> data received from printer:
133434419-> <6>
133434420-> ********************** COMMAND BEGIN **********************
133434420-> data sent to printer:
133434421-> <2>VA000004 GARANTIA EXTENDIDA<3>
133434643-> data received from printer:
133434794-> <6>
133434795-> ********************** COMMAND BEGIN **********************
133434795-> data sent to printer:
133434796-> <2>N11,000xBs134,54      00000134541<3>
133435074-> data received from printer:
133435229-> <6>
133435578-> ********************** COMMAND BEGIN **********************
133435580-> data sent to printer:
133435581-> <2>OT146190<0><0><0><0><0><128>Z<254><3>
133436850-> data received from printer:
133437012-> <2>152075<3><6>
133437080-> ********************** COMMAND BEGIN **********************
133437082-> data sent to printer:
133437083-> <2>P111/09/2023 EFECTIVO 000000001500<3>
133437354-> data received from printer:
133437508-> <6>
133437509-> ********************** COMMAND BEGIN **********************
133437509-> data sent to printer:
133437509-> <2>P1DIVISAS             000000146190<3>
133437775-> data received from printer:
133437928-> <6>
133437929-> ********************** COMMAND BEGIN **********************
133437929-> data sent to printer:
133437930-> <2>V<3>
133438122-> data received from printer:
133438273-> <6>
133438274-> ********************** COMMAND BEGIN **********************
133438274-> data sent to printer:
133438274-> <2>VNumero Orden: 0069409<3>
133438491-> data received from printer:
133438649-> <6>
133438650-> ********************** COMMAND BEGIN **********************
133438650-> data sent to printer:
133438650-> <2>V<3>
133438841-> data received from printer:
133438995-> <6>
133439044-> ********************** COMMAND BEGIN **********************
133439045-> data sent to printer:
133439046-> <2>V*Contrato de Garantia Extendida para<3>
133439276-> data received from printer:
133439432-> <6>
133439433-> ********************** COMMAND BEGIN **********************
133439433-> data sent to printer:
133439434-> <2>V      Cristales Formulados:<3>
133439656-> data received from printer:
133439808-> <6>
133439817-> ********************** COMMAND BEGIN **********************
133439817-> data sent to printer:
133439818-> <2>V <3>
133440045-> data received from printer:
133440198-> <6>
133440199-> ********************** COMMAND BEGIN **********************
133440199-> data sent to printer:
133440199-> <2>VOD: ESF -1,25 EJE 85 CIL -1,00 ADD 0,00<3>
133440434-> data received from printer:
133440588-> <6>
133440589-> ********************** COMMAND BEGIN **********************
133440589-> data sent to printer:
133440589-> <2>VOI: ESF -1,50 EJE 80 CIL -1,25 ADD 0,00<3>
133440821-> data received from printer:
133440978-> <6>
133440979-> ********************** COMMAND BEGIN **********************
133440979-> data sent to printer:
133440979-> <2>V <3>
133441173-> data received from printer:
133441338-> <6>
133441339-> ********************** COMMAND BEGIN **********************
133441339-> data sent to printer:
133441340-> <2>VCondiciones legales en el Contrato<3>
133441570-> data received from printer:
133441729-> <6>
133441730-> ********************** COMMAND BEGIN **********************
133441730-> data sent to printer:
133441730-> <2>VSuscrito.<3>
133441930-> data received from printer:
133442089-> <6>
133442089-> ********************** COMMAND BEGIN **********************
133442090-> data sent to printer:
133442090-> <2>V <3>
133442284-> data received from printer:
133442449-> <6>
133442461-> ********************** COMMAND BEGIN **********************
133442461-> data sent to printer:
133442461-> <2>V<161><161><161>GRACIAS POR SU COMPRA!!!<3>
133442683-> data received from printer:
133442839-> <6>
133442853-> ********************** COMMAND BEGIN **********************
133442853-> data sent to printer:
133442854-> <2>VSolo se aceptaran devoluciones<3>
133443076-> data received from printer:
133443229-> <6>
133443230-> ********************** COMMAND BEGIN **********************
133443230-> data sent to printer:
133443230-> <2>Vpor defectos de fabrica, con la<3>
133443456-> data received from printer:
133443620-> <6>
133443620-> ********************** COMMAND BEGIN **********************
133443621-> data sent to printer:
133443621-> <2>Vpresentacion de esta factura (original),<3>
133443858-> data received from printer:
133444011-> <6>
133444011-> ********************** COMMAND BEGIN **********************
133444012-> data sent to printer:
133444012-> <2>Vdentro de los treinta (30) dias<3>
133444235-> data received from printer:
133444401-> <6>
133444402-> ********************** COMMAND BEGIN **********************
133444402-> data sent to printer:
133444402-> <2>Vsiguientes a la emision de la misma.<3>
133444632-> data received from printer:
133444792-> <6>
133444794-> ********************** COMMAND BEGIN **********************
133444794-> data sent to printer:
133444794-> <2>Y0<3>
133444844-> data received from printer:
133445124-> <2>SENIAT    J-316292649    1600*800*3100*2          Bs.0TIY1900001310520230813*300<3><6>
133445125-> ********************** COMMAND BEGIN **********************
133445126-> data sent to printer:
133445126-> <2>S<3>
133445134-> data received from printer:
133445290-> <21>
133445291-> ********************** COMMAND BEGIN **********************
133445291-> data sent to printer:
133445292-> <2>M<3>
133447277-> data received from printer:
133447435-> <6>
133632339-> OPEN PORT: COM1@9600
133632380-> ********************** COMMAND BEGIN **********************
133632381-> data sent to printer:
133632381-> <2>Q<3>
133632389-> data received from printer:
133632546-> <21>
133632547-> ********************** COMMAND BEGIN **********************
133632547-> data sent to printer:
133632547-> <2>M<3>
133632555-> data received from printer:
133632711-> <21>
133702113-> OPEN PORT: COM1@9600
133702156-> ********************** COMMAND BEGIN **********************
133702156-> data sent to printer:
133702157-> <2>Q<3>
133702165-> data received from printer:
133702330-> <21>
133702331-> ********************** COMMAND BEGIN **********************
133702331-> data sent to printer:
133702332-> <2>M<3>
133702339-> data received from printer:
133702495-> <21>
133745394-> OPEN PORT: COM1@9600
133745434-> OPEN PORT: COM1@9600
133745436-> ********************** COMMAND BEGIN **********************
133745436-> data sent to printer:
133745437-> <2>L&1<3>
133747108-> data received from printer:
133747268-> <2>2552*2540<3><6>
133747269-> ********************** COMMAND BEGIN **********************
133747269-> data sent to printer:
133747269-> <2>VRazon Social: Sebatian Malpica<3>
133747494-> data received from printer:
133747658-> <6>
133747659-> ********************** COMMAND BEGIN **********************
133747659-> data sent to printer:
133747659-> <2>VCI/Rif: V-32030387<3>
133747867-> data received from printer:
133748033-> <6>
133748034-> ********************** COMMAND BEGIN **********************
133748034-> data sent to printer:
133748034-> <2>V----------------------------------------<3>
133748267-> data received from printer:
133748423-> <6>
133748424-> ********************** COMMAND BEGIN **********************
133748424-> data sent to printer:
133748424-> <2>VC000019 VISION SENCILLA ANTIREFLEJO TERM<3>
133748658-> data received from printer:
133748814-> <6>
133748815-> ********************** COMMAND BEGIN **********************
133748815-> data sent to printer:
133748815-> <2>V <3>
133749005-> data received from printer:
133749160-> <6>
133749161-> ********************** COMMAND BEGIN **********************
133749161-> data sent to printer:
133749161-> <2>N12,000xBs448,47      00000896940<3>
133749436-> data received from printer:
133749596-> <6>
133749597-> ********************** COMMAND BEGIN **********************
133749597-> data sent to printer:
133749598-> <2>VS000106 SERVICIO MONTURA PROPIA<3>
133749858-> data received from printer:
133750016-> <6>
133750017-> ********************** COMMAND BEGIN **********************
133750017-> data sent to printer:
133750017-> <2>N11,000xBs365,42      00000365421<3>
133750298-> data received from printer:
133750452-> <6>
133750453-> ********************** COMMAND BEGIN **********************
133750453-> data sent to printer:
133750453-> <2>VA000004 GARANTIA EXTENDIDA<3>
133750674-> data received from printer:
133750828-> <6>
133750829-> ********************** COMMAND BEGIN **********************
133750829-> data sent to printer:
133750830-> <2>N11,000xBs134,54      00000134541<3>
133751108-> data received from printer:
133751264-> <6>
133751545-> ********************** COMMAND BEGIN **********************
133751546-> data sent to printer:
133751547-> <2>OT146690<0><0><0><0><0><0><192><252><3>
133752815-> data received from printer:
133752971-> <2>152090<3><6>
133752978-> ********************** COMMAND BEGIN **********************
133752978-> data sent to printer:
133752979-> <2>P111/09/2023 EFECTIVO 000000001000<3>
133753249-> data received from printer:
133753406-> <6>
133753407-> ********************** COMMAND BEGIN **********************
133753407-> data sent to printer:
133753407-> <2>P1DIVISAS             000000146690<3>
133753674-> data received from printer:
133753826-> <6>
133753827-> ********************** COMMAND BEGIN **********************
133753827-> data sent to printer:
133753828-> <2>V<3>
133754019-> data received from printer:
133754170-> <6>
133754171-> ********************** COMMAND BEGIN **********************
133754171-> data sent to printer:
133754171-> <2>VNumero Orden: 0069410<3>
133754388-> data received from printer:
133754546-> <6>
133754546-> ********************** COMMAND BEGIN **********************
133754547-> data sent to printer:
133754547-> <2>V<3>
133754738-> data received from printer:
133754891-> <6>
133754918-> ********************** COMMAND BEGIN **********************
133754918-> data sent to printer:
133754919-> <2>V*Contrato de Garantia Extendida para<3>
133755149-> data received from printer:
133755311-> <6>
133755311-> ********************** COMMAND BEGIN **********************
133755312-> data sent to printer:
133755312-> <2>V      Cristales Formulados:<3>
133755535-> data received from printer:
133755701-> <6>
133755702-> ********************** COMMAND BEGIN **********************
133755702-> data sent to printer:
133755703-> <2>V <3>
133755894-> data received from printer:
133756046-> <6>
133756047-> ********************** COMMAND BEGIN **********************
133756047-> data sent to printer:
133756047-> <2>VOD: ESF -1,25 EJE 85 CIL -1,00 ADD 0,00<3>
133756280-> data received from printer:
133756436-> <6>
133756437-> ********************** COMMAND BEGIN **********************
133756437-> data sent to printer:
133756437-> <2>VOI: ESF -1,50 EJE 80 CIL -1,25 ADD 0,00<3>
133756673-> data received from printer:
133756827-> <6>
133756828-> ********************** COMMAND BEGIN **********************
133756828-> data sent to printer:
133756828-> <2>V <3>
133757020-> data received from printer:
133757173-> <6>
133757174-> ********************** COMMAND BEGIN **********************
133757174-> data sent to printer:
133757175-> <2>VCondiciones legales en el Contrato<3>
133757402-> data received from printer:
133757563-> <6>
133757564-> ********************** COMMAND BEGIN **********************
133757564-> data sent to printer:
133757564-> <2>VSuscrito.<3>
133757803-> data received from printer:
133757954-> <6>
133757954-> ********************** COMMAND BEGIN **********************
133757955-> data sent to printer:
133757955-> <2>V <3>
133758148-> data received from printer:
133758299-> <6>
133758328-> ********************** COMMAND BEGIN **********************
133758329-> data sent to printer:
133758329-> <2>V<161><161><161>GRACIAS POR SU COMPRA!!!<3>
133758552-> data received from printer:
133758705-> <6>
133758705-> ********************** COMMAND BEGIN **********************
133758706-> data sent to printer:
133758706-> <2>VSolo se aceptaran devoluciones<3>
133758929-> data received from printer:
133759080-> <6>
133759081-> ********************** COMMAND BEGIN **********************
133759081-> data sent to printer:
133759082-> <2>Vpor defectos de fabrica, con la<3>
133759307-> data received from printer:
133759471-> <6>
133759472-> ********************** COMMAND BEGIN **********************
133759472-> data sent to printer:
133759473-> <2>Vpresentacion de esta factura (original),<3>
133759709-> data received from printer:
133759862-> <6>
133759863-> ********************** COMMAND BEGIN **********************
133759863-> data sent to printer:
133759863-> <2>Vdentro de los treinta (30) dias<3>
133800087-> data received from printer:
133800252-> <6>
133800253-> ********************** COMMAND BEGIN **********************
133800253-> data sent to printer:
133800253-> <2>Vsiguientes a la emision de la misma.<3>
133800484-> data received from printer:
133800643-> <6>
133800644-> ********************** COMMAND BEGIN **********************
133800644-> data sent to printer:
133800644-> <2>Y0<3>
133800694-> data received from printer:
133800974-> <2>SENIAT    J-316292649    1600*800*3100*2          Bs.0TIY1900001310520230816*300<3><6>
133800975-> ********************** COMMAND BEGIN **********************
133800975-> data sent to printer:
133800975-> <2>S<3>
133800983-> data received from printer:
133801139-> <21>
133801140-> ********************** COMMAND BEGIN **********************
133801140-> data sent to printer:
133801140-> <2>M<3>
133802488-> data received from printer:
133802640-> <6>
134504989-> OPEN PORT: COM1@9600
134505031-> ********************** COMMAND BEGIN **********************
134505031-> data sent to printer:
134505032-> <2>Q<3>
134505039-> data received from printer:
134505205-> <21>
134505206-> ********************** COMMAND BEGIN **********************
134505206-> data sent to printer:
134505207-> <2>M<3>
134505214-> data received from printer:
134505371-> <21>
134532602-> OPEN PORT: COM1@9600
134532644-> ********************** COMMAND BEGIN **********************
134532645-> data sent to printer:
134532646-> <2>Q<3>
134532653-> data received from printer:
134532806-> <21>
134532807-> ********************** COMMAND BEGIN **********************
134532807-> data sent to printer:
134532808-> <2>M<3>
134532815-> data received from printer:
134532972-> <21>
134537082-> OPEN PORT: COM1@9600
134537122-> OPEN PORT: COM1@9600
134537123-> ********************** COMMAND BEGIN **********************
134537123-> data sent to printer:
134537124-> <2>L&1<3>
134538797-> data received from printer:
134538954-> <2>2553*2540<3><6>
134538955-> ********************** COMMAND BEGIN **********************
134538955-> data sent to printer:
134538955-> <2>VRazon Social: Sebatian Malpica<3>
134539180-> data received from printer:
134539344-> <6>
134539345-> ********************** COMMAND BEGIN **********************
134539345-> data sent to printer:
134539346-> <2>VCI/Rif: V-32030387<3>
134539554-> data received from printer:
134539719-> <6>
134539720-> ********************** COMMAND BEGIN **********************
134539720-> data sent to printer:
134539721-> <2>V----------------------------------------<3>
134539953-> data received from printer:
134540109-> <6>
134540110-> ********************** COMMAND BEGIN **********************
134540110-> data sent to printer:
134540111-> <2>VC000019 VISION SENCILLA ANTIREFLEJO TERM<3>
134540345-> data received from printer:
134540499-> <6>
134540500-> ********************** COMMAND BEGIN **********************
134540500-> data sent to printer:
134540500-> <2>V <3>
134540690-> data received from printer:
134540845-> <6>
134540846-> ********************** COMMAND BEGIN **********************
134540846-> data sent to printer:
134540846-> <2>N12,000xBs448,47      00000896940<3>
134541120-> data received from printer:
134541281-> <6>
134541281-> ********************** COMMAND BEGIN **********************
134541282-> data sent to printer:
134541282-> <2>VS000106 SERVICIO MONTURA PROPIA<3>
134541509-> data received from printer:
134541671-> <6>
134541672-> ********************** COMMAND BEGIN **********************
134541672-> data sent to printer:
134541672-> <2>N11,000xBs365,42      00000365421<3>
134541951-> data received from printer:
134542106-> <6>
134542107-> ********************** COMMAND BEGIN **********************
134542107-> data sent to printer:
134542108-> <2>VA000004 GARANTIA EXTENDIDA<3>
134542327-> data received from printer:
134542481-> <6>
134542482-> ********************** COMMAND BEGIN **********************
134542482-> data sent to printer:
134542482-> <2>N11,000xBs134,54      00000134541<3>
134542764-> data received from printer:
134542916-> <6>
134543198-> ********************** COMMAND BEGIN **********************
134543199-> data sent to printer:
134543200-> <2>OT146690<0><0><0><0><0><128><145><213><3>
134544466-> data received from printer:
134544619-> <2>152090<3><6>
134544626-> ********************** COMMAND BEGIN **********************
134544626-> data sent to printer:
134544626-> <2>P111/09/2023 EFECTIVO 000000001000<3>
134544894-> data received from printer:
134545055-> <6>
134545056-> ********************** COMMAND BEGIN **********************
134545056-> data sent to printer:
134545056-> <2>P1DIVISAS             000000146690<3>
134545326-> data received from printer:
134545490-> <6>
134545491-> ********************** COMMAND BEGIN **********************
134545491-> data sent to printer:
134545492-> <2>V<3>
134545682-> data received from printer:
134545836-> <6>
134545837-> ********************** COMMAND BEGIN **********************
134545837-> data sent to printer:
134545837-> <2>VNumero Orden: 0069411<3>
134546051-> data received from printer:
134546212-> <6>
134546213-> ********************** COMMAND BEGIN **********************
134546213-> data sent to printer:
134546213-> <2>V<3>
134546441-> data received from printer:
134546603-> <6>
134546616-> ********************** COMMAND BEGIN **********************
134546617-> data sent to printer:
134546617-> <2>V*Contrato de Garantia Extendida para<3>
134546847-> data received from printer:
134547008-> <6>
134547008-> ********************** COMMAND BEGIN **********************
134547009-> data sent to printer:
134547009-> <2>V      Cristales Formulados:<3>
134547232-> data received from printer:
134547398-> <6>
134547399-> ********************** COMMAND BEGIN **********************
134547399-> data sent to printer:
134547399-> <2>V <3>
134548232-> data received from printer:
134548388-> <6>
134548389-> ********************** COMMAND BEGIN **********************
134548389-> data sent to printer:
134548389-> <2>VOD: ESF -1,25 EJE 85 CIL -1,00 ADD 0,00<3>
134548621-> data received from printer:
134548779-> <6>
134548780-> ********************** COMMAND BEGIN **********************
134548780-> data sent to printer:
134548780-> <2>VOI: ESF -1,50 EJE 80 CIL -1,25 ADD 0,00<3>
134549013-> data received from printer:
134549169-> <6>
134549169-> ********************** COMMAND BEGIN **********************
134549170-> data sent to printer:
134549170-> <2>V <3>
134549366-> data received from printer:
134549530-> <6>
134549530-> ********************** COMMAND BEGIN **********************
134549531-> data sent to printer:
134549531-> <2>VCondiciones legales en el Contrato<3>
134549757-> data received from printer:
134549919-> <6>
134549919-> ********************** COMMAND BEGIN **********************
134549920-> data sent to printer:
134549920-> <2>VSuscrito.<3>
134550123-> data received from printer:
134550280-> <6>
134550281-> ********************** COMMAND BEGIN **********************
134550281-> data sent to printer:
134550281-> <2>V <3>
134550477-> data received from printer:
134550640-> <6>
134550644-> ********************** COMMAND BEGIN **********************
134550645-> data sent to printer:
134550645-> <2>V<161><161><161>GRACIAS POR SU COMPRA!!!<3>
134550864-> data received from printer:
134551015-> <6>
134551015-> ********************** COMMAND BEGIN **********************
134551016-> data sent to printer:
134551016-> <2>VSolo se aceptaran devoluciones<3>
134551240-> data received from printer:
134551391-> <6>
134551391-> ********************** COMMAND BEGIN **********************
134551392-> data sent to printer:
134551392-> <2>Vpor defectos de fabrica, con la<3>
134551653-> data received from printer:
134551811-> <6>
134551812-> ********************** COMMAND BEGIN **********************
134551812-> data sent to printer:
134551812-> <2>Vpresentacion de esta factura (original),<3>
134552046-> data received from printer:
134552202-> <6>
134552203-> ********************** COMMAND BEGIN **********************
134552203-> data sent to printer:
134552203-> <2>Vdentro de los treinta (30) dias<3>
134552430-> data received from printer:
134552593-> <6>
134552594-> ********************** COMMAND BEGIN **********************
134552594-> data sent to printer:
134552594-> <2>Vsiguientes a la emision de la misma.<3>
134552822-> data received from printer:
134552983-> <6>
134552984-> ********************** COMMAND BEGIN **********************
134552984-> data sent to printer:
134552985-> <2>Y0<3>
134553034-> data received from printer:
134553314-> <2>SENIAT    J-316292649    1600*800*3100*2          Bs.0TIY1900001310520230824*300<3><6>
134553315-> ********************** COMMAND BEGIN **********************
134553315-> data sent to printer:
134553315-> <2>S<3>
134553323-> data received from printer:
134553479-> <21>
134553480-> ********************** COMMAND BEGIN **********************
134553480-> data sent to printer:
134553481-> <2>M<3>
134554794-> data received from printer:
134554949-> <6>
134638260-> OPEN PORT: COM1@9600
134638723-> ********************** COMMAND BEGIN **********************
134638724-> data sent to printer:
134638724-> <2>S<3>
134639082-> data received from printer:
134639248-> <6>
134639827-> ********************** COMMAND BEGIN **********************
134639828-> data sent to printer:
134639828-> <2>V----------------------------------------<3>
134640737-> data received from printer:
134640894-> <6>
134641792-> ********************** COMMAND BEGIN **********************
134641793-> data sent to printer:
134641793-> <2>V <3>
134641985-> data received from printer:
134642146-> <6>
134642384-> ********************** COMMAND BEGIN **********************
134642385-> data sent to printer:
134642385-> <2>VOs: 0069411<3>
134642637-> data received from printer:
134642802-> <6>
134643244-> ********************** COMMAND BEGIN **********************
134643244-> data sent to printer:
134643245-> <2>VFactura:  0002553<3>
134643456-> data received from printer:
134643612-> <6>
134643939-> ********************** COMMAND BEGIN **********************
134643940-> data sent to printer:
134643940-> <2>VCorrelativo: 0000003<3>
134644152-> data received from printer:
134644303-> <6>
134644629-> ********************** COMMAND BEGIN **********************
134644630-> data sent to printer:
134644630-> <2>VNombre de la sucursal: MILLENNIUM MALL<3>
134644862-> data received from printer:
134645021-> <6>
134645302-> ********************** COMMAND BEGIN **********************
134645302-> data sent to printer:
134645303-> <2>VCliente: V-32030387<3>
134645565-> data received from printer:
134645721-> <6>
134646296-> ********************** COMMAND BEGIN **********************
134646296-> data sent to printer:
134646297-> <2>VTelefono: 0424-1265113<3>
134646510-> data received from printer:
134646673-> <6>
134647045-> ********************** COMMAND BEGIN **********************
134647045-> data sent to printer:
134647046-> <2>VBanco: MERCANTIL<3>
134647255-> data received from printer:
134647410-> <6>
134647786-> ********************** COMMAND BEGIN **********************
134647787-> data sent to printer:
134647787-> <2>VMonto:    382,31<3>
134647998-> data received from printer:
134648160-> <6>
134648592-> ********************** COMMAND BEGIN **********************
134648593-> data sent to printer:
134648593-> <2>V <3>
134648833-> data received from printer:
134648985-> <6>
134649424-> ********************** COMMAND BEGIN **********************
134649425-> data sent to printer:
134649425-> <2>V----------------------------------------<3>
134649660-> data received from printer:
134649813-> <6>
134650687-> ********************** COMMAND BEGIN **********************
134650687-> data sent to printer:
134650688-> <2>T<3>
134651078-> data received from printer:
134651235-> <6>
135047781-> OPEN PORT: COM1@9600
135047825-> ********************** COMMAND BEGIN **********************
135047826-> data sent to printer:
135047827-> <2>Q<3>
135047835-> data received from printer:
135047994-> <21>
135047995-> ********************** COMMAND BEGIN **********************
135047995-> data sent to printer:
135047995-> <2>M<3>
135048003-> data received from printer:
135048160-> <21>
142527747-> OPEN PORT: COM1@9600
142527813-> ********************** COMMAND BEGIN **********************
142527813-> data sent to printer:
142527814-> <2>L&2<3>
142529446-> data received from printer:
142529604-> <2>150*110<3><6>
142529605-> ********************** COMMAND BEGIN **********************
142529606-> data sent to printer:
142529606-> <2>VRazon Social: YUMIRA FERNANDEZ <3>
142529867-> data received from printer:
142530024-> <6>
142530025-> ********************** COMMAND BEGIN **********************
142530025-> data sent to printer:
142530026-> <2>VCI/Rif: V6469005<3>
142530231-> data received from printer:
142530384-> <6>
142530392-> ********************** COMMAND BEGIN **********************
142530393-> data sent to printer:
142530393-> <2>VDatos del Documento Original:<3>
142530615-> data received from printer:
142530774-> <6>
142530775-> ********************** COMMAND BEGIN **********************
142530775-> data sent to printer:
142530776-> <2>VNumero: 0001542<3>
142530983-> data received from printer:
142531149-> <6>
142531149-> ********************** COMMAND BEGIN **********************
142531150-> data sent to printer:
142531150-> <2>VFecha: 06/09/2023<3>
142531357-> data received from printer:
142531510-> <6>
142531511-> ********************** COMMAND BEGIN **********************
142531511-> data sent to printer:
142531511-> <2>VSerial Fiscal: TIX2290065<3>
142531729-> data received from printer:
142531885-> <6>
142531886-> ********************** COMMAND BEGIN **********************
142531886-> data sent to printer:
142531887-> <2>V----------------------------------------<3>
142532121-> data received from printer:
142532276-> <6>
142532712-> ********************** COMMAND BEGIN **********************
142532713-> data sent to printer:
142532713-> <2>VM162634 CPCLCDES1190952TR<3>
142532928-> data received from printer:
142533087-> <6>
142533088-> ********************** COMMAND BEGIN **********************
142533088-> data sent to printer:
142533089-> <2>R11,000xBs0,01        00000000011<3>
142533368-> data received from printer:
142533522-> <6>
142533523-> ********************** COMMAND BEGIN **********************
142533523-> data sent to printer:
142533524-> <2>VC000004 KRIPTOK INVISIBLE <3>
142533745-> data received from printer:
142533897-> <6>
142533898-> ********************** COMMAND BEGIN **********************
142533898-> data sent to printer:
142533898-> <2>R12,000xBs658,77      00001317540<3>
142534173-> data received from printer:
142534332-> <6>
142534332-> ********************** COMMAND BEGIN **********************
142534333-> data sent to printer:
142534333-> <2>VA000004 GARANTIA EXTENDIDA<3>
142534553-> data received from printer:
142534707-> <6>
142534707-> ********************** COMMAND BEGIN **********************
142534708-> data sent to printer:
142534708-> <2>R11,000xBs237,16      00000237161<3>
142535024-> data received from printer:
142535188-> <6>
142535498-> ********************** COMMAND BEGIN **********************
142535498-> data sent to printer:
142535499-> <2>O1<3>
142536594-> data received from printer:
142536759-> <2>159266<3><6>
142536760-> ********************** COMMAND BEGIN **********************
142536760-> data sent to printer:
142536761-> <2>VMonto Disponible:  1638,38<3>
142536978-> data received from printer:
142537134-> <6>
142537136-> ********************** COMMAND BEGIN **********************
142537136-> data sent to printer:
142537136-> <2>Y0<3>
142537186-> data received from printer:
142537466-> <2>SENIAT    J-316292649    1600*800*3100*2          Bs.0TIY1900001310520230904*300<3><6>
142537467-> ********************** COMMAND BEGIN **********************
142537468-> data sent to printer:
142537468-> <2>S<3>
142537476-> data received from printer:
142537631-> <21>
142537632-> ********************** COMMAND BEGIN **********************
142537632-> data sent to printer:
142537632-> <2>M<3>
142538954-> data received from printer:
142539117-> <6>
143112523-> OPEN PORT: COM1@9600
143112563-> ********************** COMMAND BEGIN **********************
143112563-> data sent to printer:
143112563-> <2>L&2<3>
143114232-> data received from printer:
143114390-> <2>151*110<3><6>
143114390-> ********************** COMMAND BEGIN **********************
143114391-> data sent to printer:
143114391-> <2>VRazon Social: YUMIRA FERNANDEZ <3>
143114614-> data received from printer:
143114766-> <6>
143114767-> ********************** COMMAND BEGIN **********************
143114767-> data sent to printer:
143114767-> <2>VCI/Rif: V6469005<3>
143114977-> data received from printer:
143115142-> <6>
143115143-> ********************** COMMAND BEGIN **********************
143115143-> data sent to printer:
143115143-> <2>VDatos del Documento Original:<3>
143115363-> data received from printer:
143115517-> <6>
143115518-> ********************** COMMAND BEGIN **********************
143115518-> data sent to printer:
143115519-> <2>VNumero: 0001542<3>
143115726-> data received from printer:
143115877-> <6>
143115878-> ********************** COMMAND BEGIN **********************
143115878-> data sent to printer:
143115879-> <2>VFecha: 06/09/2023<3>
143116089-> data received from printer:
143116253-> <6>
143116254-> ********************** COMMAND BEGIN **********************
143116254-> data sent to printer:
143116254-> <2>VSerial Fiscal: TIX2290065<3>
143116470-> data received from printer:
143116629-> <6>
143116629-> ********************** COMMAND BEGIN **********************
143116630-> data sent to printer:
143116630-> <2>V----------------------------------------<3>
143116863-> data received from printer:
143117019-> <6>
143117244-> ********************** COMMAND BEGIN **********************
143117245-> data sent to printer:
143117246-> <2>VM162634 CPCLCDES1190952TR<3>
143117465-> data received from printer:
143117626-> <6>
143117627-> ********************** COMMAND BEGIN **********************
143117627-> data sent to printer:
143117627-> <2>R11,000xBs0,01        00000000011<3>
143117905-> data received from printer:
143118061-> <6>
143118062-> ********************** COMMAND BEGIN **********************
143118062-> data sent to printer:
143118062-> <2>VC000004 KRIPTOK INVISIBLE <3>
143118320-> data received from printer:
143118481-> <6>
143118482-> ********************** COMMAND BEGIN **********************
143118482-> data sent to printer:
143118483-> <2>R12,000xBs658,77      00001317540<3>
143118757-> data received from printer:
143118916-> <6>
143118917-> ********************** COMMAND BEGIN **********************
143118917-> data sent to printer:
143118917-> <2>VA000004 GARANTIA EXTENDIDA<3>
143119137-> data received from printer:
143119291-> <6>
143119291-> ********************** COMMAND BEGIN **********************
143119292-> data sent to printer:
143119292-> <2>R11,000xBs237,16      00000237161<3>
143119574-> data received from printer:
143119727-> <6>
143120002-> ********************** COMMAND BEGIN **********************
143120003-> data sent to printer:
143120003-> <2>O1<3>
143121093-> data received from printer:
143121252-> <2>159266<3><6>
143121252-> ********************** COMMAND BEGIN **********************
143121253-> data sent to printer:
143121253-> <2>VMonto Disponible:  1638,38<3>
143121508-> data received from printer:
143121673-> <6>
143121673-> ********************** COMMAND BEGIN **********************
143121674-> data sent to printer:
143121674-> <2>Y0<3>
143121724-> data received from printer:
143122004-> <2>SENIAT    J-316292649    1600*800*3100*2          Bs.0TIY1900001310520230909*300<3><6>
143122005-> ********************** COMMAND BEGIN **********************
143122005-> data sent to printer:
143122006-> <2>S<3>
143122013-> data received from printer:
143122170-> <21>
143122171-> ********************** COMMAND BEGIN **********************
143122171-> data sent to printer:
143122171-> <2>M<3>
143123460-> data received from printer:
143123613-> <6>
143259772-> OPEN PORT: COM1@9600
143259813-> ********************** COMMAND BEGIN **********************
143259814-> data sent to printer:
143259814-> <2>L&2<3>
143301481-> data received from printer:
143301635-> <2>152*110<3><6>
143301636-> ********************** COMMAND BEGIN **********************
143301636-> data sent to printer:
143301637-> <2>VRazon Social: YUMIRA FERNANDEZ <3>
143301858-> data received from printer:
143302010-> <6>
143302011-> ********************** COMMAND BEGIN **********************
143302011-> data sent to printer:
143302012-> <2>VCI/Rif: V6469005<3>
143302219-> data received from printer:
143302385-> <6>
143302386-> ********************** COMMAND BEGIN **********************
143302386-> data sent to printer:
143302386-> <2>VDatos del Documento Original:<3>
143302609-> data received from printer:
143302775-> <6>
143302776-> ********************** COMMAND BEGIN **********************
143302776-> data sent to printer:
143302776-> <2>VNumero: 0001542<3>
143302981-> data received from printer:
143303135-> <6>
143303136-> ********************** COMMAND BEGIN **********************
143303136-> data sent to printer:
143303137-> <2>VFecha: 06/09/2023<3>
143303346-> data received from printer:
143303511-> <6>
143303511-> ********************** COMMAND BEGIN **********************
143303512-> data sent to printer:
143303512-> <2>VSerial Fiscal: TIX2290065<3>
143303765-> data received from printer:
143303917-> <6>
143303918-> ********************** COMMAND BEGIN **********************
143303918-> data sent to printer:
143303918-> <2>V----------------------------------------<3>
143304151-> data received from printer:
143304307-> <6>
143304534-> ********************** COMMAND BEGIN **********************
143304536-> data sent to printer:
143304540-> <2>VM162634 CPCLCDES1190952TR<3>
143304761-> data received from printer:
143304914-> <6>
143304915-> ********************** COMMAND BEGIN **********************
143304915-> data sent to printer:
143304915-> <2>R11,000xBs0,01        00000000011<3>
143305192-> data received from printer:
143305349-> <6>
143305350-> ********************** COMMAND BEGIN **********************
143305350-> data sent to printer:
143305350-> <2>VC000004 KRIPTOK INVISIBLE <3>
143305570-> data received from printer:
143305724-> <6>
143305725-> ********************** COMMAND BEGIN **********************
143305725-> data sent to printer:
143305725-> <2>R12,000xBs658,77      00001317540<3>
143306004-> data received from printer:
143306159-> <6>
143306160-> ********************** COMMAND BEGIN **********************
143306160-> data sent to printer:
143306161-> <2>VA000004 GARANTIA EXTENDIDA<3>
143306379-> data received from printer:
143306534-> <6>
143306535-> ********************** COMMAND BEGIN **********************
143306535-> data sent to printer:
143306535-> <2>R11,000xBs237,16      00000237161<3>
143306815-> data received from printer:
143306970-> <6>
143307248-> ********************** COMMAND BEGIN **********************
143307249-> data sent to printer:
143307249-> <2>O1<3>
143309014-> data received from printer:
143309171-> <2>159266<3><6>
143309171-> ********************** COMMAND BEGIN **********************
143309172-> data sent to printer:
143309172-> <2>VMonto Disponible:  1638,38<3>
143309394-> data received from printer:
143309546-> <6>
143309547-> ********************** COMMAND BEGIN **********************
143309547-> data sent to printer:
143309548-> <2>Y0<3>
143309597-> data received from printer:
143309876-> <2>SENIAT    J-316292649    1600*800*3100*2          Bs.0TIY1900001310520230911*300<3><6>
143309876-> ********************** COMMAND BEGIN **********************
143309877-> data sent to printer:
143309877-> <2>S<3>
143309885-> data received from printer:
143310041-> <21>
143310041-> ********************** COMMAND BEGIN **********************
143310042-> data sent to printer:
143310042-> <2>M<3>
143311322-> data received from printer:
143311482-> <6>
144437159-> OPEN PORT: COM1@9600
144437201-> ********************** COMMAND BEGIN **********************
144437201-> data sent to printer:
144437202-> <2>L&2<3>
144438870-> data received from printer:
144439026-> <2>153*110<3><6>
144439027-> ********************** COMMAND BEGIN **********************
144439027-> data sent to printer:
144439027-> <2>VRazon Social: YUMIRA FERNANDEZ <3>
144439253-> data received from printer:
144439417-> <6>
144439418-> ********************** COMMAND BEGIN **********************
144439418-> data sent to printer:
144439419-> <2>VCI/Rif: V6469005<3>
144439624-> data received from printer:
144439778-> <6>
144439779-> ********************** COMMAND BEGIN **********************
144439779-> data sent to printer:
144439780-> <2>VDatos del Documento Original:<3>
144440038-> data received from printer:
144440198-> <6>
144440199-> ********************** COMMAND BEGIN **********************
144440199-> data sent to printer:
144440199-> <2>VNumero: 0001542<3>
144440404-> data received from printer:
144440559-> <6>
144440559-> ********************** COMMAND BEGIN **********************
144440560-> data sent to printer:
144440560-> <2>VFecha: 06/09/2023<3>
144440769-> data received from printer:
144440919-> <6>
144440920-> ********************** COMMAND BEGIN **********************
144440920-> data sent to printer:
144440920-> <2>VSerial Fiscal: TIX2290065<3>
144441139-> data received from printer:
144441294-> <6>
144441295-> ********************** COMMAND BEGIN **********************
144441295-> data sent to printer:
144441295-> <2>V----------------------------------------<3>
144442184-> data received from printer:
144442345-> <6>
144442571-> ********************** COMMAND BEGIN **********************
144442572-> data sent to printer:
144442572-> <2>VM162634 CPCLCDES1190952TR<3>
144442788-> data received from printer:
144442953-> <6>
144442953-> ********************** COMMAND BEGIN **********************
144442954-> data sent to printer:
144442954-> <2>R11,000xBs0,01        00000000011<3>
144443233-> data received from printer:
144443389-> <6>
144443389-> ********************** COMMAND BEGIN **********************
144443390-> data sent to printer:
144443390-> <2>VC000004 KRIPTOK INVISIBLE <3>
144443611-> data received from printer:
144443765-> <6>
144443765-> ********************** COMMAND BEGIN **********************
144443766-> data sent to printer:
144443766-> <2>R12,000xBs658,77      00001317540<3>
144444041-> data received from printer:
144444201-> <6>
144444201-> ********************** COMMAND BEGIN **********************
144444202-> data sent to printer:
144444202-> <2>VA000004 GARANTIA EXTENDIDA<3>
144444422-> data received from printer:
144444577-> <6>
144444577-> ********************** COMMAND BEGIN **********************
144444578-> data sent to printer:
144444578-> <2>R11,000xBs237,16      00000237161<3>
144444860-> data received from printer:
144445013-> <6>
144445289-> ********************** COMMAND BEGIN **********************
144445291-> data sent to printer:
144445293-> <2>O1<3>
144446420-> data received from printer:
144446581-> <2>159266<3><6>
144446582-> ********************** COMMAND BEGIN **********************
144446582-> data sent to printer:
144446583-> <2>VMonto Disponible:  1638,38<3>
144446801-> data received from printer:
144446956-> <6>
144446957-> ********************** COMMAND BEGIN **********************
144446957-> data sent to printer:
144446957-> <2>Y0<3>
144447008-> data received from printer:
144447288-> <2>SENIAT    J-316292649    1600*800*3100*2          Bs.0TIY1900001310520230923*300<3><6>
144447288-> ********************** COMMAND BEGIN **********************
144447289-> data sent to printer:
144447289-> <2>S<3>
144447297-> data received from printer:
144447454-> <21>
144447454-> ********************** COMMAND BEGIN **********************
144447455-> data sent to printer:
144447455-> <2>M<3>
144448774-> data received from printer:
144448925-> <6>
