130126163-> OPEN PORT: COM1@9600
130135106-> ********************** COMMAND BEGIN **********************
130135107-> data sent to printer:
130135108-> <2>L&2<3>
130141163-> No reponse from printer
130141164-> ********************** COMMAND BEGIN **********************
130141164-> data sent to printer:
130141164-> <2>VRazon Social: MARIA PENA<3>
130145229-> No reponse from printer
130154952-> ********************** COMMAND BEGIN **********************
130154952-> data sent to printer:
130154953-> <2>Q<3>
130201004-> No reponse from printer
130204374-> ********************** COMMAND BEGIN **********************
130204408-> data sent to printer:
130204408-> <2>M<3>
130249461-> No reponse from printer
130534668-> OPEN PORT: COM1@9600
130631199-> ********************** COMMAND BEGIN **********************
130631200-> data sent to printer:
130631200-> <2>L&2<3>
130637264-> No reponse from printer
130637265-> ********************** COMMAND BEGIN **********************
130637265-> data sent to printer:
130637265-> <2>VRazon Social: MARIA PENA<3>
130641329-> No reponse from printer
130648906-> ********************** COMMAND BEGIN **********************
130648906-> data sent to printer:
130648907-> <2>Q<3>
130654968-> No reponse from printer
130654969-> ********************** COMMAND BEGIN **********************
130654969-> data sent to printer:
130654969-> <2>M<3>
130740029-> No reponse from printer
144020805-> OPEN PORT: COM1@9600
144404457-> ********************** COMMAND BEGIN **********************
144404457-> data sent to printer:
144404457-> <2>L&2<3>
144410521-> No reponse from printer
144410521-> ********************** COMMAND BEGIN **********************
144410522-> data sent to printer:
144410522-> <2>VRazon Social: MARIA PENA<3>
144414586-> No reponse from printer
144418531-> ********************** COMMAND BEGIN **********************
144418531-> data sent to printer:
144418531-> <2>Q<3>
144424583-> No reponse from printer
144424583-> ********************** COMMAND BEGIN **********************
144424584-> data sent to printer:
144424584-> <2>M<3>
144509642-> No reponse from printer
144910245-> OPEN PORT: COM1@9600
144927747-> ********************** COMMAND BEGIN **********************
144927747-> data sent to printer:
144927747-> <2>L&2<3>
144933800-> No reponse from printer
144933800-> ********************** COMMAND BEGIN **********************
144933801-> data sent to printer:
144933801-> <2>VRazon Social: JOSE SARDINHA<3>
144937865-> No reponse from printer
144941028-> ********************** COMMAND BEGIN **********************
144941028-> data sent to printer:
144941029-> <2>Q<3>
144947087-> No reponse from printer
144947087-> ********************** COMMAND BEGIN **********************
144947088-> data sent to printer:
144947088-> <2>M<3>
145032147-> No reponse from printer
145157648-> OPEN PORT: COM1@9600
145505804-> ********************** COMMAND BEGIN **********************
145505805-> data sent to printer:
145505805-> <2>L&2<3>
145511863-> No reponse from printer
145511863-> ********************** COMMAND BEGIN **********************
145511864-> data sent to printer:
145511864-> <2>VRazon Social: MARIA PENA<3>
145515929-> No reponse from printer
145524388-> ********************** COMMAND BEGIN **********************
145524388-> data sent to printer:
145524389-> <2>Q<3>
145530450-> No reponse from printer
145530450-> ********************** COMMAND BEGIN **********************
145530451-> data sent to printer:
145530451-> <2>M<3>
145615508-> No reponse from printer
145631969-> OPEN PORT: COM1@9600
145658170-> ********************** COMMAND BEGIN **********************
145658170-> data sent to printer:
145658170-> <2>L&2<3>
145704231-> No reponse from printer
145704231-> ********************** COMMAND BEGIN **********************
145704232-> data sent to printer:
145704232-> <2>VRazon Social: MARIA PENA<3>
145708296-> No reponse from printer
145716899-> ********************** COMMAND BEGIN **********************
145716900-> data sent to printer:
145716900-> <2>Q<3>
145722960-> No reponse from printer
145755565-> OPEN PORT: COM1@9600
145815697-> ********************** COMMAND BEGIN **********************
145815697-> data sent to printer:
145815697-> <2>L&2<3>
145821754-> No reponse from printer
145821755-> ********************** COMMAND BEGIN **********************
145821755-> data sent to printer:
145821755-> <2>VRazon Social: MARIA PENA<3>
145825820-> No reponse from printer
145836825-> ********************** COMMAND BEGIN **********************
145836826-> data sent to printer:
145836827-> <2>Q<3>
145842890-> No reponse from printer
145845050-> ********************** COMMAND BEGIN **********************
145845050-> data sent to printer:
145845051-> <2>M<3>
145930102-> No reponse from printer
145942441-> OPEN PORT: COM1@9600
145942482-> ********************** COMMAND BEGIN **********************
145942483-> data sent to printer:
145942483-> <2>L&2<3>
145948535-> No reponse from printer
145948536-> ********************** COMMAND BEGIN **********************
145948536-> data sent to printer:
145948537-> <2>VRazon Social: MARIA PENA<3>
145952601-> No reponse from printer
145952602-> ********************** COMMAND BEGIN **********************
145952602-> data sent to printer:
145952602-> <2>Q<3>
145958660-> No reponse from printer
145958660-> ********************** COMMAND BEGIN **********************
145958661-> data sent to printer:
145958661-> <2>M<3>
150210186-> OPEN PORT: COM1@9600
150229367-> ********************** COMMAND BEGIN **********************
150229368-> data sent to printer:
150229368-> <2>L&2<3>
150235425-> No reponse from printer
150235426-> ********************** COMMAND BEGIN **********************
150235426-> data sent to printer:
150235426-> <2>VRazon Social: MARIA PENA<3>
150239492-> No reponse from printer
150244894-> ********************** COMMAND BEGIN **********************
150244895-> data sent to printer:
150244895-> <2>Q<3>
150250956-> No reponse from printer
150250957-> ********************** COMMAND BEGIN **********************
150250957-> data sent to printer:
150250957-> <2>M<3>
150336015-> No reponse from printer
150400192-> OPEN PORT: COM1@9600
150402644-> ********************** COMMAND BEGIN **********************
150402645-> data sent to printer:
150402646-> <2>L&2<3>
150408703-> No reponse from printer
150408704-> ********************** COMMAND BEGIN **********************
150408704-> data sent to printer:
150408704-> <2>VRazon Social: MARIA PENA<3>
150412768-> No reponse from printer
150416676-> ********************** COMMAND BEGIN **********************
150416676-> data sent to printer:
150416677-> <2>Q<3>
150422731-> No reponse from printer
150422731-> ********************** COMMAND BEGIN **********************
150422732-> data sent to printer:
150422732-> <2>M<3>
150507790-> No reponse from printer
150523980-> OPEN PORT: COM1@9600
150525296-> ********************** COMMAND BEGIN **********************
150525296-> data sent to printer:
150525296-> <2>L&2<3>
150531361-> No reponse from printer
150531361-> ********************** COMMAND BEGIN **********************
150531362-> data sent to printer:
150531362-> <2>VRazon Social: MARIA PENA<3>
150535426-> No reponse from printer
150538579-> ********************** COMMAND BEGIN **********************
150538580-> data sent to printer:
150538580-> <2>Q<3>
150544642-> No reponse from printer
150544643-> ********************** COMMAND BEGIN **********************
150544643-> data sent to printer:
150544643-> <2>M<3>
150629702-> No reponse from printer
150651864-> OPEN PORT: COM1@9600
150651904-> ********************** COMMAND BEGIN **********************
150651904-> data sent to printer:
150651904-> <2>L&2<3>
150657965-> No reponse from printer
150657965-> ********************** COMMAND BEGIN **********************
150657966-> data sent to printer:
150657966-> <2>VRazon Social: MILECETH CARABALLO<3>
150702031-> No reponse from printer
150705362-> ********************** COMMAND BEGIN **********************
150705362-> data sent to printer:
150705363-> <2>L&2<3>
150711416-> No reponse from printer
150711416-> ********************** COMMAND BEGIN **********************
150711417-> data sent to printer:
150711417-> <2>VRazon Social: MARIA PENA<3>
150715482-> No reponse from printer
150728227-> ********************** COMMAND BEGIN **********************
150728227-> data sent to printer:
150728228-> <2>Q<3>
150734279-> No reponse from printer
150734280-> ********************** COMMAND BEGIN **********************
150734280-> data sent to printer:
150734281-> <2>M<3>
150819344-> No reponse from printer
150911195-> OPEN PORT: COM1@9600
150911235-> ********************** COMMAND BEGIN **********************
150911235-> data sent to printer:
150911236-> <2>L&2<3>
150917290-> No reponse from printer
150917290-> ********************** COMMAND BEGIN **********************
150917291-> data sent to printer:
150917291-> <2>VRazon Social: Jesus Antonio Pabon Mavare<3>
150921355-> No reponse from printer
150926120-> ********************** COMMAND BEGIN **********************
150926120-> data sent to printer:
150926121-> <2>Q<3>
150932180-> No reponse from printer
150936163-> ********************** COMMAND BEGIN **********************
150936164-> data sent to printer:
150936164-> <2>M<3>
151021217-> No reponse from printer
