135844526-> OPEN PORT: COM1@9600
135844628-> ********************** COMMAND BEGIN **********************
135844629-> data sent to printer:
135844630-> <2>Q<3>
135844638-> data received from printer:
135844793-> <21>
135844794-> ********************** COMMAND BEGIN **********************
135844794-> data sent to printer:
135844795-> <2>M<3>
135844802-> data received from printer:
135844959-> <21>
161923553-> OPEN PORT: COM1@9600
161923671-> ********************** COMMAND BEGIN **********************
161923671-> data sent to printer:
161923672-> <2>Q<3>
161923679-> data received from printer:
161923846-> <21>
161923847-> ********************** COMMAND BEGIN **********************
161923847-> data sent to printer:
161923848-> <2>M<3>
161923855-> data received from printer:
161924011-> <21>
162004184-> OPEN PORT: COM1@9600
162004224-> ********************** COMMAND BEGIN **********************
162004225-> data sent to printer:
162004225-> <2>Q<3>
162004232-> data received from printer:
162004394-> <21>
162004395-> ********************** COMMAND BEGIN **********************
162004396-> data sent to printer:
162004396-> <2>M<3>
162004404-> data received from printer:
162004560-> <21>
162145115-> OPEN PORT: COM1@9600
162145156-> ********************** COMMAND BEGIN **********************
162145156-> data sent to printer:
162145157-> <2>Q<3>
162145164-> data received from printer:
162145324-> <21>
162145325-> ********************** COMMAND BEGIN **********************
162145326-> data sent to printer:
162145326-> <2>M<3>
162145334-> data received from printer:
162145489-> <21>
162148388-> OPEN PORT: COM1@9600
162148428-> OPEN PORT: COM1@9600
162148450-> ********************** COMMAND BEGIN **********************
162148450-> data sent to printer:
162148450-> <2>L&1<3>
162150124-> data received from printer:
162150286-> <2>2650*2643<3><6>
162150287-> ********************** COMMAND BEGIN **********************
162150288-> data sent to printer:
162150288-> <2>VRazon Social: Ethel Pineda<3>
162150509-> data received from printer:
162150661-> <6>
162150661-> ********************** COMMAND BEGIN **********************
162150662-> data sent to printer:
162150662-> <2>VCI/Rif: V-12659799<3>
162150871-> data received from printer:
162151036-> <6>
162151037-> ********************** COMMAND BEGIN **********************
162151037-> data sent to printer:
162151038-> <2>V----------------------------------------<3>
162151271-> data received from printer:
162151427-> <6>
162151451-> ********************** COMMAND BEGIN **********************
162151451-> data sent to printer:
162151452-> <2>VA000004 GARANTIA EXTENDIDA<3>
162151672-> data received from printer:
162151832-> <6>
162151833-> ********************** COMMAND BEGIN **********************
162151833-> data sent to printer:
162151834-> <2>N11,000xBs644,92      00000644921<3>
162152113-> data received from printer:
162152267-> <6>
162152268-> ********************** COMMAND BEGIN **********************
162152268-> data sent to printer:
162152268-> <2>VC000412 RLX ULTRA CR 39 <3>
162152486-> data received from printer:
162152643-> <6>
162152644-> ********************** COMMAND BEGIN **********************
162152644-> data sent to printer:
162152645-> <2>N12,000xBs1504,82     00003009640<3>
162152958-> data received from printer:
162153123-> <6>
162153124-> ********************** COMMAND BEGIN **********************
162153124-> data sent to printer:
162153124-> <2>VM179102 DMCGMW201053BS<3>
162153340-> data received from printer:
162153499-> <6>
162153500-> ********************** COMMAND BEGIN **********************
162153500-> data sent to printer:
162153500-> <2>N11,000xBs1083,90     00001083901<3>
162153783-> data received from printer:
162153935-> <6>
162157524-> ********************** COMMAND BEGIN **********************
162157525-> data sent to printer:
162157525-> <2>OT501521<0><0><0><0><0><128><188><135><3>
162158762-> data received from printer:
162158916-> <2>516552<3><6>
162200721-> ********************** COMMAND BEGIN **********************
162200721-> data sent to printer:
162200722-> <2>P1DIVISAS             000000501521<3>
162200988-> data received from printer:
162201143-> <6>
162201741-> ********************** COMMAND BEGIN **********************
162201742-> data sent to printer:
162201742-> <2>V<3>
162201973-> data received from printer:
162202136-> <6>
162202136-> ********************** COMMAND BEGIN **********************
162202137-> data sent to printer:
162202137-> <2>VNumero Orden: 0050772<3>
162202351-> data received from printer:
162202512-> <6>
162202513-> ********************** COMMAND BEGIN **********************
162202513-> data sent to printer:
162202513-> <2>V<3>
162202706-> data received from printer:
162202858-> <6>
162202914-> ********************** COMMAND BEGIN **********************
162202914-> data sent to printer:
162202915-> <2>V*Contrato de Garantia Extendida para<3>
162203147-> data received from printer:
162203309-> <6>
162203310-> ********************** COMMAND BEGIN **********************
162203310-> data sent to printer:
162203310-> <2>V      Cristales Formulados:<3>
162203530-> data received from printer:
162203685-> <6>
162203686-> ********************** COMMAND BEGIN **********************
162203686-> data sent to printer:
162203686-> <2>V <3>
162203881-> data received from printer:
162204045-> <6>
162204046-> ********************** COMMAND BEGIN **********************
162204046-> data sent to printer:
162204047-> <2>VOD: ESF 0,75 EJE 25 CIL -0,25 ADD 2,25<3>
162204281-> data received from printer:
162204436-> <6>
162204436-> ********************** COMMAND BEGIN **********************
162204437-> data sent to printer:
162204437-> <2>VOI: ESF 0,50 EJE 0 CIL 0,00 ADD 2,25<3>
162204666-> data received from printer:
162204827-> <6>
162204827-> ********************** COMMAND BEGIN **********************
162204828-> data sent to printer:
162204828-> <2>V <3>
162205022-> data received from printer:
162205188-> <6>
162205189-> ********************** COMMAND BEGIN **********************
162205189-> data sent to printer:
162205190-> <2>VCondiciones legales en el Contrato<3>
162205420-> data received from printer:
162205578-> <6>
162205578-> ********************** COMMAND BEGIN **********************
162205579-> data sent to printer:
162205579-> <2>VSuscrito.<3>
162205780-> data received from printer:
162205938-> <6>
162205939-> ********************** COMMAND BEGIN **********************
162205939-> data sent to printer:
162205939-> <2>V <3>
162206133-> data received from printer:
162206284-> <6>
162206307-> ********************** COMMAND BEGIN **********************
162206307-> data sent to printer:
162206308-> <2>V<161><161><161>GRACIAS POR SU COMPRA!!!<3>
162206564-> data received from printer:
162206720-> <6>
162206721-> ********************** COMMAND BEGIN **********************
162206721-> data sent to printer:
162206721-> <2>VSolo se aceptaran devoluciones<3>
162206946-> data received from printer:
162207096-> <6>
162207097-> ********************** COMMAND BEGIN **********************
162207097-> data sent to printer:
162207097-> <2>Vpor defectos de fabrica, con la<3>
162207325-> data received from printer:
162207486-> <6>
162207487-> ********************** COMMAND BEGIN **********************
162207487-> data sent to printer:
162207488-> <2>Vpresentacion de esta factura (original),<3>
162207720-> data received from printer:
162207876-> <6>
162207877-> ********************** COMMAND BEGIN **********************
162207877-> data sent to printer:
162207877-> <2>Vdentro de los treinta (30) dias<3>
162208747-> data received from printer:
162208912-> <6>
162208913-> ********************** COMMAND BEGIN **********************
162208913-> data sent to printer:
162208914-> <2>Vsiguientes a la emision de la misma.<3>
162209146-> data received from printer:
162209303-> <6>
162209305-> ********************** COMMAND BEGIN **********************
162209305-> data sent to printer:
162209306-> <2>Y0<3>
162209355-> data received from printer:
162209634-> <2>SENIAT    J-316292649    1600*800*3100*2          Bs.0TIY1900001161020230607*300<3><6>
162209653-> ********************** COMMAND BEGIN **********************
162209654-> data sent to printer:
162209654-> <2>S<3>
162209661-> data received from printer:
162209814-> <21>
162209815-> ********************** COMMAND BEGIN **********************
162209815-> data sent to printer:
162209816-> <2>M<3>
162211162-> data received from printer:
162211315-> <6>
162320946-> OPEN PORT: COM1@9600
162320986-> ********************** COMMAND BEGIN **********************
162320987-> data sent to printer:
162320987-> <2>Q<3>
162320995-> data received from printer:
162321148-> <21>
162321149-> ********************** COMMAND BEGIN **********************
162321149-> data sent to printer:
162321150-> <2>M<3>
162321157-> data received from printer:
162321313-> <21>
162323029-> OPEN PORT: COM1@9600
162323069-> OPEN PORT: COM1@9600
162323070-> ********************** COMMAND BEGIN **********************
162323070-> data sent to printer:
162323071-> <2>L&1<3>
162324706-> data received from printer:
162324870-> <2>2651*2643<3><6>
162324871-> ********************** COMMAND BEGIN **********************
162324871-> data sent to printer:
162324871-> <2>VRazon Social: Ethel Pineda<3>
162325125-> data received from printer:
162325290-> <6>
162325290-> ********************** COMMAND BEGIN **********************
162325291-> data sent to printer:
162325291-> <2>VCI/Rif: V-12659799<3>
162325501-> data received from printer:
162325665-> <6>
162325666-> ********************** COMMAND BEGIN **********************
162325666-> data sent to printer:
162325667-> <2>V----------------------------------------<3>
162325901-> data received from printer:
162326056-> <6>
162326057-> ********************** COMMAND BEGIN **********************
162326057-> data sent to printer:
162326057-> <2>VA000004 GARANTIA EXTENDIDA<3>
162326274-> data received from printer:
162326431-> <6>
162326432-> ********************** COMMAND BEGIN **********************
162326433-> data sent to printer:
162326433-> <2>N11,000xBs644,92      00000644921<3>
162326714-> data received from printer:
162326866-> <6>
162326867-> ********************** COMMAND BEGIN **********************
162326867-> data sent to printer:
162326868-> <2>VC000412 RLX ULTRA CR 39 <3>
162327088-> data received from printer:
162327241-> <6>
162327242-> ********************** COMMAND BEGIN **********************
162327242-> data sent to printer:
162327243-> <2>N12,000xBs1504,82     00003009640<3>
162327519-> data received from printer:
162327676-> <6>
162327677-> ********************** COMMAND BEGIN **********************
162327677-> data sent to printer:
162327678-> <2>VM179102 DMCGMW201053BS<3>
162327894-> data received from printer:
162328051-> <6>
162328052-> ********************** COMMAND BEGIN **********************
162328052-> data sent to printer:
162328052-> <2>N11,000xBs1083,90     00001083901<3>
162328336-> data received from printer:
162328501-> <6>
162330608-> ********************** COMMAND BEGIN **********************
162330609-> data sent to printer:
162330610-> <2>OT501507<0><0><0><0><0><128><174><135><3>
162331845-> data received from printer:
162332003-> <2>516552<3><6>
162332983-> ********************** COMMAND BEGIN **********************
162332984-> data sent to printer:
162332984-> <2>P1DIVISAS             000000501500<3>
162333252-> data received from printer:
162333405-> <6>
162333954-> ********************** COMMAND BEGIN **********************
162333954-> data sent to printer:
162333955-> <2>V<3>
162334148-> data received from printer:
162334305-> <6>
162334305-> ********************** COMMAND BEGIN **********************
162334306-> data sent to printer:
162334306-> <2>VNumero Orden: 0050771<3>
162334522-> data received from printer:
162334681-> <6>
162334682-> ********************** COMMAND BEGIN **********************
162334682-> data sent to printer:
162334682-> <2>V<3>
162334874-> data received from printer:
162335026-> <6>
162335045-> ********************** COMMAND BEGIN **********************
162335046-> data sent to printer:
162335046-> <2>V*Contrato de Garantia Extendida para<3>
162335277-> data received from printer:
162335430-> <6>
162335431-> ********************** COMMAND BEGIN **********************
162335431-> data sent to printer:
162335432-> <2>V      Cristales Formulados:<3>
162335655-> data received from printer:
162335820-> <6>
162335820-> ********************** COMMAND BEGIN **********************
162335821-> data sent to printer:
162335821-> <2>V <3>
162336014-> data received from printer:
162336165-> <6>
162336166-> ********************** COMMAND BEGIN **********************
162336166-> data sent to printer:
162336167-> <2>VOD: ESF 0,75 EJE 25 CIL -0,25 ADD 2,25<3>
162336437-> data received from printer:
162336600-> <6>
162336600-> ********************** COMMAND BEGIN **********************
162336601-> data sent to printer:
162336601-> <2>VOI: ESF 0,50 EJE 0 CIL 0,00 ADD 2,25<3>
162336830-> data received from printer:
162336990-> <6>
162336991-> ********************** COMMAND BEGIN **********************
162336991-> data sent to printer:
162336991-> <2>V <3>
162337186-> data received from printer:
162337351-> <6>
162337352-> ********************** COMMAND BEGIN **********************
162337352-> data sent to printer:
162337353-> <2>VCondiciones legales en el Contrato<3>
162337583-> data received from printer:
162337742-> <6>
162337742-> ********************** COMMAND BEGIN **********************
162337743-> data sent to printer:
162337743-> <2>VSuscrito.<3>
162337943-> data received from printer:
162338103-> <6>
162338104-> ********************** COMMAND BEGIN **********************
162338104-> data sent to printer:
162338104-> <2>V <3>
162338299-> data received from printer:
162338464-> <6>
162338469-> ********************** COMMAND BEGIN **********************
162338469-> data sent to printer:
162338470-> <2>V<161><161><161>GRACIAS POR SU COMPRA!!!<3>
162338693-> data received from printer:
162338854-> <6>
162338855-> ********************** COMMAND BEGIN **********************
162338855-> data sent to printer:
162338856-> <2>VSolo se aceptaran devoluciones<3>
162339078-> data received from printer:
162339230-> <6>
162339231-> ********************** COMMAND BEGIN **********************
162339231-> data sent to printer:
162339232-> <2>Vpor defectos de fabrica, con la<3>
162339457-> data received from printer:
162339607-> <6>
162339607-> ********************** COMMAND BEGIN **********************
162339608-> data sent to printer:
162339608-> <2>Vpresentacion de esta factura (original),<3>
162339845-> data received from printer:
162339997-> <6>
162339997-> ********************** COMMAND BEGIN **********************
162339998-> data sent to printer:
162339999-> <2>Vdentro de los treinta (30) dias<3>
162340222-> data received from printer:
162340387-> <6>
162340387-> ********************** COMMAND BEGIN **********************
162340388-> data sent to printer:
162340389-> <2>Vsiguientes a la emision de la misma.<3>
162340619-> data received from printer:
162340777-> <6>
162340778-> ********************** COMMAND BEGIN **********************
162340778-> data sent to printer:
162340779-> <2>Y0<3>
162340828-> data received from printer:
162341107-> <2>SENIAT    J-316292649    1600*800*3100*2          Bs.0TIY1900001161020230608*300<3><6>
162341107-> ********************** COMMAND BEGIN **********************
162341108-> data sent to printer:
162341108-> <2>S<3>
162341116-> data received from printer:
162341272-> <21>
162341273-> ********************** COMMAND BEGIN **********************
162341273-> data sent to printer:
162341273-> <2>M<3>
162342625-> data received from printer:
162342788-> <6>
182937395-> OPEN PORT: COM1@9600
182937486-> ********************** COMMAND BEGIN **********************
182937487-> data sent to printer:
182937487-> <2>Q<3>
182937495-> data received from printer:
182937652-> <21>
182937653-> ********************** COMMAND BEGIN **********************
182937653-> data sent to printer:
182937654-> <2>M<3>
182937661-> data received from printer:
182937818-> <21>
