101400949-> OPEN PORT: COM1@9600
101401102-> ********************** COMMAND BEGIN **********************
101401103-> data sent to printer:
101401104-> <2>Q<3>
101401112-> data received from printer:
101401274-> <21>
101401275-> ********************** COMMAND BEGIN **********************
101401275-> data sent to printer:
101401276-> <2>M<3>
101401283-> data received from printer:
101401440-> <21>
101403144-> OPEN PORT: COM1@9600
101403184-> OPEN PORT: COM1@9600
101403210-> ********************** COMMAND BEGIN **********************
101403210-> data sent to printer:
101403211-> <2>L&1<3>
101404884-> data received from printer:
101405049-> <2>2696*2694<3><6>
101405050-> ********************** COMMAND BEGIN **********************
101405050-> data sent to printer:
101405051-> <2>VRazon Social: Francisco Cabello<3>
101405274-> data received from printer:
101405425-> <6>
101405426-> ********************** COMMAND BEGIN **********************
101405426-> data sent to printer:
101405427-> <2>VCI/Rif: V 9979937<3>
101405637-> data received from printer:
101405801-> <6>
101405802-> ********************** COMMAND BEGIN **********************
101405802-> data sent to printer:
101405803-> <2>V----------------------------------------<3>
101406034-> data received from printer:
101406192-> <6>
101406213-> ********************** COMMAND BEGIN **********************
101406214-> data sent to printer:
101406214-> <2>VA000004 GARANTIA EXTENDIDA<3>
101406433-> data received from printer:
101406584-> <6>
101406585-> ********************** COMMAND BEGIN **********************
101406585-> data sent to printer:
101406586-> <2>N11,000xBs311,90      00000311901<3>
101406869-> data received from printer:
101407034-> <6>
101407035-> ********************** COMMAND BEGIN **********************
101407035-> data sent to printer:
101407036-> <2>VC000899 Maxi Delgado ChromActive BlueCut<3>
101407899-> data received from printer:
101408055-> <6>
101408056-> ********************** COMMAND BEGIN **********************
101408056-> data sent to printer:
101408056-> <2>V <3>
101408250-> data received from printer:
101408415-> <6>
101408416-> ********************** COMMAND BEGIN **********************
101408416-> data sent to printer:
101408417-> <2>N12,000xBs1039,68     00002079360<3>
101408730-> data received from printer:
101408896-> <6>
101408897-> ********************** COMMAND BEGIN **********************
101408897-> data sent to printer:
101408897-> <2>VM178887 CPCCPLAYZW212453N<3>
101409116-> data received from printer:
101409272-> <6>
101409272-> ********************** COMMAND BEGIN **********************
101409273-> data sent to printer:
101409273-> <2>N11,000xBs820,80      00000820801<3>
101409556-> data received from printer:
101409708-> <6>
101409980-> ********************** COMMAND BEGIN **********************
101409980-> data sent to printer:
101409981-> <2>O1<3>
101411073-> data received from printer:
101411232-> <2>339329<3><6>
101411295-> ********************** COMMAND BEGIN **********************
101411297-> data sent to printer:
101411298-> <2>P102/07/2024 DEBITO   000000182392<3>
101411570-> data received from printer:
101411728-> <6>
101411729-> ********************** COMMAND BEGIN **********************
101411729-> data sent to printer:
101411730-> <2>P108/07/2024 EFECTIVO 000000156937<3>
101412031-> data received from printer:
101412194-> <6>
101412195-> ********************** COMMAND BEGIN **********************
101412195-> data sent to printer:
101412196-> <2>V<3>
101412390-> data received from printer:
101412554-> <6>
101412555-> ********************** COMMAND BEGIN **********************
101412555-> data sent to printer:
101412555-> <2>VNumero Orden: 0055747<3>
101412768-> data received from printer:
101412930-> <6>
101412931-> ********************** COMMAND BEGIN **********************
101412931-> data sent to printer:
101412931-> <2>V<3>
101413124-> data received from printer:
101413276-> <6>
101413311-> ********************** COMMAND BEGIN **********************
101413311-> data sent to printer:
101413312-> <2>V*Contrato de Garantia Extendida para<3>
101413545-> data received from printer:
101413697-> <6>
101413698-> ********************** COMMAND BEGIN **********************
101413698-> data sent to printer:
101413699-> <2>V      Cristales Formulados:<3>
101413918-> data received from printer:
101414073-> <6>
101414074-> ********************** COMMAND BEGIN **********************
101414074-> data sent to printer:
101414075-> <2>V <3>
101414269-> data received from printer:
101414419-> <6>
101414420-> ********************** COMMAND BEGIN **********************
101414420-> data sent to printer:
101414420-> <2>VOD: ESF -1,00 EJE 90 CIL -1,25 ADD 0,00<3>
101414656-> data received from printer:
101414810-> <6>
101414810-> ********************** COMMAND BEGIN **********************
101414811-> data sent to printer:
101414811-> <2>VOI: ESF -1,00 EJE 105 CIL -1,75 ADD 0,00<3>
101415044-> data received from printer:
101415201-> <6>
101415202-> ********************** COMMAND BEGIN **********************
101415202-> data sent to printer:
101415202-> <2>V <3>
101415396-> data received from printer:
101415547-> <6>
101415548-> ********************** COMMAND BEGIN **********************
101415548-> data sent to printer:
101415548-> <2>VCondiciones legales en el Contrato<3>
101415778-> data received from printer:
101415937-> <6>
101415938-> ********************** COMMAND BEGIN **********************
101415938-> data sent to printer:
101415939-> <2>VSuscrito.<3>
101416139-> data received from printer:
101416298-> <6>
101416299-> ********************** COMMAND BEGIN **********************
101416299-> data sent to printer:
101416299-> <2>V <3>
101416493-> data received from printer:
101416644-> <6>
101416659-> ********************** COMMAND BEGIN **********************
101416660-> data sent to printer:
101416660-> <2>V<161><161><161>GRACIAS POR SU COMPRA!!!<3>
101416918-> data received from printer:
101417079-> <6>
101417080-> ********************** COMMAND BEGIN **********************
101417080-> data sent to printer:
101417080-> <2>VSolo se aceptaran devoluciones<3>
101417305-> data received from printer:
101417469-> <6>
101417470-> ********************** COMMAND BEGIN **********************
101417470-> data sent to printer:
101417471-> <2>Vpor defectos de fabrica, con la<3>
101417697-> data received from printer:
101417861-> <6>
101417862-> ********************** COMMAND BEGIN **********************
101417862-> data sent to printer:
101417862-> <2>Vpresentacion de esta factura (original),<3>
101418095-> data received from printer:
101418251-> <6>
101418252-> ********************** COMMAND BEGIN **********************
101418252-> data sent to printer:
101418252-> <2>Vdentro de los treinta (30) dias<3>
101418478-> data received from printer:
101418642-> <6>
101418643-> ********************** COMMAND BEGIN **********************
101418643-> data sent to printer:
101418643-> <2>Vsiguientes a la emision de la misma.<3>
101418876-> data received from printer:
101419033-> <6>
101419051-> ********************** COMMAND BEGIN **********************
101419051-> data sent to printer:
101419051-> <2>Y0<3>
101419101-> data received from printer:
101419379-> <2>SENIAT    J-316292649    1600*800*3100*2          Bs.0TIY1900001170220242357*300<3><6>
101419380-> ********************** COMMAND BEGIN **********************
101419380-> data sent to printer:
101419381-> <2>S<3>
101419388-> data received from printer:
101419544-> <21>
101419545-> ********************** COMMAND BEGIN **********************
101419545-> data sent to printer:
101419546-> <2>M<3>
101420866-> data received from printer:
101421029-> <6>
102910041-> OPEN PORT: COM1@9600
102910081-> ********************** COMMAND BEGIN **********************
102910082-> data sent to printer:
102910082-> <2>Q<3>
102910089-> data received from printer:
102910245-> <21>
102910246-> ********************** COMMAND BEGIN **********************
102910246-> data sent to printer:
102910247-> <2>M<3>
102910254-> data received from printer:
102910411-> <21>
102911996-> OPEN PORT: COM1@9600
102912035-> OPEN PORT: COM1@9600
102912036-> ********************** COMMAND BEGIN **********************
102912037-> data sent to printer:
102912037-> <2>L&1<3>
102913673-> data received from printer:
102913831-> <2>2697*2694<3><6>
102913832-> ********************** COMMAND BEGIN **********************
102913832-> data sent to printer:
102913832-> <2>VRazon Social: MEDARDO FERNANDEZ<3>
102914091-> data received from printer:
102914251-> <6>
102914252-> ********************** COMMAND BEGIN **********************
102914252-> data sent to printer:
102914252-> <2>VCI/Rif: V-12469670<3>
102914462-> data received from printer:
102914627-> <6>
102914627-> ********************** COMMAND BEGIN **********************
102914627-> data sent to printer:
102914628-> <2>V----------------------------------------<3>
102914863-> data received from printer:
102915017-> <6>
102915018-> ********************** COMMAND BEGIN **********************
102915018-> data sent to printer:
102915019-> <2>VC000882 MAXI DELGADO 1.56 TERM. AR BLUE <3>
102915250-> data received from printer:
102915407-> <6>
102915408-> ********************** COMMAND BEGIN **********************
102915408-> data sent to printer:
102915409-> <2>V <3>
102915601-> data received from printer:
102915752-> <6>
102915753-> ********************** COMMAND BEGIN **********************
102915753-> data sent to printer:
102915754-> <2>N12,000xBs730,20      00001460400<3>
102916031-> data received from printer:
102916187-> <6>
102916188-> ********************** COMMAND BEGIN **********************
102916188-> data sent to printer:
102916188-> <2>VM147170 CMCLSTYL4514656G<3>
102916404-> data received from printer:
102916563-> <6>
102916564-> ********************** COMMAND BEGIN **********************
102916564-> data sent to printer:
102916565-> <2>N11,000xBs1387,38     00001387381<3>
102916846-> data received from printer:
102916999-> <6>
102917196-> ********************** COMMAND BEGIN **********************
102917198-> data sent to printer:
102917199-> <2>OT306966<0><0><0><0><0><128><224>z<3>
102918474-> data received from printer:
102918628-> <2>316185<3><6>
102918648-> ********************** COMMAND BEGIN **********************
102918649-> data sent to printer:
102918650-> <2>P1DIVISAS             000000306976<3>
102918917-> data received from printer:
102919079-> <6>
102919080-> ********************** COMMAND BEGIN **********************
102919081-> data sent to printer:
102919081-> <2>V<3>
102919273-> data received from printer:
102919424-> <6>
102919425-> ********************** COMMAND BEGIN **********************
102919425-> data sent to printer:
102919425-> <2>VNumero Orden: 0055792<3>
102919642-> data received from printer:
102919800-> <6>
102919801-> ********************** COMMAND BEGIN **********************
102919801-> data sent to printer:
102919802-> <2>V<3>
102919993-> data received from printer:
102920145-> <6>
102920157-> ********************** COMMAND BEGIN **********************
102920157-> data sent to printer:
102920157-> <2>V<161><161><161>GRACIAS POR SU COMPRA!!!<3>
102920379-> data received from printer:
102920536-> <6>
102920537-> ********************** COMMAND BEGIN **********************
102920537-> data sent to printer:
102920537-> <2>VSolo se aceptaran devoluciones<3>
102920764-> data received from printer:
102920926-> <6>
102920926-> ********************** COMMAND BEGIN **********************
102920926-> data sent to printer:
102920926-> <2>Vpor defectos de fabrica, con la<3>
102921151-> data received from printer:
102921315-> <6>
102921316-> ********************** COMMAND BEGIN **********************
102921316-> data sent to printer:
102921316-> <2>Vpresentacion de esta factura (original),<3>
102921551-> data received from printer:
102921705-> <6>
102921706-> ********************** COMMAND BEGIN **********************
102921707-> data sent to printer:
102921707-> <2>Vdentro de los treinta (30) dias<3>
102921968-> data received from printer:
102922126-> <6>
102922127-> ********************** COMMAND BEGIN **********************
102922127-> data sent to printer:
102922128-> <2>Vsiguientes a la emision de la misma.<3>
102922358-> data received from printer:
102922516-> <6>
102922517-> ********************** COMMAND BEGIN **********************
102922517-> data sent to printer:
102922517-> <2>Y0<3>
102922568-> data received from printer:
102922849-> <2>SENIAT    J-316292649    1600*800*3100*2          Bs.0TIY1900001180220240012*300<3><6>
102922850-> ********************** COMMAND BEGIN **********************
102922850-> data sent to printer:
102922851-> <2>S<3>
102922858-> data received from printer:
102923015-> <21>
102923016-> ********************** COMMAND BEGIN **********************
102923016-> data sent to printer:
102923016-> <2>M<3>
102924327-> data received from printer:
102924484-> <6>
103215597-> OPEN PORT: COM1@9600
103215637-> ********************** COMMAND BEGIN **********************
103215638-> data sent to printer:
103215638-> <2>Q<3>
103215646-> data received from printer:
103215797-> <21>
103215798-> ********************** COMMAND BEGIN **********************
103215798-> data sent to printer:
103215798-> <2>M<3>
103215806-> data received from printer:
103215962-> <21>
103901429-> OPEN PORT: COM1@9600
103901470-> ********************** COMMAND BEGIN **********************
103901470-> data sent to printer:
103901470-> <2>Q<3>
103901479-> data received from printer:
103901636-> <21>
103901637-> ********************** COMMAND BEGIN **********************
103901637-> data sent to printer:
103901638-> <2>M<3>
103901645-> data received from printer:
103901802-> <21>
104536424-> OPEN PORT: COM1@9600
104536526-> ********************** COMMAND BEGIN **********************
104536526-> data sent to printer:
104536527-> <2>Q<3>
104536534-> data received from printer:
104536695-> <21>
104536696-> ********************** COMMAND BEGIN **********************
104536710-> data sent to printer:
104536711-> <2>M<3>
104536718-> data received from printer:
104536876-> <21>
104654437-> OPEN PORT: COM1@9600
104654477-> ********************** COMMAND BEGIN **********************
104654478-> data sent to printer:
104654478-> <2>Q<3>
104654486-> data received from printer:
104654649-> <21>
104654650-> ********************** COMMAND BEGIN **********************
104654650-> data sent to printer:
104654650-> <2>M<3>
104654658-> data received from printer:
104654814-> <21>
104655531-> OPEN PORT: COM1@9600
104655571-> OPEN PORT: COM1@9600
104655587-> ********************** COMMAND BEGIN **********************
104655587-> data sent to printer:
104655588-> <2>L&1<3>
104657261-> data received from printer:
104657422-> <2>2698*2694<3><6>
104657424-> ********************** COMMAND BEGIN **********************
104657424-> data sent to printer:
104657425-> <2>VRazon Social: MEDARDO FERNANDEZ<3>
104657649-> data received from printer:
104657813-> <6>
104657814-> ********************** COMMAND BEGIN **********************
104657814-> data sent to printer:
104657815-> <2>VCI/Rif: V-12469670<3>
104658026-> data received from printer:
104658191-> <6>
104658192-> ********************** COMMAND BEGIN **********************
104658192-> data sent to printer:
104658193-> <2>V----------------------------------------<3>
104658423-> data received from printer:
104658581-> <6>
104658649-> ********************** COMMAND BEGIN **********************
104658649-> data sent to printer:
104658650-> <2>VC000882 MAXI DELGADO 1.56 TERM. AR BLUE <3>
104658881-> data received from printer:
104659034-> <6>
104659034-> ********************** COMMAND BEGIN **********************
104659035-> data sent to printer:
104659035-> <2>V <3>
104659262-> data received from printer:
104659424-> <6>
104659425-> ********************** COMMAND BEGIN **********************
104659426-> data sent to printer:
104659426-> <2>N12,000xBs730,20      00001460400<3>
104659700-> data received from printer:
104659860-> <6>
104659861-> ********************** COMMAND BEGIN **********************
104659861-> data sent to printer:
104659861-> <2>VM147170 CMCLSTYL4514656G<3>
104700082-> data received from printer:
104700235-> <6>
104700236-> ********************** COMMAND BEGIN **********************
104700236-> data sent to printer:
104700236-> <2>N11,000xBs1387,38     00001387381<3>
104701150-> data received from printer:
104701301-> <6>
104701505-> ********************** COMMAND BEGIN **********************
104701507-> data sent to printer:
104701509-> <2>OT255366<0><0><0><0><0><128>z<224><3>
104702779-> data received from printer:
104702932-> <2>314637<3><6>
104702939-> ********************** COMMAND BEGIN **********************
104702939-> data sent to printer:
104702940-> <2>P108/07/2024 EFECTIVO 000000059277<3>
104703207-> data received from printer:
104703368-> <6>
104703369-> ********************** COMMAND BEGIN **********************
104703369-> data sent to printer:
104703369-> <2>P1DIVISAS             000000255360<3>
104703639-> data received from printer:
104703804-> <6>
104703805-> ********************** COMMAND BEGIN **********************
104703806-> data sent to printer:
104703806-> <2>V<3>
104703996-> data received from printer:
104704150-> <6>
104704151-> ********************** COMMAND BEGIN **********************
104704151-> data sent to printer:
104704151-> <2>VNumero Orden: 0055795<3>
104704366-> data received from printer:
104704525-> <6>
104704525-> ********************** COMMAND BEGIN **********************
104704526-> data sent to printer:
104704526-> <2>V<3>
104704721-> data received from printer:
104704886-> <6>
104704924-> ********************** COMMAND BEGIN **********************
104704925-> data sent to printer:
104704926-> <2>V<161><161><161>GRACIAS POR SU COMPRA!!!<3>
104705145-> data received from printer:
104705310-> <6>
104705311-> ********************** COMMAND BEGIN **********************
104705311-> data sent to printer:
104705311-> <2>VSolo se aceptaran devoluciones<3>
104705535-> data received from printer:
104705685-> <6>
104705686-> ********************** COMMAND BEGIN **********************
104705686-> data sent to printer:
104705686-> <2>Vpor defectos de fabrica, con la<3>
104706543-> data received from printer:
104706705-> <6>
104706706-> ********************** COMMAND BEGIN **********************
104706706-> data sent to printer:
104706706-> <2>Vpresentacion de esta factura (original),<3>
104706939-> data received from printer:
104707096-> <6>
104707097-> ********************** COMMAND BEGIN **********************
104707097-> data sent to printer:
104707098-> <2>Vdentro de los treinta (30) dias<3>
104707323-> data received from printer:
104707487-> <6>
104707488-> ********************** COMMAND BEGIN **********************
104707488-> data sent to printer:
104707488-> <2>Vsiguientes a la emision de la misma.<3>
104707721-> data received from printer:
104707877-> <6>
104707889-> ********************** COMMAND BEGIN **********************
104707889-> data sent to printer:
104707889-> <2>Y0<3>
104707939-> data received from printer:
104708222-> <2>SENIAT    J-316292649    1600*800*3100*2          Bs.0TIY1900001180220240030*300<3><6>
104708224-> ********************** COMMAND BEGIN **********************
104708224-> data sent to printer:
104708224-> <2>S<3>
104708232-> data received from printer:
104708388-> <21>
104708389-> ********************** COMMAND BEGIN **********************
104708389-> data sent to printer:
104708389-> <2>M<3>
104709701-> data received from printer:
104709858-> <6>
