145255027-> OPEN PORT: COM1@9600
145255166-> ********************** COMMAND BEGIN **********************
145255167-> data sent to printer:
145255169-> <2>Q<3>
145255177-> data received from printer:
145255335-> <21>
145255336-> ********************** COMMAND BEGIN **********************
145255336-> data sent to printer:
145255337-> <2>M<3>
145255344-> data received from printer:
145255500-> <21>
153023181-> OPEN PORT: COM1@9600
153023221-> ********************** COMMAND BEGIN **********************
153023221-> data sent to printer:
153023222-> <2>Q<3>
153023229-> data received from printer:
153023382-> <21>
153023383-> ********************** COMMAND BEGIN **********************
153023383-> data sent to printer:
153023383-> <2>M<3>
153023391-> data received from printer:
153023548-> <21>
153026532-> OPEN PORT: COM1@9600
153026572-> OPEN PORT: COM1@9600
153026593-> ********************** COMMAND BEGIN **********************
153026593-> data sent to printer:
153026593-> <2>L&1<3>
153028265-> data received from printer:
153028424-> <2>2677*2673<3><6>
153028425-> ********************** COMMAND BEGIN **********************
153028425-> data sent to printer:
153028426-> <2>VRazon Social: Chana Melgarejo<3>
153028647-> data received from printer:
153028799-> <6>
153028799-> ********************** COMMAND BEGIN **********************
153028800-> data sent to printer:
153028800-> <2>VCI/Rif: V-21005342<3>
153029012-> data received from printer:
153029175-> <6>
153029176-> ********************** COMMAND BEGIN **********************
153029176-> data sent to printer:
153029177-> <2>V----------------------------------------<3>
153029408-> data received from printer:
153029565-> <6>
153029581-> ********************** COMMAND BEGIN **********************
153029581-> data sent to printer:
153029582-> <2>VC000013 ULTRA DELGADO 1.60 ASFERICO <3>
153029811-> data received from printer:
153029971-> <6>
153029972-> ********************** COMMAND BEGIN **********************
153029972-> data sent to printer:
153029973-> <2>N12,000xBs2142,88     00004285760<3>
153030249-> data received from printer:
153030406-> <6>
153030407-> ********************** COMMAND BEGIN **********************
153030407-> data sent to printer:
153030408-> <2>VM161024 CMSCMIRO22046554A<3>
153030661-> data received from printer:
153030826-> <6>
153030826-> ********************** COMMAND BEGIN **********************
153030827-> data sent to printer:
153030827-> <2>N11,000xBs1271,20     00001271201<3>
153031110-> data received from printer:
153031262-> <6>
153036683-> ********************** COMMAND BEGIN **********************
153036684-> data sent to printer:
153036685-> <2>OT435866<0><0><0><0><0><128><226>m<3>
153037919-> data received from printer:
153038083-> <2>589111<3><6>
153039694-> ********************** COMMAND BEGIN **********************
153039694-> data sent to printer:
153039695-> <2>P122/03/2024 DEBITO   000000153251<3>
153039961-> data received from printer:
153040121-> <6>
153040122-> ********************** COMMAND BEGIN **********************
153040122-> data sent to printer:
153040123-> <2>P1DIVISAS             000000435860<3>
153040391-> data received from printer:
153040557-> <6>
153041099-> ********************** COMMAND BEGIN **********************
153041100-> data sent to printer:
153041100-> <2>V<3>
153041328-> data received from printer:
153041484-> <6>
153041485-> ********************** COMMAND BEGIN **********************
153041485-> data sent to printer:
153041486-> <2>VNumero Orden: 0070058<3>
153041700-> data received from printer:
153041859-> <6>
153041860-> ********************** COMMAND BEGIN **********************
153041860-> data sent to printer:
153041860-> <2>V<3>
153042055-> data received from printer:
153042220-> <6>
153042240-> ********************** COMMAND BEGIN **********************
153042241-> data sent to printer:
153042241-> <2>V<161><161><161>GRACIAS POR SU COMPRA!!!<3>
153042460-> data received from printer:
153042612-> <6>
153042613-> ********************** COMMAND BEGIN **********************
153042613-> data sent to printer:
153042614-> <2>VSolo se aceptaran devoluciones<3>
153042838-> data received from printer:
153043002-> <6>
153043003-> ********************** COMMAND BEGIN **********************
153043003-> data sent to printer:
153043004-> <2>Vpor defectos de fabrica, con la<3>
153043231-> data received from printer:
153043392-> <6>
153043393-> ********************** COMMAND BEGIN **********************
153043393-> data sent to printer:
153043393-> <2>Vpresentacion de esta factura (original),<3>
153043626-> data received from printer:
153043782-> <6>
153043783-> ********************** COMMAND BEGIN **********************
153043783-> data sent to printer:
153043783-> <2>Vdentro de los treinta (30) dias<3>
153044009-> data received from printer:
153044174-> <6>
153044175-> ********************** COMMAND BEGIN **********************
153044175-> data sent to printer:
153044176-> <2>Vsiguientes a la emision de la misma.<3>
153044408-> data received from printer:
153044565-> <6>
153044589-> ********************** COMMAND BEGIN **********************
153044589-> data sent to printer:
153044589-> <2>Y0<3>
153044639-> data received from printer:
153044926-> <2>SENIAT    J-316292649    1600*800*3100*2          Bs.0TIY1900001021120230515*300<3><6>
153044928-> ********************** COMMAND BEGIN **********************
153044928-> data sent to printer:
153044928-> <2>S<3>
153044936-> data received from printer:
153045091-> <21>
153045092-> ********************** COMMAND BEGIN **********************
153045092-> data sent to printer:
153045092-> <2>M<3>
153047080-> data received from printer:
153047236-> <6>
