122320396-> OPEN PORT: COM1@9600
122320507-> ********************** COMMAND BEGIN **********************
122320507-> data sent to printer:
122320508-> <2>Q<3>
122320516-> data received from printer:
122320675-> <21>
122320676-> ********************** COMMAND BEGIN **********************
122320676-> data sent to printer:
122320677-> <2>M<3>
122320684-> data received from printer:
122320840-> <21>
122824585-> OPEN PORT: COM1@9600
122824636-> ********************** COMMAND BEGIN **********************
122824638-> data sent to printer:
122824639-> <2>Q<3>
122824647-> data received from printer:
122824821-> <21>
122824822-> ********************** COMMAND BEGIN **********************
122824822-> data sent to printer:
122824822-> <2>M<3>
122824830-> data received from printer:
122824986-> <21>
122832971-> OPEN PORT: COM1@9600
122833013-> OPEN PORT: COM1@9600
122833015-> ********************** COMMAND BEGIN **********************
122833015-> data sent to printer:
122833016-> <2>L&1<3>
122834686-> data received from printer:
122834840-> <2>2519*2515<3><6>
122834841-> ********************** COMMAND BEGIN **********************
122834841-> data sent to printer:
122834842-> <2>VRazon Social: Hector Bottini<3>
122835060-> data received from printer:
122835215-> <6>
122835215-> ********************** COMMAND BEGIN **********************
122835216-> data sent to printer:
122835216-> <2>VCI/Rif: V-21471405<3>
122835426-> data received from printer:
122835591-> <6>
122835592-> ********************** COMMAND BEGIN **********************
122835593-> data sent to printer:
122835593-> <2>V----------------------------------------<3>
122835828-> data received from printer:
122835982-> <6>
122835995-> ********************** COMMAND BEGIN **********************
122835996-> data sent to printer:
122835996-> <2>VW000094 BIOMEDICS TORIC (Reemplazo Mensu<3>
122836227-> data received from printer:
122836387-> <6>
122836388-> ********************** COMMAND BEGIN **********************
122836388-> data sent to printer:
122836388-> <2>VW000094 BIOMEDICS TORIC (Reemplazo Mensu<3>
122836658-> data received from printer:
122836809-> <6>
122836810-> ********************** COMMAND BEGIN **********************
122836810-> data sent to printer:
122836810-> <2>N12,000xBs2033,25     00004066500<3>
122837083-> data received from printer:
122837244-> <6>
122837588-> ********************** COMMAND BEGIN **********************
122837589-> data sent to printer:
122837590-> <2>OT203325<0><0><0><0><0><128><245><24><3>
122838338-> data received from printer:
122838501-> <2>412750<3><6>
122838552-> ********************** COMMAND BEGIN **********************
122838552-> data sent to printer:
122838553-> <2>P115/06/2023 DEBITO   000000203325<3>
122838819-> data received from printer:
122838970-> <6>
122838971-> ********************** COMMAND BEGIN **********************
122838971-> data sent to printer:
122838971-> <2>P1DIVISAS             000000203325<3>
122839240-> data received from printer:
122839405-> <6>
122839406-> ********************** COMMAND BEGIN **********************
122839406-> data sent to printer:
122839407-> <2>V<3>
122839601-> data received from printer:
122839765-> <6>
122839766-> ********************** COMMAND BEGIN **********************
122839766-> data sent to printer:
122839766-> <2>VNumero Orden: 0069140<3>
122839979-> data received from printer:
122840141-> <6>
122840141-> ********************** COMMAND BEGIN **********************
122840142-> data sent to printer:
122840142-> <2>V<3>
122840334-> data received from printer:
122840487-> <6>
122840504-> ********************** COMMAND BEGIN **********************
122840504-> data sent to printer:
122840504-> <2>V<161><161><161>GRACIAS POR SU COMPRA!!!<3>
122840727-> data received from printer:
122840878-> <6>
122840879-> ********************** COMMAND BEGIN **********************
122840879-> data sent to printer:
122840880-> <2>VSolo se aceptaran devoluciones<3>
122841137-> data received from printer:
122841299-> <6>
122841300-> ********************** COMMAND BEGIN **********************
122841300-> data sent to printer:
122841301-> <2>Vpor defectos de fabrica, con la<3>
122841527-> data received from printer:
122841689-> <6>
122841690-> ********************** COMMAND BEGIN **********************
122841690-> data sent to printer:
122841691-> <2>Vpresentacion de esta factura (original),<3>
122841923-> data received from printer:
122842079-> <6>
122842080-> ********************** COMMAND BEGIN **********************
122842080-> data sent to printer:
122842080-> <2>Vdentro de los treinta (30) dias<3>
122842305-> data received from printer:
122842470-> <6>
122842471-> ********************** COMMAND BEGIN **********************
122842471-> data sent to printer:
122842471-> <2>Vsiguientes a la emision de la misma.<3>
122842703-> data received from printer:
122842860-> <6>
122842862-> ********************** COMMAND BEGIN **********************
122842862-> data sent to printer:
122842863-> <2>Y0<3>
122842912-> data received from printer:
122843191-> <2>SENIAT    J-316292649    1600*800*3100*2          Bs.0TIY1900001020520230707*300<3><6>
122843204-> ********************** COMMAND BEGIN **********************
122843204-> data sent to printer:
122843204-> <2>S<3>
122843212-> data received from printer:
122843371-> <21>
122843372-> ********************** COMMAND BEGIN **********************
122843372-> data sent to printer:
122843372-> <2>M<3>
122844693-> data received from printer:
122844856-> <6>
123650430-> OPEN PORT: COM1@9600
123650472-> ********************** COMMAND BEGIN **********************
123650473-> data sent to printer:
123650473-> <2>Q<3>
123650481-> data received from printer:
123650637-> <21>
123650638-> ********************** COMMAND BEGIN **********************
123650638-> data sent to printer:
123650638-> <2>M<3>
123650646-> data received from printer:
123650803-> <21>
123737618-> OPEN PORT: COM1@9600
123737657-> ********************** COMMAND BEGIN **********************
123737658-> data sent to printer:
123737658-> <2>Q<3>
123737666-> data received from printer:
123737821-> <21>
123737822-> ********************** COMMAND BEGIN **********************
123737822-> data sent to printer:
123737823-> <2>M<3>
123737830-> data received from printer:
123737986-> <21>
123812168-> OPEN PORT: COM1@9600
123812211-> ********************** COMMAND BEGIN **********************
123812212-> data sent to printer:
123812213-> <2>Q<3>
123812221-> data received from printer:
123812379-> <21>
123812379-> ********************** COMMAND BEGIN **********************
123812380-> data sent to printer:
123812380-> <2>M<3>
123812388-> data received from printer:
123812544-> <21>
124018595-> OPEN PORT: COM1@9600
124018638-> ********************** COMMAND BEGIN **********************
124018638-> data sent to printer:
124018639-> <2>Q<3>
124018647-> data received from printer:
124018811-> <21>
124018812-> ********************** COMMAND BEGIN **********************
124018812-> data sent to printer:
124018812-> <2>M<3>
124018820-> data received from printer:
124018976-> <21>
125324029-> OPEN PORT: COM1@9600
125324070-> ********************** COMMAND BEGIN **********************
125324070-> data sent to printer:
125324071-> <2>Q<3>
125324078-> data received from printer:
125324242-> <21>
125324243-> ********************** COMMAND BEGIN **********************
125324243-> data sent to printer:
125324244-> <2>M<3>
125324251-> data received from printer:
125324407-> <21>
141954958-> OPEN PORT: COM1@9600
141955096-> ********************** COMMAND BEGIN **********************
141955097-> data sent to printer:
141955098-> <2>Q<3>
141955106-> data received from printer:
141955267-> <21>
141955268-> ********************** COMMAND BEGIN **********************
141955268-> data sent to printer:
141955269-> <2>M<3>
141955276-> data received from printer:
141955432-> <21>
142000573-> OPEN PORT: COM1@9600
142000615-> OPEN PORT: COM1@9600
142000625-> ********************** COMMAND BEGIN **********************
142000626-> data sent to printer:
142000627-> <2>L&1<3>
142002261-> data received from printer:
142002422-> <2>2520*2515<3><6>
142002422-> ********************** COMMAND BEGIN **********************
142002423-> data sent to printer:
142002423-> <2>VRazon Social: Hector Bottini<3>
142002645-> data received from printer:
142002796-> <6>
142002797-> ********************** COMMAND BEGIN **********************
142002797-> data sent to printer:
142002797-> <2>VCI/Rif: V-21471405<3>
142003005-> data received from printer:
142003156-> <6>
142003157-> ********************** COMMAND BEGIN **********************
142003157-> data sent to printer:
142003158-> <2>V----------------------------------------<3>
142003391-> data received from printer:
142003546-> <6>
142003571-> ********************** COMMAND BEGIN **********************
142003571-> data sent to printer:
142003571-> <2>VW000094 BIOMEDICS TORIC (Reemplazo Mensu<3>
142003806-> data received from printer:
142003967-> <6>
142003967-> ********************** COMMAND BEGIN **********************
142003968-> data sent to printer:
142003968-> <2>VW000094 BIOMEDICS TORIC (Reemplazo Mensu<3>
142004199-> data received from printer:
142004358-> <6>
142004359-> ********************** COMMAND BEGIN **********************
142004359-> data sent to printer:
142004359-> <2>N12,000xBs2033,25     00004066500<3>
142004634-> data received from printer:
142004794-> <6>
142005072-> ********************** COMMAND BEGIN **********************
142005074-> data sent to printer:
142005076-> <2>O1<3>
142005685-> data received from printer:
142005838-> <2>406650<3><6>
142005861-> ********************** COMMAND BEGIN **********************
142005861-> data sent to printer:
142005861-> <2>P115/06/2023 TRANSFERE000000203325<3>
142006128-> data received from printer:
142006290-> <6>
142006291-> ********************** COMMAND BEGIN **********************
142006291-> data sent to printer:
142006292-> <2>P115/06/2023 TRANSFERE000000001000<3>
142006559-> data received from printer:
142006725-> <6>
142006726-> ********************** COMMAND BEGIN **********************
142006726-> data sent to printer:
142006726-> <2>P115/06/2023 EFECTIVO 000000187325<3>
142007623-> data received from printer:
142007776-> <6>
142007777-> ********************** COMMAND BEGIN **********************
142007777-> data sent to printer:
142007777-> <2>P115/06/2023 TRANSFERE000000015000<3>
142008079-> data received from printer:
142008242-> <6>
142008243-> ********************** COMMAND BEGIN **********************
142008243-> data sent to printer:
142008243-> <2>V<3>
142008437-> data received from printer:
142008589-> <6>
142008589-> ********************** COMMAND BEGIN **********************
142008590-> data sent to printer:
142008590-> <2>VNumero Orden: 0069152<3>
142009422-> data received from printer:
142009579-> <6>
142009579-> ********************** COMMAND BEGIN **********************
142009580-> data sent to printer:
142009580-> <2>V<3>
142009771-> data received from printer:
142009925-> <6>
142009933-> ********************** COMMAND BEGIN **********************
142009934-> data sent to printer:
142009934-> <2>V<161><161><161>GRACIAS POR SU COMPRA!!!<3>
142010154-> data received from printer:
142010317-> <6>
142010317-> ********************** COMMAND BEGIN **********************
142010318-> data sent to printer:
142010318-> <2>VSolo se aceptaran devoluciones<3>
142010544-> data received from printer:
142010708-> <6>
142010709-> ********************** COMMAND BEGIN **********************
142010709-> data sent to printer:
142010710-> <2>Vpor defectos de fabrica, con la<3>
142010932-> data received from printer:
142011084-> <6>
142011085-> ********************** COMMAND BEGIN **********************
142011085-> data sent to printer:
142011085-> <2>Vpresentacion de esta factura (original),<3>
142011319-> data received from printer:
142011474-> <6>
142011475-> ********************** COMMAND BEGIN **********************
142011475-> data sent to printer:
142011475-> <2>Vdentro de los treinta (30) dias<3>
142011702-> data received from printer:
142011865-> <6>
142011866-> ********************** COMMAND BEGIN **********************
142011866-> data sent to printer:
142011867-> <2>Vsiguientes a la emision de la misma.<3>
142012095-> data received from printer:
142012255-> <6>
142012256-> ********************** COMMAND BEGIN **********************
142012257-> data sent to printer:
142012257-> <2>Y0<3>
142012307-> data received from printer:
142012586-> <2>SENIAT    J-316292649    1600*800*3100*2          Bs.0TIY1900001020520230858*300<3><6>
142012588-> ********************** COMMAND BEGIN **********************
142012588-> data sent to printer:
142012589-> <2>S<3>
142012596-> data received from printer:
142012751-> <21>
142012752-> ********************** COMMAND BEGIN **********************
142012752-> data sent to printer:
142012752-> <2>M<3>
142014043-> data received from printer:
142014208-> <6>
143754946-> OPEN PORT: COM1@9600
143754986-> ********************** COMMAND BEGIN **********************
143754987-> data sent to printer:
143754987-> <2>Q<3>
143754995-> data received from printer:
143755155-> <21>
143755156-> ********************** COMMAND BEGIN **********************
143755156-> data sent to printer:
143755156-> <2>M<3>
143755164-> data received from printer:
143755320-> <21>
162109819-> OPEN PORT: COM1@9600
162109914-> ********************** COMMAND BEGIN **********************
162109914-> data sent to printer:
162109914-> <2>Q<3>
162109922-> data received from printer:
162110088-> <21>
162110089-> ********************** COMMAND BEGIN **********************
162110089-> data sent to printer:
162110090-> <2>M<3>
162110097-> data received from printer:
162110253-> <21>
162616912-> OPEN PORT: COM1@9600
162616954-> ********************** COMMAND BEGIN **********************
162616955-> data sent to printer:
162616956-> <2>Q<3>
162616963-> data received from printer:
162617128-> <21>
162617129-> ********************** COMMAND BEGIN **********************
162617129-> data sent to printer:
162617130-> <2>M<3>
162617137-> data received from printer:
162617294-> <21>
164223183-> OPEN PORT: COM1@9600
164223223-> ********************** COMMAND BEGIN **********************
164223223-> data sent to printer:
164223224-> <2>Q<3>
164223231-> data received from printer:
164223383-> <21>
164223384-> ********************** COMMAND BEGIN **********************
164223385-> data sent to printer:
164223385-> <2>M<3>
164223393-> data received from printer:
164223548-> <21>
164655530-> OPEN PORT: COM1@9600
164655572-> OPEN PORT: COM1@9600
164655575-> ********************** COMMAND BEGIN **********************
164655576-> data sent to printer:
164655577-> <2>L&1<3>
164657248-> data received from printer:
164657400-> <2>2521*2515<3><6>
164657401-> ********************** COMMAND BEGIN **********************
164657402-> data sent to printer:
164657402-> <2>VRazon Social: Hector Bottini<3>
164657623-> data received from printer:
164657775-> <6>
164657776-> ********************** COMMAND BEGIN **********************
164657776-> data sent to printer:
164657776-> <2>VCI/Rif: V-21471405<3>
164657988-> data received from printer:
164658151-> <6>
164658153-> ********************** COMMAND BEGIN **********************
164658153-> data sent to printer:
164658153-> <2>V----------------------------------------<3>
164658384-> data received from printer:
164658543-> <6>
164658552-> ********************** COMMAND BEGIN **********************
164658553-> data sent to printer:
164658553-> <2>VW000094 BIOMEDICS TORIC (Reemplazo Mensu<3>
164658786-> data received from printer:
164658948-> <6>
164658948-> ********************** COMMAND BEGIN **********************
164658949-> data sent to printer:
164658949-> <2>VW000094 BIOMEDICS TORIC (Reemplazo Mensu<3>
164659184-> data received from printer:
164659339-> <6>
164659340-> ********************** COMMAND BEGIN **********************
164659340-> data sent to printer:
164659341-> <2>N12,000xBs2033,25     00004066500<3>
164659613-> data received from printer:
164659775-> <6>
164700058-> ********************** COMMAND BEGIN **********************
164700058-> data sent to printer:
164700058-> <2>O1<3>
164700702-> data received from printer:
164700867-> <2>406650<3><6>
164700892-> ********************** COMMAND BEGIN **********************
164700892-> data sent to printer:
164700893-> <2>P115/06/2023 TRANSFERE000000406650<3>
164701159-> data received from printer:
164701319-> <6>
164701320-> ********************** COMMAND BEGIN **********************
164701320-> data sent to printer:
164701320-> <2>V<3>
164701512-> data received from printer:
164701664-> <6>
164701664-> ********************** COMMAND BEGIN **********************
164701665-> data sent to printer:
164701665-> <2>VNumero Orden: 0069153<3>
164701882-> data received from printer:
164702040-> <6>
164702041-> ********************** COMMAND BEGIN **********************
164702041-> data sent to printer:
164702042-> <2>V<3>
164702232-> data received from printer:
164702385-> <6>
164702393-> ********************** COMMAND BEGIN **********************
164702394-> data sent to printer:
164702394-> <2>V<161><161><161>GRACIAS POR SU COMPRA!!!<3>
164702615-> data received from printer:
164702776-> <6>
164702776-> ********************** COMMAND BEGIN **********************
164702777-> data sent to printer:
164702777-> <2>VSolo se aceptaran devoluciones<3>
164703003-> data received from printer:
164703166-> <6>
164703167-> ********************** COMMAND BEGIN **********************
164703167-> data sent to printer:
164703167-> <2>Vpor defectos de fabrica, con la<3>
164703390-> data received from printer:
164703541-> <6>
164703542-> ********************** COMMAND BEGIN **********************
164703542-> data sent to printer:
164703542-> <2>Vpresentacion de esta factura (original),<3>
164703776-> data received from printer:
164703931-> <6>
164703932-> ********************** COMMAND BEGIN **********************
164703932-> data sent to printer:
164703933-> <2>Vdentro de los treinta (30) dias<3>
164704160-> data received from printer:
164704322-> <6>
164704322-> ********************** COMMAND BEGIN **********************
164704323-> data sent to printer:
164704323-> <2>Vsiguientes a la emision de la misma.<3>
164704551-> data received from printer:
164704713-> <6>
164704714-> ********************** COMMAND BEGIN **********************
164704715-> data sent to printer:
164704715-> <2>Y0<3>
164704764-> data received from printer:
164705043-> <2>SENIAT    J-316292649    1600*800*3100*2          Bs.0TIY1900001020520231125*300<3><6>
164705044-> ********************** COMMAND BEGIN **********************
164705045-> data sent to printer:
164705045-> <2>S<3>
164705052-> data received from printer:
164705209-> <21>
164705210-> ********************** COMMAND BEGIN **********************
164705210-> data sent to printer:
164705211-> <2>M<3>
164706505-> data received from printer:
164706664-> <6>
