100845937-> OPEN PORT: COM1@9600
100846039-> ********************** COMMAND BEGIN **********************
100846039-> data sent to printer:
100846039-> <2>Q<3>
100846048-> data received from printer:
100846202-> <21>
100846203-> ********************** COMMAND BEGIN **********************
100846203-> data sent to printer:
100846204-> <2>M<3>
100846211-> data received from printer:
100846369-> <21>
151714529-> OPEN PORT: COM1@9600
151714593-> ********************** COMMAND BEGIN **********************
151714593-> data sent to printer:
151714594-> <2>Q<3>
151714601-> data received from printer:
151714766-> <21>
151714767-> ********************** COMMAND BEGIN **********************
151714767-> data sent to printer:
151714767-> <2>M<3>
151714775-> data received from printer:
151714931-> <21>
151722914-> OPEN PORT: COM1@9600
151722955-> OPEN PORT: COM1@9600
151737538-> ********************** COMMAND BEGIN **********************
151737540-> data sent to printer:
151737542-> <2>L&1<3>
151739213-> data received from printer:
151739366-> <2>2719*2714<3><6>
151739367-> ********************** COMMAND BEGIN **********************
151739367-> data sent to printer:
151739368-> <2>VRazon Social: CARMEN  BELIZARIO <3>
151739590-> data received from printer:
151739741-> <6>
151739742-> ********************** COMMAND BEGIN **********************
151739742-> data sent to printer:
151739742-> <2>VCI/Rif: V-11924056<3>
151739952-> data received from printer:
151740116-> <6>
151740117-> ********************** COMMAND BEGIN **********************
151740117-> data sent to printer:
151740117-> <2>V----------------------------------------<3>
151740351-> data received from printer:
151740507-> <6>
151747454-> ********************** COMMAND BEGIN **********************
151747454-> data sent to printer:
151747454-> <2>VM172702 UPCRACQU150351MV<3>
151747668-> data received from printer:
151747828-> <6>
151747829-> ********************** COMMAND BEGIN **********************
151747830-> data sent to printer:
151747830-> <2>N11,000xBs1365,35     00001365351<3>
151748111-> data received from printer:
151748264-> <6>
151823909-> ********************** COMMAND BEGIN **********************
151823910-> data sent to printer:
151823910-> <2>P117/10/2024 DEBITO   000000078381<3>
151823952-> data received from printer:
151824105-> <21>
151828552-> ********************** COMMAND BEGIN **********************
151828552-> data sent to printer:
151828553-> <2>P1DIVISAS             000000080000<3>
151828594-> data received from printer:
151828756-> <21>
151838772-> ********************** COMMAND BEGIN **********************
151838774-> data sent to printer:
151838775-> <2>Q<3>
151839177-> data received from printer:
151839343-> <6>
151858001-> ********************** COMMAND BEGIN **********************
151858002-> data sent to printer:
151858002-> <2>M<3>
151858010-> data received from printer:
151858171-> <21>
151923588-> OPEN PORT: COM1@9600
151923628-> ********************** COMMAND BEGIN **********************
151923629-> data sent to printer:
151923629-> <2>Q<3>
151923636-> data received from printer:
151923788-> <21>
151923788-> ********************** COMMAND BEGIN **********************
151923789-> data sent to printer:
151923789-> <2>M<3>
151923797-> data received from printer:
151923953-> <21>
151926866-> OPEN PORT: COM1@9600
151926906-> OPEN PORT: COM1@9600
151928267-> ********************** COMMAND BEGIN **********************
151928267-> data sent to printer:
151928268-> <2>L&1<3>
151929905-> data received from printer:
151930070-> <2>2720*2719<3><6>
151930070-> ********************** COMMAND BEGIN **********************
151930071-> data sent to printer:
151930071-> <2>VRazon Social: CARMEN  BELIZARIO <3>
151930294-> data received from printer:
151930446-> <6>
151930447-> ********************** COMMAND BEGIN **********************
151930447-> data sent to printer:
151930447-> <2>VCI/Rif: V-11924056<3>
151930694-> data received from printer:
151930852-> <6>
151930853-> ********************** COMMAND BEGIN **********************
151930853-> data sent to printer:
151930854-> <2>V----------------------------------------<3>
151931084-> data received from printer:
151931242-> <6>
151931243-> ********************** COMMAND BEGIN **********************
151931243-> data sent to printer:
151931244-> <2>VM172702 UPCRACQU150351MV<3>
151931460-> data received from printer:
151931617-> <6>
151931617-> ********************** COMMAND BEGIN **********************
151931618-> data sent to printer:
151931618-> <2>N11,000xBs1365,35     00001365351<3>
151931901-> data received from printer:
151932053-> <6>
152415817-> ********************** COMMAND BEGIN **********************
152415818-> data sent to printer:
152415818-> <2>P117/10/2024 DEBITO   000000078381<3>
152415860-> data received from printer:
152416020-> <21>
152428283-> ********************** COMMAND BEGIN **********************
152428283-> data sent to printer:
152428283-> <2>P1DIVISAS             000000080000<3>
152428325-> data received from printer:
152428483-> <21>
152535924-> ********************** COMMAND BEGIN **********************
152535925-> data sent to printer:
152535925-> <2>Q<3>
152536289-> data received from printer:
152536445-> <6>
152537033-> ********************** COMMAND BEGIN **********************
152537034-> data sent to printer:
152537035-> <2>M<3>
152537042-> data received from printer:
152537206-> <21>
152635857-> OPEN PORT: COM1@9600
152635897-> ********************** COMMAND BEGIN **********************
152635898-> data sent to printer:
152635898-> <2>Q<3>
152635906-> data received from printer:
152636065-> <21>
152636066-> ********************** COMMAND BEGIN **********************
152636066-> data sent to printer:
152636067-> <2>M<3>
152636074-> data received from printer:
152636231-> <21>
152641965-> OPEN PORT: COM1@9600
152642004-> OPEN PORT: COM1@9600
152643702-> ********************** COMMAND BEGIN **********************
152643703-> data sent to printer:
152643703-> <2>L&1<3>
152645376-> data received from printer:
152645528-> <2>2721*2720<3><6>
152645529-> ********************** COMMAND BEGIN **********************
152645529-> data sent to printer:
152645530-> <2>VRazon Social: CARMEN  BELIZARIO <3>
152645754-> data received from printer:
152645920-> <6>
152645921-> ********************** COMMAND BEGIN **********************
152645921-> data sent to printer:
152645921-> <2>VCI/Rif: V-11924056<3>
152646133-> data received from printer:
152646296-> <6>
152646297-> ********************** COMMAND BEGIN **********************
152646297-> data sent to printer:
152646297-> <2>V----------------------------------------<3>
152646528-> data received from printer:
152646687-> <6>
152646688-> ********************** COMMAND BEGIN **********************
152646688-> data sent to printer:
152646689-> <2>VM172702 UPCRACQU150351MV<3>
152646904-> data received from printer:
152647063-> <6>
152647063-> ********************** COMMAND BEGIN **********************
152647064-> data sent to printer:
152647064-> <2>N11,000xBs1365,35     00001365351<3>
152647346-> data received from printer:
152647499-> <6>
152658916-> ********************** COMMAND BEGIN **********************
152658917-> data sent to printer:
152658917-> <2>P117/10/2024 EFECTIVO 000000078381<3>
152658959-> data received from printer:
152659111-> <21>
152738684-> ********************** COMMAND BEGIN **********************
152738685-> data sent to printer:
152738685-> <2>P1DIVISAS             000000080000<3>
152738727-> data received from printer:
152738878-> <21>
152738879-> ********************** COMMAND BEGIN **********************
152738879-> data sent to printer:
152738879-> <2>Q<3>
152739243-> data received from printer:
152739404-> <6>
152739404-> ********************** COMMAND BEGIN **********************
152739405-> data sent to printer:
152739405-> <2>M<3>
152739413-> data received from printer:
152739569-> <21>
153527000-> OPEN PORT: COM1@9600
153527061-> ********************** COMMAND BEGIN **********************
153527062-> data sent to printer:
153527062-> <2>Q<3>
153527070-> data received from printer:
153527228-> <21>
153527229-> ********************** COMMAND BEGIN **********************
153527229-> data sent to printer:
153527229-> <2>M<3>
153527237-> data received from printer:
153527393-> <21>
153530511-> OPEN PORT: COM1@9600
153530551-> OPEN PORT: COM1@9600
153531159-> ********************** COMMAND BEGIN **********************
153531159-> data sent to printer:
153531160-> <2>L&1<3>
153532830-> data received from printer:
153532985-> <2>2723*2721<3><6>
153532986-> ********************** COMMAND BEGIN **********************
153532986-> data sent to printer:
153532986-> <2>VRazon Social: CARMEN  BELIZARIO <3>
153533844-> data received from printer:
153534005-> <6>
153534006-> ********************** COMMAND BEGIN **********************
153534006-> data sent to printer:
153534007-> <2>VCI/Rif: V-11924056<3>
153534214-> data received from printer:
153534366-> <6>
153534367-> ********************** COMMAND BEGIN **********************
153534367-> data sent to printer:
153534368-> <2>V----------------------------------------<3>
153534600-> data received from printer:
153534757-> <6>
153534758-> ********************** COMMAND BEGIN **********************
153534758-> data sent to printer:
153534759-> <2>VM172702 UPCRACQU150351MV<3>
153534976-> data received from printer:
153535132-> <6>
153535132-> ********************** COMMAND BEGIN **********************
153535133-> data sent to printer:
153535133-> <2>N11,000xBs1365,35     00001365351<3>
153535411-> data received from printer:
153535567-> <6>
153546337-> ********************** COMMAND BEGIN **********************
153546337-> data sent to printer:
153546338-> <2>P117/10/2024 DEBITO   000000078381<3>
153546379-> data received from printer:
153546536-> <21>
153617006-> ********************** COMMAND BEGIN **********************
153617007-> data sent to printer:
153617007-> <2>P1DIVISAS             000000080000<3>
153617049-> data received from printer:
153617212-> <21>
153657108-> ********************** COMMAND BEGIN **********************
153657109-> data sent to printer:
153657110-> <2>Q<3>
153657512-> data received from printer:
153657671-> <6>
153657671-> ********************** COMMAND BEGIN **********************
153657672-> data sent to printer:
153657672-> <2>M<3>
153657680-> data received from printer:
153657836-> <21>
154205425-> OPEN PORT: COM1@9600
154205478-> ********************** COMMAND BEGIN **********************
154205478-> data sent to printer:
154205479-> <2>Q<3>
154205487-> data received from printer:
154205644-> <21>
154205645-> ********************** COMMAND BEGIN **********************
154205645-> data sent to printer:
154205646-> <2>M<3>
154205653-> data received from printer:
154205810-> <21>
154209219-> OPEN PORT: COM1@9600
154209259-> OPEN PORT: COM1@9600
154216126-> ********************** COMMAND BEGIN **********************
154216127-> data sent to printer:
154216128-> <2>L&1<3>
154217796-> data received from printer:
154217958-> <2>2725*2723<3><6>
154217959-> ********************** COMMAND BEGIN **********************
154217959-> data sent to printer:
154217960-> <2>VRazon Social: CARMEN  BELIZARIO <3>
154218185-> data received from printer:
154218348-> <6>
154218349-> ********************** COMMAND BEGIN **********************
154218350-> data sent to printer:
154218350-> <2>VCI/Rif: V-11924056<3>
154218558-> data received from printer:
154218708-> <6>
154218709-> ********************** COMMAND BEGIN **********************
154218709-> data sent to printer:
154218710-> <2>V----------------------------------------<3>
154218942-> data received from printer:
154219098-> <6>
154219100-> ********************** COMMAND BEGIN **********************
154219101-> data sent to printer:
154219101-> <2>VM172702 UPCRACQU150351MV<3>
154219319-> data received from printer:
154219473-> <6>
154219474-> ********************** COMMAND BEGIN **********************
154219474-> data sent to printer:
154219474-> <2>N11,000xBs1365,35     00001365351<3>
154219753-> data received from printer:
154219908-> <6>
154230182-> ********************** COMMAND BEGIN **********************
154230183-> data sent to printer:
154230185-> <2>P117/10/2024 DEBITO   000000078381<3>
154230228-> data received from printer:
154230388-> <21>
154236062-> ********************** COMMAND BEGIN **********************
154236062-> data sent to printer:
154236063-> <2>P1DIVISAS             000000080000<3>
154236105-> data received from printer:
154236256-> <21>
154239016-> ********************** COMMAND BEGIN **********************
154239017-> data sent to printer:
154239017-> <2>Q<3>
154239420-> data received from printer:
154239583-> <6>
154239584-> ********************** COMMAND BEGIN **********************
154239584-> data sent to printer:
154239584-> <2>M<3>
154239592-> data received from printer:
154239748-> <21>
154305737-> OPEN PORT: COM1@9600
154305777-> ********************** COMMAND BEGIN **********************
154305777-> data sent to printer:
154305778-> <2>Q<3>
154305785-> data received from printer:
154305937-> <21>
154305938-> ********************** COMMAND BEGIN **********************
154305938-> data sent to printer:
154305939-> <2>M<3>
154305946-> data received from printer:
154306103-> <21>
154310630-> OPEN PORT: COM1@9600
154310670-> OPEN PORT: COM1@9600
154312109-> ********************** COMMAND BEGIN **********************
154312110-> data sent to printer:
154312110-> <2>L&1<3>
154313743-> data received from printer:
154313898-> <2>2726*2725<3><6>
154313899-> ********************** COMMAND BEGIN **********************
154313899-> data sent to printer:
154313900-> <2>VRazon Social: CARMEN  BELIZARIO <3>
154314125-> data received from printer:
154314288-> <6>
154314289-> ********************** COMMAND BEGIN **********************
154314289-> data sent to printer:
154314289-> <2>VCI/Rif: V-11924056<3>
154314532-> data received from printer:
154314693-> <6>
154314694-> ********************** COMMAND BEGIN **********************
154314694-> data sent to printer:
154314695-> <2>V----------------------------------------<3>
154314929-> data received from printer:
154315083-> <6>
154315084-> ********************** COMMAND BEGIN **********************
154315084-> data sent to printer:
154315085-> <2>VM172702 UPCRACQU150351MV<3>
154315299-> data received from printer:
154315458-> <6>
154315458-> ********************** COMMAND BEGIN **********************
154315459-> data sent to printer:
154315459-> <2>N11,000xBs1365,35     00001365351<3>
154315739-> data received from printer:
154315893-> <6>
154612327-> ********************** COMMAND BEGIN **********************
154612360-> data sent to printer:
154612361-> <2>P1PRUEBA              000000078381<3>
154612402-> data received from printer:
154612565-> <21>
154619700-> ********************** COMMAND BEGIN **********************
154619700-> data sent to printer:
154619701-> <2>P1PRUEBA              000000080000<3>
154619743-> data received from printer:
154619904-> <21>
154619905-> ********************** COMMAND BEGIN **********************
154619905-> data sent to printer:
154619906-> <2>Q<3>
154620273-> data received from printer:
154620429-> <6>
154620430-> ********************** COMMAND BEGIN **********************
154620430-> data sent to printer:
154620430-> <2>M<3>
154620438-> data received from printer:
154620594-> <21>
154650717-> OPEN PORT: COM1@9600
154650757-> ********************** COMMAND BEGIN **********************
154650757-> data sent to printer:
154650758-> <2>Q<3>
154650765-> data received from printer:
154650920-> <21>
154650921-> ********************** COMMAND BEGIN **********************
154650921-> data sent to printer:
154650921-> <2>M<3>
154650929-> data received from printer:
154651086-> <21>
154655369-> OPEN PORT: COM1@9600
154655409-> OPEN PORT: COM1@9600
154656925-> ********************** COMMAND BEGIN **********************
154656926-> data sent to printer:
154656926-> <2>L&1<3>
154658594-> data received from printer:
154658753-> <2>2727*2726<3><6>
154658754-> ********************** COMMAND BEGIN **********************
154658754-> data sent to printer:
154658755-> <2>VRazon Social: CARMEN  BELIZARIO <3>
154658977-> data received from printer:
154659129-> <6>
154659130-> ********************** COMMAND BEGIN **********************
154659130-> data sent to printer:
154659131-> <2>VCI/Rif: V-11924056<3>
154659340-> data received from printer:
154659504-> <6>
154659505-> ********************** COMMAND BEGIN **********************
154659505-> data sent to printer:
154659505-> <2>V----------------------------------------<3>
154659739-> data received from printer:
154659894-> <6>
154659895-> ********************** COMMAND BEGIN **********************
154659895-> data sent to printer:
154659895-> <2>VM172702 UPCRACQU150351MV<3>
154700109-> data received from printer:
154700269-> <6>
154700270-> ********************** COMMAND BEGIN **********************
154700270-> data sent to printer:
154700270-> <2>N11,000xBs1365,35     00001365351<3>
154700550-> data received from printer:
154700704-> <6>
154824845-> ********************** COMMAND BEGIN **********************
154824846-> data sent to printer:
154824846-> <2>P1PRUEBA              000000000200<3>
154824888-> data received from printer:
154825048-> <21>
154833154-> ********************** COMMAND BEGIN **********************
154833154-> data sent to printer:
154833155-> <2>P1PRUEBA              000000000200<3>
154833197-> data received from printer:
154833350-> <21>
154833351-> ********************** COMMAND BEGIN **********************
154833351-> data sent to printer:
154833351-> <2>Q<3>
154833719-> data received from printer:
154833876-> <6>
154833877-> ********************** COMMAND BEGIN **********************
154833877-> data sent to printer:
154833877-> <2>M<3>
154833885-> data received from printer:
154834041-> <21>
154900021-> OPEN PORT: COM1@9600
154900062-> ********************** COMMAND BEGIN **********************
154900062-> data sent to printer:
154900063-> <2>Q<3>
154900070-> data received from printer:
154900235-> <21>
154900236-> ********************** COMMAND BEGIN **********************
154900236-> data sent to printer:
154900237-> <2>M<3>
154900244-> data received from printer:
154900400-> <21>
154903395-> OPEN PORT: COM1@9600
154903435-> OPEN PORT: COM1@9600
154904737-> ********************** COMMAND BEGIN **********************
154904738-> data sent to printer:
154904738-> <2>L&1<3>
154906408-> data received from printer:
154906559-> <2>2728*2727<3><6>
154906560-> ********************** COMMAND BEGIN **********************
154906560-> data sent to printer:
154906561-> <2>VRazon Social: CARMEN  BELIZARIO <3>
154906783-> data received from printer:
154906934-> <6>
154906935-> ********************** COMMAND BEGIN **********************
154906935-> data sent to printer:
154906936-> <2>VCI/Rif: V-11924056<3>
154907145-> data received from printer:
154907309-> <6>
154907310-> ********************** COMMAND BEGIN **********************
154907310-> data sent to printer:
154907311-> <2>V----------------------------------------<3>
154907545-> data received from printer:
154907699-> <6>
154907700-> ********************** COMMAND BEGIN **********************
154907700-> data sent to printer:
154907701-> <2>VM172702 UPCRACQU150351MV<3>
154907914-> data received from printer:
154908074-> <6>
154908075-> ********************** COMMAND BEGIN **********************
154908075-> data sent to printer:
154908076-> <2>N11,000xBs1365,35     00001365351<3>
154908392-> data received from printer:
154908555-> <6>
155010651-> ********************** COMMAND BEGIN **********************
155010652-> data sent to printer:
155010653-> <2>P117/10/2024 DEBITO   000000078381<3>
155010696-> data received from printer:
155010861-> <21>
155044976-> ********************** COMMAND BEGIN **********************
155044977-> data sent to printer:
155044977-> <2>P1DIVISAS             000000080000<3>
155045019-> data received from printer:
155045177-> <21>
155119200-> ********************** COMMAND BEGIN **********************
155119201-> data sent to printer:
155119201-> <2>V<3>
155119392-> data received from printer:
155119554-> <6>
155124329-> ********************** COMMAND BEGIN **********************
155124330-> data sent to printer:
155124330-> <2>VNumero Orden: 0056580<3>
155124544-> data received from printer:
155124701-> <6>
155150387-> ********************** COMMAND BEGIN **********************
155150387-> data sent to printer:
155150388-> <2>Q<3>
155150756-> data received from printer:
155150912-> <6>
155151524-> ********************** COMMAND BEGIN **********************
155151524-> data sent to printer:
155151525-> <2>M<3>
155151532-> data received from printer:
155151690-> <21>
155229595-> OPEN PORT: COM1@9600
155229636-> ********************** COMMAND BEGIN **********************
155229636-> data sent to printer:
155229636-> <2>Q<3>
155229644-> data received from printer:
155229808-> <21>
155229809-> ********************** COMMAND BEGIN **********************
155229809-> data sent to printer:
155229809-> <2>M<3>
155229817-> data received from printer:
155229974-> <21>
155234705-> OPEN PORT: COM1@9600
155234745-> OPEN PORT: COM1@9600
155235671-> ********************** COMMAND BEGIN **********************
155235672-> data sent to printer:
155235672-> <2>L&1<3>
155238001-> data received from printer:
155238154-> <2>2729*2728<3><6>
155238155-> ********************** COMMAND BEGIN **********************
155238155-> data sent to printer:
155238155-> <2>VRazon Social: CARMEN  BELIZARIO <3>
155238378-> data received from printer:
155238529-> <6>
155238529-> ********************** COMMAND BEGIN **********************
155238530-> data sent to printer:
155238530-> <2>VCI/Rif: V-11924056<3>
155238740-> data received from printer:
155238904-> <6>
155238905-> ********************** COMMAND BEGIN **********************
155238905-> data sent to printer:
155238905-> <2>V----------------------------------------<3>
155239140-> data received from printer:
155239295-> <6>
155304224-> ********************** COMMAND BEGIN **********************
155304224-> data sent to printer:
155304225-> <2>VM172702 UPCRACQU150351MV<3>
155304439-> data received from printer:
155304591-> <6>
155304592-> ********************** COMMAND BEGIN **********************
155304593-> data sent to printer:
155304593-> <2>N11,000xBs1365,35     00001365351<3>
155304874-> data received from printer:
155305026-> <6>
160213244-> ********************** COMMAND BEGIN **********************
160213244-> data sent to printer:
160213245-> <2>P117/10/2024 TRANSFERE000000080000<3>
160213287-> data received from printer:
160213444-> <21>
160213445-> ********************** COMMAND BEGIN **********************
160213445-> data sent to printer:
160213446-> <2>P117/10/2024 DEBITO   000000078381<3>
160213488-> data received from printer:
160213640-> <21>
160213641-> ********************** COMMAND BEGIN **********************
160213641-> data sent to printer:
160213642-> <2>Q<3>
160214010-> data received from printer:
160214166-> <6>
160214167-> ********************** COMMAND BEGIN **********************
160214167-> data sent to printer:
160214167-> <2>M<3>
160214175-> data received from printer:
160214331-> <21>
160244609-> OPEN PORT: COM1@9600
160244649-> ********************** COMMAND BEGIN **********************
160244650-> data sent to printer:
160244650-> <2>Q<3>
160244658-> data received from printer:
160244814-> <21>
160244815-> ********************** COMMAND BEGIN **********************
160244815-> data sent to printer:
160244816-> <2>M<3>
160244823-> data received from printer:
160244980-> <21>
160247576-> OPEN PORT: COM1@9600
160247616-> OPEN PORT: COM1@9600
160248193-> ********************** COMMAND BEGIN **********************
160248194-> data sent to printer:
160248194-> <2>L&1<3>
160249886-> data received from printer:
160250037-> <2>2730*2729<3><6>
160250037-> ********************** COMMAND BEGIN **********************
160250038-> data sent to printer:
160250038-> <2>VRazon Social: CARMEN  BELIZARIO <3>
160250261-> data received from printer:
160250413-> <6>
160250414-> ********************** COMMAND BEGIN **********************
160250414-> data sent to printer:
160250415-> <2>VCI/Rif: V-11924056<3>
160250625-> data received from printer:
160250790-> <6>
160250791-> ********************** COMMAND BEGIN **********************
160250791-> data sent to printer:
160250792-> <2>V----------------------------------------<3>
160251026-> data received from printer:
160251181-> <6>
160251182-> ********************** COMMAND BEGIN **********************
160251183-> data sent to printer:
160251183-> <2>VM172702 UPCRACQU150351MV<3>
160251397-> data received from printer:
160251556-> <6>
160251557-> ********************** COMMAND BEGIN **********************
160251557-> data sent to printer:
160251557-> <2>N11,000xBs1365,35     00001365351<3>
160251838-> data received from printer:
160251992-> <6>
160258801-> ********************** COMMAND BEGIN **********************
160258801-> data sent to printer:
160258802-> <2>O1<3>
160259809-> data received from printer:
160259961-> <2>158381<3><6>
160308125-> ********************** COMMAND BEGIN **********************
160308125-> data sent to printer:
160308126-> <2>P117/10/2024 TRANSFERE000000080000<3>
160308393-> data received from printer:
160308554-> <6>
160312360-> ********************** COMMAND BEGIN **********************
160312360-> data sent to printer:
160312360-> <2>P117/10/2024 DEBITO   000000078381<3>
160312631-> data received from printer:
160312786-> <6>
160325785-> ********************** COMMAND BEGIN **********************
160325785-> data sent to printer:
160325785-> <2>V<3>
160325976-> data received from printer:
160326134-> <6>
160326135-> ********************** COMMAND BEGIN **********************
160326135-> data sent to printer:
160326136-> <2>VNumero Orden: 0056580<3>
160326350-> data received from printer:
160326510-> <6>
160326511-> ********************** COMMAND BEGIN **********************
160326511-> data sent to printer:
160326511-> <2>V<3>
160326705-> data received from printer:
160326856-> <6>
160326885-> ********************** COMMAND BEGIN **********************
160326886-> data sent to printer:
160326886-> <2>V<161><161><161>GRACIAS POR SU COMPRA!!!<3>
160327105-> data received from printer:
160327262-> <6>
160327263-> ********************** COMMAND BEGIN **********************
160327263-> data sent to printer:
160327264-> <2>VSolo se aceptaran devoluciones<3>
160327524-> data received from printer:
160327683-> <6>
160327684-> ********************** COMMAND BEGIN **********************
160327685-> data sent to printer:
160327685-> <2>Vpor defectos de fabrica, con la<3>
160327908-> data received from printer:
160328059-> <6>
160328060-> ********************** COMMAND BEGIN **********************
160328060-> data sent to printer:
160328061-> <2>Vpresentacion de esta factura (original),<3>
160328295-> data received from printer:
160328449-> <6>
160328450-> ********************** COMMAND BEGIN **********************
160328450-> data sent to printer:
160328450-> <2>Vdentro de los treinta (30) dias<3>
160328677-> data received from printer:
160328840-> <6>
160328841-> ********************** COMMAND BEGIN **********************
160328841-> data sent to printer:
160328842-> <2>Vsiguientes a la emision de la misma.<3>
160329070-> data received from printer:
160329231-> <6>
160329245-> ********************** COMMAND BEGIN **********************
160329245-> data sent to printer:
160329246-> <2>Y0<3>
160329295-> data received from printer:
160329577-> <2>SENIAT    J-316292649    1600*800*3100*2          Bs.0TIY1900001190520240543*300<3><6>
160329579-> ********************** COMMAND BEGIN **********************
160329580-> data sent to printer:
160329580-> <2>S<3>
160329588-> data received from printer:
160329742-> <21>
160329743-> ********************** COMMAND BEGIN **********************
160329743-> data sent to printer:
160329744-> <2>M<3>
160331003-> data received from printer:
160331169-> <6>
