112333766-> OPEN PORT: COM1@9600
112333890-> ********************** COMMAND BEGIN **********************
112333891-> data sent to printer:
112333891-> <2>Q<3>
112333899-> data received from printer:
112334059-> <21>
112334060-> ********************** COMMAND BEGIN **********************
112334060-> data sent to printer:
112334061-> <2>M<3>
112334068-> data received from printer:
112334225-> <21>
112925546-> OPEN PORT: COM1@9600
112925586-> ********************** COMMAND BEGIN **********************
112925587-> data sent to printer:
112925587-> <2>Q<3>
112925594-> data received from printer:
112925749-> <21>
112925750-> ********************** COMMAND BEGIN **********************
112925750-> data sent to printer:
112925751-> <2>M<3>
112925758-> data received from printer:
112925914-> <21>
113727061-> OPEN PORT: COM1@9600
113727123-> ********************** COMMAND BEGIN **********************
113727123-> data sent to printer:
113727124-> <2>Q<3>
113727131-> data received from printer:
113727292-> <21>
113727293-> ********************** COMMAND BEGIN **********************
113727293-> data sent to printer:
113727294-> <2>M<3>
113727301-> data received from printer:
113727458-> <21>
114411391-> OPEN PORT: COM1@9600
114411432-> ********************** COMMAND BEGIN **********************
114411433-> data sent to printer:
114411433-> <2>Q<3>
114411440-> data received from printer:
114411606-> <21>
114411607-> ********************** COMMAND BEGIN **********************
114411607-> data sent to printer:
114411607-> <2>M<3>
114411615-> data received from printer:
114411771-> <21>
114919871-> OPEN PORT: COM1@9600
114919911-> ********************** COMMAND BEGIN **********************
114919911-> data sent to printer:
114919912-> <2>Q<3>
114919919-> data received from printer:
114920078-> <21>
114920079-> ********************** COMMAND BEGIN **********************
114920079-> data sent to printer:
114920080-> <2>M<3>
114920087-> data received from printer:
114920244-> <21>
120518799-> OPEN PORT: COM1@9600
120518839-> ********************** COMMAND BEGIN **********************
120518840-> data sent to printer:
120518840-> <2>Q<3>
120518848-> data received from printer:
120519005-> <21>
120519006-> ********************** COMMAND BEGIN **********************
120519006-> data sent to printer:
120519006-> <2>M<3>
120519014-> data received from printer:
120519171-> <21>
121112491-> OPEN PORT: COM1@9600
121112530-> ********************** COMMAND BEGIN **********************
121112531-> data sent to printer:
121112531-> <2>Q<3>
121112538-> data received from printer:
121112703-> <21>
121112704-> ********************** COMMAND BEGIN **********************
121112704-> data sent to printer:
121112705-> <2>M<3>
121112712-> data received from printer:
121112868-> <21>
123557252-> OPEN PORT: COM1@9600
123557300-> ********************** COMMAND BEGIN **********************
123557301-> data sent to printer:
123557301-> <2>Q<3>
123557309-> data received from printer:
123557468-> <21>
123557469-> ********************** COMMAND BEGIN **********************
123557469-> data sent to printer:
123557470-> <2>M<3>
123557478-> data received from printer:
123557634-> <21>
123802584-> OPEN PORT: COM1@9600
123802624-> ********************** COMMAND BEGIN **********************
123802625-> data sent to printer:
123802625-> <2>Q<3>
123802633-> data received from printer:
123802790-> <21>
123802791-> ********************** COMMAND BEGIN **********************
123802791-> data sent to printer:
123802791-> <2>M<3>
123802799-> data received from printer:
123802956-> <21>
