094425747-> OPEN PORT: COM1@9600
094425824-> OPEN PORT: COM1@9600
094425849-> ********************** COMMAND BEGIN **********************
094425849-> data sent to printer:
094425849-> <2>L&1<3>
094427486-> data received from printer:
094427650-> <2>2319*2317<3><6>
094427651-> ********************** COMMAND BEGIN **********************
094427651-> data sent to printer:
094427651-> <2>VRazon Social: Angel Moran<3>
094427901-> data received from printer:
094428056-> <6>
094428057-> ********************** COMMAND BEGIN **********************
094428057-> data sent to printer:
094428058-> <2>VCI/Rif: V-1800368<3>
094428268-> data received from printer:
094428432-> <6>
094428432-> ********************** COMMAND BEGIN **********************
094428433-> data sent to printer:
094428433-> <2>V----------------------------------------<3>
094429301-> data received from printer:
094429453-> <6>
094445436-> ********************** COMMAND BEGIN **********************
094445437-> data sent to printer:
094445438-> <2>VM144902 NPCOCDES770743A<3>
094445653-> data received from printer:
094445814-> <6>
094445815-> ********************** COMMAND BEGIN **********************
094445815-> data sent to printer:
094445816-> <2>N11,000xBs193,36      00000193361<3>
094446098-> data received from printer:
094446249-> <6>
094453531-> ********************** COMMAND BEGIN **********************
094453532-> data sent to printer:
094453532-> <2>VC000013 ULTRA DELGADO 1.60 ASFERICO <3>
094453759-> data received from printer:
094453919-> <6>
094453920-> ********************** COMMAND BEGIN **********************
094453920-> data sent to printer:
094453920-> <2>N12,000xBs1426,03     00002852060<3>
094454197-> data received from printer:
094454354-> <6>
094459405-> ********************** COMMAND BEGIN **********************
094459405-> data sent to printer:
094459405-> <2>O1<3>
094500531-> data received from printer:
094500682-> <2>307636<3><6>
094500757-> ********************** COMMAND BEGIN **********************
094500757-> data sent to printer:
094500757-> <2>P120/04/2023 MASTER   000000050000<3>
094501028-> data received from printer:
094501179-> <6>
094501179-> ********************** COMMAND BEGIN **********************
094501180-> data sent to printer:
094501180-> <2>P120/04/2023 DEBITO   000000070000<3>
094501445-> data received from printer:
094501600-> <6>
094501601-> ********************** COMMAND BEGIN **********************
094501601-> data sent to printer:
094501601-> <2>P120/04/2023 TRANSFERE000000035000<3>
094501870-> data received from printer:
094502034-> <6>
094502034-> ********************** COMMAND BEGIN **********************
094502035-> data sent to printer:
094502035-> <2>P120/04/2023 EFECTIVO 000000152636<3>
094502305-> data received from printer:
094502470-> <6>
094502471-> ********************** COMMAND BEGIN **********************
094502471-> data sent to printer:
094502471-> <2>V<3>
094502661-> data received from printer:
094502815-> <6>
094502816-> ********************** COMMAND BEGIN **********************
094502816-> data sent to printer:
094502816-> <2>VNumero Orden: 0104554<3>
094503031-> data received from printer:
094503191-> <6>
094503191-> ********************** COMMAND BEGIN **********************
094503192-> data sent to printer:
094503192-> <2>V<3>
094503386-> data received from printer:
094503537-> <6>
094503558-> ********************** COMMAND BEGIN **********************
094503558-> data sent to printer:
094503558-> <2>Y0<3>
094503608-> data received from printer:
094503883-> <2>SENIAT    J-316292649    1600*800*3100*2          Bs.0TIY1900001110120230427*300<3><6>
094503884-> ********************** COMMAND BEGIN **********************
094503884-> data sent to printer:
094503885-> <2>S<3>
094503892-> data received from printer:
094504048-> <21>
094504049-> ********************** COMMAND BEGIN **********************
094504049-> data sent to printer:
094504049-> <2>M<3>
094505367-> data received from printer:
094505519-> <6>
115014498-> OPEN PORT: COM1@9600
115014550-> OPEN PORT: COM1@9600
115014552-> ********************** COMMAND BEGIN **********************
115014553-> data sent to printer:
115014553-> <2>L&1<3>
115016854-> data received from printer:
115017013-> <2>2320*2317<3><6>
115017014-> ********************** COMMAND BEGIN **********************
115017014-> data sent to printer:
115017015-> <2>VRazon Social: Angel Moran<3>
115017233-> data received from printer:
115017388-> <6>
115017388-> ********************** COMMAND BEGIN **********************
115017389-> data sent to printer:
115017389-> <2>VCI/Rif: V-1800368<3>
115017595-> data received from printer:
115017749-> <6>
115017749-> ********************** COMMAND BEGIN **********************
115017750-> data sent to printer:
115017750-> <2>V----------------------------------------<3>
115017983-> data received from printer:
115018140-> <6>
115020184-> ********************** COMMAND BEGIN **********************
115020184-> data sent to printer:
115020184-> <2>VM144902 NPCOCDES770743A<3>
115020401-> data received from printer:
115020554-> <6>
115020554-> ********************** COMMAND BEGIN **********************
115020555-> data sent to printer:
115020555-> <2>N11,000xBs193,36      00000193361<3>
115020833-> data received from printer:
115020989-> <6>
115022107-> ********************** COMMAND BEGIN **********************
115022107-> data sent to printer:
115022108-> <2>VC000013 ULTRA DELGADO 1.60 ASFERICO <3>
115022338-> data received from printer:
115022499-> <6>
115022500-> ********************** COMMAND BEGIN **********************
115022500-> data sent to printer:
115022500-> <2>N12,000xBs1426,03     00002852060<3>
115022779-> data received from printer:
115022934-> <6>
115023950-> ********************** COMMAND BEGIN **********************
115023951-> data sent to printer:
115023951-> <2>OT152272<0>206<0><128><16><128><3>
115025216-> data received from printer:
115025369-> <2>312204<3><6>
115025474-> ********************** COMMAND BEGIN **********************
115025475-> data sent to printer:
115025476-> <2>P120/04/2023 DIVISAS  000000152272<3>
115025745-> data received from printer:
115025899-> <6>
115025900-> ********************** COMMAND BEGIN **********************
115025900-> data sent to printer:
115025900-> <2>P120/04/2023 EFECTIVO 000000057636<3>
115026170-> data received from printer:
115026335-> <6>
115026336-> ********************** COMMAND BEGIN **********************
115026336-> data sent to printer:
115026336-> <2>P120/04/2023 TRANSFERE000000102296<3>
115026603-> data received from printer:
115026756-> <6>
115026757-> ********************** COMMAND BEGIN **********************
115026757-> data sent to printer:
115026757-> <2>V<3>
115026949-> data received from printer:
115027101-> <6>
115027101-> ********************** COMMAND BEGIN **********************
115027102-> data sent to printer:
115027102-> <2>VNumero Orden: 0104570<3>
115027318-> data received from printer:
115027477-> <6>
115027477-> ********************** COMMAND BEGIN **********************
115027478-> data sent to printer:
115027478-> <2>V<3>
115027704-> data received from printer:
115027869-> <6>
115027876-> ********************** COMMAND BEGIN **********************
115027876-> data sent to printer:
115027876-> <2>Y0<3>
115027926-> data received from printer:
115028200-> <2>SENIAT    J-316292649    1600*800*3100*2          Bs.0TIY1900001110120230632*300<3><6>
115028201-> ********************** COMMAND BEGIN **********************
115028201-> data sent to printer:
115028201-> <2>S<3>
115028209-> data received from printer:
115028366-> <21>
115028367-> ********************** COMMAND BEGIN **********************
115028367-> data sent to printer:
115028367-> <2>M<3>
115029675-> data received from printer:
115029836-> <6>
124715665-> OPEN PORT: COM1@9600
124715704-> OPEN PORT: COM1@9600
124715707-> ********************** COMMAND BEGIN **********************
124715707-> data sent to printer:
124715707-> <2>L&1<3>
124717377-> data received from printer:
124717538-> <2>2321*2317<3><6>
124717539-> ********************** COMMAND BEGIN **********************
124717539-> data sent to printer:
124717539-> <2>VRazon Social: Angel Moran<3>
124717756-> data received from printer:
124717914-> <6>
124717914-> ********************** COMMAND BEGIN **********************
124717915-> data sent to printer:
124717915-> <2>VCI/Rif: V-1800368<3>
124718124-> data received from printer:
124718276-> <6>
124718276-> ********************** COMMAND BEGIN **********************
124718277-> data sent to printer:
124718277-> <2>V----------------------------------------<3>
124718506-> data received from printer:
124718666-> <6>
124720546-> ********************** COMMAND BEGIN **********************
124720546-> data sent to printer:
124720546-> <2>VC000013 ULTRA DELGADO 1.60 ASFERICO <3>
124720775-> data received from printer:
124720937-> <6>
124720937-> ********************** COMMAND BEGIN **********************
124720938-> data sent to printer:
124720938-> <2>N12,000xBs1426,03     00002852060<3>
124721214-> data received from printer:
124721373-> <6>
124722072-> ********************** COMMAND BEGIN **********************
124722072-> data sent to printer:
124722073-> <2>VM144902 NPCOCDES770743A<3>
124722322-> data received from printer:
124722483-> <6>
124722483-> ********************** COMMAND BEGIN **********************
124722484-> data sent to printer:
124722484-> <2>N11,000xBs193,36      00000193361<3>
124722765-> data received from printer:
124722919-> <6>
124725464-> ********************** COMMAND BEGIN **********************
124725465-> data sent to printer:
124725465-> <2>OT152272<0><0><0><0><0><128><132><228><3>
124726696-> data received from printer:
124726848-> <2>312204<3><6>
124727848-> ********************** COMMAND BEGIN **********************
124727848-> data sent to printer:
124727849-> <2>P120/04/2023 DIVISAS  000000152272<3>
124728114-> data received from printer:
124728270-> <6>
124728271-> ********************** COMMAND BEGIN **********************
124728271-> data sent to printer:
124728271-> <2>P120/04/2023 EFECTIVO 000000057636<3>
124728539-> data received from printer:
124728690-> <6>
124728691-> ********************** COMMAND BEGIN **********************
124728691-> data sent to printer:
124728691-> <2>P120/04/2023 TRANSFERE000000102296<3>
124728995-> data received from printer:
124729155-> <6>
124729156-> ********************** COMMAND BEGIN **********************
124729156-> data sent to printer:
124729156-> <2>V<3>
124729348-> data received from printer:
124729500-> <6>
124729500-> ********************** COMMAND BEGIN **********************
124729501-> data sent to printer:
124729501-> <2>VNumero Orden: 0104584<3>
124729717-> data received from printer:
124729875-> <6>
124729875-> ********************** COMMAND BEGIN **********************
124729876-> data sent to printer:
124729876-> <2>V<3>
124730066-> data received from printer:
124730221-> <6>
124730238-> ********************** COMMAND BEGIN **********************
124730238-> data sent to printer:
124730238-> <2>Y0<3>
124730288-> data received from printer:
124730567-> <2>SENIAT    J-316292649    1600*800*3100*2          Bs.0TIY1900001110120230729*300<3><6>
124730568-> ********************** COMMAND BEGIN **********************
124730568-> data sent to printer:
124730568-> <2>S<3>
124730576-> data received from printer:
124730732-> <21>
124730733-> ********************** COMMAND BEGIN **********************
124730733-> data sent to printer:
124730734-> <2>M<3>
124732048-> data received from printer:
124732204-> <6>
132314900-> OPEN PORT: COM1@9600
132314940-> OPEN PORT: COM1@9600
132314942-> ********************** COMMAND BEGIN **********************
132314943-> data sent to printer:
132314943-> <2>L&1<3>
132316616-> data received from printer:
132316777-> <2>2322*2317<3><6>
132316778-> ********************** COMMAND BEGIN **********************
132316778-> data sent to printer:
132316779-> <2>VRazon Social: Angel Moran<3>
132316994-> data received from printer:
132317152-> <6>
132317152-> ********************** COMMAND BEGIN **********************
132317153-> data sent to printer:
132317153-> <2>VCI/Rif: V-1800368<3>
132317361-> data received from printer:
132317527-> <6>
132317527-> ********************** COMMAND BEGIN **********************
132317528-> data sent to printer:
132317528-> <2>V----------------------------------------<3>
132317795-> data received from printer:
132317947-> <6>
132322368-> ********************** COMMAND BEGIN **********************
132322368-> data sent to printer:
132322369-> <2>VM144902 NPCOCDES770743A<3>
132322583-> data received from printer:
132322748-> <6>
132322748-> ********************** COMMAND BEGIN **********************
132322749-> data sent to printer:
132322749-> <2>N11,000xBs193,36      00000193361<3>
132323031-> data received from printer:
132323184-> <6>
132323184-> ********************** COMMAND BEGIN **********************
132323185-> data sent to printer:
132323185-> <2>VC000013 ULTRA DELGADO 1.60 ASFERICO <3>
132323413-> data received from printer:
132323575-> <6>
132323575-> ********************** COMMAND BEGIN **********************
132323576-> data sent to printer:
132323576-> <2>N12,000xBs1426,03     00002852060<3>
132323853-> data received from printer:
132324011-> <6>
132328661-> ********************** COMMAND BEGIN **********************
132328662-> data sent to printer:
132328662-> <2>OT152272<0><0><0><0><0><128><13>_<3>
132330565-> data received from printer:
132330728-> <2>312204<3><6>
132330833-> ********************** COMMAND BEGIN **********************
132330833-> data sent to printer:
132330833-> <2>P120/04/2023 DIVISAS  000000152272<3>
132331099-> data received from printer:
132331255-> <6>
132331255-> ********************** COMMAND BEGIN **********************
132331256-> data sent to printer:
132331256-> <2>P120/04/2023 EFECTIVO 000000057636<3>
132331524-> data received from printer:
132331675-> <6>
132331675-> ********************** COMMAND BEGIN **********************
132331676-> data sent to printer:
132331676-> <2>P120/04/2023 TRANSFERE000000102296<3>
132331945-> data received from printer:
132332111-> <6>
132332112-> ********************** COMMAND BEGIN **********************
132332112-> data sent to printer:
132332112-> <2>V<3>
132332302-> data received from printer:
132332456-> <6>
132332456-> ********************** COMMAND BEGIN **********************
132332457-> data sent to printer:
132332457-> <2>VNumero Orden: 0104582<3>
132332671-> data received from printer:
132332832-> <6>
132332832-> ********************** COMMAND BEGIN **********************
132332833-> data sent to printer:
132332833-> <2>V<3>
132333027-> data received from printer:
132333178-> <6>
132333185-> ********************** COMMAND BEGIN **********************
132333185-> data sent to printer:
132333186-> <2>Y0<3>
132333235-> data received from printer:
132333509-> <2>SENIAT    J-316292649    1600*800*3100*2          Bs.0TIY1900001110120230806*300<3><6>
132333510-> ********************** COMMAND BEGIN **********************
132333510-> data sent to printer:
132333510-> <2>S<3>
132333518-> data received from printer:
132333675-> <21>
132333676-> ********************** COMMAND BEGIN **********************
132333676-> data sent to printer:
132333676-> <2>M<3>
132335021-> data received from printer:
132335176-> <6>
140328963-> OPEN PORT: COM1@9600
140329011-> OPEN PORT: COM1@9600
140329014-> ********************** COMMAND BEGIN **********************
140329014-> data sent to printer:
140329015-> <2>L&1<3>
140330682-> data received from printer:
140330837-> <2>2323*2317<3><6>
140330838-> ********************** COMMAND BEGIN **********************
140330838-> data sent to printer:
140330838-> <2>VRazon Social: Angel Moran<3>
140331053-> data received from printer:
140331212-> <6>
140331212-> ********************** COMMAND BEGIN **********************
140331213-> data sent to printer:
140331213-> <2>VCI/Rif: V-1800368<3>
140331422-> data received from printer:
140331573-> <6>
140331574-> ********************** COMMAND BEGIN **********************
140331574-> data sent to printer:
140331574-> <2>V----------------------------------------<3>
140331808-> data received from printer:
140331963-> <6>
140331966-> ********************** COMMAND BEGIN **********************
140331966-> data sent to printer:
140331966-> <2>VC000013 ULTRA DELGADO 1.60 ASFERICO <3>
140332192-> data received from printer:
140332353-> <6>
140332353-> ********************** COMMAND BEGIN **********************
140332354-> data sent to printer:
140332354-> <2>N12,000xBs1426,03     00002852060<3>
140332628-> data received from printer:
140332789-> <6>
140332789-> ********************** COMMAND BEGIN **********************
140332790-> data sent to printer:
140332790-> <2>VM144902 NPCOCDES770743A<3>
140333008-> data received from printer:
140333165-> <6>
140333165-> ********************** COMMAND BEGIN **********************
140333166-> data sent to printer:
140333166-> <2>N11,000xBs193,36      00000193361<3>
140333444-> data received from printer:
140333600-> <6>
140333866-> ********************** COMMAND BEGIN **********************
140333866-> data sent to printer:
140333867-> <2>OT152272<0><0><0><0><0><0>><23><3>
140335134-> data received from printer:
140335289-> <2>312204<3><6>
140335482-> ********************** COMMAND BEGIN **********************
140335483-> data sent to printer:
140335484-> <2>P120/04/2023 DIVISAS  000000152272<3>
140335755-> data received from printer:
140335910-> <6>
140335911-> ********************** COMMAND BEGIN **********************
140335911-> data sent to printer:
140335911-> <2>P120/04/2023 EFECTIVO 000000057636<3>
140336177-> data received from printer:
140336331-> <6>
140336331-> ********************** COMMAND BEGIN **********************
140336332-> data sent to printer:
140336332-> <2>P120/04/2023 TRANSFERE000000102296<3>
140336600-> data received from printer:
140336752-> <6>
140336753-> ********************** COMMAND BEGIN **********************
140336753-> data sent to printer:
140336753-> <2>V<3>
140336947-> data received from printer:
140337098-> <6>
140337098-> ********************** COMMAND BEGIN **********************
140337099-> data sent to printer:
140337099-> <2>VNumero Orden: 0104581<3>
140337311-> data received from printer:
140337474-> <6>
140337474-> ********************** COMMAND BEGIN **********************
140337475-> data sent to printer:
140337475-> <2>V<3>
140337666-> data received from printer:
140337820-> <6>
140337858-> ********************** COMMAND BEGIN **********************
140337858-> data sent to printer:
140337858-> <2>Y0<3>
140337908-> data received from printer:
140338182-> <2>SENIAT    J-316292649    1600*800*3100*2          Bs.0TIY1900001110120230846*300<3><6>
140338183-> ********************** COMMAND BEGIN **********************
140338183-> data sent to printer:
140338183-> <2>S<3>
140338191-> data received from printer:
140338348-> <21>
140338349-> ********************** COMMAND BEGIN **********************
140338349-> data sent to printer:
140338349-> <2>M<3>
140339694-> data received from printer:
140339848-> <6>
143611430-> OPEN PORT: COM1@9600
143611470-> OPEN PORT: COM1@9600
143611472-> ********************** COMMAND BEGIN **********************
143611472-> data sent to printer:
143611472-> <2>L&1<3>
143613141-> data received from printer:
143613295-> <2>2324*2317<3><6>
143613296-> ********************** COMMAND BEGIN **********************
143613297-> data sent to printer:
143613297-> <2>VRazon Social: Angel Moran<3>
143613516-> data received from printer:
143613671-> <6>
143613673-> ********************** COMMAND BEGIN **********************
143613673-> data sent to printer:
143613674-> <2>VCI/Rif: V-1800368<3>
143614536-> data received from printer:
143614691-> <6>
143614692-> ********************** COMMAND BEGIN **********************
143614692-> data sent to printer:
143614692-> <2>V----------------------------------------<3>
143614923-> data received from printer:
143615081-> <6>
143615085-> ********************** COMMAND BEGIN **********************
143615086-> data sent to printer:
143615086-> <2>VC000013 ULTRA DELGADO 1.60 ASFERICO <3>
143615314-> data received from printer:
143615471-> <6>
143615472-> ********************** COMMAND BEGIN **********************
143615472-> data sent to printer:
143615472-> <2>N12,000xBs1426,03     00002852060<3>
143615749-> data received from printer:
143615906-> <6>
143615907-> ********************** COMMAND BEGIN **********************
143615907-> data sent to printer:
143615907-> <2>VM144902 NPCOCDES770743A<3>
143616122-> data received from printer:
143616282-> <6>
143616282-> ********************** COMMAND BEGIN **********************
143616283-> data sent to printer:
143616283-> <2>N11,000xBs193,36      00000193361<3>
143616563-> data received from printer:
143616717-> <6>
143616980-> ********************** COMMAND BEGIN **********************
143616981-> data sent to printer:
143616982-> <2>O1<3>
143618109-> data received from printer:
143618268-> <2>307636<3><6>
143618342-> ********************** COMMAND BEGIN **********************
143618344-> data sent to printer:
143618345-> <2>P120/04/2023 VISA     000000250000<3>
143618615-> data received from printer:
143618766-> <6>
143618766-> ********************** COMMAND BEGIN **********************
143618767-> data sent to printer:
143618767-> <2>P120/04/2023 DEBITO   000000057636<3>
143619033-> data received from printer:
143619187-> <6>
143619188-> ********************** COMMAND BEGIN **********************
143619188-> data sent to printer:
143619188-> <2>V<3>
143619380-> data received from printer:
143619532-> <6>
143619532-> ********************** COMMAND BEGIN **********************
143619533-> data sent to printer:
143619533-> <2>VNumero Orden: 0104580<3>
143619749-> data received from printer:
143619907-> <6>
143619907-> ********************** COMMAND BEGIN **********************
143619908-> data sent to printer:
143619908-> <2>V<3>
143620099-> data received from printer:
143620253-> <6>
143624722-> ********************** COMMAND BEGIN **********************
143624723-> data sent to printer:
143624723-> <2>Q<3>
143625150-> data received from printer:
143625311-> <6>
143625312-> ********************** COMMAND BEGIN **********************
143625312-> data sent to printer:
143625312-> <2>M<3>
143625319-> data received from printer:
143625477-> <21>
143726387-> OPEN PORT: COM1@9600
143726428-> OPEN PORT: COM1@9600
143726429-> ********************** COMMAND BEGIN **********************
143726429-> data sent to printer:
143726429-> <2>L&1<3>
143728061-> data received from printer:
143728217-> <2>2325*2324<3><6>
143728217-> ********************** COMMAND BEGIN **********************
143728218-> data sent to printer:
143728218-> <2>VRazon Social: Angel Moran<3>
143728470-> data received from printer:
143728623-> <6>
143728624-> ********************** COMMAND BEGIN **********************
143728624-> data sent to printer:
143728624-> <2>VCI/Rif: V-1800368<3>
143728832-> data received from printer:
143728983-> <6>
143728984-> ********************** COMMAND BEGIN **********************
143728984-> data sent to printer:
143728984-> <2>V----------------------------------------<3>
143729219-> data received from printer:
143729373-> <6>
143729374-> ********************** COMMAND BEGIN **********************
143729374-> data sent to printer:
143729375-> <2>VM144902 NPCOCDES770743A<3>
143729587-> data received from printer:
143729749-> <6>
143729750-> ********************** COMMAND BEGIN **********************
143729750-> data sent to printer:
143729750-> <2>N11,000xBs193,36      00000193361<3>
143730030-> data received from printer:
143730185-> <6>
143730186-> ********************** COMMAND BEGIN **********************
143730186-> data sent to printer:
143730186-> <2>VC000013 ULTRA DELGADO 1.60 ASFERICO <3>
143730418-> data received from printer:
143730576-> <6>
143730576-> ********************** COMMAND BEGIN **********************
143730577-> data sent to printer:
143730577-> <2>N12,000xBs1426,03     00002852060<3>
143730852-> data received from printer:
143731011-> <6>
143731244-> ********************** COMMAND BEGIN **********************
143731245-> data sent to printer:
143731245-> <2>O1<3>
143732372-> data received from printer:
143732532-> <2>307636<3><6>
143732592-> ********************** COMMAND BEGIN **********************
143732593-> data sent to printer:
143732593-> <2>P120/04/2023 VISA     000000250000<3>
143732862-> data received from printer:
143733014-> <6>
143733015-> ********************** COMMAND BEGIN **********************
143733015-> data sent to printer:
143733015-> <2>P120/04/2023 DEBITO   000000057636<3>
143733285-> data received from printer:
143733449-> <6>
143733449-> ********************** COMMAND BEGIN **********************
143733450-> data sent to printer:
143733450-> <2>V<3>
143733640-> data received from printer:
143733795-> <6>
143733796-> ********************** COMMAND BEGIN **********************
143733796-> data sent to printer:
143733796-> <2>VNumero Orden: 0104580<3>
143734009-> data received from printer:
143734170-> <6>
143734170-> ********************** COMMAND BEGIN **********************
143734171-> data sent to printer:
143734171-> <2>V<3>
143734365-> data received from printer:
143734516-> <6>
144117364-> ********************** COMMAND BEGIN **********************
144117392-> data sent to printer:
144117393-> <2>Q<3>
144117780-> data received from printer:
144117938-> <6>
144117938-> ********************** COMMAND BEGIN **********************
144117939-> data sent to printer:
144117939-> <2>M<3>
144117947-> data received from printer:
144118103-> <21>
144139395-> OPEN PORT: COM1@9600
144139435-> OPEN PORT: COM1@9600
144139436-> ********************** COMMAND BEGIN **********************
144139436-> data sent to printer:
144139436-> <2>L&1<3>
144141760-> data received from printer:
144141914-> <2>2326*2325<3><6>
144141914-> ********************** COMMAND BEGIN **********************
144141915-> data sent to printer:
144141915-> <2>VRazon Social: Angel Moran<3>
144142132-> data received from printer:
144142290-> <6>
144142290-> ********************** COMMAND BEGIN **********************
144142291-> data sent to printer:
144142291-> <2>VCI/Rif: V-1800368<3>
144142501-> data received from printer:
144142665-> <6>
144142665-> ********************** COMMAND BEGIN **********************
144142666-> data sent to printer:
144142666-> <2>V----------------------------------------<3>
144142897-> data received from printer:
144143055-> <6>
144143055-> ********************** COMMAND BEGIN **********************
144143056-> data sent to printer:
144143071-> <2>VC000013 ULTRA DELGADO 1.60 ASFERICO <3>
144143299-> data received from printer:
144143461-> <6>
144143462-> ********************** COMMAND BEGIN **********************
144143462-> data sent to printer:
144143462-> <2>N12,000xBs1426,03     00002852060<3>
144143738-> data received from printer:
144143897-> <6>
144143898-> ********************** COMMAND BEGIN **********************
144143898-> data sent to printer:
144143898-> <2>VM144902 NPCOCDES770743A<3>
144144112-> data received from printer:
144144273-> <6>
144144273-> ********************** COMMAND BEGIN **********************
144144274-> data sent to printer:
144144274-> <2>N11,000xBs193,36      00000193361<3>
144144590-> data received from printer:
144144755-> <6>
144144988-> ********************** COMMAND BEGIN **********************
144144989-> data sent to printer:
144144990-> <2>O1<3>
144146080-> data received from printer:
144146233-> <2>307636<3><6>
144146295-> ********************** COMMAND BEGIN **********************
144146296-> data sent to printer:
144146297-> <2>P120/04/2023 VISA     000000250000<3>
144146566-> data received from printer:
144146729-> <6>
144146729-> ********************** COMMAND BEGIN **********************
144146730-> data sent to printer:
144146730-> <2>P120/04/2023 DEBITO   000000057636<3>
144146996-> data received from printer:
144147150-> <6>
144147151-> ********************** COMMAND BEGIN **********************
144147151-> data sent to printer:
144147151-> <2>V<3>
144147343-> data received from printer:
144147495-> <6>
144147496-> ********************** COMMAND BEGIN **********************
144147496-> data sent to printer:
144147496-> <2>VNumero Orden: 0104580<3>
144147746-> data received from printer:
144147901-> <6>
144147901-> ********************** COMMAND BEGIN **********************
144147902-> data sent to printer:
144147902-> <2>V<3>
144148094-> data received from printer:
144148246-> <6>
144153395-> ********************** COMMAND BEGIN **********************
144153395-> data sent to printer:
144153396-> <2>V<161><161><161>GRACIAS POR SU COMPRA!!!<3>
144153618-> data received from printer:
144153775-> <6>
144156516-> ********************** COMMAND BEGIN **********************
144156516-> data sent to printer:
144156517-> <2>VSolo se aceptaran devoluciones<3>
144156739-> data received from printer:
144156892-> <6>
144156892-> ********************** COMMAND BEGIN **********************
144156893-> data sent to printer:
144156893-> <2>Vpor defectos de fabrica, con la<3>
144157118-> data received from printer:
144157268-> <6>
144157268-> ********************** COMMAND BEGIN **********************
144157269-> data sent to printer:
144157269-> <2>Vpresentacion de esta factura (original),<3>
144157505-> data received from printer:
144157658-> <6>
144157658-> ********************** COMMAND BEGIN **********************
144157659-> data sent to printer:
144157659-> <2>Vdentro de los treinta (30) dias<3>
144157882-> data received from printer:
144158033-> <6>
144158033-> ********************** COMMAND BEGIN **********************
144158034-> data sent to printer:
144158034-> <2>Vsiguientes a la emision de la misma.<3>
144158264-> data received from printer:
144158423-> <6>
144158456-> ********************** COMMAND BEGIN **********************
144158456-> data sent to printer:
144158457-> <2>Y0<3>
144158506-> data received from printer:
144158785-> <2>SENIAT    J-316292649    1600*800*3100*2          Bs.0TIY1900001110120230924*300<3><6>
144158799-> ********************** COMMAND BEGIN **********************
144158800-> data sent to printer:
144158800-> <2>S<3>
144158807-> data received from printer:
144158966-> <21>
144158967-> ********************** COMMAND BEGIN **********************
144158967-> data sent to printer:
144158967-> <2>M<3>
144200286-> data received from printer:
144200451-> <6>
