115411749-> OPEN PORT: COM1@9600
115411987-> ********************** COMMAND BEGIN **********************
115411989-> data sent to printer:
115411990-> <2>Q<3>
115412000-> data received from printer:
115412165-> <21>
115412166-> ********************** COMMAND BEGIN **********************
115412166-> data sent to printer:
115412167-> <2>M<3>
115412174-> data received from printer:
115412330-> <21>
164827893-> OPEN PORT: COM1@9600
164828112-> ********************** COMMAND BEGIN **********************
164828114-> data sent to printer:
164828116-> <2>Q<3>
164828125-> data received from printer:
164828282-> <21>
164828283-> ********************** COMMAND BEGIN **********************
164828283-> data sent to printer:
164828284-> <2>M<3>
164828291-> data received from printer:
164828448-> <21>
