095018485-> OPEN PORT: COM1@9600
095018562-> ********************** COMMAND BEGIN **********************
095018562-> data sent to printer:
095018562-> <2>Q<3>
095018569-> data received from printer:
095018726-> <21>
095018727-> ********************** COMMAND BEGIN **********************
095018727-> data sent to printer:
095018727-> <2>M<3>
095018735-> data received from printer:
095018891-> <21>
100657290-> OPEN PORT: COM1@9600
100657330-> ********************** COMMAND BEGIN **********************
100657330-> data sent to printer:
100657331-> <2>Q<3>
100657338-> data received from printer:
100657493-> <21>
100657493-> ********************** COMMAND BEGIN **********************
100657494-> data sent to printer:
100657494-> <2>M<3>
100657502-> data received from printer:
100657658-> <21>
100825280-> OPEN PORT: COM1@9600
100825321-> OPEN PORT: COM1@9600
100825386-> ********************** COMMAND BEGIN **********************
100825387-> data sent to printer:
100825388-> <2>L&1<3>
100827059-> data received from printer:
100827215-> <2>2465*2462<3><6>
100827229-> ********************** COMMAND BEGIN **********************
100827229-> data sent to printer:
100827229-> <2>VRazon Social: Giuseppe Lazzaro<3>
100827454-> data received from printer:
100827605-> <6>
100827605-> ********************** COMMAND BEGIN **********************
100827606-> data sent to printer:
100827606-> <2>VCI/Rif: V-8375736<3>
100827813-> data received from printer:
100827965-> <6>
100827975-> ********************** COMMAND BEGIN **********************
100827975-> data sent to printer:
100827976-> <2>V----------------------------------------<3>
100828208-> data received from printer:
100828371-> <6>
100828375-> ********************** COMMAND BEGIN **********************
100828375-> data sent to printer:
100828375-> <2>VM175811 CPCCMWSG220454G<3>
100828592-> data received from printer:
100828746-> <6>
100828747-> ********************** COMMAND BEGIN **********************
100828747-> data sent to printer:
100828747-> <2>N11,000xBs798,00      00000798001<3>
100829026-> data received from printer:
100829182-> <6>
100829183-> ********************** COMMAND BEGIN **********************
100829183-> data sent to printer:
100829183-> <2>VC000187 LIFE FREE 2 CR-39 <3>
100829403-> data received from printer:
100829557-> <6>
100829558-> ********************** COMMAND BEGIN **********************
100829558-> data sent to printer:
100829558-> <2>N12,000xBs2766,40     00005532800<3>
100829838-> data received from printer:
100829992-> <6>
100845138-> ********************** COMMAND BEGIN **********************
100845140-> data sent to printer:
100845141-> <2>OT645848<0><0><0><0><0><128>>J<3>
100846409-> data received from printer:
100846561-> <2>665223<3><6>
100847769-> ********************** COMMAND BEGIN **********************
100847770-> data sent to printer:
100847770-> <2>P1DIVISAS             000000645848<3>
100848038-> data received from printer:
100848201-> <6>
100848202-> ********************** COMMAND BEGIN **********************
100848202-> data sent to printer:
100848202-> <2>V<3>
100848397-> data received from printer:
100848563-> <6>
100848564-> ********************** COMMAND BEGIN **********************
100848564-> data sent to printer:
100848564-> <2>VNumero Orden: 0069123<3>
100848776-> data received from printer:
100848939-> <6>
100848939-> ********************** COMMAND BEGIN **********************
100848940-> data sent to printer:
100848940-> <2>V<3>
100849132-> data received from printer:
100849284-> <6>
100849605-> ********************** COMMAND BEGIN **********************
100849605-> data sent to printer:
100849606-> <2>V*Contrato de Garantia Extendida para<3>
100849873-> data received from printer:
100850029-> <6>
100850029-> ********************** COMMAND BEGIN **********************
100850030-> data sent to printer:
100850030-> <2>V      Cristales Formulados:<3>
100850250-> data received from printer:
100850405-> <6>
100850405-> ********************** COMMAND BEGIN **********************
100850406-> data sent to printer:
100850406-> <2>V <3>
100850601-> data received from printer:
100850765-> <6>
100850765-> ********************** COMMAND BEGIN **********************
100850765-> data sent to printer:
100850765-> <2>VOD: ESF 2,25 EJE 0 CIL 0,00 ADD 2,25<3>
100850994-> data received from printer:
100851155-> <6>
100851155-> ********************** COMMAND BEGIN **********************
100851156-> data sent to printer:
100851156-> <2>VOI: ESF 2,25 EJE 100 CIL -0,50 ADD 2,25<3>
100851389-> data received from printer:
100851546-> <6>
100851547-> ********************** COMMAND BEGIN **********************
100851547-> data sent to printer:
100851547-> <2>V <3>
100851743-> data received from printer:
100851907-> <6>
100851908-> ********************** COMMAND BEGIN **********************
100851908-> data sent to printer:
100851908-> <2>VCondiciones legales en el Contrato<3>
100852134-> data received from printer:
100852298-> <6>
100852299-> ********************** COMMAND BEGIN **********************
100852300-> data sent to printer:
100852300-> <2>VSuscrito.<3>
100852502-> data received from printer:
100852659-> <6>
100852659-> ********************** COMMAND BEGIN **********************
100852660-> data sent to printer:
100852660-> <2>V <3>
100852855-> data received from printer:
100853020-> <6>
100853057-> ********************** COMMAND BEGIN **********************
100853057-> data sent to printer:
100853057-> <2>V<161><161><161>GRACIAS POR SU COMPRA!!!<3>
100853276-> data received from printer:
100853426-> <6>
100853427-> ********************** COMMAND BEGIN **********************
100853427-> data sent to printer:
100853427-> <2>VSolo se aceptaran devoluciones<3>
100853651-> data received from printer:
100853816-> <6>
100853816-> ********************** COMMAND BEGIN **********************
100853817-> data sent to printer:
100853817-> <2>Vpor defectos de fabrica, con la<3>
100854044-> data received from printer:
100854207-> <6>
100854207-> ********************** COMMAND BEGIN **********************
100854208-> data sent to printer:
100854208-> <2>Vpresentacion de esta factura (original),<3>
100854475-> data received from printer:
100854627-> <6>
100854627-> ********************** COMMAND BEGIN **********************
100854628-> data sent to printer:
100854628-> <2>Vdentro de los treinta (30) dias<3>
100854855-> data received from printer:
100855017-> <6>
100855017-> ********************** COMMAND BEGIN **********************
100855018-> data sent to printer:
100855018-> <2>Vsiguientes a la emision de la misma.<3>
100855246-> data received from printer:
100855407-> <6>
100855415-> ********************** COMMAND BEGIN **********************
100855415-> data sent to printer:
100855416-> <2>Y0<3>
100855465-> data received from printer:
100855739-> <2>SENIAT    J-316292649    1600*800*3100*2          Bs.0TIY1900001170320230448*300<3><6>
100855750-> ********************** COMMAND BEGIN **********************
100855751-> data sent to printer:
100855751-> <2>S<3>
100855758-> data received from printer:
100855919-> <21>
100855920-> ********************** COMMAND BEGIN **********************
100855920-> data sent to printer:
100855920-> <2>M<3>
100857236-> data received from printer:
100857390-> <6>
