161019262-> OPEN PORT: COM1@9600
161019352-> ********************** COMMAND BEGIN **********************
161019353-> data sent to printer:
161019353-> <2>Q<3>
161019361-> data received from printer:
161019517-> <21>
161019518-> ********************** COMMAND BEGIN **********************
161019518-> data sent to printer:
161019519-> <2>M<3>
161019526-> data received from printer:
161019682-> <21>
161026659-> OPEN PORT: COM1@9600
161026700-> OPEN PORT: COM1@9600
161026718-> ********************** COMMAND BEGIN **********************
161026719-> data sent to printer:
161026727-> <2>L&1<3>
161028395-> data received from printer:
161028550-> <2>2602*2597<3><6>
161028551-> ********************** COMMAND BEGIN **********************
161028552-> data sent to printer:
161028552-> <2>VRazon Social: Enriqueta Rodriguez<3>
161028775-> data received from printer:
161028941-> <6>
161028942-> ********************** COMMAND BEGIN **********************
161028942-> data sent to printer:
161028942-> <2>VCI/Rif: V-4165274<3>
161029151-> data received from printer:
161029302-> <6>
161029303-> ********************** COMMAND BEGIN **********************
161029303-> data sent to printer:
161029304-> <2>V----------------------------------------<3>
161029539-> data received from printer:
161029692-> <6>
161035701-> ********************** COMMAND BEGIN **********************
161035702-> data sent to printer:
161035702-> <2>VM170471 UPCCBRIOB0853MP<3>
161035915-> data received from printer:
161036080-> <6>
161036081-> ********************** COMMAND BEGIN **********************
161036081-> data sent to printer:
161036081-> <2>N11,000xBs1046,61     00001046611<3>
161036362-> data received from printer:
161036515-> <6>
161038772-> ********************** COMMAND BEGIN **********************
161038772-> data sent to printer:
161038773-> <2>VC000019 VISION SENCILLA ANTIREFLEJO TERM<3>
161039008-> data received from printer:
161039167-> <6>
161039167-> ********************** COMMAND BEGIN **********************
161039168-> data sent to printer:
161039168-> <2>V <3>
161039395-> data received from printer:
161039557-> <6>
161039558-> ********************** COMMAND BEGIN **********************
161039558-> data sent to printer:
161039558-> <2>N12,000xBs243,61      00000487220<3>
161039837-> data received from printer:
161039993-> <6>
161041205-> ********************** COMMAND BEGIN **********************
161041206-> data sent to printer:
161041206-> <2>VD000002 SERVICIO EXPRESS<3>
161041422-> data received from printer:
161041580-> <6>
161041581-> ********************** COMMAND BEGIN **********************
161041581-> data sent to printer:
161041581-> <2>N11,000xBs108,27      00000108271<3>
161041861-> data received from printer:
161042016-> <6>
161043026-> ********************** COMMAND BEGIN **********************
161043026-> data sent to printer:
161043027-> <2>O1<3>
161044118-> data received from printer:
161044270-> <2>182688<3><6>
161044350-> ********************** COMMAND BEGIN **********************
161044350-> data sent to printer:
161044351-> <2>P105/03/2024 EFECTIVO 000000182688<3>
161044618-> data received from printer:
161044783-> <6>
161046441-> ********************** COMMAND BEGIN **********************
161046442-> data sent to printer:
161046442-> <2>V<3>
161046670-> data received from printer:
161046834-> <6>
161046835-> ********************** COMMAND BEGIN **********************
161046835-> data sent to printer:
161046835-> <2>VNumero Orden: 0144236<3>
161047050-> data received from printer:
161047209-> <6>
161047209-> ********************** COMMAND BEGIN **********************
161047210-> data sent to printer:
161047210-> <2>V<3>
161047405-> data received from printer:
161047570-> <6>
161047620-> ********************** COMMAND BEGIN **********************
161047621-> data sent to printer:
161047621-> <2>V<161><161><161>GRACIAS POR SU COMPRA!!!<3>
161047840-> data received from printer:
161047991-> <6>
161047991-> ********************** COMMAND BEGIN **********************
161047992-> data sent to printer:
161047992-> <2>VSolo se aceptaran devoluciones<3>
161048215-> data received from printer:
161048366-> <6>
161048367-> ********************** COMMAND BEGIN **********************
161048367-> data sent to printer:
161048368-> <2>Vpor defectos de fabrica, con la<3>
161048594-> data received from printer:
161048757-> <6>
161048757-> ********************** COMMAND BEGIN **********************
161048758-> data sent to printer:
161048758-> <2>Vpresentacion de esta factura (original),<3>
161048991-> data received from printer:
161049148-> <6>
161049149-> ********************** COMMAND BEGIN **********************
161049149-> data sent to printer:
161049149-> <2>Vdentro de los treinta (30) dias<3>
161049374-> data received from printer:
161049538-> <6>
161049539-> ********************** COMMAND BEGIN **********************
161049539-> data sent to printer:
161049539-> <2>Vsiguientes a la emision de la misma.<3>
161049771-> data received from printer:
161049929-> <6>
161049931-> ********************** COMMAND BEGIN **********************
161049931-> data sent to printer:
161049932-> <2>Y0<3>
161049981-> data received from printer:
161050259-> <2>SENIAT    J-316292649    1600*800*3100*2          Bs.0TIY1900001061020230556*300<3><6>
161050260-> ********************** COMMAND BEGIN **********************
161050261-> data sent to printer:
161050261-> <2>S<3>
161050269-> data received from printer:
161050425-> <21>
161050426-> ********************** COMMAND BEGIN **********************
161050426-> data sent to printer:
161050426-> <2>M<3>
161051744-> data received from printer:
161051910-> <6>
161915744-> OPEN PORT: COM1@9600
161915784-> ********************** COMMAND BEGIN **********************
161915784-> data sent to printer:
161915785-> <2>Q<3>
161915792-> data received from printer:
161915958-> <21>
161915959-> ********************** COMMAND BEGIN **********************
161915959-> data sent to printer:
161915960-> <2>M<3>
161915967-> data received from printer:
161916124-> <21>
161921902-> OPEN PORT: COM1@9600
161921943-> OPEN PORT: COM1@9600
161921944-> ********************** COMMAND BEGIN **********************
161921945-> data sent to printer:
161921945-> <2>L&1<3>
161923614-> data received from printer:
161923770-> <2>2603*2597<3><6>
161923771-> ********************** COMMAND BEGIN **********************
161923771-> data sent to printer:
161923771-> <2>VRazon Social: Israel  Rodriguez<3>
161923992-> data received from printer:
161924145-> <6>
161924146-> ********************** COMMAND BEGIN **********************
161924146-> data sent to printer:
161924146-> <2>VCI/Rif: V-7948941<3>
161924355-> data received from printer:
161924521-> <6>
161924521-> ********************** COMMAND BEGIN **********************
161924522-> data sent to printer:
161924522-> <2>V----------------------------------------<3>
161924757-> data received from printer:
161924911-> <6>
161926509-> ********************** COMMAND BEGIN **********************
161926510-> data sent to printer:
161926510-> <2>VM162357 CPCCCDES403552N<3>
161926723-> data received from printer:
161926884-> <6>
161926885-> ********************** COMMAND BEGIN **********************
161926885-> data sent to printer:
161926885-> <2>N11,000xBs541,35      00000541351<3>
161927166-> data received from printer:
161927320-> <6>
161929169-> ********************** COMMAND BEGIN **********************
161929169-> data sent to printer:
161929170-> <2>VC000013 ULTRA DELGADO 1.60 ASFERICO <3>
161929402-> data received from printer:
161929568-> <6>
161929569-> ********************** COMMAND BEGIN **********************
161929569-> data sent to printer:
161929569-> <2>N12,000xBs2210,52     00004421040<3>
161929845-> data received from printer:
161930003-> <6>
161930162-> ********************** COMMAND BEGIN **********************
161930164-> data sent to printer:
161930166-> <2>O1<3>
161931297-> data received from printer:
161931448-> <2>504901<3><6>
161931485-> ********************** COMMAND BEGIN **********************
161931486-> data sent to printer:
161931486-> <2>P105/03/2024 EFECTIVO 000000504900<3>
161931755-> data received from printer:
161931915-> <6>
161933010-> ********************** COMMAND BEGIN **********************
161933011-> data sent to printer:
161933011-> <2>V<3>
161933206-> data received from printer:
161933361-> <6>
161933362-> ********************** COMMAND BEGIN **********************
161933363-> data sent to printer:
161933363-> <2>VNumero Orden: 0144231<3>
161933575-> data received from printer:
161933736-> <6>
161933736-> ********************** COMMAND BEGIN **********************
161933737-> data sent to printer:
161933737-> <2>V<3>
161933929-> data received from printer:
161934082-> <6>
161934130-> ********************** COMMAND BEGIN **********************
161934130-> data sent to printer:
161934131-> <2>V<161><161><161>GRACIAS POR SU COMPRA!!!<3>
161934354-> data received from printer:
161934518-> <6>
161934519-> ********************** COMMAND BEGIN **********************
161934519-> data sent to printer:
161934519-> <2>VSolo se aceptaran devoluciones<3>
161934742-> data received from printer:
161934894-> <6>
161934895-> ********************** COMMAND BEGIN **********************
161934895-> data sent to printer:
161934895-> <2>Vpor defectos de fabrica, con la<3>
161935120-> data received from printer:
161935284-> <6>
161935285-> ********************** COMMAND BEGIN **********************
161935285-> data sent to printer:
161935285-> <2>Vpresentacion de esta factura (original),<3>
161935555-> data received from printer:
161935706-> <6>
161935707-> ********************** COMMAND BEGIN **********************
161935707-> data sent to printer:
161935707-> <2>Vdentro de los treinta (30) dias<3>
161935932-> data received from printer:
161936098-> <6>
161936099-> ********************** COMMAND BEGIN **********************
161936100-> data sent to printer:
161936100-> <2>Vsiguientes a la emision de la misma.<3>
161936332-> data received from printer:
161936488-> <6>
161936489-> ********************** COMMAND BEGIN **********************
161936489-> data sent to printer:
161936489-> <2>Y0<3>
161936539-> data received from printer:
161936820-> <2>SENIAT    J-316292649    1600*800*3100*2          Bs.0TIY1900001061020230604*300<3><6>
161936821-> ********************** COMMAND BEGIN **********************
161936821-> data sent to printer:
161936822-> <2>S<3>
161936829-> data received from printer:
161936985-> <21>
161936986-> ********************** COMMAND BEGIN **********************
161936986-> data sent to printer:
161936986-> <2>M<3>
161938269-> data received from printer:
161938426-> <6>
162141328-> OPEN PORT: COM1@9600
162141368-> ********************** COMMAND BEGIN **********************
162141368-> data sent to printer:
162141369-> <2>Q<3>
162141376-> data received from printer:
162141530-> <21>
162141531-> ********************** COMMAND BEGIN **********************
162141531-> data sent to printer:
162141531-> <2>M<3>
162141539-> data received from printer:
162141695-> <21>
162146483-> OPEN PORT: COM1@9600
162146523-> OPEN PORT: COM1@9600
162146524-> ********************** COMMAND BEGIN **********************
162146524-> data sent to printer:
162146525-> <2>L&1<3>
162148195-> data received from printer:
162148351-> <2>2604*2597<3><6>
162148353-> ********************** COMMAND BEGIN **********************
162148353-> data sent to printer:
162148354-> <2>VRazon Social: Israel  Rodriguez<3>
162148579-> data received from printer:
162148742-> <6>
162148743-> ********************** COMMAND BEGIN **********************
162148743-> data sent to printer:
162148744-> <2>VCI/Rif: V-7948941<3>
162148950-> data received from printer:
162149103-> <6>
162149104-> ********************** COMMAND BEGIN **********************
162149104-> data sent to printer:
162149104-> <2>V----------------------------------------<3>
162149336-> data received from printer:
162149493-> <6>
162150828-> ********************** COMMAND BEGIN **********************
162150829-> data sent to printer:
162150829-> <2>VC000013 ULTRA DELGADO 1.60 ASFERICO <3>
162151093-> data received from printer:
162151255-> <6>
162151256-> ********************** COMMAND BEGIN **********************
162151256-> data sent to printer:
162151256-> <2>N12,000xBs2210,52     00004421040<3>
162151531-> data received from printer:
162151691-> <6>
162152447-> ********************** COMMAND BEGIN **********************
162152447-> data sent to printer:
162152448-> <2>VM162357 CPCCCDES403552N<3>
162152666-> data received from printer:
162152826-> <6>
162152826-> ********************** COMMAND BEGIN **********************
162152827-> data sent to printer:
162152827-> <2>N11,000xBs541,35      00000541351<3>
162153105-> data received from printer:
162153262-> <6>
162153447-> ********************** COMMAND BEGIN **********************
162153447-> data sent to printer:
162153448-> <2>Q<3>
162153837-> data received from printer:
162153988-> <6>
162224960-> OPEN PORT: COM1@9600
162224960-> ********************** COMMAND BEGIN **********************
162224961-> data sent to printer:
162224961-> <2>Q<3>
162224969-> data received from printer:
162225127-> <21>
162225128-> ********************** COMMAND BEGIN **********************
162225128-> data sent to printer:
162225128-> <2>M<3>
162225136-> data received from printer:
162225293-> <21>
162301422-> OPEN PORT: COM1@9600
162301462-> ********************** COMMAND BEGIN **********************
162301463-> data sent to printer:
162301463-> <2>Q<3>
162301470-> data received from printer:
162301621-> <21>
162301622-> ********************** COMMAND BEGIN **********************
162301622-> data sent to printer:
162301622-> <2>M<3>
162301630-> data received from printer:
162301786-> <21>
162316647-> OPEN PORT: COM1@9600
162316688-> OPEN PORT: COM1@9600
162316689-> ********************** COMMAND BEGIN **********************
162316690-> data sent to printer:
162316691-> <2>L&1<3>
162318988-> data received from printer:
162319143-> <2>2605*2604<3><6>
162319144-> ********************** COMMAND BEGIN **********************
162319144-> data sent to printer:
162319144-> <2>VRazon Social: Israel  Rodriguez<3>
162319369-> data received from printer:
162319520-> <6>
162319521-> ********************** COMMAND BEGIN **********************
162319521-> data sent to printer:
162319522-> <2>VCI/Rif: V-7948941<3>
162319728-> data received from printer:
162319881-> <6>
162319882-> ********************** COMMAND BEGIN **********************
162319882-> data sent to printer:
162319883-> <2>V----------------------------------------<3>
162320115-> data received from printer:
162320271-> <6>
162330115-> ********************** COMMAND BEGIN **********************
162330116-> data sent to printer:
162330117-> <2>VM162357 CPCCCDES403552N<3>
162330334-> data received from printer:
162330489-> <6>
162330489-> ********************** COMMAND BEGIN **********************
162330490-> data sent to printer:
162330490-> <2>N11,000xBs541,35      00000541351<3>
162330769-> data received from printer:
162330924-> <6>
162339114-> ********************** COMMAND BEGIN **********************
162339115-> data sent to printer:
162339116-> <2>VC000013 ULTRA DELGADO 1.60 ASFERICO <3>
162339346-> data received from printer:
162339511-> <6>
162339511-> ********************** COMMAND BEGIN **********************
162339512-> data sent to printer:
162339513-> <2>N12,000xBs2210,52     00004421040<3>
162339792-> data received from printer:
162339947-> <6>
162530798-> ********************** COMMAND BEGIN **********************
162530800-> data sent to printer:
162530801-> <2>Q<3>
162531189-> data received from printer:
162531346-> <6>
162732871-> OPEN PORT: COM1@9600
162732872-> ********************** COMMAND BEGIN **********************
162732872-> data sent to printer:
162732873-> <2>Q<3>
162732880-> data received from printer:
162733044-> <21>
162733045-> ********************** COMMAND BEGIN **********************
162733045-> data sent to printer:
162733046-> <2>M<3>
162733053-> data received from printer:
162733209-> <21>
162749644-> OPEN PORT: COM1@9600
162749683-> ********************** COMMAND BEGIN **********************
162749683-> data sent to printer:
162749684-> <2>Q<3>
162749691-> data received from printer:
162749857-> <21>
162749858-> ********************** COMMAND BEGIN **********************
162749858-> data sent to printer:
162749858-> <2>M<3>
162749866-> data received from printer:
162750022-> <21>
162810664-> OPEN PORT: COM1@9600
162810705-> OPEN PORT: COM1@9600
162810706-> ********************** COMMAND BEGIN **********************
162810706-> data sent to printer:
162810707-> <2>L&1<3>
162810761-> data received from printer:
162810918-> <21>
162810919-> ********************** COMMAND BEGIN **********************
162810919-> data sent to printer:
162810919-> <2>VRazon Social: Israel  Rodriguez<3>
162810959-> data received from printer:
162811113-> <21>
162832120-> OPEN PORT: COM1@9600
162832122-> ********************** COMMAND BEGIN **********************
162832123-> data sent to printer:
162832124-> <2>Q<3>
162832132-> data received from printer:
162832288-> <21>
162832288-> ********************** COMMAND BEGIN **********************
162832289-> data sent to printer:
162832289-> <2>M<3>
162832297-> data received from printer:
162832454-> <21>
162847296-> OPEN PORT: COM1@9600
162857318-> ********************** COMMAND BEGIN **********************
162857321-> data sent to printer:
162857323-> <2>Q<3>
162857332-> data received from printer:
162857484-> <21>
162858949-> ********************** COMMAND BEGIN **********************
162858950-> data sent to printer:
162858953-> <2>M<3>
162858962-> data received from printer:
162859122-> <21>
162919550-> OPEN PORT: COM1@9600
162919590-> OPEN PORT: COM1@9600
162919590-> ********************** COMMAND BEGIN **********************
162919591-> data sent to printer:
162919591-> <2>L&1<3>
162919645-> data received from printer:
162919802-> <21>
162919803-> ********************** COMMAND BEGIN **********************
162919803-> data sent to printer:
162919804-> <2>VRazon Social: Israel  Rodriguez<3>
162919844-> data received from printer:
162919997-> <21>
162938766-> OPEN PORT: COM1@9600
162938766-> ********************** COMMAND BEGIN **********************
162938767-> data sent to printer:
162938767-> <2>Q<3>
162938775-> data received from printer:
162938937-> <21>
162938938-> ********************** COMMAND BEGIN **********************
162938938-> data sent to printer:
162938938-> <2>M<3>
162938946-> data received from printer:
162939102-> <21>
162959246-> OPEN PORT: COM1@9600
162959286-> ********************** COMMAND BEGIN **********************
162959287-> data sent to printer:
162959287-> <2>Q<3>
162959294-> data received from printer:
162959451-> <21>
162959452-> ********************** COMMAND BEGIN **********************
162959452-> data sent to printer:
162959452-> <2>M<3>
162959460-> data received from printer:
162959616-> <21>
163017676-> OPEN PORT: COM1@9600
163020906-> ********************** COMMAND BEGIN **********************
163020907-> data sent to printer:
163020907-> <2>Q<3>
163020915-> data received from printer:
163021080-> <21>
163021145-> ********************** COMMAND BEGIN **********************
163021145-> data sent to printer:
163021146-> <2>M<3>
163021154-> data received from printer:
163021306-> <21>
163026328-> OPEN PORT: COM1@9600
163028981-> ********************** COMMAND BEGIN **********************
163028981-> data sent to printer:
163028982-> <2>Q<3>
163028989-> data received from printer:
163029143-> <21>
163029261-> ********************** COMMAND BEGIN **********************
163029262-> data sent to printer:
163029262-> <2>M<3>
163029270-> data received from printer:
163029433-> <21>
163035103-> OPEN PORT: COM1@9600
163038480-> ********************** COMMAND BEGIN **********************
163038480-> data sent to printer:
163038481-> <2>Q<3>
163038488-> data received from printer:
163038643-> <21>
163038748-> ********************** COMMAND BEGIN **********************
163038749-> data sent to printer:
163038750-> <2>M<3>
163038758-> data received from printer:
163038916-> <21>
163049805-> OPEN PORT: COM1@9600
163052095-> ********************** COMMAND BEGIN **********************
163052096-> data sent to printer:
163052096-> <2>Q<3>
163052103-> data received from printer:
163052266-> <21>
163052362-> ********************** COMMAND BEGIN **********************
163052363-> data sent to printer:
163052363-> <2>M<3>
163052371-> data received from printer:
163052527-> <21>
163138163-> OPEN PORT: COM1@9600
163145874-> OPEN PORT: COM1@9600
163147911-> ********************** COMMAND BEGIN **********************
163147912-> data sent to printer:
163147912-> <2>L&1<3>
163147966-> data received from printer:
163148121-> <21>
163148122-> ********************** COMMAND BEGIN **********************
163148122-> data sent to printer:
163148122-> <2>VRazon Social: Israel  Rodriguez<3>
163148162-> data received from printer:
163148317-> <21>
163516681-> OPEN PORT: COM1@9600
163516722-> ********************** COMMAND BEGIN **********************
163516722-> data sent to printer:
163516722-> <2>Q<3>
163516730-> data received from printer:
163516882-> <21>
163516883-> ********************** COMMAND BEGIN **********************
163516883-> data sent to printer:
163516884-> <2>M<3>
163516891-> data received from printer:
163517048-> <21>
163523950-> OPEN PORT: COM1@9600
163523994-> OPEN PORT: COM1@9600
163523998-> ********************** COMMAND BEGIN **********************
163523999-> data sent to printer:
163524000-> <2>L&1<3>
163525668-> data received from printer:
163525825-> <2>2606*2605<3><6>
163525826-> ********************** COMMAND BEGIN **********************
163525826-> data sent to printer:
163525827-> <2>VRazon Social: Israel  Rodriguez<3>
163526048-> data received from printer:
163526201-> <6>
163526202-> ********************** COMMAND BEGIN **********************
163526202-> data sent to printer:
163526202-> <2>VCI/Rif: V-7948941<3>
163526410-> data received from printer:
163526562-> <6>
163526563-> ********************** COMMAND BEGIN **********************
163526563-> data sent to printer:
163526564-> <2>V----------------------------------------<3>
163526798-> data received from printer:
163526952-> <6>
163526955-> ********************** COMMAND BEGIN **********************
163526956-> data sent to printer:
163526956-> <2>VC000013 ULTRA DELGADO 1.60 ASFERICO <3>
163527183-> data received from printer:
163527343-> <6>
163527344-> ********************** COMMAND BEGIN **********************
163527344-> data sent to printer:
163527345-> <2>N12,000xBs2210,52     00004421040<3>
163527618-> data received from printer:
163527778-> <6>
163527779-> ********************** COMMAND BEGIN **********************
163527779-> data sent to printer:
163527779-> <2>VM162357 CPCCCDES403552N<3>
163527998-> data received from printer:
163528153-> <6>
163528153-> ********************** COMMAND BEGIN **********************
163528154-> data sent to printer:
163528154-> <2>N11,000xBs541,35      00000541351<3>
163528433-> data received from printer:
163528589-> <6>
163537695-> ********************** COMMAND BEGIN **********************
163537695-> data sent to printer:
163537696-> <2>O1<3>
163538824-> data received from printer:
163538987-> <2>504901<3><6>
163541678-> ********************** COMMAND BEGIN **********************
163541678-> data sent to printer:
163541678-> <2>P105/03/2024 EFECTIVO 000000504900<3>
163541946-> data received from printer:
163542102-> <6>
163543002-> ********************** COMMAND BEGIN **********************
163543002-> data sent to printer:
163543003-> <2>V<3>
163543197-> data received from printer:
163543354-> <6>
163543354-> ********************** COMMAND BEGIN **********************
163543355-> data sent to printer:
163543355-> <2>VNumero Orden: 0144242<3>
163543568-> data received from printer:
163543730-> <6>
163543730-> ********************** COMMAND BEGIN **********************
163543731-> data sent to printer:
163543731-> <2>V<3>
163543922-> data received from printer:
163544076-> <6>
163544131-> ********************** COMMAND BEGIN **********************
163544132-> data sent to printer:
163544132-> <2>V<161><161><161>GRACIAS POR SU COMPRA!!!<3>
163544355-> data received from printer:
163544512-> <6>
163544513-> ********************** COMMAND BEGIN **********************
163544513-> data sent to printer:
163544514-> <2>VSolo se aceptaran devoluciones<3>
163545408-> data received from printer:
163545562-> <6>
163545563-> ********************** COMMAND BEGIN **********************
163545563-> data sent to printer:
163545564-> <2>Vpor defectos de fabrica, con la<3>
163545788-> data received from printer:
163545953-> <6>
163545954-> ********************** COMMAND BEGIN **********************
163545954-> data sent to printer:
163545954-> <2>Vpresentacion de esta factura (original),<3>
163546190-> data received from printer:
163546343-> <6>
163546343-> ********************** COMMAND BEGIN **********************
163546344-> data sent to printer:
163546344-> <2>Vdentro de los treinta (30) dias<3>
163546567-> data received from printer:
163546719-> <6>
163546720-> ********************** COMMAND BEGIN **********************
163546721-> data sent to printer:
163546721-> <2>Vsiguientes a la emision de la misma.<3>
163546951-> data received from printer:
163547109-> <6>
163547110-> ********************** COMMAND BEGIN **********************
163547111-> data sent to printer:
163547111-> <2>Y0<3>
163547161-> data received from printer:
163547439-> <2>SENIAT    J-316292649    1600*800*3100*2          Bs.0TIY1900001061020230621*300<3><6>
163547440-> ********************** COMMAND BEGIN **********************
163547441-> data sent to printer:
163547441-> <2>S<3>
163547449-> data received from printer:
163547605-> <21>
163547606-> ********************** COMMAND BEGIN **********************
163547606-> data sent to printer:
163547606-> <2>M<3>
163548888-> data received from printer:
163549046-> <6>
163659932-> OPEN PORT: COM1@9600
163659973-> ********************** COMMAND BEGIN **********************
163659973-> data sent to printer:
163659973-> <2>Q<3>
163659981-> data received from printer:
163700133-> <21>
163700134-> ********************** COMMAND BEGIN **********************
163700134-> data sent to printer:
163700134-> <2>M<3>
163700142-> data received from printer:
163700298-> <21>
163706948-> OPEN PORT: COM1@9600
163706989-> OPEN PORT: COM1@9600
163706990-> ********************** COMMAND BEGIN **********************
163706991-> data sent to printer:
163706991-> <2>L&1<3>
163708662-> data received from printer:
163708813-> <2>2607*2605<3><6>
163708814-> ********************** COMMAND BEGIN **********************
163708814-> data sent to printer:
163708814-> <2>VRazon Social: Israel  Rodriguez<3>
163709038-> data received from printer:
163709204-> <6>
163709204-> ********************** COMMAND BEGIN **********************
163709205-> data sent to printer:
163709205-> <2>VCI/Rif: V-7948941<3>
163709449-> data received from printer:
163709610-> <6>
163709611-> ********************** COMMAND BEGIN **********************
163709611-> data sent to printer:
163709611-> <2>V----------------------------------------<3>
163709845-> data received from printer:
163710001-> <6>
163710002-> ********************** COMMAND BEGIN **********************
163710002-> data sent to printer:
163710002-> <2>VC000013 ULTRA DELGADO 1.60 ASFERICO <3>
163710233-> data received from printer:
163710392-> <6>
163710392-> ********************** COMMAND BEGIN **********************
163710393-> data sent to printer:
163710393-> <2>N12,000xBs2210,52     00004421040<3>
163710665-> data received from printer:
163710827-> <6>
163710827-> ********************** COMMAND BEGIN **********************
163710828-> data sent to printer:
163710828-> <2>VM162357 CPCCCDES403552N<3>
163711045-> data received from printer:
163711202-> <6>
163711203-> ********************** COMMAND BEGIN **********************
163711203-> data sent to printer:
163711203-> <2>N11,000xBs541,35      00000541351<3>
163711486-> data received from printer:
163711637-> <6>
163718567-> ********************** COMMAND BEGIN **********************
163718568-> data sent to printer:
163718570-> <2>Q<3>
163718958-> data received from printer:
163719116-> <6>
163820093-> OPEN PORT: COM1@9600
163820094-> ********************** COMMAND BEGIN **********************
163820094-> data sent to printer:
163820094-> <2>Q<3>
163820102-> data received from printer:
163820267-> <21>
163820268-> ********************** COMMAND BEGIN **********************
163820268-> data sent to printer:
163820269-> <2>M<3>
163820276-> data received from printer:
163820432-> <21>
163836693-> OPEN PORT: COM1@9600
163838487-> ********************** COMMAND BEGIN **********************
163838488-> data sent to printer:
163838489-> <2>Q<3>
163838496-> data received from printer:
163838659-> <21>
163838763-> ********************** COMMAND BEGIN **********************
163838763-> data sent to printer:
163838764-> <2>M<3>
163838771-> data received from printer:
163838931-> <21>
163858319-> OPEN PORT: COM1@9600
163904609-> OPEN PORT: COM1@9600
163909767-> ********************** COMMAND BEGIN **********************
163909768-> data sent to printer:
163909769-> <2>L&1<3>
163911438-> data received from printer:
163911599-> <2>2608*2607<3><6>
163911599-> ********************** COMMAND BEGIN **********************
163911600-> data sent to printer:
163911600-> <2>VRazon Social: Israel  Rodriguez<3>
163911822-> data received from printer:
163911975-> <6>
163911976-> ********************** COMMAND BEGIN **********************
163911976-> data sent to printer:
163911976-> <2>VCI/Rif: V-7948941<3>
163912187-> data received from printer:
163912351-> <6>
163912351-> ********************** COMMAND BEGIN **********************
163912352-> data sent to printer:
163912352-> <2>V----------------------------------------<3>
163912583-> data received from printer:
163912742-> <6>
163923256-> ********************** COMMAND BEGIN **********************
163923257-> data sent to printer:
163923257-> <2>VM162357 CPCCCDES403552N<3>
163923473-> data received from printer:
163923629-> <6>
163923629-> ********************** COMMAND BEGIN **********************
163923629-> data sent to printer:
163923630-> <2>N11,000xBs541,35      00000541351<3>
163923912-> data received from printer:
163924064-> <6>
163926482-> ********************** COMMAND BEGIN **********************
163926483-> data sent to printer:
163926483-> <2>VC000013 ULTRA DELGADO 1.60 ASFERICO <3>
163926711-> data received from printer:
163926862-> <6>
163926863-> ********************** COMMAND BEGIN **********************
163926863-> data sent to printer:
163926863-> <2>N12,000xBs2210,52     00004421040<3>
163927141-> data received from printer:
163927297-> <6>
164434703-> ********************** COMMAND BEGIN **********************
164434704-> data sent to printer:
164434705-> <2>Q<3>
164435130-> data received from printer:
164435283-> <6>
164631510-> ********************** COMMAND BEGIN **********************
164631510-> data sent to printer:
164631510-> <2>Q<3>
164631518-> data received from printer:
164631677-> <21>
164643667-> ********************** COMMAND BEGIN **********************
164643668-> data sent to printer:
164643668-> <2>M<3>
164643676-> data received from printer:
164643827-> <21>
164715187-> OPEN PORT: COM1@9600
164715228-> ********************** COMMAND BEGIN **********************
164715229-> data sent to printer:
164715229-> <2>Q<3>
164715237-> data received from printer:
164715395-> <21>
164715396-> ********************** COMMAND BEGIN **********************
164715397-> data sent to printer:
164715397-> <2>M<3>
164715405-> data received from printer:
164715560-> <21>
164755252-> OPEN PORT: COM1@9600
164755292-> OPEN PORT: COM1@9600
164755293-> ********************** COMMAND BEGIN **********************
164755293-> data sent to printer:
164755294-> <2>L&1<3>
164756930-> data received from printer:
164757087-> <2>2609*2608<3><6>
164757088-> ********************** COMMAND BEGIN **********************
164757088-> data sent to printer:
164757089-> <2>VRazon Social: Israel  Rodriguez<3>
164757310-> data received from printer:
164757462-> <6>
164757462-> ********************** COMMAND BEGIN **********************
164757463-> data sent to printer:
164757463-> <2>VCI/Rif: V-7948941<3>
164757710-> data received from printer:
164757867-> <6>
164757867-> ********************** COMMAND BEGIN **********************
164757868-> data sent to printer:
164757868-> <2>V----------------------------------------<3>
164758099-> data received from printer:
164758257-> <6>
164758258-> ********************** COMMAND BEGIN **********************
164758258-> data sent to printer:
164758258-> <2>VM162357 CPCCCDES403552N<3>
164758473-> data received from printer:
164758632-> <6>
164758632-> ********************** COMMAND BEGIN **********************
164758633-> data sent to printer:
164758633-> <2>N11,000xBs541,35      00000541351<3>
164758915-> data received from printer:
164759068-> <6>
164759069-> ********************** COMMAND BEGIN **********************
164759069-> data sent to printer:
164759069-> <2>VC000013 ULTRA DELGADO 1.60 ASFERICO <3>
164759297-> data received from printer:
164759459-> <6>
164759460-> ********************** COMMAND BEGIN **********************
164759460-> data sent to printer:
164759460-> <2>N12,000xBs2210,52     00004421040<3>
164759738-> data received from printer:
164759895-> <6>
164821427-> ********************** COMMAND BEGIN **********************
164821428-> data sent to printer:
164821428-> <2>Q<3>
164821820-> data received from printer:
164821980-> <6>
164823060-> ********************** COMMAND BEGIN **********************
164823061-> data sent to printer:
164823061-> <2>M<3>
164823069-> data received from printer:
164823234-> <21>
170215658-> OPEN PORT: COM1@9600
170215698-> ********************** COMMAND BEGIN **********************
170215698-> data sent to printer:
170215699-> <2>Q<3>
170215706-> data received from printer:
170215863-> <21>
170215864-> ********************** COMMAND BEGIN **********************
170215864-> data sent to printer:
170215865-> <2>M<3>
170215872-> data received from printer:
170216028-> <21>
170218385-> OPEN PORT: COM1@9600
170218428-> OPEN PORT: COM1@9600
170218431-> ********************** COMMAND BEGIN **********************
170218433-> data sent to printer:
170218435-> <2>L&1<3>
170220740-> data received from printer:
170220905-> <2>2610*2609<3><6>
170220906-> ********************** COMMAND BEGIN **********************
170220906-> data sent to printer:
170220906-> <2>VRazon Social: Israel  Rodriguez<3>
170221127-> data received from printer:
170221280-> <6>
170221281-> ********************** COMMAND BEGIN **********************
170221281-> data sent to printer:
170221281-> <2>VCI/Rif: V-7948941<3>
170221490-> data received from printer:
170221656-> <6>
170221657-> ********************** COMMAND BEGIN **********************
170221657-> data sent to printer:
170221657-> <2>V----------------------------------------<3>
170221892-> data received from printer:
170222047-> <6>
170222047-> ********************** COMMAND BEGIN **********************
170222048-> data sent to printer:
170222048-> <2>VC000013 ULTRA DELGADO 1.60 ASFERICO <3>
170222274-> data received from printer:
170222438-> <6>
170222438-> ********************** COMMAND BEGIN **********************
170222439-> data sent to printer:
170222439-> <2>N12,000xBs2210,52     00004421040<3>
170222713-> data received from printer:
170222874-> <6>
170222874-> ********************** COMMAND BEGIN **********************
170222875-> data sent to printer:
170222875-> <2>VM162357 CPCCCDES403552N<3>
170223094-> data received from printer:
170223249-> <6>
170223249-> ********************** COMMAND BEGIN **********************
170223250-> data sent to printer:
170223250-> <2>N11,000xBs541,35      00000541351<3>
170223528-> data received from printer:
170223686-> <6>
170226523-> ********************** COMMAND BEGIN **********************
170226523-> data sent to printer:
170226524-> <2>Q<3>
170226951-> data received from printer:
170227111-> <6>
170227111-> ********************** COMMAND BEGIN **********************
170227112-> data sent to printer:
170227112-> <2>M<3>
170227120-> data received from printer:
170227277-> <21>
170338649-> OPEN PORT: COM1@9600
170338689-> ********************** COMMAND BEGIN **********************
170338689-> data sent to printer:
170338690-> <2>Q<3>
170338697-> data received from printer:
170338856-> <21>
170338856-> ********************** COMMAND BEGIN **********************
170338857-> data sent to printer:
170338857-> <2>M<3>
170338865-> data received from printer:
170339022-> <21>
170341170-> OPEN PORT: COM1@9600
170341210-> OPEN PORT: COM1@9600
170341211-> ********************** COMMAND BEGIN **********************
170341211-> data sent to printer:
170341212-> <2>L&1<3>
170342845-> data received from printer:
170343009-> <2>2611*2610<3><6>
170343010-> ********************** COMMAND BEGIN **********************
170343010-> data sent to printer:
170343011-> <2>VRazon Social: Israel  Rodriguez<3>
170343268-> data received from printer:
170343431-> <6>
170343432-> ********************** COMMAND BEGIN **********************
170343432-> data sent to printer:
170343433-> <2>VCI/Rif: V-7948941<3>
170343641-> data received from printer:
170343806-> <6>
170343806-> ********************** COMMAND BEGIN **********************
170343807-> data sent to printer:
170343807-> <2>V----------------------------------------<3>
170344041-> data received from printer:
170344196-> <6>
170344197-> ********************** COMMAND BEGIN **********************
170344197-> data sent to printer:
170344197-> <2>VM162357 CPCCCDES403552N<3>
170344410-> data received from printer:
170344572-> <6>
170344573-> ********************** COMMAND BEGIN **********************
170344573-> data sent to printer:
170344573-> <2>N11,000xBs541,35      00000541351<3>
170344854-> data received from printer:
170345007-> <6>
170345008-> ********************** COMMAND BEGIN **********************
170345008-> data sent to printer:
170345008-> <2>VC000013 ULTRA DELGADO 1.60 ASFERICO <3>
170345240-> data received from printer:
170345397-> <6>
170345397-> ********************** COMMAND BEGIN **********************
170345398-> data sent to printer:
170345398-> <2>N12,000xBs2210,52     00004421040<3>
170345673-> data received from printer:
170345832-> <6>
170422665-> ********************** COMMAND BEGIN **********************
170422666-> data sent to printer:
170422666-> <2>Q<3>
170423055-> data received from printer:
170423216-> <6>
170423216-> ********************** COMMAND BEGIN **********************
170423217-> data sent to printer:
170423217-> <2>M<3>
170423225-> data received from printer:
170423382-> <21>
170615004-> OPEN PORT: COM1@9600
170615045-> ********************** COMMAND BEGIN **********************
170615045-> data sent to printer:
170615046-> <2>Q<3>
170615053-> data received from printer:
170615212-> <21>
170615213-> ********************** COMMAND BEGIN **********************
170615213-> data sent to printer:
170615214-> <2>M<3>
170615221-> data received from printer:
170615378-> <21>
170634948-> OPEN PORT: COM1@9600
170634988-> OPEN PORT: COM1@9600
170634990-> ********************** COMMAND BEGIN **********************
170634990-> data sent to printer:
170634990-> <2>L&1<3>
170636663-> data received from printer:
170636818-> <2>2612*2611<3><6>
170636819-> ********************** COMMAND BEGIN **********************
170636819-> data sent to printer:
170636820-> <2>VRazon Social: Israel  Rodriguez<3>
170637045-> data received from printer:
170637209-> <6>
170637210-> ********************** COMMAND BEGIN **********************
170637210-> data sent to printer:
170637210-> <2>VCI/Rif: V-7948941<3>
170637417-> data received from printer:
170637569-> <6>
170637570-> ********************** COMMAND BEGIN **********************
170637571-> data sent to printer:
170637571-> <2>V----------------------------------------<3>
170637804-> data received from printer:
170637959-> <6>
170637961-> ********************** COMMAND BEGIN **********************
170637961-> data sent to printer:
170637962-> <2>VC000013 ULTRA DELGADO 1.60 ASFERICO <3>
170638192-> data received from printer:
170638349-> <6>
170638350-> ********************** COMMAND BEGIN **********************
170638350-> data sent to printer:
170638350-> <2>N12,000xBs2210,52     00004421040<3>
170638622-> data received from printer:
170638785-> <6>
170638786-> ********************** COMMAND BEGIN **********************
170638786-> data sent to printer:
170638787-> <2>VM162357 CPCCCDES403552N<3>
170639003-> data received from printer:
170639160-> <6>
170639161-> ********************** COMMAND BEGIN **********************
170639161-> data sent to printer:
170639161-> <2>N11,000xBs541,35      00000541351<3>
170639478-> data received from printer:
170639640-> <6>
