125815019-> OPEN PORT: COM1@9600
125819752-> ********************** COMMAND BEGIN **********************
125819753-> data sent to printer:
125819753-> <2>L&2<3>
125821422-> data received from printer:
125821581-> <2>154*110<3><6>
125821582-> ********************** COMMAND BEGIN **********************
125821582-> data sent to printer:
125821583-> <2>VRazon Social: SEBATIAN MALPICA<3>
125821805-> data received from printer:
125821971-> <6>
125821971-> ********************** COMMAND BEGIN **********************
125821972-> data sent to printer:
125821972-> <2>VCI/Rif: V32030387<3>
125822183-> data received from printer:
125822347-> <6>
125822348-> ********************** COMMAND BEGIN **********************
125822348-> data sent to printer:
125822348-> <2>VDatos del Documento Original:<3>
125822568-> data received from printer:
125822723-> <6>
125822723-> ********************** COMMAND BEGIN **********************
125822724-> data sent to printer:
125822724-> <2>VNumero: 0002553<3>
125822931-> data received from printer:
125823083-> <6>
125823083-> ********************** COMMAND BEGIN **********************
125823084-> data sent to printer:
125823084-> <2>VFecha: 12/09/2023<3>
125823295-> data received from printer:
125823460-> <6>
125823461-> ********************** COMMAND BEGIN **********************
125823461-> data sent to printer:
125823461-> <2>VSerial Fiscal: TIY1900001<3>
125823677-> data received from printer:
125823836-> <6>
125823837-> ********************** COMMAND BEGIN **********************
125823837-> data sent to printer:
125823837-> <2>V----------------------------------------<3>
125824070-> data received from printer:
125824226-> <6>
130140929-> OPEN PORT: COM1@9600
130140930-> ********************** COMMAND BEGIN **********************
130140931-> data sent to printer:
130140931-> <2>Q<3>
130141275-> data received from printer:
130141435-> <6>
130141436-> ********************** COMMAND BEGIN **********************
130141436-> data sent to printer:
130141437-> <2>M<3>
130141444-> data received from printer:
130141601-> <21>
130254641-> OPEN PORT: COM1@9600
130256917-> ********************** COMMAND BEGIN **********************
130256917-> data sent to printer:
130256918-> <2>L&2<3>
130258586-> data received from printer:
130258746-> <2>155*154<3><6>
130258747-> ********************** COMMAND BEGIN **********************
130258747-> data sent to printer:
130258747-> <2>VRazon Social: SEBATIAN MALPICA<3>
130258968-> data received from printer:
130259122-> <6>
130259123-> ********************** COMMAND BEGIN **********************
130259123-> data sent to printer:
130259123-> <2>VCI/Rif: V32030387<3>
130259332-> data received from printer:
130259484-> <6>
130259484-> ********************** COMMAND BEGIN **********************
130259485-> data sent to printer:
130259485-> <2>VDatos del Documento Original:<3>
130259708-> data received from printer:
130259874-> <6>
130259875-> ********************** COMMAND BEGIN **********************
130259875-> data sent to printer:
130259875-> <2>VNumero: 0002553<3>
130300080-> data received from printer:
130300234-> <6>
130300235-> ********************** COMMAND BEGIN **********************
130300235-> data sent to printer:
130300236-> <2>VFecha: 12/09/2023<3>
130300482-> data received from printer:
130300639-> <6>
130300640-> ********************** COMMAND BEGIN **********************
130300640-> data sent to printer:
130300640-> <2>VSerial Fiscal: TIY1900001<3>
130300855-> data received from printer:
130301015-> <6>
130301016-> ********************** COMMAND BEGIN **********************
130301016-> data sent to printer:
130301017-> <2>V----------------------------------------<3>
130301249-> data received from printer:
130301404-> <6>
130347122-> ********************** COMMAND BEGIN **********************
130347123-> data sent to printer:
130347123-> <2>Q<3>
130347467-> data received from printer:
130347633-> <6>
130348209-> ********************** COMMAND BEGIN **********************
130348211-> data sent to printer:
130348212-> <2>M<3>
130348220-> data received from printer:
130348377-> <21>
130411034-> OPEN PORT: COM1@9600
130411074-> ********************** COMMAND BEGIN **********************
130411075-> data sent to printer:
130411075-> <2>L&2<3>
130412743-> data received from printer:
130412896-> <2>156*155<3><6>
130412896-> ********************** COMMAND BEGIN **********************
130412897-> data sent to printer:
130412897-> <2>VRazon Social: SEBATIAN MALPICA<3>
130413117-> data received from printer:
130413272-> <6>
130413272-> ********************** COMMAND BEGIN **********************
130413273-> data sent to printer:
130413273-> <2>VCI/Rif: V32030387<3>
130413481-> data received from printer:
130413632-> <6>
130413633-> ********************** COMMAND BEGIN **********************
130413633-> data sent to printer:
130413633-> <2>VDatos del Documento Original:<3>
130413856-> data received from printer:
130414008-> <6>
130414009-> ********************** COMMAND BEGIN **********************
130414009-> data sent to printer:
130414010-> <2>VNumero: 0002553<3>
130414214-> data received from printer:
130414369-> <6>
130414370-> ********************** COMMAND BEGIN **********************
130414370-> data sent to printer:
130414371-> <2>VFecha: 12/09/2023<3>
130414579-> data received from printer:
130414744-> <6>
130414744-> ********************** COMMAND BEGIN **********************
130414745-> data sent to printer:
130414745-> <2>VSerial Fiscal: TIY1900001<3>
130414964-> data received from printer:
130415119-> <6>
130415119-> ********************** COMMAND BEGIN **********************
130415120-> data sent to printer:
130415120-> <2>V----------------------------------------<3>
130415351-> data received from printer:
130415509-> <6>
130520999-> ********************** COMMAND BEGIN **********************
130520999-> data sent to printer:
130521000-> <2>Q<3>
130521342-> data received from printer:
130521499-> <6>
130521500-> ********************** COMMAND BEGIN **********************
130521500-> data sent to printer:
130521501-> <2>M<3>
130521508-> data received from printer:
130521665-> <21>
132333072-> OPEN PORT: COM1@9600
132333179-> ********************** COMMAND BEGIN **********************
132333180-> data sent to printer:
132333181-> <2>L&2<3>
132334850-> data received from printer:
132335013-> <2>157*156<3><6>
132335014-> ********************** COMMAND BEGIN **********************
132335014-> data sent to printer:
132335014-> <2>VRazon Social: SEBATIAN MALPICA<3>
132335238-> data received from printer:
132335403-> <6>
132335403-> ********************** COMMAND BEGIN **********************
132335404-> data sent to printer:
132335404-> <2>VCI/Rif: V32030387<3>
132335611-> data received from printer:
132335763-> <6>
132335763-> ********************** COMMAND BEGIN **********************
132335764-> data sent to printer:
132335764-> <2>VDatos del Documento Original:<3>
132335984-> data received from printer:
132336137-> <6>
132336138-> ********************** COMMAND BEGIN **********************
132336138-> data sent to printer:
132336138-> <2>VNumero: 0002553<3>
132336347-> data received from printer:
132336512-> <6>
132336512-> ********************** COMMAND BEGIN **********************
132336513-> data sent to printer:
132336513-> <2>VFecha: 12/09/2023<3>
132336720-> data received from printer:
132336873-> <6>
132336874-> ********************** COMMAND BEGIN **********************
132336874-> data sent to printer:
132336874-> <2>VSerial Fiscal: TIY1900001<3>
132337091-> data received from printer:
132337248-> <6>
132337249-> ********************** COMMAND BEGIN **********************
132337249-> data sent to printer:
132337249-> <2>V----------------------------------------<3>
132337484-> data received from printer:
132337638-> <6>
132432123-> ********************** COMMAND BEGIN **********************
132432123-> data sent to printer:
132432124-> <2>Q<3>
132432464-> data received from printer:
132432622-> <6>
132432622-> ********************** COMMAND BEGIN **********************
132432623-> data sent to printer:
132432623-> <2>M<3>
132432631-> data received from printer:
132432788-> <21>
133107020-> OPEN PORT: COM1@9600
133107063-> ********************** COMMAND BEGIN **********************
133107063-> data sent to printer:
133107063-> <2>L&2<3>
133109390-> data received from printer:
133109551-> <2>158*157<3><6>
133109552-> ********************** COMMAND BEGIN **********************
133109552-> data sent to printer:
133109553-> <2>VRazon Social: SEBATIAN MALPICA<3>
133109775-> data received from printer:
133109927-> <6>
133109928-> ********************** COMMAND BEGIN **********************
133109928-> data sent to printer:
133109929-> <2>VCI/Rif: V32030387<3>
133110139-> data received from printer:
133110302-> <6>
133110302-> ********************** COMMAND BEGIN **********************
133110303-> data sent to printer:
133110303-> <2>VDatos del Documento Original:<3>
133110523-> data received from printer:
133110677-> <6>
133110678-> ********************** COMMAND BEGIN **********************
133110678-> data sent to printer:
133110679-> <2>VNumero: 0002553<3>
133110885-> data received from printer:
133111037-> <6>
133111037-> ********************** COMMAND BEGIN **********************
133111038-> data sent to printer:
133111038-> <2>VFecha: 12/09/2023<3>
133111249-> data received from printer:
133111414-> <6>
133111415-> ********************** COMMAND BEGIN **********************
133111415-> data sent to printer:
133111416-> <2>VSerial Fiscal: TIY1900001<3>
133111631-> data received from printer:
133111789-> <6>
133111790-> ********************** COMMAND BEGIN **********************
133111790-> data sent to printer:
133111790-> <2>V----------------------------------------<3>
133112023-> data received from printer:
133112180-> <6>
133112447-> ********************** COMMAND BEGIN **********************
133112448-> data sent to printer:
133112450-> <2>VC000019 VISION SENCILLA ANTIREFLEJO TER<3>
133112685-> data received from printer:
133112849-> <6>
133112850-> ********************** COMMAND BEGIN **********************
133112850-> data sent to printer:
133112851-> <2>R12,000xBs448,47      00000896940<3>
133113123-> data received from printer:
133113284-> <6>
133113284-> ********************** COMMAND BEGIN **********************
133113285-> data sent to printer:
133113285-> <2>VS000106 SERVICIO MONTURA PROPIA<3>
133113548-> data received from printer:
133113704-> <6>
133113705-> ********************** COMMAND BEGIN **********************
133113705-> data sent to printer:
133113705-> <2>R11,000xBs365,42      00000365421<3>
133113984-> data received from printer:
133114140-> <6>
133114141-> ********************** COMMAND BEGIN **********************
133114142-> data sent to printer:
133114142-> <2>VA000004 GARANTIA EXTENDIDA<3>
133114362-> data received from printer:
133114515-> <6>
133114516-> ********************** COMMAND BEGIN **********************
133114516-> data sent to printer:
133114516-> <2>R11,000xBs134,54      00000134541<3>
133114798-> data received from printer:
133114951-> <6>
133115300-> ********************** COMMAND BEGIN **********************
133115300-> data sent to printer:
133115301-> <2>O1<3>
133116392-> data received from printer:
133116553-> <2>147689<3><6>
133116554-> ********************** COMMAND BEGIN **********************
133116554-> data sent to printer:
133116554-> <2>VMonto Disponible:  1520,91<3>
133116776-> data received from printer:
133116928-> <6>
133116930-> ********************** COMMAND BEGIN **********************
133116930-> data sent to printer:
133116930-> <2>Y0<3>
133116980-> data received from printer:
133117260-> <2>SENIAT    J-316292649    1600*800*3100*2          Bs.0TIY1900001020620230809*300<3><6>
133117272-> ********************** COMMAND BEGIN **********************
133117273-> data sent to printer:
133117273-> <2>S<3>
133117280-> data received from printer:
133117440-> <21>
133117441-> ********************** COMMAND BEGIN **********************
133117441-> data sent to printer:
133117441-> <2>M<3>
133118761-> data received from printer:
133118925-> <6>
133155667-> OPEN PORT: COM1@9600
133155707-> ********************** COMMAND BEGIN **********************
133155707-> data sent to printer:
133155708-> <2>L&2<3>
133157377-> data received from printer:
133157533-> <2>159*157<3><6>
133157533-> ********************** COMMAND BEGIN **********************
133157534-> data sent to printer:
133157534-> <2>VRazon Social: SEBATIAN MALPICA<3>
133157755-> data received from printer:
133157909-> <6>
133157910-> ********************** COMMAND BEGIN **********************
133157910-> data sent to printer:
133157911-> <2>VCI/Rif: V32030387<3>
133158120-> data received from printer:
133158285-> <6>
133158285-> ********************** COMMAND BEGIN **********************
133158286-> data sent to printer:
133158286-> <2>VDatos del Documento Original:<3>
133158509-> data received from printer:
133158661-> <6>
133158662-> ********************** COMMAND BEGIN **********************
133158662-> data sent to printer:
133158662-> <2>VNumero: 0002552<3>
133158867-> data received from printer:
133159022-> <6>
133159022-> ********************** COMMAND BEGIN **********************
133159023-> data sent to printer:
133159023-> <2>VFecha: 12/09/2023<3>
133159232-> data received from printer:
133159383-> <6>
133159383-> ********************** COMMAND BEGIN **********************
133159384-> data sent to printer:
133159384-> <2>VSerial Fiscal: TIY1900001<3>
133159603-> data received from printer:
133159759-> <6>
133159759-> ********************** COMMAND BEGIN **********************
133159760-> data sent to printer:
133159760-> <2>V----------------------------------------<3>
133200027-> data received from printer:
133200179-> <6>
133200400-> ********************** COMMAND BEGIN **********************
133200402-> data sent to printer:
133200403-> <2>VC000019 VISION SENCILLA ANTIREFLEJO TER<3>
133200638-> data received from printer:
133200802-> <6>
133200802-> ********************** COMMAND BEGIN **********************
133200803-> data sent to printer:
133200803-> <2>R12,000xBs448,47      00000896940<3>
133201076-> data received from printer:
133201238-> <6>
133201239-> ********************** COMMAND BEGIN **********************
133201239-> data sent to printer:
133201239-> <2>VS000106 SERVICIO MONTURA PROPIA<3>
133201465-> data received from printer:
133201628-> <6>
133201628-> ********************** COMMAND BEGIN **********************
133201629-> data sent to printer:
133201629-> <2>R11,000xBs365,42      00000365421<3>
133201912-> data received from printer:
133202063-> <6>
133202064-> ********************** COMMAND BEGIN **********************
133202064-> data sent to printer:
133202065-> <2>VA000004 GARANTIA EXTENDIDA<3>
133202283-> data received from printer:
133202439-> <6>
133202440-> ********************** COMMAND BEGIN **********************
133202440-> data sent to printer:
133202440-> <2>R11,000xBs134,54      00000134541<3>
133202721-> data received from printer:
133202875-> <6>
133203156-> ********************** COMMAND BEGIN **********************
133203157-> data sent to printer:
133203158-> <2>O1<3>
133204289-> data received from printer:
133204445-> <2>147689<3><6>
133204446-> ********************** COMMAND BEGIN **********************
133204446-> data sent to printer:
133204446-> <2>VMonto Disponible:  1520,91<3>
133204668-> data received from printer:
133204820-> <6>
133204820-> ********************** COMMAND BEGIN **********************
133204821-> data sent to printer:
133204821-> <2>Y0<3>
133204871-> data received from printer:
133205150-> <2>SENIAT    J-316292649    1600*800*3100*2          Bs.0TIY1900001020620230810*300<3><6>
133205151-> ********************** COMMAND BEGIN **********************
133205151-> data sent to printer:
133205151-> <2>S<3>
133205159-> data received from printer:
133205315-> <21>
133205315-> ********************** COMMAND BEGIN **********************
133205316-> data sent to printer:
133205316-> <2>M<3>
133207247-> data received from printer:
133207400-> <6>
