095450629-> OPEN PORT: COM1@9600
095450717-> ********************** COMMAND BEGIN **********************
095450719-> data sent to printer:
095450721-> <2>Q<3>
095450730-> data received from printer:
095450888-> <21>
095450889-> ********************** COMMAND BEGIN **********************
095450890-> data sent to printer:
095450890-> <2>M<3>
095450898-> data received from printer:
095451054-> <21>
095454819-> OPEN PORT: COM1@9600
095454861-> OPEN PORT: COM1@9600
095454880-> ********************** COMMAND BEGIN **********************
095454880-> data sent to printer:
095454891-> <2>L&1<3>
095457211-> data received from printer:
095457377-> <2>2579*2540<3><6>
095457378-> ********************** COMMAND BEGIN **********************
095457378-> data sent to printer:
095457379-> <2>VRazon Social: Luna Hernandez<3>
095457601-> data received from printer:
095457753-> <6>
095457754-> ********************** COMMAND BEGIN **********************
095457754-> data sent to printer:
095457754-> <2>VCI/Rif: V-27000543<3>
095457962-> data received from printer:
095458113-> <6>
095458114-> ********************** COMMAND BEGIN **********************
095458114-> data sent to printer:
095458114-> <2>V----------------------------------------<3>
095458347-> data received from printer:
095458504-> <6>
095458517-> ********************** COMMAND BEGIN **********************
095458518-> data sent to printer:
095458518-> <2>VM135940 UMCCEA18054PL<3>
095458766-> data received from printer:
095458925-> <6>
095458926-> ********************** COMMAND BEGIN **********************
095458927-> data sent to printer:
095458927-> <2>N11,000xBs2352,24     00002352241<3>
095459207-> data received from printer:
095459362-> <6>
095459363-> ********************** COMMAND BEGIN **********************
095459363-> data sent to printer:
095459363-> <2>VC000001 VISION SENCILLA TERMINADO <3>
095459593-> data received from printer:
095459753-> <6>
095459754-> ********************** COMMAND BEGIN **********************
095459754-> data sent to printer:
095459754-> <2>N12,000xBs338,58      00000677160<3>
095500030-> data received from printer:
095500190-> <6>
095500497-> ********************** COMMAND BEGIN **********************
095500498-> data sent to printer:
095500499-> <2>OT178200<0>716<0><128><13><153><3>
095501768-> data received from printer:
095501925-> <2>345922<3><6>
095501948-> ********************** COMMAND BEGIN **********************
095501948-> data sent to printer:
095501949-> <2>P118/12/2023 DEBITO   000000167722<3>
095502219-> data received from printer:
095502375-> <6>
095502375-> ********************** COMMAND BEGIN **********************
095502376-> data sent to printer:
095502376-> <2>P1DIVISAS             000000178200<3>
095502642-> data received from printer:
095502796-> <6>
095502797-> ********************** COMMAND BEGIN **********************
095502798-> data sent to printer:
095502798-> <2>V<3>
095502990-> data received from printer:
095503142-> <6>
095503143-> ********************** COMMAND BEGIN **********************
095503143-> data sent to printer:
095503143-> <2>VNumero Orden: 0069794<3>
095503360-> data received from printer:
095503517-> <6>
095503518-> ********************** COMMAND BEGIN **********************
095503518-> data sent to printer:
095503518-> <2>V<3>
095503709-> data received from printer:
095503862-> <6>
095503909-> ********************** COMMAND BEGIN **********************
095503909-> data sent to printer:
095503910-> <2>V<161><161><161>GRACIAS POR SU COMPRA!!!<3>
095504131-> data received from printer:
095504282-> <6>
095504282-> ********************** COMMAND BEGIN **********************
095504283-> data sent to printer:
095504283-> <2>VSolo se aceptaran devoluciones<3>
095504509-> data received from printer:
095504674-> <6>
095504675-> ********************** COMMAND BEGIN **********************
095504675-> data sent to printer:
095504675-> <2>Vpor defectos de fabrica, con la<3>
095504898-> data received from printer:
095505064-> <6>
095505064-> ********************** COMMAND BEGIN **********************
095505065-> data sent to printer:
095505065-> <2>Vpresentacion de esta factura (original),<3>
095505299-> data received from printer:
095505454-> <6>
095505454-> ********************** COMMAND BEGIN **********************
095505455-> data sent to printer:
095505455-> <2>Vdentro de los treinta (30) dias<3>
095505682-> data received from printer:
095505844-> <6>
095505845-> ********************** COMMAND BEGIN **********************
095505845-> data sent to printer:
095505845-> <2>Vsiguientes a la emision de la misma.<3>
095506074-> data received from printer:
095506235-> <6>
095506291-> ********************** COMMAND BEGIN **********************
095506291-> data sent to printer:
095506291-> <2>Y0<3>
095506341-> data received from printer:
095506627-> <2>SENIAT    J-316292649    1600*800*3100*2          Bs.0TIY1900001240820232347*300<3><6>
095506628-> ********************** COMMAND BEGIN **********************
095506628-> data sent to printer:
095506629-> <2>S<3>
095506636-> data received from printer:
095506792-> <21>
095506793-> ********************** COMMAND BEGIN **********************
095506793-> data sent to printer:
095506793-> <2>M<3>
095508139-> data received from printer:
095508293-> <6>
095948976-> OPEN PORT: COM1@9600
095949017-> ********************** COMMAND BEGIN **********************
095949017-> data sent to printer:
095949018-> <2>Q<3>
095949025-> data received from printer:
095949179-> <21>
095949180-> ********************** COMMAND BEGIN **********************
095949180-> data sent to printer:
095949180-> <2>M<3>
095949188-> data received from printer:
095949344-> <21>
095954404-> OPEN PORT: COM1@9600
095954446-> OPEN PORT: COM1@9600
095954449-> ********************** COMMAND BEGIN **********************
095954451-> data sent to printer:
095954452-> <2>L&1<3>
095956126-> data received from printer:
095956288-> <2>2580*2540<3><6>
095956289-> ********************** COMMAND BEGIN **********************
095956289-> data sent to printer:
095956290-> <2>VRazon Social: Luna Hernandez<3>
095956510-> data received from printer:
095956663-> <6>
095956664-> ********************** COMMAND BEGIN **********************
095956664-> data sent to printer:
095956665-> <2>VCI/Rif: V-27000543<3>
095956876-> data received from printer:
095957038-> <6>
095957039-> ********************** COMMAND BEGIN **********************
095957039-> data sent to printer:
095957039-> <2>V----------------------------------------<3>
095957270-> data received from printer:
095957427-> <6>
095957428-> ********************** COMMAND BEGIN **********************
095957428-> data sent to printer:
095957429-> <2>VM158922 CMCCEXES6203955B<3>
095957645-> data received from printer:
095957802-> <6>
095957803-> ********************** COMMAND BEGIN **********************
095957803-> data sent to printer:
095957803-> <2>N11,000xBs1033,56     00001033561<3>
095958086-> data received from printer:
095958237-> <6>
095958238-> ********************** COMMAND BEGIN **********************
095958238-> data sent to printer:
095958239-> <2>VC000013 ULTRA DELGADO 1.60 ASFERICO <3>
095958468-> data received from printer:
095958629-> <6>
095958630-> ********************** COMMAND BEGIN **********************
095958630-> data sent to printer:
095958630-> <2>N12,000xBs2102,76     00004205520<3>
095958908-> data received from printer:
095959065-> <6>
095959351-> ********************** COMMAND BEGIN **********************
095959352-> data sent to printer:
095959354-> <2>OT178200<0><0><0><0><0><128><237>z<3>
100000626-> data received from printer:
100000783-> <2>545791<3><6>
100000789-> ********************** COMMAND BEGIN **********************
100000790-> data sent to printer:
100000791-> <2>P118/12/2023 DEBITO   000000367591<3>
100001057-> data received from printer:
100001218-> <6>
100001219-> ********************** COMMAND BEGIN **********************
100001219-> data sent to printer:
100001220-> <2>P1DIVISAS             000000178200<3>
100001488-> data received from printer:
100001654-> <6>
100001655-> ********************** COMMAND BEGIN **********************
100001655-> data sent to printer:
100001655-> <2>V<3>
100001850-> data received from printer:
100002015-> <6>
100002016-> ********************** COMMAND BEGIN **********************
100002016-> data sent to printer:
100002017-> <2>VNumero Orden: 0069800<3>
100002265-> data received from printer:
100002420-> <6>
100002421-> ********************** COMMAND BEGIN **********************
100002421-> data sent to printer:
100002421-> <2>V<3>
100002616-> data received from printer:
100002781-> <6>
100002845-> ********************** COMMAND BEGIN **********************
100002846-> data sent to printer:
100002847-> <2>V<161><161><161>GRACIAS POR SU COMPRA!!!<3>
100003067-> data received from printer:
100003219-> <6>
100003220-> ********************** COMMAND BEGIN **********************
100003220-> data sent to printer:
100003220-> <2>VSolo se aceptaran devoluciones<3>
100003443-> data received from printer:
100003608-> <6>
100003609-> ********************** COMMAND BEGIN **********************
100003609-> data sent to printer:
100003609-> <2>Vpor defectos de fabrica, con la<3>
100003836-> data received from printer:
100003999-> <6>
100004000-> ********************** COMMAND BEGIN **********************
100004000-> data sent to printer:
100004000-> <2>Vpresentacion de esta factura (original),<3>
100004233-> data received from printer:
100004390-> <6>
100004391-> ********************** COMMAND BEGIN **********************
100004391-> data sent to printer:
100004392-> <2>Vdentro de los treinta (30) dias<3>
100004617-> data received from printer:
100004781-> <6>
100004782-> ********************** COMMAND BEGIN **********************
100004782-> data sent to printer:
100004783-> <2>Vsiguientes a la emision de la misma.<3>
100005015-> data received from printer:
100005172-> <6>
100005173-> ********************** COMMAND BEGIN **********************
100005173-> data sent to printer:
100005173-> <2>Y0<3>
100005223-> data received from printer:
100005502-> <2>SENIAT    J-316292649    1600*800*3100*2          Bs.0TIY1900001240820232352*300<3><6>
100005503-> ********************** COMMAND BEGIN **********************
100005503-> data sent to printer:
100005504-> <2>S<3>
100005511-> data received from printer:
100005667-> <21>
100005668-> ********************** COMMAND BEGIN **********************
100005668-> data sent to printer:
100005668-> <2>M<3>
100007016-> data received from printer:
100007167-> <6>
100423551-> OPEN PORT: COM1@9600
100423594-> ********************** COMMAND BEGIN **********************
100423595-> data sent to printer:
100423596-> <2>Q<3>
100423605-> data received from printer:
100423760-> <21>
100423761-> ********************** COMMAND BEGIN **********************
100423761-> data sent to printer:
100423762-> <2>M<3>
100423769-> data received from printer:
100423925-> <21>
100430706-> OPEN PORT: COM1@9600
100430748-> OPEN PORT: COM1@9600
100430750-> ********************** COMMAND BEGIN **********************
100430750-> data sent to printer:
100430751-> <2>L&1<3>
100432423-> data received from printer:
100432583-> <2>2581*2540<3><6>
100432584-> ********************** COMMAND BEGIN **********************
100432584-> data sent to printer:
100432585-> <2>VRazon Social: Maribel Acuna<3>
100432802-> data received from printer:
100432958-> <6>
100432959-> ********************** COMMAND BEGIN **********************
100432959-> data sent to printer:
100432959-> <2>VCI/Rif: V-0003745<3>
100433169-> data received from printer:
100433333-> <6>
100433334-> ********************** COMMAND BEGIN **********************
100433334-> data sent to printer:
100433335-> <2>V----------------------------------------<3>
100433569-> data received from printer:
100433723-> <6>
100433724-> ********************** COMMAND BEGIN **********************
100433724-> data sent to printer:
100433725-> <2>VL074228 DPCCPOLGPZ-165-S53M<3>
100433943-> data received from printer:
100434099-> <6>
100434100-> ********************** COMMAND BEGIN **********************
100434100-> data sent to printer:
100434101-> <2>N11,000xBs4312,44     00004312441<3>
100434382-> data received from printer:
100434536-> <6>
100435001-> ********************** COMMAND BEGIN **********************
100435003-> data sent to printer:
100435005-> <2>OT178200<0><0><0><0><0><128>c<233><3>
100436157-> data received from printer:
100436309-> <2>505589<3><6>
100436316-> ********************** COMMAND BEGIN **********************
100436317-> data sent to printer:
100436317-> <2>P118/12/2023 DEBITO   000000327389<3>
100436588-> data received from printer:
100436744-> <6>
100436745-> ********************** COMMAND BEGIN **********************
100436745-> data sent to printer:
100436745-> <2>P1DIVISAS             000000178200<3>
100437012-> data received from printer:
100437164-> <6>
100437165-> ********************** COMMAND BEGIN **********************
100437165-> data sent to printer:
100437166-> <2>V<3>
100437359-> data received from printer:
100437509-> <6>
100437510-> ********************** COMMAND BEGIN **********************
100437510-> data sent to printer:
100437510-> <2>VNumero Orden: 0069801<3>
100437727-> data received from printer:
100437886-> <6>
100437887-> ********************** COMMAND BEGIN **********************
100437887-> data sent to printer:
100437888-> <2>V<3>
100438079-> data received from printer:
100438231-> <6>
100438240-> ********************** COMMAND BEGIN **********************
100438241-> data sent to printer:
100438241-> <2>V<161><161><161>GRACIAS POR SU COMPRA!!!<3>
100438462-> data received from printer:
100438622-> <6>
100438623-> ********************** COMMAND BEGIN **********************
100438623-> data sent to printer:
100438624-> <2>VSolo se aceptaran devoluciones<3>
100438850-> data received from printer:
100439012-> <6>
100439013-> ********************** COMMAND BEGIN **********************
100439013-> data sent to printer:
100439014-> <2>Vpor defectos de fabrica, con la<3>
100439237-> data received from printer:
100439402-> <6>
100439403-> ********************** COMMAND BEGIN **********************
100439403-> data sent to printer:
100439403-> <2>Vpresentacion de esta factura (original),<3>
100439638-> data received from printer:
100439792-> <6>
100439793-> ********************** COMMAND BEGIN **********************
100439793-> data sent to printer:
100439793-> <2>Vdentro de los treinta (30) dias<3>
100440020-> data received from printer:
100440182-> <6>
100440182-> ********************** COMMAND BEGIN **********************
100440183-> data sent to printer:
100440183-> <2>Vsiguientes a la emision de la misma.<3>
100440447-> data received from printer:
100440602-> <6>
100440603-> ********************** COMMAND BEGIN **********************
100440603-> data sent to printer:
100440603-> <2>Y0<3>
100440653-> data received from printer:
100440933-> <2>SENIAT    J-316292649    1600*800*3100*2          Bs.0TIY1900001240820232357*300<3><6>
100440934-> ********************** COMMAND BEGIN **********************
100440934-> data sent to printer:
100440935-> <2>S<3>
100440943-> data received from printer:
100441099-> <21>
100441100-> ********************** COMMAND BEGIN **********************
100441100-> data sent to printer:
100441100-> <2>M<3>
100442389-> data received from printer:
100442540-> <6>
130249099-> OPEN PORT: COM1@9600
130249188-> ********************** COMMAND BEGIN **********************
130249188-> data sent to printer:
130249189-> <2>Q<3>
130249196-> data received from printer:
130249348-> <21>
130249349-> ********************** COMMAND BEGIN **********************
130249349-> data sent to printer:
130249350-> <2>M<3>
130249357-> data received from printer:
130249513-> <21>
130258282-> OPEN PORT: COM1@9600
130258324-> OPEN PORT: COM1@9600
130258391-> ********************** COMMAND BEGIN **********************
130258392-> data sent to printer:
130258393-> <2>L&1<3>
130301338-> data received from printer:
130301496-> <2>2582*2540<3><6>
130301497-> ********************** COMMAND BEGIN **********************
130301498-> data sent to printer:
130301498-> <2>VRazon Social: Luna Hernandez<3>
130301717-> data received from printer:
130301871-> <6>
130301872-> ********************** COMMAND BEGIN **********************
130301872-> data sent to printer:
130301873-> <2>VCI/Rif: V-27000543<3>
130302082-> data received from printer:
130302246-> <6>
130302247-> ********************** COMMAND BEGIN **********************
130302247-> data sent to printer:
130302248-> <2>V----------------------------------------<3>
130302482-> data received from printer:
130302636-> <6>
130302650-> ********************** COMMAND BEGIN **********************
130302650-> data sent to printer:
130302651-> <2>VL074077 UPCRGFACES-GF0305-S51G<3>
130302871-> data received from printer:
130303027-> <6>
130303028-> ********************** COMMAND BEGIN **********************
130303028-> data sent to printer:
130303029-> <2>N11,000xBs2779,92     00002779921<3>
130303309-> data received from printer:
130303463-> <6>
130303756-> ********************** COMMAND BEGIN **********************
130303758-> data sent to printer:
130303759-> <2>OT178200<0><0><0><0><0><0><154><198><3>
130304905-> data received from printer:
130305062-> <2>327817<3><6>
130305071-> ********************** COMMAND BEGIN **********************
130305071-> data sent to printer:
130305071-> <2>P118/12/2023 DEBITO   000000149617<3>
130305341-> data received from printer:
130305498-> <6>
130305499-> ********************** COMMAND BEGIN **********************
130305499-> data sent to printer:
130305500-> <2>P1DIVISAS             000000178200<3>
130305766-> data received from printer:
130305918-> <6>
130305919-> ********************** COMMAND BEGIN **********************
130305920-> data sent to printer:
130305920-> <2>V<3>
130306112-> data received from printer:
130306278-> <6>
130306279-> ********************** COMMAND BEGIN **********************
130306280-> data sent to printer:
130306280-> <2>VNumero Orden: 0069802<3>
130306496-> data received from printer:
130306653-> <6>
130306654-> ********************** COMMAND BEGIN **********************
130306654-> data sent to printer:
130306655-> <2>V<3>
130306845-> data received from printer:
130306999-> <6>
130307046-> ********************** COMMAND BEGIN **********************
130307046-> data sent to printer:
130307046-> <2>V<161><161><161>GRACIAS POR SU COMPRA!!!<3>
130307304-> data received from printer:
130307465-> <6>
130307466-> ********************** COMMAND BEGIN **********************
130307466-> data sent to printer:
130307466-> <2>VSolo se aceptaran devoluciones<3>
130307689-> data received from printer:
130307841-> <6>
130307842-> ********************** COMMAND BEGIN **********************
130307842-> data sent to printer:
130307842-> <2>Vpor defectos de fabrica, con la<3>
130308068-> data received from printer:
130308231-> <6>
130308232-> ********************** COMMAND BEGIN **********************
130308233-> data sent to printer:
130308233-> <2>Vpresentacion de esta factura (original),<3>
130308469-> data received from printer:
130308621-> <6>
130308622-> ********************** COMMAND BEGIN **********************
130308623-> data sent to printer:
130308623-> <2>Vdentro de los treinta (30) dias<3>
130308847-> data received from printer:
130309011-> <6>
130309012-> ********************** COMMAND BEGIN **********************
130309013-> data sent to printer:
130309013-> <2>Vsiguientes a la emision de la misma.<3>
130309244-> data received from printer:
130309401-> <6>
130309407-> ********************** COMMAND BEGIN **********************
130309408-> data sent to printer:
130309408-> <2>Y0<3>
130309458-> data received from printer:
130309731-> <2>SENIAT    J-316292649    1600*800*3100*2          Bs.0TIY1900001250820230256*300<3><6>
130309732-> ********************** COMMAND BEGIN **********************
130309733-> data sent to printer:
130309733-> <2>S<3>
130309740-> data received from printer:
130309896-> <21>
130309897-> ********************** COMMAND BEGIN **********************
130309898-> data sent to printer:
130309898-> <2>M<3>
130311221-> data received from printer:
130311381-> <6>
