120039581-> OPEN PORT: COM1@9600
120039652-> OPEN PORT: COM1@9600
120039668-> ********************** COMMAND BEGIN **********************
120039668-> data sent to printer:
120039668-> <2>L&1<3>
120041336-> data received from printer:
120041494-> <2>2287*2284<3><6>
120041495-> ********************** COMMAND BEGIN **********************
120041495-> data sent to printer:
120041495-> <2>VRazon Social: MARIA PENA<3>
120041712-> data received from printer:
120041870-> <6>
120041871-> ********************** COMMAND BEGIN **********************
120041871-> data sent to printer:
120041872-> <2>VCI/Rif: V-18001525<3>
120042079-> data received from printer:
120042230-> <6>
120042230-> ********************** COMMAND BEGIN **********************
120042231-> data sent to printer:
120042231-> <2>V----------------------------------------<3>
120042462-> data received from printer:
120042620-> <6>
120042623-> ********************** COMMAND BEGIN **********************
120042624-> data sent to printer:
120042624-> <2>VL068362 UMCPRB3025-S58O<3>
120042841-> data received from printer:
120042996-> <6>
120042997-> ********************** COMMAND BEGIN **********************
120042997-> data sent to printer:
120042997-> <2>N11,000xBs2978,50     00002978501<3>
120043276-> data received from printer:
120043433-> <6>
120112106-> ********************** COMMAND BEGIN **********************
120112106-> data sent to printer:
120112106-> <2>O1<3>
120113114-> data received from printer:
120113275-> <2>345506<3><6>
120113281-> ********************** COMMAND BEGIN **********************
120113281-> data sent to printer:
120113282-> <2>P131/03/2023 Efectivo 000000277000<3>
120113548-> data received from printer:
120113710-> <6>
120113710-> ********************** COMMAND BEGIN **********************
120113711-> data sent to printer:
120113711-> <2>P104/04/2023 Efectivo 000000068506<3>
120113978-> data received from printer:
120114131-> <6>
120114132-> ********************** COMMAND BEGIN **********************
120114132-> data sent to printer:
120114133-> <2>V<3>
120114327-> data received from printer:
120114491-> <6>
120114491-> ********************** COMMAND BEGIN **********************
120114492-> data sent to printer:
120114492-> <2>VNumero Orden: 0000375<3>
120114704-> data received from printer:
120114866-> <6>
120114867-> ********************** COMMAND BEGIN **********************
120114867-> data sent to printer:
120114867-> <2>V<3>
120115059-> data received from printer:
120115212-> <6>
120115220-> ********************** COMMAND BEGIN **********************
120115220-> data sent to printer:
120115220-> <2>Y0<3>
120115270-> data received from printer:
120115544-> <2>SENIAT    J-316292649    1600*800*3100*2          Bs.0TIY1900001211220220644*300<3><6>
120115545-> ********************** COMMAND BEGIN **********************
120115545-> data sent to printer:
120115545-> <2>S<3>
120115553-> data received from printer:
120115710-> <21>
120115711-> ********************** COMMAND BEGIN **********************
120115711-> data sent to printer:
120115711-> <2>M<3>
120117005-> data received from printer:
120117165-> <6>
130954241-> OPEN PORT: COM1@9600
130954282-> OPEN PORT: COM1@9600
130954284-> ********************** COMMAND BEGIN **********************
130954284-> data sent to printer:
130954284-> <2>L&1<3>
130956583-> data received from printer:
130956741-> <2>2288*2284<3><6>
130956742-> ********************** COMMAND BEGIN **********************
130956742-> data sent to printer:
130956742-> <2>VRazon Social: MARIA PENA<3>
130956958-> data received from printer:
130957117-> <6>
130957117-> ********************** COMMAND BEGIN **********************
130957118-> data sent to printer:
130957118-> <2>VCI/Rif: V-18001525<3>
130957330-> data received from printer:
130957492-> <6>
130957492-> ********************** COMMAND BEGIN **********************
130957493-> data sent to printer:
130957493-> <2>V----------------------------------------<3>
130957723-> data received from printer:
130957883-> <6>
130957885-> ********************** COMMAND BEGIN **********************
130957885-> data sent to printer:
130957885-> <2>VL068362 UMCPRB3025-S58O<3>
130958100-> data received from printer:
130958258-> <6>
130958258-> ********************** COMMAND BEGIN **********************
130958259-> data sent to printer:
130958259-> <2>N11,000xBs2978,50     00002978501<3>
130958541-> data received from printer:
130958694-> <6>
131001424-> ********************** COMMAND BEGIN **********************
131001424-> data sent to printer:
131001424-> <2>O1<3>
131002430-> data received from printer:
131002588-> <2>345506<3><6>
131003200-> ********************** COMMAND BEGIN **********************
131003200-> data sent to printer:
131003201-> <2>P121/03/2023 Efectivo 000000297056<3>
131003471-> data received from printer:
131003630-> <6>
131003630-> ********************** COMMAND BEGIN **********************
131003631-> data sent to printer:
131003631-> <2>P104/04/2023 Efectivo 000000001000<3>
131003897-> data received from printer:
131004051-> <6>
131004051-> ********************** COMMAND BEGIN **********************
131004052-> data sent to printer:
131004052-> <2>P104/04/2023 Efectivo 000000047450<3>
131004320-> data received from printer:
131004471-> <6>
131004472-> ********************** COMMAND BEGIN **********************
131004472-> data sent to printer:
131004472-> <2>V<3>
131004667-> data received from printer:
131004832-> <6>
131004832-> ********************** COMMAND BEGIN **********************
131004833-> data sent to printer:
131004833-> <2>VNumero Orden: 0000309<3>
131005045-> data received from printer:
131005208-> <6>
131005208-> ********************** COMMAND BEGIN **********************
131005209-> data sent to printer:
131005209-> <2>V<3>
131005401-> data received from printer:
131005554-> <6>
131005896-> ********************** COMMAND BEGIN **********************
131005897-> data sent to printer:
131005899-> <2>Y0<3>
131005950-> data received from printer:
131006226-> <2>SENIAT    J-316292649    1600*800*3100*2          Bs.0TIY1900001211220220753*300<3><6>
131006226-> ********************** COMMAND BEGIN **********************
131006226-> data sent to printer:
131006226-> <2>S<3>
131006235-> data received from printer:
131006390-> <21>
131006391-> ********************** COMMAND BEGIN **********************
131006391-> data sent to printer:
131006392-> <2>M<3>
131008320-> data received from printer:
131008478-> <6>
190747737-> OPEN PORT: COM1@9600
190747857-> ********************** COMMAND BEGIN **********************
190747858-> data sent to printer:
190747859-> <2>L&2<3>
190749525-> data received from printer:
190749683-> <2>117*110<3><6>
190749684-> ********************** COMMAND BEGIN **********************
190749684-> data sent to printer:
190749684-> <2>VRazon Social: MARIA PENA<3>
190749902-> data received from printer:
190750058-> <6>
190750058-> ********************** COMMAND BEGIN **********************
190750059-> data sent to printer:
190750059-> <2>VCI/Rif: V18001525<3>
190750265-> data received from printer:
190750418-> <6>
190750418-> ********************** COMMAND BEGIN **********************
190750419-> data sent to printer:
190750419-> <2>VDatos del Documento Original:<3>
190750639-> data received from printer:
190750794-> <6>
190750795-> ********************** COMMAND BEGIN **********************
190750795-> data sent to printer:
190750795-> <2>VNumero: 0002287<3>
190751004-> data received from printer:
190751155-> <6>
190751155-> ********************** COMMAND BEGIN **********************
190751156-> data sent to printer:
190751156-> <2>VFecha: 04/04/2023<3>
190751362-> data received from printer:
190751515-> <6>
190751515-> ********************** COMMAND BEGIN **********************
190751516-> data sent to printer:
190751516-> <2>VSerial Fiscal: TIY1900001<3>
190751732-> data received from printer:
190751891-> <6>
190751892-> ********************** COMMAND BEGIN **********************
190751892-> data sent to printer:
190751892-> <2>V----------------------------------------<3>
190752126-> data received from printer:
190752282-> <6>
190752325-> ********************** COMMAND BEGIN **********************
190752325-> data sent to printer:
190752325-> <2>VL068362 UMCPRB3025-S58O<3>
190752538-> data received from printer:
190752704-> <6>
190752705-> ********************** COMMAND BEGIN **********************
190752705-> data sent to printer:
190752705-> <2>R11,000xBs2978,50     00002978501<3>
190753023-> data received from printer:
190753184-> <6>
190753193-> ********************** COMMAND BEGIN **********************
190753194-> data sent to printer:
190753194-> <2>\Descuento           000000000000000000000000000000000000000000000000<3>
190753450-> data received from printer:
190753609-> <6>
190753610-> ********************** COMMAND BEGIN **********************
190753610-> data sent to printer:
190753610-> <2>O1<3>
190754583-> data received from printer:
190754734-> <2>345506<3><6>
190754735-> ********************** COMMAND BEGIN **********************
190754735-> data sent to printer:
190754735-> <2>VMonto Disponible:  3455,06<3>
190754956-> data received from printer:
190755110-> <6>
190755123-> ********************** COMMAND BEGIN **********************
190755123-> data sent to printer:
190755123-> <2>Y0<3>
190755173-> data received from printer:
190755456-> <2>SENIAT    J-316292649    1600*800*3100*2          Bs.0TIY1900001211220221351*300<3><6>
190755457-> ********************** COMMAND BEGIN **********************
190755457-> data sent to printer:
190755458-> <2>S<3>
190755465-> data received from printer:
190755621-> <21>
190755622-> ********************** COMMAND BEGIN **********************
190755622-> data sent to printer:
190755623-> <2>M<3>
190756917-> data received from printer:
190757077-> <6>
191502454-> OPEN PORT: COM1@9600
191502496-> ********************** COMMAND BEGIN **********************
191502496-> data sent to printer:
191502496-> <2>L&2<3>
191504163-> data received from printer:
191504319-> <2>118*110<3><6>
191504320-> ********************** COMMAND BEGIN **********************
191504320-> data sent to printer:
191504320-> <2>VRazon Social: MARIA PENA<3>
191504534-> data received from printer:
191504694-> <6>
191504695-> ********************** COMMAND BEGIN **********************
191504695-> data sent to printer:
191504695-> <2>VCI/Rif: V18001525<3>
191504904-> data received from printer:
191505070-> <6>
191505071-> ********************** COMMAND BEGIN **********************
191505071-> data sent to printer:
191505071-> <2>VDatos del Documento Original:<3>
191505294-> data received from printer:
191505445-> <6>
191505445-> ********************** COMMAND BEGIN **********************
191505446-> data sent to printer:
191505446-> <2>VNumero: 0002280<3>
191505650-> data received from printer:
191505805-> <6>
191505805-> ********************** COMMAND BEGIN **********************
191505806-> data sent to printer:
191505806-> <2>VFecha: 29/03/2023<3>
191506014-> data received from printer:
191506166-> <6>
191506166-> ********************** COMMAND BEGIN **********************
191506167-> data sent to printer:
191506167-> <2>VSerial Fiscal: TIY1900001<3>
191506385-> data received from printer:
191506541-> <6>
191506541-> ********************** COMMAND BEGIN **********************
191506542-> data sent to printer:
191506542-> <2>V----------------------------------------<3>
191506772-> data received from printer:
191506931-> <6>
191506943-> ********************** COMMAND BEGIN **********************
191506943-> data sent to printer:
191506943-> <2>VL068362 UMCPRB3025-S58O<3>
191507157-> data received from printer:
191507321-> <6>
191507321-> ********************** COMMAND BEGIN **********************
191507322-> data sent to printer:
191507322-> <2>R11,000xBs2978,50     00002978501<3>
191507604-> data received from printer:
191507756-> <6>
191507765-> ********************** COMMAND BEGIN **********************
191507766-> data sent to printer:
191507766-> <2>\Descuento           000000000000000000000000000000000000000000000000<3>
191508057-> data received from printer:
191508211-> <6>
191508212-> ********************** COMMAND BEGIN **********************
191508212-> data sent to printer:
191508212-> <2>O1<3>
191509187-> data received from printer:
191509337-> <2>345506<3><6>
191509338-> ********************** COMMAND BEGIN **********************
191509338-> data sent to printer:
191509338-> <2>VMonto Disponible:  3455,06<3>
191509556-> data received from printer:
191509712-> <6>
191509713-> ********************** COMMAND BEGIN **********************
191509713-> data sent to printer:
191509713-> <2>Y0<3>
191509763-> data received from printer:
191510041-> <2>SENIAT    J-316292649    1600*800*3100*2          Bs.0TIY1900001211220221358*300<3><6>
191510042-> ********************** COMMAND BEGIN **********************
191510042-> data sent to printer:
191510042-> <2>S<3>
191510049-> data received from printer:
191510206-> <21>
191510206-> ********************** COMMAND BEGIN **********************
191510207-> data sent to printer:
191510207-> <2>M<3>
191511502-> data received from printer:
191511661-> <6>
191800187-> OPEN PORT: COM1@9600
191800227-> ********************** COMMAND BEGIN **********************
191800228-> data sent to printer:
191800228-> <2>L&2<3>
191801898-> data received from printer:
191802050-> <2>119*110<3><6>
191802050-> ********************** COMMAND BEGIN **********************
191802051-> data sent to printer:
191802051-> <2>VRazon Social: MARIA PENA<3>
191802267-> data received from printer:
191802425-> <6>
191802426-> ********************** COMMAND BEGIN **********************
191802426-> data sent to printer:
191802426-> <2>VCI/Rif: V18001525<3>
191802637-> data received from printer:
191802787-> <6>
191802787-> ********************** COMMAND BEGIN **********************
191802788-> data sent to printer:
191802788-> <2>VDatos del Documento Original:<3>
191803007-> data received from printer:
191803164-> <6>
191803164-> ********************** COMMAND BEGIN **********************
191803166-> data sent to printer:
191803166-> <2>VNumero: 0002279<3>
191803372-> data received from printer:
191803525-> <6>
191803525-> ********************** COMMAND BEGIN **********************
191803526-> data sent to printer:
191803526-> <2>VFecha: 29/03/2023<3>
191803737-> data received from printer:
191803902-> <6>
191803902-> ********************** COMMAND BEGIN **********************
191803903-> data sent to printer:
191803903-> <2>VSerial Fiscal: TIY1900001<3>
191804118-> data received from printer:
191804278-> <6>
191804279-> ********************** COMMAND BEGIN **********************
191804279-> data sent to printer:
191804279-> <2>V----------------------------------------<3>
191804512-> data received from printer:
191804668-> <6>
191804677-> ********************** COMMAND BEGIN **********************
191804677-> data sent to printer:
191804679-> <2>VL068362 UMCPRB3025-S58O<3>
191804895-> data received from printer:
191805059-> <6>
191805059-> ********************** COMMAND BEGIN **********************
191805059-> data sent to printer:
191805059-> <2>R11,000xBs2978,50     00002978501<3>
191805338-> data received from printer:
191805493-> <6>
191805501-> ********************** COMMAND BEGIN **********************
191805501-> data sent to printer:
191805502-> <2>\Descuento           000000000000000000000000000000000000000000000000<3>
191805797-> data received from printer:
191805961-> <6>
191805962-> ********************** COMMAND BEGIN **********************
191805962-> data sent to printer:
191805962-> <2>O1<3>
191806931-> data received from printer:
191807087-> <2>345506<3><6>
191807087-> ********************** COMMAND BEGIN **********************
191807088-> data sent to printer:
191807088-> <2>VMonto Disponible:  3455,06<3>
191807307-> data received from printer:
191807462-> <6>
191807462-> ********************** COMMAND BEGIN **********************
191807463-> data sent to printer:
191807463-> <2>Y0<3>
191807512-> data received from printer:
191807793-> <2>SENIAT    J-316292649    1600*800*3100*2          Bs.0TIY1900001211220221401*300<3><6>
191807794-> ********************** COMMAND BEGIN **********************
191807794-> data sent to printer:
191807794-> <2>S<3>
191807802-> data received from printer:
191807959-> <21>
191807959-> ********************** COMMAND BEGIN **********************
191807960-> data sent to printer:
191807960-> <2>M<3>
191809218-> data received from printer:
191809370-> <6>
192347388-> OPEN PORT: COM1@9600
192347430-> ********************** COMMAND BEGIN **********************
192347430-> data sent to printer:
192347430-> <2>L&2<3>
192349093-> data received from printer:
192349252-> <2>120*110<3><6>
192349253-> ********************** COMMAND BEGIN **********************
192349253-> data sent to printer:
192349253-> <2>VRazon Social: MARIA PENA<3>
192349468-> data received from printer:
192349627-> <6>
192349627-> ********************** COMMAND BEGIN **********************
192349628-> data sent to printer:
192349628-> <2>VCI/Rif: V18001525<3>
192349839-> data received from printer:
192350003-> <6>
192350003-> ********************** COMMAND BEGIN **********************
192350004-> data sent to printer:
192350004-> <2>VDatos del Documento Original:<3>
192350223-> data received from printer:
192350379-> <6>
192350379-> ********************** COMMAND BEGIN **********************
192350380-> data sent to printer:
192350380-> <2>VNumero: 0002275<3>
192350586-> data received from printer:
192350740-> <6>
192350740-> ********************** COMMAND BEGIN **********************
192350741-> data sent to printer:
192350741-> <2>VFecha: 27/03/2023<3>
192350952-> data received from printer:
192351115-> <6>
192351115-> ********************** COMMAND BEGIN **********************
192351116-> data sent to printer:
192351116-> <2>VSerial Fiscal: TIY1900001<3>
192351330-> data received from printer:
192351491-> <6>
192351491-> ********************** COMMAND BEGIN **********************
192351492-> data sent to printer:
192351492-> <2>V----------------------------------------<3>
192351724-> data received from printer:
192351882-> <6>
192351894-> ********************** COMMAND BEGIN **********************
192351894-> data sent to printer:
192351894-> <2>VL068362 UMCPRB3025-S58O<3>
192352111-> data received from printer:
192352273-> <6>
192352273-> ********************** COMMAND BEGIN **********************
192352274-> data sent to printer:
192352274-> <2>R11,000xBs2978,50     00002978501<3>
192352552-> data received from printer:
192352709-> <6>
192352718-> ********************** COMMAND BEGIN **********************
192352718-> data sent to printer:
192352718-> <2>\Descuento           000000000000000000000000000000000000000000000000<3>
192353013-> data received from printer:
192353179-> <6>
192353180-> ********************** COMMAND BEGIN **********************
192353180-> data sent to printer:
192353180-> <2>O1<3>
192354780-> data received from printer:
192354934-> <2>345506<3><6>
192354935-> ********************** COMMAND BEGIN **********************
192354935-> data sent to printer:
192354935-> <2>VMonto Disponible:  3501,77<3>
192355154-> data received from printer:
192355310-> <6>
192355311-> ********************** COMMAND BEGIN **********************
192355311-> data sent to printer:
192355312-> <2>Y0<3>
192355361-> data received from printer:
192355641-> <2>SENIAT    J-316292649    1600*800*3100*2          Bs.0TIY1900001211220221407*300<3><6>
192355642-> ********************** COMMAND BEGIN **********************
192355642-> data sent to printer:
192355642-> <2>S<3>
192355650-> data received from printer:
192355807-> <21>
192355808-> ********************** COMMAND BEGIN **********************
192355808-> data sent to printer:
192355808-> <2>M<3>
192357735-> data received from printer:
192357893-> <6>
