114913054-> OPEN PORT: COM1@9600
114913213-> ********************** COMMAND BEGIN **********************
114913214-> data sent to printer:
114913215-> <2>Q<3>
114919267-> No reponse from printer
114919268-> ********************** COMMAND BEGIN **********************
114919269-> data sent to printer:
114919270-> <2>M<3>
115004325-> No reponse from printer
115207825-> OPEN PORT: COM1@9600
115207866-> ********************** COMMAND BEGIN **********************
115207866-> data sent to printer:
115207867-> <2>Q<3>
115213924-> No reponse from printer
115213925-> ********************** COMMAND BEGIN **********************
115213926-> data sent to printer:
115213926-> <2>M<3>
115258984-> No reponse from printer
115259738-> OPEN PORT: COM1@9600
115259778-> OPEN PORT: COM1@9600
115259795-> ********************** COMMAND BEGIN **********************
115259796-> data sent to printer:
115259796-> <2>L&1<3>
115305854-> No reponse from printer
115305855-> ********************** COMMAND BEGIN **********************
115305855-> data sent to printer:
115305856-> <2>VRazon Social: KATYANES GUTIERREZ<3>
115309919-> No reponse from printer
115330373-> OPEN PORT: COM1@9600
115330374-> ********************** COMMAND BEGIN **********************
115330375-> data sent to printer:
115330375-> <2>Q<3>
115336438-> No reponse from printer
115336439-> ********************** COMMAND BEGIN **********************
115336439-> data sent to printer:
115336440-> <2>M<3>
115421496-> No reponse from printer
115440093-> OPEN PORT: COM1@9600
115440133-> ********************** COMMAND BEGIN **********************
115440134-> data sent to printer:
115440134-> <2>Q<3>
115446190-> No reponse from printer
115446191-> ********************** COMMAND BEGIN **********************
115446191-> data sent to printer:
115446192-> <2>M<3>
115827916-> OPEN PORT: COM1@9600
115827957-> ********************** COMMAND BEGIN **********************
115827957-> data sent to printer:
115827957-> <2>Q<3>
115834011-> No reponse from printer
115834012-> ********************** COMMAND BEGIN **********************
115834013-> data sent to printer:
115834013-> <2>M<3>
115919071-> No reponse from printer
115919795-> OPEN PORT: COM1@9600
115919835-> OPEN PORT: COM1@9600
115919837-> ********************** COMMAND BEGIN **********************
115919838-> data sent to printer:
115919838-> <2>L&1<3>
115925891-> No reponse from printer
115925892-> ********************** COMMAND BEGIN **********************
115925892-> data sent to printer:
115925892-> <2>VRazon Social: KATYANES GUTIERREZ<3>
115929956-> No reponse from printer
115958344-> OPEN PORT: COM1@9600
115958345-> ********************** COMMAND BEGIN **********************
115958346-> data sent to printer:
115958346-> <2>Q<3>
120004407-> No reponse from printer
120004409-> ********************** COMMAND BEGIN **********************
120004409-> data sent to printer:
120004409-> <2>M<3>
120049466-> No reponse from printer
120107699-> OPEN PORT: COM1@9600
120107739-> ********************** COMMAND BEGIN **********************
120107739-> data sent to printer:
120107740-> <2>Q<3>
120113805-> No reponse from printer
120113806-> ********************** COMMAND BEGIN **********************
120113807-> data sent to printer:
120113807-> <2>M<3>
120158863-> No reponse from printer
122620923-> OPEN PORT: COM1@9600
122620989-> ********************** COMMAND BEGIN **********************
122620989-> data sent to printer:
122620990-> <2>Q<3>
122627054-> No reponse from printer
122627055-> ********************** COMMAND BEGIN **********************
122627055-> data sent to printer:
122627056-> <2>M<3>
122712109-> No reponse from printer
122721579-> OPEN PORT: COM1@9600
122721619-> OPEN PORT: COM1@9600
122721621-> ********************** COMMAND BEGIN **********************
122721621-> data sent to printer:
122721622-> <2>L&1<3>
122727677-> No reponse from printer
122727678-> ********************** COMMAND BEGIN **********************
122727678-> data sent to printer:
122727679-> <2>VRazon Social: KATYANES GUTIERREZ<3>
122731742-> No reponse from printer
122805570-> OPEN PORT: COM1@9600
122805571-> ********************** COMMAND BEGIN **********************
122805572-> data sent to printer:
122805572-> <2>Q<3>
122811624-> No reponse from printer
122811625-> ********************** COMMAND BEGIN **********************
122811626-> data sent to printer:
122811626-> <2>M<3>
122856682-> No reponse from printer
122937205-> OPEN PORT: COM1@9600
122937245-> ********************** COMMAND BEGIN **********************
122937246-> data sent to printer:
122937246-> <2>Q<3>
122943305-> No reponse from printer
122943306-> ********************** COMMAND BEGIN **********************
122943307-> data sent to printer:
122943307-> <2>M<3>
123028363-> No reponse from printer
125507280-> OPEN PORT: COM1@9600
125507321-> ********************** COMMAND BEGIN **********************
125507321-> data sent to printer:
125507322-> <2>Q<3>
125513382-> No reponse from printer
125513383-> ********************** COMMAND BEGIN **********************
125513383-> data sent to printer:
125513384-> <2>M<3>
125558440-> No reponse from printer
143630410-> OPEN PORT: COM1@9600
143630469-> ********************** COMMAND BEGIN **********************
143630469-> data sent to printer:
143630469-> <2>Q<3>
143636529-> No reponse from printer
143636531-> ********************** COMMAND BEGIN **********************
143636531-> data sent to printer:
143636532-> <2>M<3>
143721590-> No reponse from printer
144014204-> OPEN PORT: COM1@9600
144014244-> ********************** COMMAND BEGIN **********************
144014244-> data sent to printer:
144014244-> <2>Q<3>
144020307-> No reponse from printer
144020308-> ********************** COMMAND BEGIN **********************
144020309-> data sent to printer:
144020309-> <2>M<3>
144105363-> No reponse from printer
