112817101-> OPEN PORT: COM1@9600
112817181-> OPEN PORT: COM1@9600
112817190-> ********************** COMMAND BEGIN **********************
112817190-> data sent to printer:
112817190-> <2>L&1<3>
112818863-> data received from printer:
112819015-> <2>2488*2484<3><6>
112819016-> ********************** COMMAND BEGIN **********************
112819017-> data sent to printer:
112819017-> <2>VRazon Social: Giuseppe Lazzaro<3>
112819238-> data received from printer:
112819390-> <6>
112819390-> ********************** COMMAND BEGIN **********************
112819391-> data sent to printer:
112819392-> <2>VCI/Rif: V-8375736<3>
112819601-> data received from printer:
112819751-> <6>
112819751-> ********************** COMMAND BEGIN **********************
112819752-> data sent to printer:
112819752-> <2>V----------------------------------------<3>
112819987-> data received from printer:
112820141-> <6>
112820164-> ********************** COMMAND BEGIN **********************
112820165-> data sent to printer:
112820165-> <2>VM175811 CPCCMWSG220454G<3>
112820378-> data received from printer:
112820532-> <6>
112820533-> ********************** COMMAND BEGIN **********************
112820533-> data sent to printer:
112820533-> <2>N11,000xBs798,00      00000798001<3>
112820814-> data received from printer:
112820968-> <6>
112820969-> ********************** COMMAND BEGIN **********************
112820969-> data sent to printer:
112820969-> <2>VC000187 LIFE FREE 2 CR-39 <3>
112821191-> data received from printer:
112821344-> <6>
112821345-> ********************** COMMAND BEGIN **********************
112821345-> data sent to printer:
112821346-> <2>N12,000xBs2766,40     00005532800<3>
112821621-> data received from printer:
112821780-> <6>
112821966-> ********************** COMMAND BEGIN **********************
112821966-> data sent to printer:
112821967-> <2>OT202924<0><0><0><0><0><128><165>S<3>
112823236-> data received from printer:
112823390-> <2>651936<3><6>
112823475-> ********************** COMMAND BEGIN **********************
112823476-> data sent to printer:
112823476-> <2>P120/06/2023 DEBITO   000000392924<3>
112823747-> data received from printer:
112823903-> <6>
112823904-> ********************** COMMAND BEGIN **********************
112823904-> data sent to printer:
112823904-> <2>P120/06/2023 EFECTIVO 000000050000<3>
112824171-> data received from printer:
112824323-> <6>
112824323-> ********************** COMMAND BEGIN **********************
112824324-> data sent to printer:
112824324-> <2>P1DIVISAS             000000202924<3>
112824593-> data received from printer:
112824744-> <6>
112824745-> ********************** COMMAND BEGIN **********************
112824745-> data sent to printer:
112824746-> <2>V<3>
112824940-> data received from printer:
112825104-> <6>
112825104-> ********************** COMMAND BEGIN **********************
112825105-> data sent to printer:
112825105-> <2>VNumero Orden: 0069139<3>
112825318-> data received from printer:
112825479-> <6>
112825480-> ********************** COMMAND BEGIN **********************
112825480-> data sent to printer:
112825480-> <2>V<3>
112825673-> data received from printer:
112825825-> <6>
112825928-> ********************** COMMAND BEGIN **********************
112825929-> data sent to printer:
112825929-> <2>V<161><161><161>GRACIAS POR SU COMPRA!!!<3>
112826152-> data received from printer:
112826309-> <6>
112826310-> ********************** COMMAND BEGIN **********************
112826310-> data sent to printer:
112826311-> <2>VSolo se aceptaran devoluciones<3>
112827176-> data received from printer:
112827328-> <6>
112827329-> ********************** COMMAND BEGIN **********************
112827329-> data sent to printer:
112827330-> <2>Vpor defectos de fabrica, con la<3>
112827592-> data received from printer:
112827748-> <6>
112827748-> ********************** COMMAND BEGIN **********************
112827749-> data sent to printer:
112827749-> <2>Vpresentacion de esta factura (original),<3>
112827982-> data received from printer:
112828139-> <6>
112828140-> ********************** COMMAND BEGIN **********************
112828140-> data sent to printer:
112828140-> <2>Vdentro de los treinta (30) dias<3>
112828365-> data received from printer:
112828529-> <6>
112828530-> ********************** COMMAND BEGIN **********************
112828530-> data sent to printer:
112828530-> <2>Vsiguientes a la emision de la misma.<3>
112828762-> data received from printer:
112828919-> <6>
112828920-> ********************** COMMAND BEGIN **********************
112828921-> data sent to printer:
112828921-> <2>Y0<3>
112828971-> data received from printer:
112829251-> <2>SENIAT    J-316292649    1600*800*3100*2          Bs.0TIY1900001010420230607*300<3><6>
112829252-> ********************** COMMAND BEGIN **********************
112829253-> data sent to printer:
112829253-> <2>S<3>
112829261-> data received from printer:
112829416-> <21>
112829417-> ********************** COMMAND BEGIN **********************
112829418-> data sent to printer:
112829418-> <2>M<3>
112830728-> data received from printer:
112830886-> <6>
