092512070-> OPEN PORT: COM1@9600
092512115-> OPEN PORT: COM1@9600
092512123-> ********************** COMMAND BEGIN **********************
092512123-> data sent to printer:
092512124-> <2>L&1<3>
092513794-> data received from printer:
092513954-> <2>2276*2269<3><6>
092513955-> ********************** COMMAND BEGIN **********************
092513955-> data sent to printer:
092513955-> <2>VRazon Social: MARIA PENA<3>
092514171-> data received from printer:
092514329-> <6>
092514329-> ********************** COMMAND BEGIN **********************
092514330-> data sent to printer:
092514330-> <2>VCI/Rif: V-18001525<3>
092514542-> data received from printer:
092514704-> <6>
092514704-> ********************** COMMAND BEGIN **********************
092514705-> data sent to printer:
092514705-> <2>V----------------------------------------<3>
092514936-> data received from printer:
092515094-> <6>
092515110-> ********************** COMMAND BEGIN **********************
092515111-> data sent to printer:
092515111-> <2>VL068362 UMCPRB3025-S58O<3>
092515326-> data received from printer:
092515485-> <6>
092515486-> ********************** COMMAND BEGIN **********************
092515486-> data sent to printer:
092515486-> <2>N11,000xBs2978,50     00002978501<3>
092515769-> data received from printer:
092515920-> <6>
092519489-> ********************** COMMAND BEGIN **********************
092519489-> data sent to printer:
092519490-> <2>OT195506<0><0><0><0><0><128>C<196><3>
092520636-> data received from printer:
092520800-> <2>351371<3><6>
092520876-> ********************** COMMAND BEGIN **********************
092520877-> data sent to printer:
092520877-> <2>P129/03/2023 DIVISAS  000000201371<3>
092521144-> data received from printer:
092521298-> <6>
092521298-> ********************** COMMAND BEGIN **********************
092521299-> data sent to printer:
092521299-> <2>P129/03/2023 Efectivo 000000150000<3>
092521567-> data received from printer:
092521718-> <6>
092521719-> ********************** COMMAND BEGIN **********************
092521719-> data sent to printer:
092521719-> <2>V<3>
092521914-> data received from printer:
092522079-> <6>
092522079-> ********************** COMMAND BEGIN **********************
092522080-> data sent to printer:
092522080-> <2>VNumero Orden: 0000368<3>
092522292-> data received from printer:
092522455-> <6>
092522456-> ********************** COMMAND BEGIN **********************
092522456-> data sent to printer:
092522456-> <2>V<3>
092522648-> data received from printer:
092522800-> <6>
092524037-> ********************** COMMAND BEGIN **********************
092524038-> data sent to printer:
092524038-> <2>Y0<3>
092524088-> data received from printer:
092524372-> <2>SENIAT    J-316292649    1600*800*3100*2          Bs.0TIY1900001151220220409*300<3><6>
092524373-> ********************** COMMAND BEGIN **********************
092524373-> data sent to printer:
092524373-> <2>S<3>
092524381-> data received from printer:
092524537-> <21>
092524538-> ********************** COMMAND BEGIN **********************
092524538-> data sent to printer:
092524538-> <2>M<3>
092525858-> data received from printer:
092526023-> <6>
093536402-> OPEN PORT: COM1@9600
093536442-> OPEN PORT: COM1@9600
093536444-> ********************** COMMAND BEGIN **********************
093536445-> data sent to printer:
093536445-> <2>L&1<3>
093538113-> data received from printer:
093538270-> <2>2277*2269<3><6>
093538271-> ********************** COMMAND BEGIN **********************
093538271-> data sent to printer:
093538271-> <2>VRazon Social: MARIA PENA<3>
093538489-> data received from printer:
093538645-> <6>
093538646-> ********************** COMMAND BEGIN **********************
093538647-> data sent to printer:
093538647-> <2>VCI/Rif: V-18001525<3>
093538855-> data received from printer:
093539020-> <6>
093539020-> ********************** COMMAND BEGIN **********************
093539021-> data sent to printer:
093539021-> <2>V----------------------------------------<3>
093539253-> data received from printer:
093539410-> <6>
093539412-> ********************** COMMAND BEGIN **********************
093539412-> data sent to printer:
093539412-> <2>VL068362 UMCPRB3025-S58O<3>
093539629-> data received from printer:
093539785-> <6>
093539786-> ********************** COMMAND BEGIN **********************
093539786-> data sent to printer:
093539786-> <2>N11,000xBs2978,50     00002978501<3>
093540065-> data received from printer:
093540220-> <6>
093551833-> ********************** COMMAND BEGIN **********************
093551834-> data sent to printer:
093551834-> <2>Q<3>
093552199-> data received from printer:
093552359-> <6>
093552360-> ********************** COMMAND BEGIN **********************
093552360-> data sent to printer:
093552360-> <2>M<3>
093552368-> data received from printer:
093552525-> <21>
093656153-> OPEN PORT: COM1@9600
093656193-> OPEN PORT: COM1@9600
093656196-> ********************** COMMAND BEGIN **********************
093656196-> data sent to printer:
093656196-> <2>L&1<3>
093657867-> data received from printer:
093658023-> <2>2278*2277<3><6>
093658024-> ********************** COMMAND BEGIN **********************
093658024-> data sent to printer:
093658024-> <2>VRazon Social: MARIA PENA<3>
093658242-> data received from printer:
093658399-> <6>
093658400-> ********************** COMMAND BEGIN **********************
093658400-> data sent to printer:
093658400-> <2>VCI/Rif: V-18001525<3>
093658608-> data received from printer:
093658759-> <6>
093658759-> ********************** COMMAND BEGIN **********************
093658760-> data sent to printer:
093658760-> <2>V----------------------------------------<3>
093658993-> data received from printer:
093659149-> <6>
093659151-> ********************** COMMAND BEGIN **********************
093659151-> data sent to printer:
093659151-> <2>VL068362 UMCPRB3025-S58O<3>
093659368-> data received from printer:
093659525-> <6>
093659527-> ********************** COMMAND BEGIN **********************
093659527-> data sent to printer:
093659527-> <2>N11,000xBs2978,50     00002978501<3>
093659841-> data received from printer:
093700007-> <6>
094341868-> ********************** COMMAND BEGIN **********************
094341868-> data sent to printer:
094341869-> <2>Q<3>
094342237-> data received from printer:
094342389-> <6>
094342390-> ********************** COMMAND BEGIN **********************
094342390-> data sent to printer:
094342390-> <2>M<3>
094342398-> data received from printer:
094342555-> <21>
094346324-> OPEN PORT: COM1@9600
094346366-> OPEN PORT: COM1@9600
094346367-> ********************** COMMAND BEGIN **********************
094346368-> data sent to printer:
094346369-> <2>L&1<3>
094348001-> data received from printer:
094348156-> <2>2279*2278<3><6>
094348157-> ********************** COMMAND BEGIN **********************
094348157-> data sent to printer:
094348157-> <2>VRazon Social: MARIA PENA<3>
094348408-> data received from printer:
094348561-> <6>
094348562-> ********************** COMMAND BEGIN **********************
094348562-> data sent to printer:
094348562-> <2>VCI/Rif: V-18001525<3>
094348771-> data received from printer:
094348922-> <6>
094348922-> ********************** COMMAND BEGIN **********************
094348923-> data sent to printer:
094348923-> <2>V----------------------------------------<3>
094349158-> data received from printer:
094349312-> <6>
094349313-> ********************** COMMAND BEGIN **********************
094349313-> data sent to printer:
094349313-> <2>VL068362 UMCPRB3025-S58O<3>
094349526-> data received from printer:
094349687-> <6>
094349687-> ********************** COMMAND BEGIN **********************
094349688-> data sent to printer:
094349688-> <2>N11,000xBs2978,50     00002978501<3>
094349969-> data received from printer:
094350123-> <6>
094405651-> ********************** COMMAND BEGIN **********************
094405651-> data sent to printer:
094405651-> <2>O1<3>
094406624-> data received from printer:
094406776-> <2>345506<3><6>
094407986-> ********************** COMMAND BEGIN **********************
094407987-> data sent to printer:
094407988-> <2>P129/03/2023 Efectivo 000000345506<3>
094408289-> data received from printer:
094408446-> <6>
094408447-> ********************** COMMAND BEGIN **********************
094408447-> data sent to printer:
094408448-> <2>V<3>
094408642-> data received from printer:
094408793-> <6>
094408794-> ********************** COMMAND BEGIN **********************
094408794-> data sent to printer:
094408794-> <2>VNumero Orden: 0000367<3>
094409007-> data received from printer:
094409168-> <6>
094409169-> ********************** COMMAND BEGIN **********************
094409169-> data sent to printer:
094409169-> <2>V<3>
094409361-> data received from printer:
094409513-> <6>
094412160-> ********************** COMMAND BEGIN **********************
094412161-> data sent to printer:
094412161-> <2>Y0<3>
094412211-> data received from printer:
094412489-> <2>SENIAT    J-316292649    1600*800*3100*2          Bs.0TIY1900001151220220427*300<3><6>
094412490-> ********************** COMMAND BEGIN **********************
094412490-> data sent to printer:
094412490-> <2>S<3>
094412498-> data received from printer:
094412654-> <21>
094412655-> ********************** COMMAND BEGIN **********************
094412655-> data sent to printer:
094412655-> <2>M<3>
094413915-> data received from printer:
094414079-> <6>
101116733-> OPEN PORT: COM1@9600
101122595-> OPEN PORT: COM1@9600
101130660-> ********************** COMMAND BEGIN **********************
101130661-> data sent to printer:
101130662-> <2>L&1<3>
101136726-> No reponse from printer
101136726-> ********************** COMMAND BEGIN **********************
101136727-> data sent to printer:
101136727-> <2>VRazon Social: MARIA PENA<3>
101140792-> No reponse from printer
101154130-> ********************** COMMAND BEGIN **********************
101154130-> data sent to printer:
101154131-> <2>VL068362 UMCPRB3025-S58O<3>
101157195-> No reponse from printer
101829581-> OPEN PORT: COM1@9600
101840385-> OPEN PORT: COM1@9600
101843553-> ********************** COMMAND BEGIN **********************
101843553-> data sent to printer:
101843553-> <2>L&1<3>
101849605-> No reponse from printer
101849606-> ********************** COMMAND BEGIN **********************
101849606-> data sent to printer:
101849606-> <2>VRazon Social: MARIA PENA<3>
101853671-> No reponse from printer
101856769-> ********************** COMMAND BEGIN **********************
101856770-> data sent to printer:
101856770-> <2>VL068362 UMCPRB3025-S58O<3>
101859830-> No reponse from printer
101954910-> OPEN PORT: COM1@9600
102036595-> OPEN PORT: COM1@9600
102036636-> OPEN PORT: COM1@9600
102036636-> ********************** COMMAND BEGIN **********************
102036637-> data sent to printer:
102036637-> <2>L&1<3>
102042702-> No reponse from printer
102042704-> ********************** COMMAND BEGIN **********************
102042704-> data sent to printer:
102042704-> <2>VRazon Social: MARIA PENA<3>
102046767-> No reponse from printer
102046768-> ********************** COMMAND BEGIN **********************
102046768-> data sent to printer:
102046768-> <2>VL068362 UMCPRB3025-S58O<3>
102146342-> OPEN PORT: COM1@9600
102149955-> OPEN PORT: COM1@9600
102150807-> ********************** COMMAND BEGIN **********************
102150807-> data sent to printer:
102150807-> <2>L&1<3>
102156869-> No reponse from printer
102156870-> ********************** COMMAND BEGIN **********************
102156870-> data sent to printer:
102156870-> <2>VRazon Social: MARIA PENA<3>
102200934-> No reponse from printer
102204189-> ********************** COMMAND BEGIN **********************
102204190-> data sent to printer:
102204190-> <2>VL068362 UMCPRB3025-S58O<3>
102207241-> No reponse from printer
102259516-> OPEN PORT: COM1@9600
102334716-> OPEN PORT: COM1@9600
102337802-> OPEN PORT: COM1@9600
102338359-> ********************** COMMAND BEGIN **********************
102338359-> data sent to printer:
102338360-> <2>L&1<3>
102344419-> No reponse from printer
102344419-> ********************** COMMAND BEGIN **********************
102344420-> data sent to printer:
102344420-> <2>VRazon Social: MARIA PENA<3>
102348484-> No reponse from printer
102356279-> ********************** COMMAND BEGIN **********************
102356279-> data sent to printer:
102356279-> <2>VL068362 UMCPRB3025-S58O<3>
102359334-> No reponse from printer
102427237-> OPEN PORT: COM1@9600
102435622-> OPEN PORT: COM1@9600
102612055-> OPEN PORT: COM1@9600
102612830-> ********************** COMMAND BEGIN **********************
102612831-> data sent to printer:
102612831-> <2>L&1<3>
102618896-> No reponse from printer
102618896-> ********************** COMMAND BEGIN **********************
102618897-> data sent to printer:
102618897-> <2>VRazon Social: MARIA PENA<3>
102622960-> No reponse from printer
102639447-> OPEN PORT: COM1@9600
102646255-> OPEN PORT: COM1@9600
102652030-> OPEN PORT: COM1@9600
102726600-> ********************** COMMAND BEGIN **********************
102726601-> data sent to printer:
102726601-> <2>L&1<3>
102732655-> No reponse from printer
102732655-> ********************** COMMAND BEGIN **********************
102732656-> data sent to printer:
102732656-> <2>VRazon Social: MARIA PENA<3>
102736720-> No reponse from printer
102823354-> OPEN PORT: COM1@9600
102823395-> OPEN PORT: COM1@9600
102823398-> ********************** COMMAND BEGIN **********************
102823399-> data sent to printer:
102823399-> <2>L&1<3>
102829453-> No reponse from printer
102829453-> ********************** COMMAND BEGIN **********************
102829454-> data sent to printer:
102829454-> <2>VRazon Social: MARIA PENA<3>
102833519-> No reponse from printer
103518892-> OPEN PORT: COM1@9600
103518932-> OPEN PORT: COM1@9600
103518934-> ********************** COMMAND BEGIN **********************
103518935-> data sent to printer:
103518935-> <2>L&1<3>
103524998-> No reponse from printer
103524999-> ********************** COMMAND BEGIN **********************
103524999-> data sent to printer:
103524999-> <2>VRazon Social: MARIA PENA<3>
103529063-> No reponse from printer
103617321-> OPEN PORT: COM1@9600
104003731-> OPEN PORT: COM1@9600
104003770-> OPEN PORT: COM1@9600
104003771-> ********************** COMMAND BEGIN **********************
104003771-> data sent to printer:
104003772-> <2>L&1<3>
104009829-> No reponse from printer
104009829-> ********************** COMMAND BEGIN **********************
104009830-> data sent to printer:
104009830-> <2>VRazon Social: MARIA PENA<3>
104013895-> No reponse from printer
104700380-> OPEN PORT: COM1@9600
104700421-> OPEN PORT: COM1@9600
104700424-> ********************** COMMAND BEGIN **********************
104700424-> data sent to printer:
104700424-> <2>L&1<3>
104702092-> data received from printer:
104702257-> <2>2280*2278<3><6>
104702273-> ********************** COMMAND BEGIN **********************
104702273-> data sent to printer:
104702273-> <2>VRazon Social: MARIA PENA<3>
104702487-> data received from printer:
104702648-> <6>
104702649-> ********************** COMMAND BEGIN **********************
104702649-> data sent to printer:
104702649-> <2>VCI/Rif: V-18001525<3>
104702858-> data received from printer:
104703023-> <6>
104703023-> ********************** COMMAND BEGIN **********************
104703024-> data sent to printer:
104703024-> <2>V----------------------------------------<3>
104703258-> data received from printer:
104703414-> <6>
104703416-> ********************** COMMAND BEGIN **********************
104703417-> data sent to printer:
104703417-> <2>VL068362 UMCPRB3025-S58O<3>
104703630-> data received from printer:
104703790-> <6>
104703790-> ********************** COMMAND BEGIN **********************
104703791-> data sent to printer:
104703791-> <2>N11,000xBs2978,50     00002978501<3>
104704075-> data received from printer:
104704226-> <6>
104710758-> ********************** COMMAND BEGIN **********************
104710758-> data sent to printer:
104710758-> <2>O1<3>
104711765-> data received from printer:
104711922-> <2>345506<3><6>
104712246-> ********************** COMMAND BEGIN **********************
104712247-> data sent to printer:
104712247-> <2>P129/03/2023 Efectivo 000000047800<3>
104712515-> data received from printer:
104712667-> <6>
104712667-> ********************** COMMAND BEGIN **********************
104712668-> data sent to printer:
104712668-> <2>P129/03/2023 Debito   000000200000<3>
104712937-> data received from printer:
104713102-> <6>
104713103-> ********************** COMMAND BEGIN **********************
104713103-> data sent to printer:
104713103-> <2>P129/03/2023 Tarjeta d000000097706<3>
104713368-> data received from printer:
104713522-> <6>
104713523-> ********************** COMMAND BEGIN **********************
104713523-> data sent to printer:
104713524-> <2>V<3>
104713716-> data received from printer:
104713868-> <6>
104713869-> ********************** COMMAND BEGIN **********************
104713869-> data sent to printer:
104713869-> <2>VNumero Orden: 0000371<3>
104714085-> data received from printer:
104714243-> <6>
104714243-> ********************** COMMAND BEGIN **********************
104714244-> data sent to printer:
104714244-> <2>V<3>
104714434-> data received from printer:
104714589-> <6>
104717209-> ********************** COMMAND BEGIN **********************
104717210-> data sent to printer:
104717210-> <2>Y0<3>
104717260-> data received from printer:
104717531-> <2>SENIAT    J-316292649    1600*800*3100*2          Bs.0TIY1900001151220220530*300<3><6>
104717545-> ********************** COMMAND BEGIN **********************
104717545-> data sent to printer:
104717545-> <2>S<3>
104717553-> data received from printer:
104717711-> <21>
104717712-> ********************** COMMAND BEGIN **********************
104717712-> data sent to printer:
104717712-> <2>M<3>
104719008-> data received from printer:
104719167-> <6>
