141444992-> OPEN PORT: COM1@9600
141445133-> ********************** COMMAND BEGIN **********************
141445134-> data sent to printer:
141445134-> <2>Q<3>
141445139-> data received from printer:
141445301-> <21>
141445302-> ********************** COMMAND BEGIN **********************
141445302-> data sent to printer:
141445303-> <2>M<3>
141445307-> data received from printer:
141445466-> <21>
142205345-> OPEN PORT: COM1@9600
142205410-> OPEN PORT: COM1@9600
142205444-> ********************** COMMAND BEGIN **********************
142205445-> data sent to printer:
142205446-> <2>L&1<3>
142206106-> data received from printer:
142206273-> <2>6075*6071<3><6>
142206274-> ********************** COMMAND BEGIN **********************
142206275-> data sent to printer:
142206275-> <2>VRazon Social: EDWAR YEPEZ<3>
142206358-> data received from printer:
142206514-> <6>
142206514-> ********************** COMMAND BEGIN **********************
142206515-> data sent to printer:
142206515-> <2>VCI/Rif: V-25003037<3>
142206591-> data received from printer:
142206756-> <6>
142206756-> ********************** COMMAND BEGIN **********************
142206757-> data sent to printer:
142206757-> <2>V----------------------------------------<3>
142206856-> data received from printer:
142207011-> <6>
142207014-> ********************** COMMAND BEGIN **********************
142207014-> data sent to printer:
142207015-> <2>Y0<3>
142207022-> data received from printer:
142207271-> <2>SENIAT    J-00000000000001600*0800*3100*2          Bs.0TIS0900049280120251415<3><6>
142207276-> ********************** COMMAND BEGIN **********************
142207276-> data sent to printer:
142207277-> <2>VM180166 CPCCMWTU366251MJ<3>
142207359-> data received from printer:
142207511-> <6>
142207512-> ********************** COMMAND BEGIN **********************
142207512-> data sent to printer:
142207513-> <2>N11,000xBs1926,10     00001926101<3>
142207654-> data received from printer:
142207811-> <6>
142207812-> ********************** COMMAND BEGIN **********************
142207812-> data sent to printer:
142207812-> <2>VC000001 VISION SENCILLA TERMINADO <3>
142207905-> data received from printer:
142208066-> <6>
142208066-> ********************** COMMAND BEGIN **********************
142208067-> data sent to printer:
142208067-> <2>N12,000xBs708,13      00001416260<3>
142208209-> data received from printer:
142208368-> <6>
142208690-> ********************** COMMAND BEGIN **********************
142208692-> data sent to printer:
142208694-> <2>O1<3>
142209245-> data received from printer:
142209415-> <2>365054<3><6>
142209489-> ********************** COMMAND BEGIN **********************
142209489-> data sent to printer:
142209490-> <2>P128/01/2025 EFECTIVO 000000365054<3>
142209685-> data received from printer:
142209840-> <6>
142209841-> ********************** COMMAND BEGIN **********************
142209841-> data sent to printer:
142209842-> <2>V<3>
142209898-> data received from printer:
142210050-> <6>
142210051-> ********************** COMMAND BEGIN **********************
142210051-> data sent to printer:
142210051-> <2>VNumero Orden: 0153570<3>
142210131-> data received from printer:
142210290-> <6>
142210291-> ********************** COMMAND BEGIN **********************
142210291-> data sent to printer:
142210292-> <2>V<3>
142210348-> data received from printer:
142210500-> <6>
142210546-> ********************** COMMAND BEGIN **********************
142210546-> data sent to printer:
142210547-> <2>V<161><161><161>GRACIAS POR SU COMPRA!!!<3>
142210632-> data received from printer:
142210785-> <6>
142210785-> ********************** COMMAND BEGIN **********************
142210786-> data sent to printer:
142210786-> <2>VSolo se aceptaran devoluciones<3>
142210875-> data received from printer:
142211041-> <6>
142211041-> ********************** COMMAND BEGIN **********************
142211042-> data sent to printer:
142211042-> <2>Vpor defectos de fabrica, con la<3>
142211132-> data received from printer:
142211297-> <6>
142211298-> ********************** COMMAND BEGIN **********************
142211298-> data sent to printer:
142211298-> <2>Vpresentacion de esta factura (original),<3>
142211398-> data received from printer:
142211552-> <6>
142211553-> ********************** COMMAND BEGIN **********************
142211553-> data sent to printer:
142211554-> <2>Vdentro de los treinta (30) dias<3>
142211643-> data received from printer:
142211807-> <6>
142211808-> ********************** COMMAND BEGIN **********************
142211808-> data sent to printer:
142211808-> <2>Vsiguientes a la emision de la misma.<3>
142211903-> data received from printer:
142212062-> <6>
142212062-> ********************** COMMAND BEGIN **********************
142212063-> data sent to printer:
142212063-> <2>Y0<3>
142212071-> data received from printer:
142212322-> <2>SENIAT    J-00000000000001600*0800*3100*2          Bs.0TIS0900049280120251415<3><6>
142212322-> ********************** COMMAND BEGIN **********************
142212323-> data sent to printer:
142212323-> <2>M<3>
142213621-> data received from printer:
142213778-> <6>
142228835-> OPEN PORT: COM1@9600
142228902-> ********************** COMMAND BEGIN **********************
142228903-> data sent to printer:
142228903-> <2>Y3<3>
142228911-> data received from printer:
142229095-> <2>6075*6071*909*0*<3><6>
142442920-> OPEN PORT: COM1@9600
142442986-> ********************** COMMAND BEGIN **********************
142442987-> data sent to printer:
142442988-> <2>Q<3>
142442993-> data received from printer:
142443150-> <21>
142443150-> ********************** COMMAND BEGIN **********************
142443151-> data sent to printer:
142443151-> <2>M<3>
142443156-> data received from printer:
142443316-> <21>
142445367-> OPEN PORT: COM1@9600
142445433-> OPEN PORT: COM1@9600
142445433-> ********************** COMMAND BEGIN **********************
142445434-> data sent to printer:
142445434-> <2>L&1<3>
142446094-> data received from printer:
142446267-> <2>6076*6071<3><6>
142446267-> ********************** COMMAND BEGIN **********************
142446268-> data sent to printer:
142446268-> <2>VRazon Social: EDWAR YEPEZ<3>
142446352-> data received from printer:
142446509-> <6>
142446510-> ********************** COMMAND BEGIN **********************
142446510-> data sent to printer:
142446510-> <2>VCI/Rif: V-25003037<3>
142446586-> data received from printer:
142446750-> <6>
142446751-> ********************** COMMAND BEGIN **********************
142446751-> data sent to printer:
142446751-> <2>V----------------------------------------<3>
142446851-> data received from printer:
142447006-> <6>
142447006-> ********************** COMMAND BEGIN **********************
142447007-> data sent to printer:
142447007-> <2>Y0<3>
142447015-> data received from printer:
142447265-> <2>SENIAT    J-00000000000001600*0800*3100*2          Bs.0TIS0900049280120251417<3><6>
142447266-> ********************** COMMAND BEGIN **********************
142447266-> data sent to printer:
142447266-> <2>VM180166 CPCCMWTU366251MJ<3>
142447349-> data received from printer:
142447505-> <6>
142447506-> ********************** COMMAND BEGIN **********************
142447506-> data sent to printer:
142447506-> <2>N11,000xBs1926,10     00001926101<3>
142447648-> data received from printer:
142447805-> <6>
142447806-> ********************** COMMAND BEGIN **********************
142447806-> data sent to printer:
142447807-> <2>VC000001 VISION SENCILLA TERMINADO <3>
142447900-> data received from printer:
142448061-> <6>
142448061-> ********************** COMMAND BEGIN **********************
142448062-> data sent to printer:
142448062-> <2>N12,000xBs708,13      00001416260<3>
142448204-> data received from printer:
142448362-> <6>
142448574-> ********************** COMMAND BEGIN **********************
142448576-> data sent to printer:
142448577-> <2>O1<3>
142449128-> data received from printer:
142449300-> <2>365054<3><6>
142449336-> ********************** COMMAND BEGIN **********************
142449336-> data sent to printer:
142449337-> <2>P128/01/2025 EFECTIVO 000000365054<3>
142449532-> data received from printer:
142449692-> <6>
142449693-> ********************** COMMAND BEGIN **********************
142449693-> data sent to printer:
142449693-> <2>V<3>
142449750-> data received from printer:
142449904-> <6>
142449905-> ********************** COMMAND BEGIN **********************
142449905-> data sent to printer:
142449905-> <2>VNumero Orden: 0153570<3>
142449984-> data received from printer:
142450144-> <6>
142450145-> ********************** COMMAND BEGIN **********************
142450145-> data sent to printer:
142450145-> <2>V<3>
142450202-> data received from printer:
142450355-> <6>
142450363-> ********************** COMMAND BEGIN **********************
142450363-> data sent to printer:
142450363-> <2>V<161><161><161>GRACIAS POR SU COMPRA!!!<3>
142450449-> data received from printer:
142450611-> <6>
142450612-> ********************** COMMAND BEGIN **********************
142450612-> data sent to printer:
142450612-> <2>VSolo se aceptaran devoluciones<3>
142450701-> data received from printer:
142450851-> <6>
142450852-> ********************** COMMAND BEGIN **********************
142450852-> data sent to printer:
142450852-> <2>Vpor defectos de fabrica, con la<3>
142450942-> data received from printer:
142451107-> <6>
142451107-> ********************** COMMAND BEGIN **********************
142451108-> data sent to printer:
142451108-> <2>Vpresentacion de esta factura (original),<3>
142451208-> data received from printer:
142451363-> <6>
142451364-> ********************** COMMAND BEGIN **********************
142451364-> data sent to printer:
142451365-> <2>Vdentro de los treinta (30) dias<3>
142451454-> data received from printer:
142451619-> <6>
142451619-> ********************** COMMAND BEGIN **********************
142451620-> data sent to printer:
142451620-> <2>Vsiguientes a la emision de la misma.<3>
142451715-> data received from printer:
142451874-> <6>
142451874-> ********************** COMMAND BEGIN **********************
142451875-> data sent to printer:
142451875-> <2>Y0<3>
142451883-> data received from printer:
142452136-> <2>SENIAT    J-00000000000001600*0800*3100*2          Bs.0TIS0900049280120251417<3><6>
142452137-> ********************** COMMAND BEGIN **********************
142452137-> data sent to printer:
142452137-> <2>M<3>
142453434-> data received from printer:
142453590-> <6>
142508653-> OPEN PORT: COM1@9600
142508717-> ********************** COMMAND BEGIN **********************
142508718-> data sent to printer:
142508718-> <2>Y3<3>
142508726-> data received from printer:
142508899-> <2>6076*6071*909*0*<3><6>
144939680-> OPEN PORT: COM1@9600
144939746-> ********************** COMMAND BEGIN **********************
144939747-> data sent to printer:
144939748-> <2>Q<3>
144939752-> data received from printer:
144939911-> <21>
144939911-> ********************** COMMAND BEGIN **********************
144939912-> data sent to printer:
144939912-> <2>M<3>
144939917-> data received from printer:
144940077-> <21>
144945268-> OPEN PORT: COM1@9600
144945331-> OPEN PORT: COM1@9600
144945332-> ********************** COMMAND BEGIN **********************
144945333-> data sent to printer:
144945333-> <2>L&1<3>
144945993-> data received from printer:
144946170-> <2>6077*6071<3><6>
144946171-> ********************** COMMAND BEGIN **********************
144946171-> data sent to printer:
144946171-> <2>VRazon Social: DOLORES  CANO DE CARRASCO<3>
144946270-> data received from printer:
144946425-> <6>
144946426-> ********************** COMMAND BEGIN **********************
144946426-> data sent to printer:
144946426-> <2>VCI/Rif: V-2800041<3>
144946501-> data received from printer:
144946665-> <6>
144946666-> ********************** COMMAND BEGIN **********************
144946666-> data sent to printer:
144946666-> <2>V----------------------------------------<3>
144946766-> data received from printer:
144946920-> <6>
144946921-> ********************** COMMAND BEGIN **********************
144946921-> data sent to printer:
144946921-> <2>Y0<3>
144946929-> data received from printer:
144947179-> <2>SENIAT    J-00000000000001600*0800*3100*2          Bs.0TIS0900049280120251442<3><6>
144947179-> ********************** COMMAND BEGIN **********************
144947180-> data sent to printer:
144947180-> <2>VC000001 VISION SENCILLA TERMINADO <3>
144947273-> data received from printer:
144947436-> <6>
144947437-> ********************** COMMAND BEGIN **********************
144947437-> data sent to printer:
144947437-> <2>N12,000xBs708,13      00001416260<3>
144947579-> data received from printer:
144947737-> <6>
144947738-> ********************** COMMAND BEGIN **********************
144947738-> data sent to printer:
144947738-> <2>VM178943 CPCCPLAYZW210250NG<3>
144947823-> data received from printer:
144947978-> <6>
144947979-> ********************** COMMAND BEGIN **********************
144947979-> data sent to printer:
144947979-> <2>N11,000xBs3059,10     00003059101<3>
144948121-> data received from printer:
144948280-> <6>
144948493-> ********************** COMMAND BEGIN **********************
144948496-> data sent to printer:
144948497-> <2>O1<3>
144949048-> data received from printer:
144949218-> <2>496482<3><6>
144949254-> ********************** COMMAND BEGIN **********************
144949255-> data sent to printer:
144949255-> <2>P128/01/2025 EFECTIVO 000000496482<3>
144949450-> data received from printer:
144949612-> <6>
144949613-> ********************** COMMAND BEGIN **********************
144949613-> data sent to printer:
144949613-> <2>V<3>
144949670-> data received from printer:
144949822-> <6>
144949823-> ********************** COMMAND BEGIN **********************
144949823-> data sent to printer:
144949823-> <2>VNumero Orden: 0153573<3>
144949902-> data received from printer:
144950063-> <6>
144950063-> ********************** COMMAND BEGIN **********************
144950064-> data sent to printer:
144950064-> <2>V<3>
144950121-> data received from printer:
144950274-> <6>
144950309-> ********************** COMMAND BEGIN **********************
144950309-> data sent to printer:
144950310-> <2>V<161><161><161>GRACIAS POR SU COMPRA!!!<3>
144950395-> data received from printer:
144950561-> <6>
144950561-> ********************** COMMAND BEGIN **********************
144950562-> data sent to printer:
144950562-> <2>VSolo se aceptaran devoluciones<3>
144950651-> data received from printer:
144950802-> <6>
144950802-> ********************** COMMAND BEGIN **********************
144950803-> data sent to printer:
144950803-> <2>Vpor defectos de fabrica, con la<3>
144950893-> data received from printer:
144951058-> <6>
144951059-> ********************** COMMAND BEGIN **********************
144951059-> data sent to printer:
144951059-> <2>Vpresentacion de esta factura (original),<3>
144951159-> data received from printer:
144951313-> <6>
144951313-> ********************** COMMAND BEGIN **********************
144951314-> data sent to printer:
144951314-> <2>Vdentro de los treinta (30) dias<3>
144951404-> data received from printer:
144951555-> <6>
144951556-> ********************** COMMAND BEGIN **********************
144951556-> data sent to printer:
144951556-> <2>Vsiguientes a la emision de la misma.<3>
144951651-> data received from printer:
144951810-> <6>
144951810-> ********************** COMMAND BEGIN **********************
144951811-> data sent to printer:
144951811-> <2>Y0<3>
144951819-> data received from printer:
144952069-> <2>SENIAT    J-00000000000001600*0800*3100*2          Bs.0TIS0900049280120251442<3><6>
144952070-> ********************** COMMAND BEGIN **********************
144952070-> data sent to printer:
144952071-> <2>M<3>
144953369-> data received from printer:
144953524-> <6>
145008582-> OPEN PORT: COM1@9600
145008648-> ********************** COMMAND BEGIN **********************
145008649-> data sent to printer:
145008649-> <2>Y3<3>
145008657-> data received from printer:
145008842-> <2>6077*6071*909*0*<3><6>
150924157-> OPEN PORT: COM1@9600
150924281-> ********************** COMMAND BEGIN **********************
150924281-> data sent to printer:
150924282-> <2>Q<3>
150924287-> data received from printer:
150924440-> <21>
150924441-> ********************** COMMAND BEGIN **********************
150924441-> data sent to printer:
150924441-> <2>M<3>
150924446-> data received from printer:
150924606-> <21>
151007641-> OPEN PORT: COM1@9600
151007705-> OPEN PORT: COM1@9600
151007729-> ********************** COMMAND BEGIN **********************
151007729-> data sent to printer:
151007730-> <2>L&1<3>
151008390-> data received from printer:
151008554-> <2>6078*6071<3><6>
151008555-> ********************** COMMAND BEGIN **********************
151008556-> data sent to printer:
151008556-> <2>VRazon Social: JULIETA GAGO<3>
151008641-> data received from printer:
151008795-> <6>
151008796-> ********************** COMMAND BEGIN **********************
151008796-> data sent to printer:
151008797-> <2>VCI/Rif: V-9972204<3>
151008872-> data received from printer:
151009036-> <6>
151009037-> ********************** COMMAND BEGIN **********************
151009037-> data sent to printer:
151009037-> <2>V----------------------------------------<3>
151009137-> data received from printer:
151009292-> <6>
151009294-> ********************** COMMAND BEGIN **********************
151009295-> data sent to printer:
151009295-> <2>Y0<3>
151009303-> data received from printer:
151009553-> <2>SENIAT    J-00000000000001600*0800*3100*2          Bs.0TIS0900049280120251503<3><6>
151009557-> ********************** COMMAND BEGIN **********************
151009558-> data sent to printer:
151009558-> <2>VM178943 CPCCPLAYZW210250NG<3>
151009643-> data received from printer:
151009793-> <6>
151009794-> ********************** COMMAND BEGIN **********************
151009794-> data sent to printer:
151009794-> <2>N11,000xBs3059,10     00003059101<3>
151009936-> data received from printer:
151010093-> <6>
151010282-> ********************** COMMAND BEGIN **********************
151010284-> data sent to printer:
151010285-> <2>O1<3>
151010835-> data received from printer:
151011000-> <2>354856<3><6>
151011036-> ********************** COMMAND BEGIN **********************
151011036-> data sent to printer:
151011037-> <2>P128/01/2025 DEBITO   000000354856<3>
151011231-> data received from printer:
151011394-> <6>
151011395-> ********************** COMMAND BEGIN **********************
151011395-> data sent to printer:
151011396-> <2>V<3>
151011452-> data received from printer:
151011605-> <6>
151011605-> ********************** COMMAND BEGIN **********************
151011606-> data sent to printer:
151011606-> <2>VNumero Orden: 0153575<3>
151011685-> data received from printer:
151011845-> <6>
151011846-> ********************** COMMAND BEGIN **********************
151011846-> data sent to printer:
151011846-> <2>V<3>
151011903-> data received from printer:
151012055-> <6>
151012063-> ********************** COMMAND BEGIN **********************
151012063-> data sent to printer:
151012064-> <2>V<161><161><161>GRACIAS POR SU COMPRA!!!<3>
151012149-> data received from printer:
151012310-> <6>
151012311-> ********************** COMMAND BEGIN **********************
151012311-> data sent to printer:
151012312-> <2>VSolo se aceptaran devoluciones<3>
151012400-> data received from printer:
151012566-> <6>
151012567-> ********************** COMMAND BEGIN **********************
151012567-> data sent to printer:
151012568-> <2>Vpor defectos de fabrica, con la<3>
151012658-> data received from printer:
151012821-> <6>
151012821-> ********************** COMMAND BEGIN **********************
151012822-> data sent to printer:
151012822-> <2>Vpresentacion de esta factura (original),<3>
151012922-> data received from printer:
151013076-> <6>
151013077-> ********************** COMMAND BEGIN **********************
151013077-> data sent to printer:
151013078-> <2>Vdentro de los treinta (30) dias<3>
151013168-> data received from printer:
151013332-> <6>
151013333-> ********************** COMMAND BEGIN **********************
151013333-> data sent to printer:
151013333-> <2>Vsiguientes a la emision de la misma.<3>
151013429-> data received from printer:
151013588-> <6>
151013588-> ********************** COMMAND BEGIN **********************
151013589-> data sent to printer:
151013589-> <2>Y0<3>
151013597-> data received from printer:
151013848-> <2>SENIAT    J-00000000000001600*0800*3100*2          Bs.0TIS0900049280120251503<3><6>
151013849-> ********************** COMMAND BEGIN **********************
151013849-> data sent to printer:
151013849-> <2>M<3>
151015147-> data received from printer:
151015303-> <6>
151030360-> OPEN PORT: COM1@9600
151030439-> ********************** COMMAND BEGIN **********************
151030439-> data sent to printer:
151030440-> <2>Y3<3>
151030447-> data received from printer:
151030621-> <2>6078*6071*909*0*<3><6>
151335598-> OPEN PORT: COM1@9600
151335663-> ********************** COMMAND BEGIN **********************
151335664-> data sent to printer:
151335664-> <2>Q<3>
151335669-> data received from printer:
151335834-> <21>
151335835-> ********************** COMMAND BEGIN **********************
151335835-> data sent to printer:
151335835-> <2>M<3>
151335840-> data received from printer:
151335999-> <21>
151705896-> OPEN PORT: COM1@9600
151705959-> ********************** COMMAND BEGIN **********************
151705960-> data sent to printer:
151705960-> <2>Q<3>
151705965-> data received from printer:
151706130-> <21>
151706131-> ********************** COMMAND BEGIN **********************
151706131-> data sent to printer:
151706132-> <2>M<3>
151706136-> data received from printer:
151706297-> <21>
151834439-> OPEN PORT: COM1@9600
151834505-> ********************** COMMAND BEGIN **********************
151834506-> data sent to printer:
151834506-> <2>Q<3>
151834511-> data received from printer:
151834670-> <21>
151834671-> ********************** COMMAND BEGIN **********************
151834671-> data sent to printer:
151834672-> <2>M<3>
151834677-> data received from printer:
151834836-> <21>
152622623-> OPEN PORT: COM1@9600
152622689-> ********************** COMMAND BEGIN **********************
152622689-> data sent to printer:
152622690-> <2>Q<3>
152622694-> data received from printer:
152622860-> <21>
152622861-> ********************** COMMAND BEGIN **********************
152622861-> data sent to printer:
152622862-> <2>M<3>
152622867-> data received from printer:
152623026-> <21>
152746270-> OPEN PORT: COM1@9600
152746335-> ********************** COMMAND BEGIN **********************
152746336-> data sent to printer:
152746336-> <2>Q<3>
152746341-> data received from printer:
152746493-> <21>
152746493-> ********************** COMMAND BEGIN **********************
152746494-> data sent to printer:
152746494-> <2>M<3>
152746499-> data received from printer:
152746659-> <21>
152839903-> OPEN PORT: COM1@9600
152839967-> OPEN PORT: COM1@9600
152839969-> ********************** COMMAND BEGIN **********************
152839970-> data sent to printer:
152839970-> <2>L&1<3>
152840630-> data received from printer:
152840801-> <2>6079*6071<3><6>
152840802-> ********************** COMMAND BEGIN **********************
152840802-> data sent to printer:
152840803-> <2>VRazon Social: JULIETA GAGO<3>
152840888-> data received from printer:
152841041-> <6>
152841042-> ********************** COMMAND BEGIN **********************
152841042-> data sent to printer:
152841042-> <2>VCI/Rif: V-9972204<3>
152841117-> data received from printer:
152841281-> <6>
152841282-> ********************** COMMAND BEGIN **********************
152841282-> data sent to printer:
152841282-> <2>V----------------------------------------<3>
152841382-> data received from printer:
152841537-> <6>
152841539-> ********************** COMMAND BEGIN **********************
152841539-> data sent to printer:
152841539-> <2>Y0<3>
152841547-> data received from printer:
152841797-> <2>SENIAT    J-00000000000001600*0800*3100*2          Bs.0TIS0900049280120251521<3><6>
152841799-> ********************** COMMAND BEGIN **********************
152841799-> data sent to printer:
152841800-> <2>VM178943 CPCCPLAYZW210250NG<3>
152841884-> data received from printer:
152842038-> <6>
152842039-> ********************** COMMAND BEGIN **********************
152842039-> data sent to printer:
152842039-> <2>N11,000xBs3059,10     00003059101<3>
152842181-> data received from printer:
152842339-> <6>
152842528-> ********************** COMMAND BEGIN **********************
152842528-> data sent to printer:
152842529-> <2>O1<3>
152843078-> data received from printer:
152843247-> <2>354856<3><6>
152843284-> ********************** COMMAND BEGIN **********************
152843284-> data sent to printer:
152843284-> <2>P128/01/2025 DEBITO   000000354856<3>
152843479-> data received from printer:
152843639-> <6>
152843640-> ********************** COMMAND BEGIN **********************
152843640-> data sent to printer:
152843641-> <2>V<3>
152843697-> data received from printer:
152843851-> <6>
152843852-> ********************** COMMAND BEGIN **********************
152843852-> data sent to printer:
152843853-> <2>VNumero Orden: 0153576<3>
152843932-> data received from printer:
152844093-> <6>
152844094-> ********************** COMMAND BEGIN **********************
152844094-> data sent to printer:
152844094-> <2>V<3>
152844151-> data received from printer:
152844303-> <6>
152844341-> ********************** COMMAND BEGIN **********************
152844342-> data sent to printer:
152844342-> <2>V<161><161><161>GRACIAS POR SU COMPRA!!!<3>
152844427-> data received from printer:
152844589-> <6>
152844590-> ********************** COMMAND BEGIN **********************
152844590-> data sent to printer:
152844590-> <2>VSolo se aceptaran devoluciones<3>
152844679-> data received from printer:
152844844-> <6>
152844844-> ********************** COMMAND BEGIN **********************
152844845-> data sent to printer:
152844845-> <2>Vpor defectos de fabrica, con la<3>
152844935-> data received from printer:
152845100-> <6>
152845101-> ********************** COMMAND BEGIN **********************
152845101-> data sent to printer:
152845101-> <2>Vpresentacion de esta factura (original),<3>
152845201-> data received from printer:
152845356-> <6>
152845357-> ********************** COMMAND BEGIN **********************
152845357-> data sent to printer:
152845357-> <2>Vdentro de los treinta (30) dias<3>
152845447-> data received from printer:
152845611-> <6>
152845611-> ********************** COMMAND BEGIN **********************
152845612-> data sent to printer:
152845612-> <2>Vsiguientes a la emision de la misma.<3>
152845707-> data received from printer:
152845867-> <6>
152845868-> ********************** COMMAND BEGIN **********************
152845868-> data sent to printer:
152845868-> <2>Y0<3>
152845876-> data received from printer:
152846128-> <2>SENIAT    J-00000000000001600*0800*3100*2          Bs.0TIS0900049280120251521<3><6>
152846128-> ********************** COMMAND BEGIN **********************
152846129-> data sent to printer:
152846129-> <2>M<3>
152847427-> data received from printer:
152847583-> <6>
152902645-> OPEN PORT: COM1@9600
152902712-> ********************** COMMAND BEGIN **********************
152902713-> data sent to printer:
152902714-> <2>Y3<3>
152902721-> data received from printer:
152902901-> <2>6079*6071*909*0*<3><6>
160503514-> OPEN PORT: COM1@9600
160503731-> ********************** COMMAND BEGIN **********************
160503732-> data sent to printer:
160503732-> <2>Q<3>
160503737-> data received from printer:
160503898-> <21>
160503899-> ********************** COMMAND BEGIN **********************
160503899-> data sent to printer:
160503899-> <2>M<3>
160503904-> data received from printer:
160504064-> <21>
160632258-> OPEN PORT: COM1@9600
160632324-> OPEN PORT: COM1@9600
160632335-> ********************** COMMAND BEGIN **********************
160632336-> data sent to printer:
160632336-> <2>L&1<3>
160632996-> data received from printer:
160633168-> <2>6080*6071<3><6>
160633169-> ********************** COMMAND BEGIN **********************
160633170-> data sent to printer:
160633170-> <2>VRazon Social: JULIETA GAGO<3>
160633254-> data received from printer:
160633408-> <6>
160633408-> ********************** COMMAND BEGIN **********************
160633409-> data sent to printer:
160633409-> <2>VCI/Rif: V-9972204<3>
160633484-> data received from printer:
160633648-> <6>
160633649-> ********************** COMMAND BEGIN **********************
160633649-> data sent to printer:
160633650-> <2>V----------------------------------------<3>
160633749-> data received from printer:
160633903-> <6>
160633906-> ********************** COMMAND BEGIN **********************
160633906-> data sent to printer:
160633907-> <2>Y0<3>
160633914-> data received from printer:
160634163-> <2>SENIAT    J-00000000000001600*0800*3100*2          Bs.0TIS0900049280120251559<3><6>
160634166-> ********************** COMMAND BEGIN **********************
160634167-> data sent to printer:
160634167-> <2>VM178988 DPCGACQUZW219752AO<3>
160634251-> data received from printer:
160634404-> <6>
160634405-> ********************** COMMAND BEGIN **********************
160634406-> data sent to printer:
160634406-> <2>N11,000xBs3059,10     00003059101<3>
160634548-> data received from printer:
160634704-> <6>
160634894-> ********************** COMMAND BEGIN **********************
160634896-> data sent to printer:
160634898-> <2>O1<3>
160635449-> data received from printer:
160635611-> <2>354856<3><6>
160635646-> ********************** COMMAND BEGIN **********************
160635647-> data sent to printer:
160635647-> <2>P128/01/2025 DEBITO   000000354856<3>
160635842-> data received from printer:
160636003-> <6>
160636004-> ********************** COMMAND BEGIN **********************
160636004-> data sent to printer:
160636005-> <2>V<3>
160636061-> data received from printer:
160636214-> <6>
160636214-> ********************** COMMAND BEGIN **********************
160636215-> data sent to printer:
160636215-> <2>VNumero Orden: 0153577<3>
160636294-> data received from printer:
160636454-> <6>
160636454-> ********************** COMMAND BEGIN **********************
160636455-> data sent to printer:
160636455-> <2>V<3>
160636512-> data received from printer:
160636665-> <6>
160636679-> ********************** COMMAND BEGIN **********************
160636679-> data sent to printer:
160636680-> <2>V<161><161><161>GRACIAS POR SU COMPRA!!!<3>
160636765-> data received from printer:
160636921-> <6>
160636922-> ********************** COMMAND BEGIN **********************
160636922-> data sent to printer:
160636922-> <2>VSolo se aceptaran devoluciones<3>
160637011-> data received from printer:
160637177-> <6>
160637177-> ********************** COMMAND BEGIN **********************
160637178-> data sent to printer:
160637178-> <2>Vpor defectos de fabrica, con la<3>
160637268-> data received from printer:
160637433-> <6>
160637434-> ********************** COMMAND BEGIN **********************
160637434-> data sent to printer:
160637435-> <2>Vpresentacion de esta factura (original),<3>
160637534-> data received from printer:
160637689-> <6>
160637689-> ********************** COMMAND BEGIN **********************
160637690-> data sent to printer:
160637690-> <2>Vdentro de los treinta (30) dias<3>
160637780-> data received from printer:
160637944-> <6>
160637944-> ********************** COMMAND BEGIN **********************
160637945-> data sent to printer:
160637945-> <2>Vsiguientes a la emision de la misma.<3>
160638040-> data received from printer:
160638200-> <6>
160638200-> ********************** COMMAND BEGIN **********************
160638201-> data sent to printer:
160638201-> <2>Y0<3>
160638209-> data received from printer:
160638462-> <2>SENIAT    J-00000000000001600*0800*3100*2          Bs.0TIS0900049280120251559<3><6>
160638462-> ********************** COMMAND BEGIN **********************
160638463-> data sent to printer:
160638463-> <2>M<3>
160639761-> data received from printer:
160639919-> <6>
160654974-> OPEN PORT: COM1@9600
160655040-> ********************** COMMAND BEGIN **********************
160655041-> data sent to printer:
160655041-> <2>Y3<3>
160655049-> data received from printer:
160655231-> <2>6080*6071*909*0*<3><6>
