114532427-> OPEN PORT: COM1@9600
114532512-> ********************** COMMAND BEGIN **********************
114532513-> data sent to printer:
114532513-> <2>Q<3>
114532520-> data received from printer:
114532673-> <21>
114532674-> ********************** COMMAND BEGIN **********************
114532674-> data sent to printer:
114532674-> <2>M<3>
114532682-> data received from printer:
114532839-> <21>
115055615-> OPEN PORT: COM1@9600
115055658-> ********************** COMMAND BEGIN **********************
115055658-> data sent to printer:
115055659-> <2>Q<3>
115055667-> data received from printer:
115055828-> <21>
115055828-> ********************** COMMAND BEGIN **********************
115055829-> data sent to printer:
115055829-> <2>M<3>
115055837-> data received from printer:
115055994-> <21>
120138975-> OPEN PORT: COM1@9600
120139016-> ********************** COMMAND BEGIN **********************
120139016-> data sent to printer:
120139016-> <2>Q<3>
120139023-> data received from printer:
120139185-> <21>
120139186-> ********************** COMMAND BEGIN **********************
120139186-> data sent to printer:
120139186-> <2>M<3>
120139194-> data received from printer:
120139351-> <21>
120558606-> OPEN PORT: COM1@9600
120558647-> ********************** COMMAND BEGIN **********************
120558647-> data sent to printer:
120558647-> <2>Q<3>
120558655-> data received from printer:
120558807-> <21>
120558807-> ********************** COMMAND BEGIN **********************
120558808-> data sent to printer:
120558808-> <2>M<3>
120558815-> data received from printer:
120558973-> <21>
121138384-> OPEN PORT: COM1@9600
121138424-> ********************** COMMAND BEGIN **********************
121138425-> data sent to printer:
121138425-> <2>Q<3>
121138432-> data received from printer:
121138589-> <21>
121138589-> ********************** COMMAND BEGIN **********************
121138590-> data sent to printer:
121138590-> <2>M<3>
121138597-> data received from printer:
121138755-> <21>
121336318-> OPEN PORT: COM1@9600
121336358-> OPEN PORT: COM1@9600
121336379-> ********************** COMMAND BEGIN **********************
121336379-> data sent to printer:
121336379-> <2>L&1<3>
121338050-> data received from printer:
121338211-> <2>2466*2462<3><6>
121338212-> ********************** COMMAND BEGIN **********************
121338212-> data sent to printer:
121338212-> <2>VRazon Social: Giuseppe Lazzaro<3>
121338435-> data received from printer:
121338586-> <6>
121338587-> ********************** COMMAND BEGIN **********************
121338587-> data sent to printer:
121338588-> <2>VCI/Rif: V-8375736<3>
121338797-> data received from printer:
121338962-> <6>
121338972-> ********************** COMMAND BEGIN **********************
121338972-> data sent to printer:
121338973-> <2>V----------------------------------------<3>
121339203-> data received from printer:
121339368-> <6>
121339371-> ********************** COMMAND BEGIN **********************
121339372-> data sent to printer:
121339372-> <2>VM175811 CPCCMWSG220454G<3>
121339587-> data received from printer:
121339744-> <6>
121339745-> ********************** COMMAND BEGIN **********************
121339745-> data sent to printer:
121339745-> <2>N11,000xBs798,00      00000798001<3>
121340028-> data received from printer:
121340181-> <6>
121340182-> ********************** COMMAND BEGIN **********************
121340182-> data sent to printer:
121340182-> <2>VC000187 LIFE FREE 2 CR-39 <3>
121340400-> data received from printer:
121340556-> <6>
121340556-> ********************** COMMAND BEGIN **********************
121340557-> data sent to printer:
121340557-> <2>N12,000xBs2766,40     00005532800<3>
121340834-> data received from printer:
121340991-> <6>
121341159-> ********************** COMMAND BEGIN **********************
121341159-> data sent to printer:
121341159-> <2>OT457470<0><0><0><0><0><128>-9<3>
121342431-> data received from printer:
121342589-> <2>659572<3><6>
121342815-> ********************** COMMAND BEGIN **********************
121342816-> data sent to printer:
121342816-> <2>P120/06/2023 DEBITO   000000099900<3>
121343082-> data received from printer:
121343246-> <6>
121343246-> ********************** COMMAND BEGIN **********************
121343247-> data sent to printer:
121343247-> <2>P120/06/2023 EFECTIVO 000000102202<3>
121343515-> data received from printer:
121343666-> <6>
121343702-> ********************** COMMAND BEGIN **********************
121343702-> data sent to printer:
121343702-> <2>P1DIVISAS             000000457470<3>
121343972-> data received from printer:
121344134-> <6>
121344135-> ********************** COMMAND BEGIN **********************
121344135-> data sent to printer:
121344135-> <2>V<3>
121344325-> data received from printer:
121344479-> <6>
121344479-> ********************** COMMAND BEGIN **********************
121344480-> data sent to printer:
121344480-> <2>VNumero Orden: 0069124<3>
121344694-> data received from printer:
121344855-> <6>
121344855-> ********************** COMMAND BEGIN **********************
121344856-> data sent to printer:
121344856-> <2>V<3>
121345051-> data received from printer:
121345201-> <6>
121345304-> ********************** COMMAND BEGIN **********************
121345305-> data sent to printer:
121345306-> <2>V<161><161><161>GRACIAS POR SU COMPRA!!!<3>
121345525-> data received from printer:
121345683-> <6>
121345683-> ********************** COMMAND BEGIN **********************
121345684-> data sent to printer:
121345684-> <2>VSolo se aceptaran devoluciones<3>
121345907-> data received from printer:
121346059-> <6>
121346059-> ********************** COMMAND BEGIN **********************
121346060-> data sent to printer:
121346060-> <2>Vpor defectos de fabrica, con la<3>
121346286-> data received from printer:
121346449-> <6>
121346449-> ********************** COMMAND BEGIN **********************
121346450-> data sent to printer:
121346450-> <2>Vpresentacion de esta factura (original),<3>
121346682-> data received from printer:
121346839-> <6>
121346839-> ********************** COMMAND BEGIN **********************
121346840-> data sent to printer:
121346840-> <2>Vdentro de los treinta (30) dias<3>
121347064-> data received from printer:
121347229-> <6>
121347229-> ********************** COMMAND BEGIN **********************
121347230-> data sent to printer:
121347230-> <2>Vsiguientes a la emision de la misma.<3>
121347462-> data received from printer:
121347619-> <6>
121347621-> ********************** COMMAND BEGIN **********************
121347621-> data sent to printer:
121347621-> <2>Y0<3>
121347671-> data received from printer:
121347950-> <2>SENIAT    J-316292649    1600*800*3100*2          Bs.0TIY1900001220320230653*300<3><6>
121347981-> ********************** COMMAND BEGIN **********************
121347982-> data sent to printer:
121347982-> <2>S<3>
121347990-> data received from printer:
121348146-> <21>
121348146-> ********************** COMMAND BEGIN **********************
121348147-> data sent to printer:
121348147-> <2>M<3>
121349493-> data received from printer:
121349647-> <6>
142217441-> OPEN PORT: COM1@9600
142217524-> ********************** COMMAND BEGIN **********************
142217524-> data sent to printer:
142217524-> <2>Q<3>
142217532-> data received from printer:
142217694-> <21>
142217695-> ********************** COMMAND BEGIN **********************
142217695-> data sent to printer:
142217695-> <2>M<3>
142217703-> data received from printer:
142217859-> <21>
142528192-> OPEN PORT: COM1@9600
142528232-> ********************** COMMAND BEGIN **********************
142528232-> data sent to printer:
142528232-> <2>Q<3>
142528240-> data received from printer:
142528398-> <21>
142528399-> ********************** COMMAND BEGIN **********************
142528399-> data sent to printer:
142528399-> <2>M<3>
142528407-> data received from printer:
142528564-> <21>
143230157-> OPEN PORT: COM1@9600
143230198-> OPEN PORT: COM1@9600
143230217-> ********************** COMMAND BEGIN **********************
143230217-> data sent to printer:
143230217-> <2>L&1<3>
143231888-> data received from printer:
143232053-> <2>2467*2462<3><6>
143232054-> ********************** COMMAND BEGIN **********************
143232054-> data sent to printer:
143232054-> <2>VRazon Social: Giuseppe Lazzaro<3>
143232274-> data received from printer:
143232427-> <6>
143232427-> ********************** COMMAND BEGIN **********************
143232428-> data sent to printer:
143232428-> <2>VCI/Rif: V-8375736<3>
143232636-> data received from printer:
143232788-> <6>
143232789-> ********************** COMMAND BEGIN **********************
143232789-> data sent to printer:
143232789-> <2>V----------------------------------------<3>
143233024-> data received from printer:
143233178-> <6>
143233181-> ********************** COMMAND BEGIN **********************
143233181-> data sent to printer:
143233181-> <2>VM175811 CPCCMWSG220454G<3>
143233394-> data received from printer:
143233553-> <6>
143233553-> ********************** COMMAND BEGIN **********************
143233554-> data sent to printer:
143233554-> <2>N11,000xBs798,00      00000798001<3>
143233835-> data received from printer:
143233988-> <6>
143233988-> ********************** COMMAND BEGIN **********************
143233989-> data sent to printer:
143233989-> <2>VC000187 LIFE FREE 2 CR-39 <3>
143234211-> data received from printer:
143234363-> <6>
143234363-> ********************** COMMAND BEGIN **********************
143234364-> data sent to printer:
143234364-> <2>N12,000xBs2766,40     00005532800<3>
143234639-> data received from printer:
143234798-> <6>
143234978-> ********************** COMMAND BEGIN **********************
143234979-> data sent to printer:
143234979-> <2>OT304980<0><0><0><0><0><128><153><193><3>
143236246-> data received from printer:
143236398-> <2>654997<3><6>
143236493-> ********************** COMMAND BEGIN **********************
143236493-> data sent to printer:
143236494-> <2>P120/06/2023 DEBITO   000000050017<3>
143236763-> data received from printer:
143236928-> <6>
143236928-> ********************** COMMAND BEGIN **********************
143236929-> data sent to printer:
143236929-> <2>P120/06/2023 NOTA CRED000000300000<3>
143237195-> data received from printer:
143237349-> <6>
143237349-> ********************** COMMAND BEGIN **********************
143237350-> data sent to printer:
143237350-> <2>P1DIVISAS             000000304980<3>
143237618-> data received from printer:
143237769-> <6>
143237770-> ********************** COMMAND BEGIN **********************
143237770-> data sent to printer:
143237770-> <2>V<3>
143237965-> data received from printer:
143238115-> <6>
143238116-> ********************** COMMAND BEGIN **********************
143238116-> data sent to printer:
143238116-> <2>VNumero Orden: 0069125<3>
143238328-> data received from printer:
143238491-> <6>
143238491-> ********************** COMMAND BEGIN **********************
143238492-> data sent to printer:
143238492-> <2>V<3>
143238684-> data received from printer:
143238837-> <6>
143238925-> ********************** COMMAND BEGIN **********************
143238926-> data sent to printer:
143238926-> <2>V<161><161><161>GRACIAS POR SU COMPRA!!!<3>
143239181-> data received from printer:
143239338-> <6>
143239338-> ********************** COMMAND BEGIN **********************
143239339-> data sent to printer:
143239339-> <2>VSolo se aceptaran devoluciones<3>
143239562-> data received from printer:
143239728-> <6>
143239728-> ********************** COMMAND BEGIN **********************
143239729-> data sent to printer:
143239729-> <2>Vpor defectos de fabrica, con la<3>
143239956-> data received from printer:
143240119-> <6>
143240119-> ********************** COMMAND BEGIN **********************
143240120-> data sent to printer:
143240120-> <2>Vpresentacion de esta factura (original),<3>
143240352-> data received from printer:
143240510-> <6>
143240510-> ********************** COMMAND BEGIN **********************
143240511-> data sent to printer:
143240511-> <2>Vdentro de los treinta (30) dias<3>
143240736-> data received from printer:
143240901-> <6>
143240902-> ********************** COMMAND BEGIN **********************
143240902-> data sent to printer:
143240902-> <2>Vsiguientes a la emision de la misma.<3>
143241134-> data received from printer:
143241291-> <6>
143241293-> ********************** COMMAND BEGIN **********************
143241293-> data sent to printer:
143241293-> <2>Y0<3>
143241343-> data received from printer:
143241623-> <2>SENIAT    J-316292649    1600*800*3100*2          Bs.0TIY1900001220320230912*300<3><6>
143241624-> ********************** COMMAND BEGIN **********************
143241625-> data sent to printer:
143241625-> <2>S<3>
143241633-> data received from printer:
143241789-> <21>
143241789-> ********************** COMMAND BEGIN **********************
143241790-> data sent to printer:
143241790-> <2>M<3>
143243136-> data received from printer:
143243290-> <6>
155126945-> OPEN PORT: COM1@9600
155126985-> ********************** COMMAND BEGIN **********************
155126986-> data sent to printer:
155126986-> <2>Q<3>
155126993-> data received from printer:
155127144-> <21>
155127144-> ********************** COMMAND BEGIN **********************
155127145-> data sent to printer:
155127145-> <2>M<3>
155127152-> data received from printer:
155127309-> <21>
155139357-> OPEN PORT: COM1@9600
155139398-> OPEN PORT: COM1@9600
155139399-> ********************** COMMAND BEGIN **********************
155139400-> data sent to printer:
155139400-> <2>L&1<3>
155141032-> data received from printer:
155141192-> <2>2468*2462<3><6>
155141192-> ********************** COMMAND BEGIN **********************
155141193-> data sent to printer:
155141193-> <2>VRazon Social: Giuseppe Lazzaro<3>
155142077-> data received from printer:
155142243-> <6>
155142243-> ********************** COMMAND BEGIN **********************
155142244-> data sent to printer:
155142244-> <2>VCI/Rif: V-8375736<3>
155142452-> data received from printer:
155142618-> <6>
155142618-> ********************** COMMAND BEGIN **********************
155142619-> data sent to printer:
155142619-> <2>V----------------------------------------<3>
155142853-> data received from printer:
155143008-> <6>
155143008-> ********************** COMMAND BEGIN **********************
155143009-> data sent to printer:
155143009-> <2>VM175811 CPCCMWSG220454G<3>
155143222-> data received from printer:
155143383-> <6>
155143384-> ********************** COMMAND BEGIN **********************
155143384-> data sent to printer:
155143384-> <2>N11,000xBs798,00      00000798001<3>
155143664-> data received from printer:
155143819-> <6>
155143819-> ********************** COMMAND BEGIN **********************
155143820-> data sent to printer:
155143820-> <2>VC000187 LIFE FREE 2 CR-39 <3>
155144041-> data received from printer:
155144195-> <6>
155144196-> ********************** COMMAND BEGIN **********************
155144196-> data sent to printer:
155144196-> <2>N12,000xBs2766,40     00005532800<3>
155144471-> data received from printer:
155144631-> <6>
155144740-> ********************** COMMAND BEGIN **********************
155144740-> data sent to printer:
155144741-> <2>OT457470<0><0><0><0><0><128>c<188><3>
155146007-> data received from printer:
155146166-> <2>659572<3><6>
155146211-> ********************** COMMAND BEGIN **********************
155146211-> data sent to printer:
155146211-> <2>P120/06/2023 EFECTIVO 000000002102<3>
155146481-> data received from printer:
155146634-> <6>
155146635-> ********************** COMMAND BEGIN **********************
155146635-> data sent to printer:
155146635-> <2>P120/06/2023 NOTA CRED000000200000<3>
155146901-> data received from printer:
155147054-> <6>
155147055-> ********************** COMMAND BEGIN **********************
155147055-> data sent to printer:
155147055-> <2>P1DIVISAS             000000457470<3>
155147323-> data received from printer:
155147475-> <6>
155147476-> ********************** COMMAND BEGIN **********************
155147476-> data sent to printer:
155147476-> <2>V<3>
155147671-> data received from printer:
155147835-> <6>
155147835-> ********************** COMMAND BEGIN **********************
155147836-> data sent to printer:
155147836-> <2>VNumero Orden: 0069126<3>
155148048-> data received from printer:
155148210-> <6>
155148210-> ********************** COMMAND BEGIN **********************
155148211-> data sent to printer:
155148211-> <2>V<3>
155148403-> data received from printer:
155148556-> <6>
155148557-> ********************** COMMAND BEGIN **********************
155148557-> data sent to printer:
155148558-> <2>V<161><161><161>GRACIAS POR SU COMPRA!!!<3>
155148780-> data received from printer:
155148946-> <6>
155148947-> ********************** COMMAND BEGIN **********************
155148947-> data sent to printer:
155148947-> <2>VSolo se aceptaran devoluciones<3>
155149169-> data received from printer:
155149321-> <6>
155149321-> ********************** COMMAND BEGIN **********************
155149322-> data sent to printer:
155149322-> <2>Vpor defectos de fabrica, con la<3>
155149547-> data received from printer:
155149712-> <6>
155149712-> ********************** COMMAND BEGIN **********************
155149713-> data sent to printer:
155149713-> <2>Vpresentacion de esta factura (original),<3>
155149983-> data received from printer:
155150133-> <6>
155150133-> ********************** COMMAND BEGIN **********************
155150134-> data sent to printer:
155150134-> <2>Vdentro de los treinta (30) dias<3>
155150359-> data received from printer:
155150524-> <6>
155150524-> ********************** COMMAND BEGIN **********************
155150525-> data sent to printer:
155150525-> <2>Vsiguientes a la emision de la misma.<3>
155150756-> data received from printer:
155150915-> <6>
155150915-> ********************** COMMAND BEGIN **********************
155150916-> data sent to printer:
155150916-> <2>Y0<3>
155150965-> data received from printer:
155151247-> <2>SENIAT    J-316292649    1600*800*3100*2          Bs.0TIY1900001220320231031*300<3><6>
155151248-> ********************** COMMAND BEGIN **********************
155151248-> data sent to printer:
155151248-> <2>S<3>
155151256-> data received from printer:
155151412-> <21>
155151413-> ********************** COMMAND BEGIN **********************
155151413-> data sent to printer:
155151413-> <2>M<3>
155152720-> data received from printer:
155152883-> <6>
155938273-> OPEN PORT: COM1@9600
155938314-> ********************** COMMAND BEGIN **********************
155938314-> data sent to printer:
155938314-> <2>Q<3>
155938322-> data received from printer:
155938476-> <21>
155938476-> ********************** COMMAND BEGIN **********************
155938477-> data sent to printer:
155938477-> <2>M<3>
155938485-> data received from printer:
155938642-> <21>
164110658-> OPEN PORT: COM1@9600
164110740-> ********************** COMMAND BEGIN **********************
164110741-> data sent to printer:
164110741-> <2>Q<3>
164110748-> data received from printer:
164110912-> <21>
164110913-> ********************** COMMAND BEGIN **********************
164110913-> data sent to printer:
164110913-> <2>M<3>
164110921-> data received from printer:
164111078-> <21>
