092937951-> OPEN PORT: COM1@9600
092938043-> ********************** COMMAND BEGIN **********************
092938044-> data sent to printer:
092938044-> <2>Q<3>
092938052-> data received from printer:
092938206-> <21>
092938207-> ********************** COMMAND BEGIN **********************
092938207-> data sent to printer:
092938207-> <2>M<3>
092938214-> data received from printer:
092938371-> <21>
103618297-> OPEN PORT: COM1@9600
103618338-> ********************** COMMAND BEGIN **********************
103618338-> data sent to printer:
103618338-> <2>Q<3>
103618346-> data received from printer:
103618509-> <21>
103618510-> ********************** COMMAND BEGIN **********************
103618510-> data sent to printer:
103618510-> <2>M<3>
103618518-> data received from printer:
103618674-> <21>
103620228-> OPEN PORT: COM1@9600
103620270-> OPEN PORT: COM1@9600
103620325-> ********************** COMMAND BEGIN **********************
103620326-> data sent to printer:
103620327-> <2>L&1<3>
103621996-> data received from printer:
103622158-> <2>2432*2420<3><6>
103622159-> ********************** COMMAND BEGIN **********************
103622159-> data sent to printer:
103622160-> <2>VRazon Social: Wilfran Guillen <3>
103622379-> data received from printer:
103622533-> <6>
103622533-> ********************** COMMAND BEGIN **********************
103622534-> data sent to printer:
103622534-> <2>VCI/Rif: V-23925810<3>
103622744-> data received from printer:
103622909-> <6>
103622910-> ********************** COMMAND BEGIN **********************
103622910-> data sent to printer:
103622910-> <2>V----------------------------------------<3>
103623144-> data received from printer:
103623300-> <6>
103623305-> ********************** COMMAND BEGIN **********************
103623305-> data sent to printer:
103623305-> <2>VM176339 CPCCMHMHC223253A<3>
103623519-> data received from printer:
103623675-> <6>
103623675-> ********************** COMMAND BEGIN **********************
103623676-> data sent to printer:
103623676-> <2>N11,000xBs2652,25     00002652251<3>
103623955-> data received from printer:
103624110-> <6>
103624111-> ********************** COMMAND BEGIN **********************
103624111-> data sent to printer:
103624111-> <2>VC000019 VISION SENCILLA ANTIREFLEJO TER<3>
103624346-> data received from printer:
103624500-> <6>
103624501-> ********************** COMMAND BEGIN **********************
103624501-> data sent to printer:
103624501-> <2>N12,000xBs365,36      00000730720<3>
103624776-> data received from printer:
103624935-> <6>
103624935-> ********************** COMMAND BEGIN **********************
103624936-> data sent to printer:
103624936-> <2>VA000004 GARANTIA EXTENDIDA<3>
103625155-> data received from printer:
103625310-> <6>
103625310-> ********************** COMMAND BEGIN **********************
103625311-> data sent to printer:
103625311-> <2>N11,000xBs109,61      00000109611<3>
103625626-> data received from printer:
103625790-> <6>
103629851-> ********************** COMMAND BEGIN **********************
103629851-> data sent to printer:
103629852-> <2>OT393448<0><0>D<194><253>bV-<3>
103631082-> data received from printer:
103631245-> <2>405251<3><6>
103631397-> ********************** COMMAND BEGIN **********************
103631399-> data sent to printer:
103631400-> <2>P1DIVISAS             000000393448<3>
103631669-> data received from printer:
103631822-> <6>
103631823-> ********************** COMMAND BEGIN **********************
103631823-> data sent to printer:
103631823-> <2>V<3>
103632017-> data received from printer:
103632182-> <6>
103632183-> ********************** COMMAND BEGIN **********************
103632183-> data sent to printer:
103632183-> <2>VNumero Orden: 0069109<3>
103632396-> data received from printer:
103632559-> <6>
103632559-> ********************** COMMAND BEGIN **********************
103632560-> data sent to printer:
103632560-> <2>V<3>
103632789-> data received from printer:
103632951-> <6>
103633302-> ********************** COMMAND BEGIN **********************
103633303-> data sent to printer:
103633303-> <2>V*Contrato de Garantia Extendida para<3>
103633531-> data received from printer:
103633686-> <6>
103633686-> ********************** COMMAND BEGIN **********************
103633687-> data sent to printer:
103633687-> <2>V      Cristales Formulados:<3>
103633908-> data received from printer:
103634061-> <6>
103634061-> ********************** COMMAND BEGIN **********************
103634062-> data sent to printer:
103634062-> <2>V <3>
103634257-> data received from printer:
103634407-> <6>
103634407-> ********************** COMMAND BEGIN **********************
103634408-> data sent to printer:
103634408-> <2>VOD: ESF -0,50 EJE 0 CIL 0,00 ADD 0,00<3>
103634637-> data received from printer:
103634797-> <6>
103634806-> ********************** COMMAND BEGIN **********************
103634807-> data sent to printer:
103634807-> <2>VOI: ESF -0,50 EJE 0 CIL 0,00 ADD 0,00<3>
103635038-> data received from printer:
103635202-> <6>
103635202-> ********************** COMMAND BEGIN **********************
103635203-> data sent to printer:
103635203-> <2>V <3>
103635398-> data received from printer:
103635548-> <6>
103635549-> ********************** COMMAND BEGIN **********************
103635549-> data sent to printer:
103635549-> <2>VCondiciones legales en el Contrato<3>
103635775-> data received from printer:
103635939-> <6>
103635939-> ********************** COMMAND BEGIN **********************
103635940-> data sent to printer:
103635940-> <2>VSuscrito.<3>
103636141-> data received from printer:
103636299-> <6>
103636299-> ********************** COMMAND BEGIN **********************
103636300-> data sent to printer:
103636300-> <2>V <3>
103636495-> data received from printer:
103636660-> <6>
103636990-> ********************** COMMAND BEGIN **********************
103636991-> data sent to printer:
103636992-> <2>V<161><161><161>GRACIAS POR SU COMPRA!!!<3>
103637212-> data received from printer:
103637377-> <6>
103637377-> ********************** COMMAND BEGIN **********************
103637378-> data sent to printer:
103637378-> <2>VSolo se aceptaran devoluciones<3>
103637602-> data received from printer:
103637767-> <6>
103637768-> ********************** COMMAND BEGIN **********************
103637768-> data sent to printer:
103637768-> <2>Vpor defectos de fabrica, con la<3>
103638671-> data received from printer:
103638833-> <6>
103638833-> ********************** COMMAND BEGIN **********************
103638834-> data sent to printer:
103638834-> <2>Vpresentacion de esta factura (original),<3>
103639065-> data received from printer:
103639222-> <6>
103639222-> ********************** COMMAND BEGIN **********************
103639223-> data sent to printer:
103639223-> <2>Vdentro de los treinta (30) dias<3>
103639448-> data received from printer:
103639613-> <6>
103639613-> ********************** COMMAND BEGIN **********************
103639614-> data sent to printer:
103639614-> <2>Vsiguientes a la emision de la misma.<3>
103639846-> data received from printer:
103640004-> <6>
103640014-> ********************** COMMAND BEGIN **********************
103640014-> data sent to printer:
103640014-> <2>Y0<3>
103640064-> data received from printer:
103640335-> <2>SENIAT    J-316292649    1600*800*3100*2          Bs.0TIY1900001020320230516*300<3><6>
103640336-> ********************** COMMAND BEGIN **********************
103640337-> data sent to printer:
103640337-> <2>S<3>
103640344-> data received from printer:
103640501-> <21>
103640501-> ********************** COMMAND BEGIN **********************
103640502-> data sent to printer:
103640502-> <2>M<3>
103641811-> data received from printer:
103641972-> <6>
121023445-> OPEN PORT: COM1@9600
121023501-> ********************** COMMAND BEGIN **********************
121023502-> data sent to printer:
121023502-> <2>Q<3>
121023509-> data received from printer:
121023668-> <21>
121023669-> ********************** COMMAND BEGIN **********************
121023669-> data sent to printer:
121023669-> <2>M<3>
121023676-> data received from printer:
121023833-> <21>
121026410-> OPEN PORT: COM1@9600
121026451-> OPEN PORT: COM1@9600
121026454-> ********************** COMMAND BEGIN **********************
121026455-> data sent to printer:
121026456-> <2>L&1<3>
121028125-> data received from printer:
121028278-> <2>2433*2420<3><6>
121028279-> ********************** COMMAND BEGIN **********************
121028279-> data sent to printer:
121028279-> <2>VRazon Social: Arcenio Gomez<3>
121028500-> data received from printer:
121028653-> <6>
121028653-> ********************** COMMAND BEGIN **********************
121028654-> data sent to printer:
121028654-> <2>VCI/Rif: V-11232741<3>
121028861-> data received from printer:
121029014-> <6>
121029015-> ********************** COMMAND BEGIN **********************
121029015-> data sent to printer:
121029015-> <2>V----------------------------------------<3>
121029285-> data received from printer:
121029450-> <6>
121029452-> ********************** COMMAND BEGIN **********************
121029452-> data sent to printer:
121029452-> <2>VM172049 UMCCPLAY928551NW<3>
121030310-> data received from printer:
121030471-> <6>
121030472-> ********************** COMMAND BEGIN **********************
121030472-> data sent to printer:
121030472-> <2>N11,000xBs1126,02     00001126021<3>
121030753-> data received from printer:
121030907-> <6>
121030908-> ********************** COMMAND BEGIN **********************
121030908-> data sent to printer:
121030908-> <2>VC300630 MULTIGRESSIV MyViewW 2 CR-39 Cl<3>
121031143-> data received from printer:
121031298-> <6>
121031299-> ********************** COMMAND BEGIN **********************
121031299-> data sent to printer:
121031299-> <2>N12,000xBs4916,03     00009832060<3>
121031574-> data received from printer:
121031734-> <6>
121033994-> ********************** COMMAND BEGIN **********************
121033994-> data sent to printer:
121033994-> <2>\Descuento           000000294961000000033780000000000000000000000000<3>
121034256-> data received from printer:
121034415-> <6>
121036333-> ********************** COMMAND BEGIN **********************
121036333-> data sent to printer:
121036333-> <2>OT366673<0><0><0><0><0><0><23><208><3>
121037605-> data received from printer:
121037762-> <2>790679<3><6>
121037917-> ********************** COMMAND BEGIN **********************
121037918-> data sent to printer:
121037919-> <2>P105/06/2023 EFECTIVO 000000413005<3>
121038187-> data received from printer:
121038340-> <6>
121038340-> ********************** COMMAND BEGIN **********************
121038341-> data sent to printer:
121038341-> <2>P1DIVISAS             000000366673<3>
121038609-> data received from printer:
121038775-> <6>
121038776-> ********************** COMMAND BEGIN **********************
121038776-> data sent to printer:
121038776-> <2>V<3>
121038970-> data received from printer:
121039136-> <6>
121039137-> ********************** COMMAND BEGIN **********************
121039137-> data sent to printer:
121039137-> <2>VNumero Orden: 0069091<3>
121039350-> data received from printer:
121039511-> <6>
121039511-> ********************** COMMAND BEGIN **********************
121039512-> data sent to printer:
121039512-> <2>V<3>
121039705-> data received from printer:
121039856-> <6>
121039915-> ********************** COMMAND BEGIN **********************
121039916-> data sent to printer:
121039916-> <2>V<161><161><161>GRACIAS POR SU COMPRA!!!<3>
121040138-> data received from printer:
121040291-> <6>
121040291-> ********************** COMMAND BEGIN **********************
121040292-> data sent to printer:
121040292-> <2>VSolo se aceptaran devoluciones<3>
121040514-> data received from printer:
121040667-> <6>
121040668-> ********************** COMMAND BEGIN **********************
121040668-> data sent to printer:
121040668-> <2>Vpor defectos de fabrica, con la<3>
121040893-> data received from printer:
121041058-> <6>
121041058-> ********************** COMMAND BEGIN **********************
121041059-> data sent to printer:
121041059-> <2>Vpresentacion de esta factura (original),<3>
121041295-> data received from printer:
121041448-> <6>
121041448-> ********************** COMMAND BEGIN **********************
121041449-> data sent to printer:
121041449-> <2>Vdentro de los treinta (30) dias<3>
121041672-> data received from printer:
121041838-> <6>
121041838-> ********************** COMMAND BEGIN **********************
121041839-> data sent to printer:
121041839-> <2>Vsiguientes a la emision de la misma.<3>
121042105-> data received from printer:
121042258-> <6>
121042259-> ********************** COMMAND BEGIN **********************
121042260-> data sent to printer:
121042260-> <2>Y0<3>
121042310-> data received from printer:
121042590-> <2>SENIAT    J-316292649    1600*800*3100*2          Bs.0TIY1900001020320230650*300<3><6>
121042591-> ********************** COMMAND BEGIN **********************
121042591-> data sent to printer:
121042591-> <2>S<3>
121042599-> data received from printer:
121042755-> <21>
121042755-> ********************** COMMAND BEGIN **********************
121042756-> data sent to printer:
121042756-> <2>M<3>
121044112-> data received from printer:
121044270-> <6>
121648838-> OPEN PORT: COM1@9600
121648879-> ********************** COMMAND BEGIN **********************
121648879-> data sent to printer:
121648879-> <2>Q<3>
121648887-> data received from printer:
121649039-> <21>
121649039-> ********************** COMMAND BEGIN **********************
121649040-> data sent to printer:
121649040-> <2>M<3>
121649047-> data received from printer:
121649204-> <21>
121650778-> OPEN PORT: COM1@9600
121650819-> OPEN PORT: COM1@9600
121650820-> ********************** COMMAND BEGIN **********************
121650820-> data sent to printer:
121650820-> <2>L&1<3>
121652487-> data received from printer:
121652643-> <2>2434*2420<3><6>
121652644-> ********************** COMMAND BEGIN **********************
121652644-> data sent to printer:
121652644-> <2>VRazon Social: Hector Bottini<3>
121652865-> data received from printer:
121653019-> <6>
121653019-> ********************** COMMAND BEGIN **********************
121653020-> data sent to printer:
121653020-> <2>VCI/Rif: V-21471405<3>
121653227-> data received from printer:
121653379-> <6>
121653379-> ********************** COMMAND BEGIN **********************
121653380-> data sent to printer:
121653380-> <2>V----------------------------------------<3>
121653612-> data received from printer:
121653770-> <6>
121653770-> ********************** COMMAND BEGIN **********************
121653771-> data sent to printer:
121653771-> <2>VW000094 BIOMEDICS TORIC (Reemplazo Mens<3>
121654004-> data received from printer:
121654161-> <6>
121654161-> ********************** COMMAND BEGIN **********************
121654162-> data sent to printer:
121654162-> <2>N12,000xBs2059,72     00004119440<3>
121654434-> data received from printer:
121654597-> <6>
121702049-> ********************** COMMAND BEGIN **********************
121702050-> data sent to printer:
121702050-> <2>O1<3>
121702690-> data received from printer:
121702851-> <2>411944<3><6>
121702914-> ********************** COMMAND BEGIN **********************
121702914-> data sent to printer:
121702914-> <2>P104/06/2023 MASTER   000000206049<3>
121703180-> data received from printer:
121703333-> <6>
121703334-> ********************** COMMAND BEGIN **********************
121703334-> data sent to printer:
121703334-> <2>P114/06/2023 EFECTIVO 000000205895<3>
121703602-> data received from printer:
121703754-> <6>
121703754-> ********************** COMMAND BEGIN **********************
121703755-> data sent to printer:
121703755-> <2>V<3>
121703949-> data received from printer:
121704100-> <6>
121704101-> ********************** COMMAND BEGIN **********************
121704101-> data sent to printer:
121704101-> <2>VNumero Orden: 0069088<3>
121704313-> data received from printer:
121704475-> <6>
121704475-> ********************** COMMAND BEGIN **********************
121704476-> data sent to printer:
121704476-> <2>V<3>
121704668-> data received from printer:
121704821-> <6>
121704881-> ********************** COMMAND BEGIN **********************
121704881-> data sent to printer:
121704882-> <2>V<161><161><161>GRACIAS POR SU COMPRA!!!<3>
121705103-> data received from printer:
121705259-> <6>
121705259-> ********************** COMMAND BEGIN **********************
121705260-> data sent to printer:
121705260-> <2>VSolo se aceptaran devoluciones<3>
121705481-> data received from printer:
121705635-> <6>
121705636-> ********************** COMMAND BEGIN **********************
121705636-> data sent to printer:
121705636-> <2>Vpor defectos de fabrica, con la<3>
121705861-> data received from printer:
121706026-> <6>
121706026-> ********************** COMMAND BEGIN **********************
121706027-> data sent to printer:
121706027-> <2>Vpresentacion de esta factura (original),<3>
121706262-> data received from printer:
121706417-> <6>
121706418-> ********************** COMMAND BEGIN **********************
121706418-> data sent to printer:
121706418-> <2>Vdentro de los treinta (30) dias<3>
121706677-> data received from printer:
121706839-> <6>
121706839-> ********************** COMMAND BEGIN **********************
121706840-> data sent to printer:
121706840-> <2>Vsiguientes a la emision de la misma.<3>
121707071-> data received from printer:
121707230-> <6>
121707230-> ********************** COMMAND BEGIN **********************
121707231-> data sent to printer:
121707231-> <2>Y0<3>
121707280-> data received from printer:
121707561-> <2>SENIAT    J-316292649    1600*800*3100*2          Bs.0TIY1900001020320230657*300<3><6>
121707561-> ********************** COMMAND BEGIN **********************
121707562-> data sent to printer:
121707562-> <2>S<3>
121707569-> data received from printer:
121707727-> <21>
121707727-> ********************** COMMAND BEGIN **********************
121707728-> data sent to printer:
121707728-> <2>M<3>
121708983-> data received from printer:
121709137-> <6>
122200825-> OPEN PORT: COM1@9600
122200866-> ********************** COMMAND BEGIN **********************
122200867-> data sent to printer:
122200867-> <2>Q<3>
122200875-> data received from printer:
122201035-> <21>
122201035-> ********************** COMMAND BEGIN **********************
122201036-> data sent to printer:
122201036-> <2>M<3>
122201043-> data received from printer:
122201201-> <21>
122202579-> OPEN PORT: COM1@9600
122202620-> OPEN PORT: COM1@9600
122202622-> ********************** COMMAND BEGIN **********************
122202622-> data sent to printer:
122202623-> <2>L&1<3>
122204293-> data received from printer:
122204454-> <2>2435*2420<3><6>
122204454-> ********************** COMMAND BEGIN **********************
122204455-> data sent to printer:
122204455-> <2>VRazon Social: Nestor Parra<3>
122204674-> data received from printer:
122204830-> <6>
122204831-> ********************** COMMAND BEGIN **********************
122204831-> data sent to printer:
122204831-> <2>VCI/Rif: V-3815340<3>
122205038-> data received from printer:
122205191-> <6>
122205191-> ********************** COMMAND BEGIN **********************
122205192-> data sent to printer:
122205192-> <2>V----------------------------------------<3>
122205423-> data received from printer:
122205581-> <6>
122205582-> ********************** COMMAND BEGIN **********************
122205582-> data sent to printer:
122205582-> <2>VM159703 CMCLCDES209055B<3>
122205798-> data received from printer:
122205957-> <6>
122205958-> ********************** COMMAND BEGIN **********************
122205958-> data sent to printer:
122205958-> <2>N11,000xBs0,01        00000000011<3>
122206270-> data received from printer:
122206422-> <6>
122206423-> ********************** COMMAND BEGIN **********************
122206423-> data sent to printer:
122206423-> <2>VC000019 VISION SENCILLA ANTIREFLEJO TER<3>
122206658-> data received from printer:
122206812-> <6>
122206813-> ********************** COMMAND BEGIN **********************
122206813-> data sent to printer:
122206813-> <2>N12,000xBs343,29      00000686580<3>
122207088-> data received from printer:
122207247-> <6>
122207247-> ********************** COMMAND BEGIN **********************
122207248-> data sent to printer:
122207248-> <2>VA000004 GARANTIA EXTENDIDA<3>
122207467-> data received from printer:
122207623-> <6>
122207624-> ********************** COMMAND BEGIN **********************
122207624-> data sent to printer:
122207624-> <2>N11,000xBs111,23      00000111231<3>
122207906-> data received from printer:
122208059-> <6>
122208380-> ********************** COMMAND BEGIN **********************
122208381-> data sent to printer:
122208382-> <2>O1<3>
122209509-> data received from printer:
122209664-> <2>81562<3><6>
122209724-> ********************** COMMAND BEGIN **********************
122209724-> data sent to printer:
122209725-> <2>P102/06/2023 DEBITO   000000040894<3>
122209990-> data received from printer:
122210145-> <6>
122210145-> ********************** COMMAND BEGIN **********************
122210146-> data sent to printer:
122210146-> <2>P114/06/2023 TRANSFERE000000040668<3>
122210414-> data received from printer:
122210566-> <6>
122210566-> ********************** COMMAND BEGIN **********************
122210567-> data sent to printer:
122210567-> <2>V<3>
122210761-> data received from printer:
122210926-> <6>
122210926-> ********************** COMMAND BEGIN **********************
122210927-> data sent to printer:
122210927-> <2>VNumero Orden: 0069081<3>
122211139-> data received from printer:
122211303-> <6>
122211303-> ********************** COMMAND BEGIN **********************
122211304-> data sent to printer:
122211304-> <2>V<3>
122211496-> data received from printer:
122211649-> <6>
122211709-> ********************** COMMAND BEGIN **********************
122211709-> data sent to printer:
122211709-> <2>V*Contrato de Garantia Extendida para<3>
122211941-> data received from printer:
122212101-> <6>
122212101-> ********************** COMMAND BEGIN **********************
122212102-> data sent to printer:
122212102-> <2>V      Cristales Formulados:<3>
122212321-> data received from printer:
122212476-> <6>
122212476-> ********************** COMMAND BEGIN **********************
122212477-> data sent to printer:
122212477-> <2>V <3>
122212670-> data received from printer:
122212822-> <6>
122212822-> ********************** COMMAND BEGIN **********************
122212823-> data sent to printer:
122212823-> <2>VOD: ESF 2,75 EJE 90 CIL -0,75 ADD 0,00<3>
122213057-> data received from printer:
122213213-> <6>
122213213-> ********************** COMMAND BEGIN **********************
122213214-> data sent to printer:
122213214-> <2>VOI: ESF 2,75 EJE 90 CIL -0,75 ADD 0,00<3>
122213444-> data received from printer:
122213603-> <6>
122213603-> ********************** COMMAND BEGIN **********************
122213604-> data sent to printer:
122213604-> <2>V <3>
122213797-> data received from printer:
122213950-> <6>
122213950-> ********************** COMMAND BEGIN **********************
122213951-> data sent to printer:
122213951-> <2>VCondiciones legales en el Contrato<3>
122214181-> data received from printer:
122214340-> <6>
122214340-> ********************** COMMAND BEGIN **********************
122214341-> data sent to printer:
122214341-> <2>VSuscrito.<3>
122214576-> data received from printer:
122214730-> <6>
122214730-> ********************** COMMAND BEGIN **********************
122214731-> data sent to printer:
122214731-> <2>V <3>
122214925-> data received from printer:
122215076-> <6>
122215111-> ********************** COMMAND BEGIN **********************
122215112-> data sent to printer:
122215112-> <2>V<161><161><161>GRACIAS POR SU COMPRA!!!<3>
122215330-> data received from printer:
122215483-> <6>
122215483-> ********************** COMMAND BEGIN **********************
122215484-> data sent to printer:
122215484-> <2>VSolo se aceptaran devoluciones<3>
122215707-> data received from printer:
122215859-> <6>
122215860-> ********************** COMMAND BEGIN **********************
122215860-> data sent to printer:
122215860-> <2>Vpor defectos de fabrica, con la<3>
122216086-> data received from printer:
122216249-> <6>
122216249-> ********************** COMMAND BEGIN **********************
122216250-> data sent to printer:
122216250-> <2>Vpresentacion de esta factura (original),<3>
122216482-> data received from printer:
122216640-> <6>
122216641-> ********************** COMMAND BEGIN **********************
122216641-> data sent to printer:
122216641-> <2>Vdentro de los treinta (30) dias<3>
122216866-> data received from printer:
122217031-> <6>
122217031-> ********************** COMMAND BEGIN **********************
122217032-> data sent to printer:
122217032-> <2>Vsiguientes a la emision de la misma.<3>
122217263-> data received from printer:
122217421-> <6>
122217421-> ********************** COMMAND BEGIN **********************
122217422-> data sent to printer:
122217422-> <2>Y0<3>
122217471-> data received from printer:
122217753-> <2>SENIAT    J-316292649    1600*800*3100*2          Bs.0TIY1900001020320230702*300<3><6>
122217754-> ********************** COMMAND BEGIN **********************
122217754-> data sent to printer:
122217754-> <2>S<3>
122217762-> data received from printer:
122217919-> <21>
122217919-> ********************** COMMAND BEGIN **********************
122217920-> data sent to printer:
122217920-> <2>M<3>
122219883-> data received from printer:
122220035-> <6>
131505048-> OPEN PORT: COM1@9600
131505101-> ********************** COMMAND BEGIN **********************
131505101-> data sent to printer:
131505101-> <2>Q<3>
131505109-> data received from printer:
131505260-> <21>
131505260-> ********************** COMMAND BEGIN **********************
131505261-> data sent to printer:
131505261-> <2>M<3>
131505268-> data received from printer:
131505426-> <21>
132126447-> OPEN PORT: COM1@9600
132126489-> ********************** COMMAND BEGIN **********************
132126489-> data sent to printer:
132126489-> <2>Q<3>
132126497-> data received from printer:
132126648-> <21>
132126649-> ********************** COMMAND BEGIN **********************
132126649-> data sent to printer:
132126649-> <2>M<3>
132126657-> data received from printer:
132126813-> <21>
132128388-> OPEN PORT: COM1@9600
132128429-> OPEN PORT: COM1@9600
132128431-> ********************** COMMAND BEGIN **********************
132128431-> data sent to printer:
132128432-> <2>L&1<3>
132130100-> data received from printer:
132130255-> <2>2436*2420<3><6>
132130256-> ********************** COMMAND BEGIN **********************
132130256-> data sent to printer:
132130256-> <2>VRazon Social: Giuseppe Lazzaro<3>
132130476-> data received from printer:
132130631-> <6>
132130631-> ********************** COMMAND BEGIN **********************
132130632-> data sent to printer:
132130632-> <2>VCI/Rif: V-8375736<3>
132130840-> data received from printer:
132131006-> <6>
132131006-> ********************** COMMAND BEGIN **********************
132131007-> data sent to printer:
132131007-> <2>V----------------------------------------<3>
132131241-> data received from printer:
132131396-> <6>
132131399-> ********************** COMMAND BEGIN **********************
132131399-> data sent to printer:
132131399-> <2>VM175811 CPCCMWSG220454G<3>
132131612-> data received from printer:
132131772-> <6>
132131773-> ********************** COMMAND BEGIN **********************
132131773-> data sent to printer:
132131773-> <2>N11,000xBs803,52      00000803521<3>
132132053-> data received from printer:
132132207-> <6>
132132208-> ********************** COMMAND BEGIN **********************
132132208-> data sent to printer:
132132208-> <2>VC000187 LIFE FREE 2 CR-39 <3>
132132429-> data received from printer:
132132583-> <6>
132132583-> ********************** COMMAND BEGIN **********************
132132584-> data sent to printer:
132132584-> <2>N12,000xBs2785,54     00005571080<3>
132132859-> data received from printer:
132133019-> <6>
132137131-> ********************** COMMAND BEGIN **********************
132137132-> data sent to printer:
132137132-> <2>Q<3>
132137521-> data received from printer:
132137675-> <6>
132137676-> ********************** COMMAND BEGIN **********************
132137676-> data sent to printer:
132137676-> <2>M<3>
132137683-> data received from printer:
132137840-> <21>
132159569-> OPEN PORT: COM1@9600
132159609-> ********************** COMMAND BEGIN **********************
132159610-> data sent to printer:
132159610-> <2>Q<3>
132159617-> data received from printer:
132159781-> <21>
132159781-> ********************** COMMAND BEGIN **********************
132159782-> data sent to printer:
132159782-> <2>M<3>
132159789-> data received from printer:
132159946-> <21>
132206729-> OPEN PORT: COM1@9600
132206769-> OPEN PORT: COM1@9600
132206769-> ********************** COMMAND BEGIN **********************
132206770-> data sent to printer:
132206770-> <2>L&1<3>
132209081-> data received from printer:
132209232-> <2>2437*2436<3><6>
132209232-> ********************** COMMAND BEGIN **********************
132209233-> data sent to printer:
132209233-> <2>VRazon Social: Giuseppe Lazzaro<3>
132209455-> data received from printer:
132209608-> <6>
132209609-> ********************** COMMAND BEGIN **********************
132209609-> data sent to printer:
132209609-> <2>VCI/Rif: V-8375736<3>
132209819-> data received from printer:
132209983-> <6>
132209984-> ********************** COMMAND BEGIN **********************
132209984-> data sent to printer:
132209984-> <2>V----------------------------------------<3>
132210215-> data received from printer:
132210374-> <6>
132210374-> ********************** COMMAND BEGIN **********************
132210375-> data sent to printer:
132210375-> <2>VM175811 CPCCMWSG220454G<3>
132210589-> data received from printer:
132210749-> <6>
132210749-> ********************** COMMAND BEGIN **********************
132210750-> data sent to printer:
132210750-> <2>N11,000xBs803,52      00000803521<3>
132211065-> data received from printer:
132211216-> <6>
132211217-> ********************** COMMAND BEGIN **********************
132211217-> data sent to printer:
132211217-> <2>VC000187 LIFE FREE 2 CR-39 <3>
132211437-> data received from printer:
132211591-> <6>
132211591-> ********************** COMMAND BEGIN **********************
132211592-> data sent to printer:
132211592-> <2>N12,000xBs2785,54     00005571080<3>
132211870-> data received from printer:
132212027-> <6>
132218794-> ********************** COMMAND BEGIN **********************
132218794-> data sent to printer:
132218794-> <2>Q<3>
132219182-> data received from printer:
132219347-> <6>
132219347-> ********************** COMMAND BEGIN **********************
132219348-> data sent to printer:
132219348-> <2>M<3>
132219355-> data received from printer:
132219512-> <21>
132303712-> OPEN PORT: COM1@9600
132303752-> ********************** COMMAND BEGIN **********************
132303752-> data sent to printer:
132303752-> <2>Q<3>
132303760-> data received from printer:
132303912-> <21>
132303912-> ********************** COMMAND BEGIN **********************
132303913-> data sent to printer:
132303913-> <2>M<3>
132303920-> data received from printer:
132304077-> <21>
132306353-> OPEN PORT: COM1@9600
132306393-> OPEN PORT: COM1@9600
132306393-> ********************** COMMAND BEGIN **********************
132306394-> data sent to printer:
132306394-> <2>L&1<3>
132308064-> data received from printer:
132308225-> <2>2438*2437<3><6>
132308225-> ********************** COMMAND BEGIN **********************
132308226-> data sent to printer:
132308226-> <2>VRazon Social: Giuseppe Lazzaro<3>
132308448-> data received from printer:
132308601-> <6>
132308602-> ********************** COMMAND BEGIN **********************
132308602-> data sent to printer:
132308602-> <2>VCI/Rif: V-8375736<3>
132308813-> data received from printer:
132308977-> <6>
132308977-> ********************** COMMAND BEGIN **********************
132308978-> data sent to printer:
132308978-> <2>V----------------------------------------<3>
132309208-> data received from printer:
132309368-> <6>
132310905-> ********************** COMMAND BEGIN **********************
132310905-> data sent to printer:
132310905-> <2>VM175811 CPCCMWSG220454G<3>
132311120-> data received from printer:
132311281-> <6>
132311282-> ********************** COMMAND BEGIN **********************
132311282-> data sent to printer:
132311282-> <2>N11,000xBs803,52      00000803521<3>
132311564-> data received from printer:
132311716-> <6>
132322541-> ********************** COMMAND BEGIN **********************
132322542-> data sent to printer:
132322542-> <2>VC000187 LIFE FREE 2 CR-39 <3>
132322759-> data received from printer:
132322916-> <6>
132322916-> ********************** COMMAND BEGIN **********************
132322917-> data sent to printer:
132322917-> <2>N12,000xBs2785,54     00005571080<3>
132323194-> data received from printer:
132323351-> <6>
132432276-> ********************** COMMAND BEGIN **********************
132432276-> data sent to printer:
132432276-> <2>Q<3>
132432668-> data received from printer:
132432830-> <6>
132432830-> ********************** COMMAND BEGIN **********************
132432831-> data sent to printer:
132432831-> <2>M<3>
132432839-> data received from printer:
132432995-> <21>
132446433-> OPEN PORT: COM1@9600
132446476-> ********************** COMMAND BEGIN **********************
132446476-> data sent to printer:
132446477-> <2>Q<3>
132446484-> data received from printer:
132446645-> <21>
132446646-> ********************** COMMAND BEGIN **********************
132446646-> data sent to printer:
132446646-> <2>M<3>
132446654-> data received from printer:
132446811-> <21>
132615613-> OPEN PORT: COM1@9600
132615657-> ********************** COMMAND BEGIN **********************
132615658-> data sent to printer:
132615659-> <2>Q<3>
132615666-> data received from printer:
132615832-> <21>
132615833-> ********************** COMMAND BEGIN **********************
132615833-> data sent to printer:
132615833-> <2>M<3>
132615841-> data received from printer:
132615998-> <21>
132617597-> OPEN PORT: COM1@9600
132617639-> OPEN PORT: COM1@9600
132617643-> ********************** COMMAND BEGIN **********************
132617643-> data sent to printer:
132617644-> <2>L&1<3>
132619313-> data received from printer:
132619473-> <2>2439*2438<3><6>
132619474-> ********************** COMMAND BEGIN **********************
132619474-> data sent to printer:
132619475-> <2>VRazon Social: Giuseppe Lazzaro<3>
132619695-> data received from printer:
132619849-> <6>
132619850-> ********************** COMMAND BEGIN **********************
132619850-> data sent to printer:
132619850-> <2>VCI/Rif: V-8375736<3>
132620059-> data received from printer:
132620210-> <6>
132620211-> ********************** COMMAND BEGIN **********************
132620211-> data sent to printer:
132620211-> <2>V----------------------------------------<3>
132620446-> data received from printer:
132620601-> <6>
132620603-> ********************** COMMAND BEGIN **********************
132620603-> data sent to printer:
132620604-> <2>VM175811 CPCCMWSG220454G<3>
132620853-> data received from printer:
132621006-> <6>
132621007-> ********************** COMMAND BEGIN **********************
132621007-> data sent to printer:
132621007-> <2>N11,000xBs803,52      00000803521<3>
132621289-> data received from printer:
132621441-> <6>
132621442-> ********************** COMMAND BEGIN **********************
132621442-> data sent to printer:
132621442-> <2>VC000187 LIFE FREE 2 CR-39 <3>
132621659-> data received from printer:
132621817-> <6>
132621817-> ********************** COMMAND BEGIN **********************
132621818-> data sent to printer:
132621818-> <2>N12,000xBs2785,54     00005571080<3>
132622095-> data received from printer:
132622252-> <6>
135814582-> ********************** COMMAND BEGIN **********************
135814582-> data sent to printer:
135814583-> <2>Q<3>
135814974-> data received from printer:
135815132-> <6>
135815132-> ********************** COMMAND BEGIN **********************
135815133-> data sent to printer:
135815133-> <2>M<3>
135815141-> data received from printer:
135815298-> <21>
135831525-> OPEN PORT: COM1@9600
135831565-> ********************** COMMAND BEGIN **********************
135831565-> data sent to printer:
135831566-> <2>Q<3>
135831573-> data received from printer:
135831731-> <21>
135831731-> ********************** COMMAND BEGIN **********************
135831732-> data sent to printer:
135831732-> <2>M<3>
135831740-> data received from printer:
135831897-> <21>
135834068-> OPEN PORT: COM1@9600
135834110-> OPEN PORT: COM1@9600
135834112-> ********************** COMMAND BEGIN **********************
135834112-> data sent to printer:
135834113-> <2>L&1<3>
135835784-> data received from printer:
135835947-> <2>2440*2439<3><6>
135835948-> ********************** COMMAND BEGIN **********************
135835948-> data sent to printer:
135835948-> <2>VRazon Social: Giuseppe Lazzaro<3>
135836168-> data received from printer:
135836323-> <6>
135836324-> ********************** COMMAND BEGIN **********************
135836324-> data sent to printer:
135836324-> <2>VCI/Rif: V-8375736<3>
135836533-> data received from printer:
135836684-> <6>
135836684-> ********************** COMMAND BEGIN **********************
135836685-> data sent to printer:
135836685-> <2>V----------------------------------------<3>
135836919-> data received from printer:
135837074-> <6>
135837074-> ********************** COMMAND BEGIN **********************
135837075-> data sent to printer:
135837075-> <2>VM175811 CPCCMWSG220454G<3>
135837288-> data received from printer:
135837449-> <6>
135837450-> ********************** COMMAND BEGIN **********************
135837450-> data sent to printer:
135837450-> <2>N11,000xBs803,52      00000803521<3>
135837730-> data received from printer:
135837884-> <6>
135837884-> ********************** COMMAND BEGIN **********************
135837885-> data sent to printer:
135837885-> <2>VC000187 LIFE FREE 2 CR-39 <3>
135838106-> data received from printer:
135838259-> <6>
135838260-> ********************** COMMAND BEGIN **********************
135838260-> data sent to printer:
135838260-> <2>N12,000xBs2785,54     00005571080<3>
135838535-> data received from printer:
135838695-> <6>
135842303-> ********************** COMMAND BEGIN **********************
135842304-> data sent to printer:
135842304-> <2>P114/06/2023 EFECTIVO 000000248021<3>
135842346-> data received from printer:
135842502-> <21>
135842502-> ********************** COMMAND BEGIN **********************
135842503-> data sent to printer:
135842503-> <2>P1DIVISAS             000000402295<3>
135842545-> data received from printer:
135842697-> <21>
135842697-> ********************** COMMAND BEGIN **********************
135842698-> data sent to printer:
135842698-> <2>Q<3>
135843087-> data received from printer:
135843253-> <6>
135843254-> ********************** COMMAND BEGIN **********************
135843254-> data sent to printer:
135843254-> <2>M<3>
135843262-> data received from printer:
135843418-> <21>
135856585-> OPEN PORT: COM1@9600
135856628-> ********************** COMMAND BEGIN **********************
135856629-> data sent to printer:
135856630-> <2>Q<3>
135856638-> data received from printer:
135856797-> <21>
135856797-> ********************** COMMAND BEGIN **********************
135856798-> data sent to printer:
135856798-> <2>M<3>
135856806-> data received from printer:
135856962-> <21>
135914404-> OPEN PORT: COM1@9600
135914446-> ********************** COMMAND BEGIN **********************
135914447-> data sent to printer:
135914447-> <2>Q<3>
135914455-> data received from printer:
135914606-> <21>
135914606-> ********************** COMMAND BEGIN **********************
135914607-> data sent to printer:
135914607-> <2>M<3>
135914614-> data received from printer:
135914772-> <21>
135917740-> OPEN PORT: COM1@9600
135917782-> OPEN PORT: COM1@9600
135917784-> ********************** COMMAND BEGIN **********************
135917785-> data sent to printer:
135917785-> <2>L&1<3>
135919457-> data received from printer:
135919619-> <2>2441*2440<3><6>
135919620-> ********************** COMMAND BEGIN **********************
135919620-> data sent to printer:
135919620-> <2>VRazon Social: Giuseppe Lazzaro<3>
135919844-> data received from printer:
135920009-> <6>
135920009-> ********************** COMMAND BEGIN **********************
135920010-> data sent to printer:
135920010-> <2>VCI/Rif: V-8375736<3>
135920217-> data received from printer:
135920369-> <6>
135920369-> ********************** COMMAND BEGIN **********************
135920370-> data sent to printer:
135920370-> <2>V----------------------------------------<3>
135920603-> data received from printer:
135920760-> <6>
135920760-> ********************** COMMAND BEGIN **********************
135920761-> data sent to printer:
135920761-> <2>VM175811 CPCCMWSG220454G<3>
135921012-> data received from printer:
135921165-> <6>
135921166-> ********************** COMMAND BEGIN **********************
135921166-> data sent to printer:
135921166-> <2>N11,000xBs803,52      00000803521<3>
135921446-> data received from printer:
135921601-> <6>
135921602-> ********************** COMMAND BEGIN **********************
135921602-> data sent to printer:
135921602-> <2>VC000187 LIFE FREE 2 CR-39 <3>
135921823-> data received from printer:
135921976-> <6>
135921976-> ********************** COMMAND BEGIN **********************
135921977-> data sent to printer:
135921977-> <2>N12,000xBs2785,54     00005571080<3>
135922252-> data received from printer:
135922412-> <6>
140110260-> ********************** COMMAND BEGIN **********************
140110260-> data sent to printer:
140110261-> <2>P114/06/2023 EFECTIVO 000000248021<3>
140110303-> data received from printer:
140110469-> <21>
140110469-> ********************** COMMAND BEGIN **********************
140110470-> data sent to printer:
140110470-> <2>P1DIVISAS             000000402295<3>
140110512-> data received from printer:
140110664-> <21>
140110665-> ********************** COMMAND BEGIN **********************
140110665-> data sent to printer:
140110665-> <2>Q<3>
140111055-> data received from printer:
140111220-> <6>
140111220-> ********************** COMMAND BEGIN **********************
140111221-> data sent to printer:
140111221-> <2>M<3>
140111228-> data received from printer:
140111385-> <21>
140441051-> OPEN PORT: COM1@9600
140441091-> ********************** COMMAND BEGIN **********************
140441092-> data sent to printer:
140441092-> <2>Q<3>
140441100-> data received from printer:
140441260-> <21>
140441261-> ********************** COMMAND BEGIN **********************
140441261-> data sent to printer:
140441261-> <2>M<3>
140441269-> data received from printer:
140441425-> <21>
140501722-> OPEN PORT: COM1@9600
140501763-> ********************** COMMAND BEGIN **********************
140501763-> data sent to printer:
140501764-> <2>Q<3>
140501772-> data received from printer:
140501935-> <21>
140501935-> ********************** COMMAND BEGIN **********************
140501936-> data sent to printer:
140501936-> <2>M<3>
140501943-> data received from printer:
140502100-> <21>
140650449-> OPEN PORT: COM1@9600
140650491-> ********************** COMMAND BEGIN **********************
140650491-> data sent to printer:
140650492-> <2>Q<3>
140650499-> data received from printer:
140650651-> <21>
140650652-> ********************** COMMAND BEGIN **********************
140650652-> data sent to printer:
140650652-> <2>M<3>
140650660-> data received from printer:
140650817-> <21>
141244695-> OPEN PORT: COM1@9600
141244735-> ********************** COMMAND BEGIN **********************
141244735-> data sent to printer:
141244736-> <2>Q<3>
141244743-> data received from printer:
141244902-> <21>
141244902-> ********************** COMMAND BEGIN **********************
141244903-> data sent to printer:
141244903-> <2>M<3>
141244911-> data received from printer:
141245068-> <21>
141246467-> OPEN PORT: COM1@9600
141246508-> OPEN PORT: COM1@9600
141246512-> ********************** COMMAND BEGIN **********************
141246513-> data sent to printer:
141246513-> <2>L&1<3>
141248800-> data received from printer:
141248956-> <2>2442*2441<3><6>
141248957-> ********************** COMMAND BEGIN **********************
141248957-> data sent to printer:
141248957-> <2>VRazon Social: Giuseppe Lazzaro<3>
141249181-> data received from printer:
141249332-> <6>
141249333-> ********************** COMMAND BEGIN **********************
141249333-> data sent to printer:
141249333-> <2>VCI/Rif: V-8375736<3>
141249539-> data received from printer:
141249693-> <6>
141249694-> ********************** COMMAND BEGIN **********************
141249694-> data sent to printer:
141249695-> <2>V----------------------------------------<3>
141249927-> data received from printer:
141250083-> <6>
141250085-> ********************** COMMAND BEGIN **********************
141250085-> data sent to printer:
141250086-> <2>VM175811 CPCCMWSG220454G<3>
141250302-> data received from printer:
141250458-> <6>
141250458-> ********************** COMMAND BEGIN **********************
141250459-> data sent to printer:
141250459-> <2>N11,000xBs803,52      00000803521<3>
141250737-> data received from printer:
141250894-> <6>
141250894-> ********************** COMMAND BEGIN **********************
141250895-> data sent to printer:
141250895-> <2>VC000187 LIFE FREE 2 CR-39 <3>
141251113-> data received from printer:
141251269-> <6>
141251269-> ********************** COMMAND BEGIN **********************
141251270-> data sent to printer:
141251270-> <2>N12,000xBs2785,54     00005571080<3>
141251549-> data received from printer:
141251704-> <6>
141309292-> ********************** COMMAND BEGIN **********************
141309293-> data sent to printer:
141309293-> <2>OT414750<0><0><0><0><0><128><200><201><3>
141310558-> data received from printer:
141310722-> <2>662759<3><6>
141310803-> ********************** COMMAND BEGIN **********************
141310803-> data sent to printer:
141310803-> <2>P114/06/2023 EFECTIVO 000000248021<3>
141311071-> data received from printer:
141311234-> <6>
141311234-> ********************** COMMAND BEGIN **********************
141311235-> data sent to printer:
141311235-> <2>P1DIVISAS             000000402295<3>
141311505-> data received from printer:
141311669-> <6>
141311670-> ********************** COMMAND BEGIN **********************
141311670-> data sent to printer:
141311670-> <2>V<3>
141311861-> data received from printer:
141312014-> <6>
141312014-> ********************** COMMAND BEGIN **********************
141312015-> data sent to printer:
141312015-> <2>VNumero Orden: 0069096<3>
141312228-> data received from printer:
141312390-> <6>
141312390-> ********************** COMMAND BEGIN **********************
141312391-> data sent to printer:
141312391-> <2>V<3>
141312585-> data received from printer:
141312750-> <6>
141312757-> ********************** COMMAND BEGIN **********************
141312757-> data sent to printer:
141312757-> <2>V<161><161><161>GRACIAS POR SU COMPRA!!!<3>
141313010-> data received from printer:
141313170-> <6>
141313171-> ********************** COMMAND BEGIN **********************
141313171-> data sent to printer:
141313171-> <2>VSolo se aceptaran devoluciones<3>
141313397-> data received from printer:
141313561-> <6>
141313562-> ********************** COMMAND BEGIN **********************
141313562-> data sent to printer:
141313562-> <2>Vpor defectos de fabrica, con la<3>
141313785-> data received from printer:
141313937-> <6>
141313938-> ********************** COMMAND BEGIN **********************
141313938-> data sent to printer:
141313938-> <2>Vpresentacion de esta factura (original),<3>
141314172-> data received from printer:
141314327-> <6>
141314328-> ********************** COMMAND BEGIN **********************
141314328-> data sent to printer:
141314328-> <2>Vdentro de los treinta (30) dias<3>
141314555-> data received from printer:
141314718-> <6>
141314719-> ********************** COMMAND BEGIN **********************
141314719-> data sent to printer:
141314719-> <2>Vsiguientes a la emision de la misma.<3>
141314947-> data received from printer:
141315110-> <6>
141315111-> ********************** COMMAND BEGIN **********************
141315112-> data sent to printer:
141315112-> <2>Y0<3>
141315161-> data received from printer:
141315442-> <2>SENIAT    J-316292649    1600*800*3100*2          Bs.0TIY1900001020320230853*300<3><6>
141315443-> ********************** COMMAND BEGIN **********************
141315443-> data sent to printer:
141315443-> <2>S<3>
141315451-> data received from printer:
141315607-> <21>
141315608-> ********************** COMMAND BEGIN **********************
141315608-> data sent to printer:
141315609-> <2>M<3>
141316955-> data received from printer:
141317107-> <6>
142854241-> OPEN PORT: COM1@9600
142854283-> ********************** COMMAND BEGIN **********************
142854283-> data sent to printer:
142854284-> <2>Q<3>
142854291-> data received from printer:
142854443-> <21>
142854443-> ********************** COMMAND BEGIN **********************
142854443-> data sent to printer:
142854443-> <2>M<3>
142854451-> data received from printer:
142854608-> <21>
144109428-> OPEN PORT: COM1@9600
144109470-> ********************** COMMAND BEGIN **********************
144109470-> data sent to printer:
144109471-> <2>Q<3>
144109478-> data received from printer:
144109642-> <21>
144109643-> ********************** COMMAND BEGIN **********************
144109643-> data sent to printer:
144109643-> <2>M<3>
144109651-> data received from printer:
144109807-> <21>
144111856-> OPEN PORT: COM1@9600
144111898-> OPEN PORT: COM1@9600
144111901-> ********************** COMMAND BEGIN **********************
144111901-> data sent to printer:
144111902-> <2>L&1<3>
144113538-> data received from printer:
144113700-> <2>2443*2441<3><6>
144113701-> ********************** COMMAND BEGIN **********************
144113701-> data sent to printer:
144113701-> <2>VRazon Social: Giuseppe Lazzaro<3>
144113957-> data received from printer:
144114121-> <6>
144114121-> ********************** COMMAND BEGIN **********************
144114122-> data sent to printer:
144114122-> <2>VCI/Rif: V-8375736<3>
144114332-> data received from printer:
144114498-> <6>
144114498-> ********************** COMMAND BEGIN **********************
144114499-> data sent to printer:
144114499-> <2>V----------------------------------------<3>
144114729-> data received from printer:
144114889-> <6>
144114891-> ********************** COMMAND BEGIN **********************
144114891-> data sent to printer:
144114891-> <2>VM175811 CPCCMWSG220454G<3>
144115106-> data received from printer:
144115264-> <6>
144115264-> ********************** COMMAND BEGIN **********************
144115265-> data sent to printer:
144115265-> <2>N11,000xBs803,52      00000803521<3>
144115546-> data received from printer:
144115700-> <6>
144115701-> ********************** COMMAND BEGIN **********************
144115701-> data sent to printer:
144115701-> <2>VC000187 LIFE FREE 2 CR-39 <3>
144115918-> data received from printer:
144116076-> <6>
144116076-> ********************** COMMAND BEGIN **********************
144116077-> data sent to printer:
144116077-> <2>N12,000xBs2785,54     00005571080<3>
144116353-> data received from printer:
144116512-> <6>
144116834-> ********************** COMMAND BEGIN **********************
144116836-> data sent to printer:
144116837-> <2>OT635950<0><0>0<23><23><16>N<219><3>
144118107-> data received from printer:
144118264-> <2>669395<3><6>
144118363-> ********************** COMMAND BEGIN **********************
144118363-> data sent to printer:
144118363-> <2>P114/06/2023 EFECTIVO 000000033457<3>
144118629-> data received from printer:
144118793-> <6>
144118794-> ********************** COMMAND BEGIN **********************
144118794-> data sent to printer:
144118794-> <2>P1DIVISAS             000000616859<3>
144119062-> data received from printer:
144119228-> <6>
144119229-> ********************** COMMAND BEGIN **********************
144119229-> data sent to printer:
144119229-> <2>V<3>
144119423-> data received from printer:
144119574-> <6>
144119575-> ********************** COMMAND BEGIN **********************
144119575-> data sent to printer:
144119576-> <2>VNumero Orden: 0069097<3>
144119788-> data received from printer:
144119950-> <6>
144119950-> ********************** COMMAND BEGIN **********************
144119951-> data sent to printer:
144119951-> <2>V<3>
144120144-> data received from printer:
144120296-> <6>
144120327-> ********************** COMMAND BEGIN **********************
144120327-> data sent to printer:
144120327-> <2>V<161><161><161>GRACIAS POR SU COMPRA!!!<3>
144120549-> data received from printer:
144120703-> <6>
144120703-> ********************** COMMAND BEGIN **********************
144120704-> data sent to printer:
144120704-> <2>VSolo se aceptaran devoluciones<3>
144120925-> data received from printer:
144121078-> <6>
144121078-> ********************** COMMAND BEGIN **********************
144121079-> data sent to printer:
144121079-> <2>Vpor defectos de fabrica, con la<3>
144121303-> data received from printer:
144121454-> <6>
144121454-> ********************** COMMAND BEGIN **********************
144121455-> data sent to printer:
144121455-> <2>Vpresentacion de esta factura (original),<3>
144121691-> data received from printer:
144121845-> <6>
144121845-> ********************** COMMAND BEGIN **********************
144121846-> data sent to printer:
144121846-> <2>Vdentro de los treinta (30) dias<3>
144122103-> data received from printer:
144122267-> <6>
144122267-> ********************** COMMAND BEGIN **********************
144122268-> data sent to printer:
144122268-> <2>Vsiguientes a la emision de la misma.<3>
144122500-> data received from printer:
144122658-> <6>
144122659-> ********************** COMMAND BEGIN **********************
144122660-> data sent to printer:
144122660-> <2>Y0<3>
144122709-> data received from printer:
144122989-> <2>SENIAT    J-316292649    1600*800*3100*2          Bs.0TIY1900001020320230921*300<3><6>
144122990-> ********************** COMMAND BEGIN **********************
144122990-> data sent to printer:
144122990-> <2>S<3>
144122998-> data received from printer:
144123154-> <21>
144123155-> ********************** COMMAND BEGIN **********************
144123155-> data sent to printer:
144123155-> <2>M<3>
144125083-> data received from printer:
144125240-> <6>
