155624742-> OPEN PORT: COM1@9600
155624843-> ********************** COMMAND BEGIN **********************
155624844-> data sent to printer:
155624844-> <2>Q<3>
155624852-> data received from printer:
155625014-> <21>
155625015-> ********************** COMMAND BEGIN **********************
155625015-> data sent to printer:
155625015-> <2>M<3>
155625023-> data received from printer:
155625180-> <21>
155626770-> OPEN PORT: COM1@9600
155626811-> OPEN PORT: COM1@9600
155626830-> ********************** COMMAND BEGIN **********************
155626831-> data sent to printer:
155626832-> <2>L&1<3>
155628499-> data received from printer:
155628658-> <2>2444*2441<3><6>
155628659-> ********************** COMMAND BEGIN **********************
155628659-> data sent to printer:
155628659-> <2>VRazon Social: Cristopher  Rubio<3>
155628882-> data received from printer:
155629034-> <6>
155629034-> ********************** COMMAND BEGIN **********************
155629035-> data sent to printer:
155629035-> <2>VCI/Rif: V-28484462<3>
155629246-> data received from printer:
155629410-> <6>
155629410-> ********************** COMMAND BEGIN **********************
155629411-> data sent to printer:
155629411-> <2>V----------------------------------------<3>
155629641-> data received from printer:
155629801-> <6>
155629811-> ********************** COMMAND BEGIN **********************
155629812-> data sent to printer:
155629812-> <2>VS000079 Fucsia Varillas-Puentes Marcas <3>
155630043-> data received from printer:
155630206-> <6>
155630207-> ********************** COMMAND BEGIN **********************
155630207-> data sent to printer:
155630207-> <2>N11,000xBs1385,01     00001385011<3>
155630523-> data received from printer:
155630686-> <6>
155630982-> ********************** COMMAND BEGIN **********************
155630984-> data sent to printer:
155630985-> <2>O1<3>
155631955-> data received from printer:
155632119-> <2>160661<3><6>
155632187-> ********************** COMMAND BEGIN **********************
155632188-> data sent to printer:
155632189-> <2>P114/06/2023 EFECTIVO 000000160661<3>
155632460-> data received from printer:
155632617-> <6>
155632618-> ********************** COMMAND BEGIN **********************
155632618-> data sent to printer:
155632618-> <2>V<3>
155632808-> data received from printer:
155632963-> <6>
155632964-> ********************** COMMAND BEGIN **********************
155632964-> data sent to printer:
155632964-> <2>VNumero Orden: 0068745<3>
155633179-> data received from printer:
155633339-> <6>
155633340-> ********************** COMMAND BEGIN **********************
155633340-> data sent to printer:
155633340-> <2>V<3>
155633534-> data received from printer:
155633699-> <6>
155633734-> ********************** COMMAND BEGIN **********************
155633734-> data sent to printer:
155633735-> <2>V<161><161><161>GRACIAS POR SU COMPRA!!!<3>
155633953-> data received from printer:
155634119-> <6>
155634119-> ********************** COMMAND BEGIN **********************
155634120-> data sent to printer:
155634120-> <2>VSolo se aceptaran devoluciones<3>
155634381-> data received from printer:
155634539-> <6>
155634539-> ********************** COMMAND BEGIN **********************
155634540-> data sent to printer:
155634540-> <2>Vpor defectos de fabrica, con la<3>
155634763-> data received from printer:
155634915-> <6>
155634915-> ********************** COMMAND BEGIN **********************
155634916-> data sent to printer:
155634916-> <2>Vpresentacion de esta factura (original),<3>
155635149-> data received from printer:
155635306-> <6>
155635306-> ********************** COMMAND BEGIN **********************
155635307-> data sent to printer:
155635307-> <2>Vdentro de los treinta (30) dias<3>
155635534-> data received from printer:
155635696-> <6>
155635696-> ********************** COMMAND BEGIN **********************
155635697-> data sent to printer:
155635697-> <2>Vsiguientes a la emision de la misma.<3>
155635925-> data received from printer:
155636087-> <6>
155636089-> ********************** COMMAND BEGIN **********************
155636089-> data sent to printer:
155636089-> <2>Y0<3>
155636139-> data received from printer:
155636419-> <2>SENIAT    J-316292649    1600*800*3100*2          Bs.0TIY1900001030320231036*300<3><6>
155636424-> ********************** COMMAND BEGIN **********************
155636424-> data sent to printer:
155636425-> <2>S<3>
155636432-> data received from printer:
155636584-> <21>
155636585-> ********************** COMMAND BEGIN **********************
155636585-> data sent to printer:
155636585-> <2>M<3>
155637879-> data received from printer:
155638039-> <6>
163525396-> OPEN PORT: COM1@9600
163525437-> ********************** COMMAND BEGIN **********************
163525437-> data sent to printer:
163525438-> <2>Q<3>
163525445-> data received from printer:
163525598-> <21>
163525598-> ********************** COMMAND BEGIN **********************
163525599-> data sent to printer:
163525599-> <2>M<3>
163525607-> data received from printer:
163525764-> <21>
165433641-> OPEN PORT: COM1@9600
165433682-> ********************** COMMAND BEGIN **********************
165433682-> data sent to printer:
165433683-> <2>Q<3>
165433690-> data received from printer:
165433851-> <21>
165433852-> ********************** COMMAND BEGIN **********************
165433852-> data sent to printer:
165433852-> <2>M<3>
165433860-> data received from printer:
165434017-> <21>
165435502-> OPEN PORT: COM1@9600
165435544-> OPEN PORT: COM1@9600
165435547-> ********************** COMMAND BEGIN **********************
165435548-> data sent to printer:
165435548-> <2>L&1<3>
165437815-> data received from printer:
165437972-> <2>2445*2441<3><6>
165437973-> ********************** COMMAND BEGIN **********************
165437973-> data sent to printer:
165437973-> <2>VRazon Social: Giuseppe Lazzaro<3>
165438193-> data received from printer:
165438347-> <6>
165438347-> ********************** COMMAND BEGIN **********************
165438348-> data sent to printer:
165438348-> <2>VCI/Rif: V-8375736<3>
165438593-> data received from printer:
165438752-> <6>
165438752-> ********************** COMMAND BEGIN **********************
165438753-> data sent to printer:
165438753-> <2>V----------------------------------------<3>
165438983-> data received from printer:
165439144-> <6>
165439147-> ********************** COMMAND BEGIN **********************
165439147-> data sent to printer:
165439148-> <2>VM175811 CPCCMWSG220454G<3>
165439362-> data received from printer:
165439519-> <6>
165439520-> ********************** COMMAND BEGIN **********************
165439520-> data sent to printer:
165439520-> <2>N11,000xBs796,26      00000796261<3>
165439802-> data received from printer:
165439955-> <6>
165439956-> ********************** COMMAND BEGIN **********************
165439956-> data sent to printer:
165439956-> <2>VC000187 LIFE FREE 2 CR-39 <3>
165440175-> data received from printer:
165440331-> <6>
165440332-> ********************** COMMAND BEGIN **********************
165440332-> data sent to printer:
165440332-> <2>N12,000xBs2760,36     00005520720<3>
165440609-> data received from printer:
165440766-> <6>
165441059-> ********************** COMMAND BEGIN **********************
165441060-> data sent to printer:
165441061-> <2>OT547990<0>072<0><0><2>G<3>
165442203-> data received from printer:
165442366-> <2>644438<3><6>
165442448-> ********************** COMMAND BEGIN **********************
165442448-> data sent to printer:
165442449-> <2>P115/06/2023 EFECTIVO 000000112888<3>
165442720-> data received from printer:
165442878-> <6>
165442879-> ********************** COMMAND BEGIN **********************
165442880-> data sent to printer:
165442880-> <2>P1DIVISAS             000000531550<3>
165443146-> data received from printer:
165443299-> <6>
165443300-> ********************** COMMAND BEGIN **********************
165443300-> data sent to printer:
165443300-> <2>V<3>
165443493-> data received from printer:
165443645-> <6>
165443646-> ********************** COMMAND BEGIN **********************
165443646-> data sent to printer:
165443646-> <2>VNumero Orden: 0069101<3>
165443863-> data received from printer:
165444022-> <6>
165444023-> ********************** COMMAND BEGIN **********************
165444023-> data sent to printer:
165444023-> <2>V<3>
165444213-> data received from printer:
165444367-> <6>
165444373-> ********************** COMMAND BEGIN **********************
165444374-> data sent to printer:
165444374-> <2>V<161><161><161>GRACIAS POR SU COMPRA!!!<3>
165444594-> data received from printer:
165444757-> <6>
165444758-> ********************** COMMAND BEGIN **********************
165444758-> data sent to printer:
165444759-> <2>VSolo se aceptaran devoluciones<3>
165444984-> data received from printer:
165445147-> <6>
165445147-> ********************** COMMAND BEGIN **********************
165445148-> data sent to printer:
165445148-> <2>Vpor defectos de fabrica, con la<3>
165445371-> data received from printer:
165445523-> <6>
165445523-> ********************** COMMAND BEGIN **********************
165445524-> data sent to printer:
165445524-> <2>Vpresentacion de esta factura (original),<3>
165445758-> data received from printer:
165445914-> <6>
165445914-> ********************** COMMAND BEGIN **********************
165445915-> data sent to printer:
165445915-> <2>Vdentro de los treinta (30) dias<3>
165446141-> data received from printer:
165446305-> <6>
165446306-> ********************** COMMAND BEGIN **********************
165446306-> data sent to printer:
165446306-> <2>Vsiguientes a la emision de la misma.<3>
165446534-> data received from printer:
165446696-> <6>
165446698-> ********************** COMMAND BEGIN **********************
165446698-> data sent to printer:
165446699-> <2>Y0<3>
165446748-> data received from printer:
165447027-> <2>SENIAT    J-316292649    1600*800*3100*2          Bs.0TIY1900001030320231134*300<3><6>
165447028-> ********************** COMMAND BEGIN **********************
165447028-> data sent to printer:
165447028-> <2>S<3>
165447035-> data received from printer:
165447192-> <21>
165447193-> ********************** COMMAND BEGIN **********************
165447194-> data sent to printer:
165447194-> <2>M<3>
165448481-> data received from printer:
165448633-> <6>
