102413469-> OPEN PORT: COM1@9600
102413527-> ********************** COMMAND BEGIN **********************
102413527-> data sent to printer:
102413528-> <2>Q<3>
102413535-> data received from printer:
102413699-> <21>
102413700-> ********************** COMMAND BEGIN **********************
102413701-> data sent to printer:
102413701-> <2>M<3>
102413709-> data received from printer:
102413865-> <21>
112305412-> OPEN PORT: COM1@9600
112305481-> ********************** COMMAND BEGIN **********************
112305481-> data sent to printer:
112305481-> <2>Q<3>
112305489-> data received from printer:
112305642-> <21>
112305643-> ********************** COMMAND BEGIN **********************
112305643-> data sent to printer:
112305644-> <2>M<3>
112305651-> data received from printer:
112305807-> <21>
120314273-> OPEN PORT: COM1@9600
120314313-> ********************** COMMAND BEGIN **********************
120314313-> data sent to printer:
120314314-> <2>Q<3>
120314321-> data received from printer:
120314483-> <21>
120314484-> ********************** COMMAND BEGIN **********************
120314484-> data sent to printer:
120314485-> <2>M<3>
120314492-> data received from printer:
120314648-> <21>
120424244-> OPEN PORT: COM1@9600
120424284-> ********************** COMMAND BEGIN **********************
120424285-> data sent to printer:
120424285-> <2>Q<3>
120424292-> data received from printer:
120424451-> <21>
120424452-> ********************** COMMAND BEGIN **********************
120424452-> data sent to printer:
120424452-> <2>M<3>
120424460-> data received from printer:
120424616-> <21>
120812107-> OPEN PORT: COM1@9600
120812147-> ********************** COMMAND BEGIN **********************
120812148-> data sent to printer:
120812148-> <2>Q<3>
120812155-> data received from printer:
120812306-> <21>
120812307-> ********************** COMMAND BEGIN **********************
120812307-> data sent to printer:
120812307-> <2>M<3>
120812315-> data received from printer:
120812472-> <21>
131511716-> OPEN PORT: COM1@9600
131511775-> ********************** COMMAND BEGIN **********************
131511775-> data sent to printer:
131511775-> <2>Q<3>
131511783-> data received from printer:
131511938-> <21>
131511939-> ********************** COMMAND BEGIN **********************
131511939-> data sent to printer:
131511939-> <2>M<3>
131511947-> data received from printer:
131512104-> <21>
143421180-> OPEN PORT: COM1@9600
143421258-> ********************** COMMAND BEGIN **********************
143421258-> data sent to printer:
143421258-> <2>Q<3>
143421266-> data received from printer:
143421418-> <21>
143421419-> ********************** COMMAND BEGIN **********************
143421420-> data sent to printer:
143421420-> <2>M<3>
143421428-> data received from printer:
143421583-> <21>
143554084-> OPEN PORT: COM1@9600
143554124-> ********************** COMMAND BEGIN **********************
143554125-> data sent to printer:
143554125-> <2>Q<3>
143554133-> data received from printer:
143554287-> <21>
143554288-> ********************** COMMAND BEGIN **********************
143554288-> data sent to printer:
143554288-> <2>M<3>
143554296-> data received from printer:
143554453-> <21>
144305580-> OPEN PORT: COM1@9600
144309682-> OPEN PORT: COM1@9600
144311906-> ********************** COMMAND BEGIN **********************
144311907-> data sent to printer:
144311907-> <2>L&1<3>
144314197-> data received from printer:
144314356-> <2>2474*2473<3><6>
144314357-> ********************** COMMAND BEGIN **********************
144314357-> data sent to printer:
144314358-> <2>VRazon Social: Giuseppe Lazzaro<3>
144314582-> data received from printer:
144314747-> <6>
144314748-> ********************** COMMAND BEGIN **********************
144314748-> data sent to printer:
144314749-> <2>VCI/Rif: V-8375736<3>
144314955-> data received from printer:
144315108-> <6>
144315109-> ********************** COMMAND BEGIN **********************
144315110-> data sent to printer:
144315110-> <2>V----------------------------------------<3>
144315343-> data received from printer:
144315499-> <6>
144315503-> ********************** COMMAND BEGIN **********************
144315503-> data sent to printer:
144315503-> <2>VM175811 CPCCMWSG220454G<3>
144315754-> data received from printer:
144315919-> <6>
144315920-> ********************** COMMAND BEGIN **********************
144315920-> data sent to printer:
144315921-> <2>N11,000xBs798,00      00000798001<3>
144316201-> data received from printer:
144316354-> <6>
144316355-> ********************** COMMAND BEGIN **********************
144316355-> data sent to printer:
144316355-> <2>VC000187 LIFE FREE 2 CR-39 <3>
144316577-> data received from printer:
144316729-> <6>
144316730-> ********************** COMMAND BEGIN **********************
144316730-> data sent to printer:
144316730-> <2>N12,000xBs2766,40     00005532800<3>
144317006-> data received from printer:
144317165-> <6>
144317319-> ********************** COMMAND BEGIN **********************
144317320-> data sent to printer:
144317320-> <2>OT579462<0><0><0><0><0><128>!7<3>
144318588-> data received from printer:
144318746-> <2>663232<3><6>
144318859-> ********************** COMMAND BEGIN **********************
144318860-> data sent to printer:
144318860-> <2>P120/06/2023 DEBITO   000000050000<3>
144319131-> data received from printer:
144319292-> <6>
144319293-> ********************** COMMAND BEGIN **********************
144319293-> data sent to printer:
144319294-> <2>P120/06/2023 EFECTIVO 000000018770<3>
144319560-> data received from printer:
144319713-> <6>
144319714-> ********************** COMMAND BEGIN **********************
144319714-> data sent to printer:
144319715-> <2>P120/06/2023 TRANSFERE000000015000<3>
144319983-> data received from printer:
144320134-> <6>
144320135-> ********************** COMMAND BEGIN **********************
144320135-> data sent to printer:
144320135-> <2>P1DIVISAS             000000579462<3>
144320406-> data received from printer:
144320569-> <6>
144320570-> ********************** COMMAND BEGIN **********************
144320570-> data sent to printer:
144320571-> <2>V<3>
144320761-> data received from printer:
144320915-> <6>
144320916-> ********************** COMMAND BEGIN **********************
144320916-> data sent to printer:
144320916-> <2>VNumero Orden: 0069130<3>
144321131-> data received from printer:
144321290-> <6>
144321291-> ********************** COMMAND BEGIN **********************
144321291-> data sent to printer:
144321291-> <2>V<3>
144321485-> data received from printer:
144321650-> <6>
144321758-> ********************** COMMAND BEGIN **********************
144321760-> data sent to printer:
144321761-> <2>V<161><161><161>GRACIAS POR SU COMPRA!!!<3>
144321981-> data received from printer:
144322136-> <6>
144322136-> ********************** COMMAND BEGIN **********************
144322137-> data sent to printer:
144322137-> <2>VSolo se aceptaran devoluciones<3>
144322361-> data received from printer:
144322512-> <6>
144322513-> ********************** COMMAND BEGIN **********************
144322513-> data sent to printer:
144322513-> <2>Vpor defectos de fabrica, con la<3>
144322739-> data received from printer:
144322903-> <6>
144322903-> ********************** COMMAND BEGIN **********************
144322904-> data sent to printer:
144322904-> <2>Vpresentacion de esta factura (original),<3>
144323137-> data received from printer:
144323293-> <6>
144323293-> ********************** COMMAND BEGIN **********************
144323294-> data sent to printer:
144323294-> <2>Vdentro de los treinta (30) dias<3>
144323519-> data received from printer:
144323683-> <6>
144323684-> ********************** COMMAND BEGIN **********************
144323684-> data sent to printer:
144323684-> <2>Vsiguientes a la emision de la misma.<3>
144323950-> data received from printer:
144324103-> <6>
144324105-> ********************** COMMAND BEGIN **********************
144324105-> data sent to printer:
144324105-> <2>Y0<3>
144324155-> data received from printer:
144324435-> <2>SENIAT    J-316292649    1600*800*3100*2          Bs.0TIY1900001280320230922*300<3><6>
144324442-> ********************** COMMAND BEGIN **********************
144324443-> data sent to printer:
144324443-> <2>S<3>
144324451-> data received from printer:
144324601-> <21>
144324602-> ********************** COMMAND BEGIN **********************
144324602-> data sent to printer:
144324602-> <2>M<3>
144325918-> data received from printer:
144326071-> <6>
145243816-> OPEN PORT: COM1@9600
145243856-> ********************** COMMAND BEGIN **********************
145243857-> data sent to printer:
145243857-> <2>Q<3>
145243864-> data received from printer:
145244016-> <21>
145244017-> ********************** COMMAND BEGIN **********************
145244017-> data sent to printer:
145244018-> <2>M<3>
145244026-> data received from printer:
145244181-> <21>
145447916-> OPEN PORT: COM1@9600
145447957-> ********************** COMMAND BEGIN **********************
145447957-> data sent to printer:
145447958-> <2>Q<3>
145447965-> data received from printer:
145448118-> <21>
145448119-> ********************** COMMAND BEGIN **********************
145448119-> data sent to printer:
145448120-> <2>M<3>
145448127-> data received from printer:
145448284-> <21>
145534897-> OPEN PORT: COM1@9600
145534939-> OPEN PORT: COM1@9600
145534940-> ********************** COMMAND BEGIN **********************
145534941-> data sent to printer:
145534942-> <2>L&1<3>
145536617-> data received from printer:
145536781-> <2>2475*2473<3><6>
145536782-> ********************** COMMAND BEGIN **********************
145536782-> data sent to printer:
145536783-> <2>VRazon Social: Giuseppe Lazzaro<3>
145537003-> data received from printer:
145537157-> <6>
145537158-> ********************** COMMAND BEGIN **********************
145537158-> data sent to printer:
145537159-> <2>VCI/Rif: V-8375736<3>
145537368-> data received from printer:
145537518-> <6>
145537518-> ********************** COMMAND BEGIN **********************
145537519-> data sent to printer:
145537519-> <2>V----------------------------------------<3>
145537754-> data received from printer:
145537909-> <6>
145537910-> ********************** COMMAND BEGIN **********************
145537910-> data sent to printer:
145537910-> <2>VM175811 CPCCMWSG220454G<3>
145538124-> data received from printer:
145538285-> <6>
145538286-> ********************** COMMAND BEGIN **********************
145538286-> data sent to printer:
145538286-> <2>N11,000xBs798,00      00000798001<3>
145538567-> data received from printer:
145538721-> <6>
145538721-> ********************** COMMAND BEGIN **********************
145538722-> data sent to printer:
145538722-> <2>VC000187 LIFE FREE 2 CR-39 <3>
145538978-> data received from printer:
145539142-> <6>
145539143-> ********************** COMMAND BEGIN **********************
145539143-> data sent to printer:
145539144-> <2>N12,000xBs2766,40     00005532800<3>
145539421-> data received from printer:
145539578-> <6>
145539678-> ********************** COMMAND BEGIN **********************
145539678-> data sent to printer:
145539679-> <2>OT585848<0><0><0><0><0><128><10>7<3>
145540912-> data received from printer:
145541069-> <2>663423<3><6>
145541071-> ********************** COMMAND BEGIN **********************
145541072-> data sent to printer:
145541072-> <2>P120/06/2023 DEBITO   000000045000<3>
145541342-> data received from printer:
145541505-> <6>
145541506-> ********************** COMMAND BEGIN **********************
145541506-> data sent to printer:
145541506-> <2>P120/06/2023 TRANSFERE000000015000<3>
145541808-> data received from printer:
145541970-> <6>
145541970-> ********************** COMMAND BEGIN **********************
145541971-> data sent to printer:
145541971-> <2>P1DIVISAS             000000585848<3>
145542241-> data received from printer:
145542391-> <6>
145542392-> ********************** COMMAND BEGIN **********************
145542392-> data sent to printer:
145542393-> <2>V<3>
145542583-> data received from printer:
145542736-> <6>
145542737-> ********************** COMMAND BEGIN **********************
145542737-> data sent to printer:
145542737-> <2>VNumero Orden: 0069131<3>
145542952-> data received from printer:
145543111-> <6>
145543112-> ********************** COMMAND BEGIN **********************
145543112-> data sent to printer:
145543112-> <2>V<3>
145543307-> data received from printer:
145543471-> <6>
145543474-> ********************** COMMAND BEGIN **********************
145543475-> data sent to printer:
145543475-> <2>V<161><161><161>GRACIAS POR SU COMPRA!!!<3>
145543694-> data received from printer:
145543846-> <6>
145543846-> ********************** COMMAND BEGIN **********************
145543847-> data sent to printer:
145543847-> <2>VSolo se aceptaran devoluciones<3>
145544071-> data received from printer:
145544221-> <6>
145544222-> ********************** COMMAND BEGIN **********************
145544222-> data sent to printer:
145544223-> <2>Vpor defectos de fabrica, con la<3>
145544449-> data received from printer:
145544611-> <6>
145544612-> ********************** COMMAND BEGIN **********************
145544612-> data sent to printer:
145544612-> <2>Vpresentacion de esta factura (original),<3>
145544845-> data received from printer:
145545002-> <6>
145545003-> ********************** COMMAND BEGIN **********************
145545003-> data sent to printer:
145545004-> <2>Vdentro de los treinta (30) dias<3>
145545228-> data received from printer:
145545392-> <6>
145545393-> ********************** COMMAND BEGIN **********************
145545393-> data sent to printer:
145545394-> <2>Vsiguientes a la emision de la misma.<3>
145545625-> data received from printer:
145545783-> <6>
145545784-> ********************** COMMAND BEGIN **********************
145545784-> data sent to printer:
145545784-> <2>Y0<3>
145545834-> data received from printer:
145546115-> <2>SENIAT    J-316292649    1600*800*3100*2          Bs.0TIY1900001280320230935*300<3><6>
145546116-> ********************** COMMAND BEGIN **********************
145546116-> data sent to printer:
145546116-> <2>S<3>
145546124-> data received from printer:
145546280-> <21>
145546281-> ********************** COMMAND BEGIN **********************
145546281-> data sent to printer:
145546281-> <2>M<3>
145547627-> data received from printer:
145547780-> <6>
