161213664-> OPEN PORT: COM1@9600
161213722-> ********************** COMMAND BEGIN **********************
161213723-> data sent to printer:
161213723-> <2>Q<3>
161219774-> No reponse from printer
161219775-> ********************** COMMAND BEGIN **********************
161219775-> data sent to printer:
161219776-> <2>M<3>
161304833-> No reponse from printer
202914272-> OPEN PORT: COM1@9600
202914333-> ********************** COMMAND BEGIN **********************
202914333-> data sent to printer:
202914334-> <2>Q<3>
202920393-> No reponse from printer
202920394-> ********************** COMMAND BEGIN **********************
202920394-> data sent to printer:
202920395-> <2>M<3>
203005452-> No reponse from printer
203155309-> OPEN PORT: COM1@9600
203155349-> ********************** COMMAND BEGIN **********************
203155349-> data sent to printer:
203155350-> <2>Q<3>
203201409-> No reponse from printer
203201410-> ********************** COMMAND BEGIN **********************
203201410-> data sent to printer:
203201410-> <2>M<3>
203246466-> No reponse from printer
203651887-> OPEN PORT: COM1@9600
203651927-> ********************** COMMAND BEGIN **********************
203651927-> data sent to printer:
203651928-> <2>Q<3>
203657993-> No reponse from printer
203657994-> ********************** COMMAND BEGIN **********************
203657994-> data sent to printer:
203657995-> <2>M<3>
203743051-> No reponse from printer
203850651-> OPEN PORT: COM1@9600
203850691-> ********************** COMMAND BEGIN **********************
203850692-> data sent to printer:
203850692-> <2>Q<3>
203856745-> No reponse from printer
203856746-> ********************** COMMAND BEGIN **********************
203856746-> data sent to printer:
203856747-> <2>M<3>
203941803-> No reponse from printer
204045135-> OPEN PORT: COM1@9600
204045175-> ********************** COMMAND BEGIN **********************
204045176-> data sent to printer:
204045176-> <2>Q<3>
204051234-> No reponse from printer
204051235-> ********************** COMMAND BEGIN **********************
204051235-> data sent to printer:
204051235-> <2>M<3>
204136293-> No reponse from printer
204419599-> OPEN PORT: COM1@9600
204419639-> ********************** COMMAND BEGIN **********************
204419640-> data sent to printer:
204419640-> <2>Q<3>
204425696-> No reponse from printer
204425696-> ********************** COMMAND BEGIN **********************
204425697-> data sent to printer:
204425697-> <2>M<3>
204510755-> No reponse from printer
204717951-> OPEN PORT: COM1@9600
204717991-> ********************** COMMAND BEGIN **********************
204717992-> data sent to printer:
204717993-> <2>Q<3>
204724054-> No reponse from printer
204724055-> ********************** COMMAND BEGIN **********************
204724055-> data sent to printer:
204724056-> <2>M<3>
204809112-> No reponse from printer
205150949-> OPEN PORT: COM1@9600
205150989-> ********************** COMMAND BEGIN **********************
205150990-> data sent to printer:
205150990-> <2>Q<3>
205157055-> No reponse from printer
205157056-> ********************** COMMAND BEGIN **********************
205157056-> data sent to printer:
205157057-> <2>M<3>
205242112-> No reponse from printer
205614270-> OPEN PORT: COM1@9600
205614310-> ********************** COMMAND BEGIN **********************
205614311-> data sent to printer:
205614311-> <2>Q<3>
205620364-> No reponse from printer
205620365-> ********************** COMMAND BEGIN **********************
205620365-> data sent to printer:
205620365-> <2>M<3>
205705422-> No reponse from printer
205851975-> OPEN PORT: COM1@9600
205852015-> ********************** COMMAND BEGIN **********************
205852015-> data sent to printer:
205852016-> <2>Q<3>
205858080-> No reponse from printer
205858080-> ********************** COMMAND BEGIN **********************
205858081-> data sent to printer:
205858081-> <2>M<3>
205943137-> No reponse from printer
210353220-> OPEN PORT: COM1@9600
210353260-> ********************** COMMAND BEGIN **********************
210353260-> data sent to printer:
210353261-> <2>Q<3>
210359323-> No reponse from printer
210359324-> ********************** COMMAND BEGIN **********************
210359324-> data sent to printer:
210359325-> <2>M<3>
210444382-> No reponse from printer
