122121771-> OPEN PORT: COM1@9600
122121866-> ********************** COMMAND BEGIN **********************
122121866-> data sent to printer:
122121867-> <2>L&2<3>
122123533-> data received from printer:
122123690-> <2>178*157<3><6>
122123691-> ********************** COMMAND BEGIN **********************
122123692-> data sent to printer:
122123692-> <2>VRazon Social: JAROL  MARTINEZ<3>
122123911-> data received from printer:
122124066-> <6>
122124066-> ********************** COMMAND BEGIN **********************
122124067-> data sent to printer:
122124067-> <2>VCI/Rif: V9685988<3>
122124275-> data received from printer:
122124427-> <6>
122124428-> ********************** COMMAND BEGIN **********************
122124428-> data sent to printer:
122124428-> <2>VDatos del Documento Original:<3>
122124652-> data received from printer:
122124802-> <6>
122124803-> ********************** COMMAND BEGIN **********************
122124803-> data sent to printer:
122124803-> <2>VNumero: 0001553<3>
122125008-> data received from printer:
122125163-> <6>
122125164-> ********************** COMMAND BEGIN **********************
122125164-> data sent to printer:
122125165-> <2>VFecha: 08/09/2023<3>
122125374-> data received from printer:
122125539-> <6>
122125540-> ********************** COMMAND BEGIN **********************
122125540-> data sent to printer:
122125540-> <2>VSerial Fiscal: TIX2290065<3>
122125759-> data received from printer:
122125915-> <6>
122125915-> ********************** COMMAND BEGIN **********************
122125916-> data sent to printer:
122125916-> <2>V----------------------------------------<3>
122126147-> data received from printer:
122126305-> <6>
122126688-> ********************** COMMAND BEGIN **********************
122126689-> data sent to printer:
122126690-> <2>VM175811 CPCCMWSG220454G<3>
122126906-> data received from printer:
122127067-> <6>
122127068-> ********************** COMMAND BEGIN **********************
122127069-> data sent to printer:
122127069-> <2>R11,000xBs896,94      00000896941<3>
122127352-> data received from printer:
122127518-> <6>
122127849-> ********************** COMMAND BEGIN **********************
122127851-> data sent to printer:
122127852-> <2>O1<3>
122128859-> data received from printer:
122129014-> <2>104045<3><6>
122129015-> ********************** COMMAND BEGIN **********************
122129015-> data sent to printer:
122129015-> <2>VMonto Disponible:  1040,45<3>
122129237-> data received from printer:
122129390-> <6>
122129392-> ********************** COMMAND BEGIN **********************
122129392-> data sent to printer:
122129392-> <2>Y0<3>
122129442-> data received from printer:
122129722-> <2>SENIAT    J-316292649    1600*800*3100*2          Bs.0TIY1900001140620230659*300<3><6>
122129723-> ********************** COMMAND BEGIN **********************
122129723-> data sent to printer:
122129724-> <2>S<3>
122129731-> data received from printer:
122129887-> <21>
122129888-> ********************** COMMAND BEGIN **********************
122129888-> data sent to printer:
122129888-> <2>M<3>
122131186-> data received from printer:
122131342-> <6>
122822550-> OPEN PORT: COM1@9600
122822594-> ********************** COMMAND BEGIN **********************
122822594-> data sent to printer:
122822595-> <2>L&2<3>
122824263-> data received from printer:
122824415-> <2>179*157<3><6>
122824416-> ********************** COMMAND BEGIN **********************
122824416-> data sent to printer:
122824417-> <2>VRazon Social: JAROL  MARTINEZ<3>
122824636-> data received from printer:
122824790-> <6>
122824791-> ********************** COMMAND BEGIN **********************
122824791-> data sent to printer:
122824791-> <2>VCI/Rif: V9685988<3>
122824999-> data received from printer:
122825151-> <6>
122825152-> ********************** COMMAND BEGIN **********************
122825152-> data sent to printer:
122825152-> <2>VDatos del Documento Original:<3>
122825375-> data received from printer:
122825527-> <6>
122825527-> ********************** COMMAND BEGIN **********************
122825528-> data sent to printer:
122825528-> <2>VNumero: 0001553<3>
122825732-> data received from printer:
122825888-> <6>
122825888-> ********************** COMMAND BEGIN **********************
122825889-> data sent to printer:
122825889-> <2>VFecha: 08/09/2023<3>
122826098-> data received from printer:
122826263-> <6>
122826264-> ********************** COMMAND BEGIN **********************
122826264-> data sent to printer:
122826264-> <2>VSerial Fiscal: TIX2290065<3>
122826483-> data received from printer:
122826638-> <6>
122826638-> ********************** COMMAND BEGIN **********************
122826639-> data sent to printer:
122826639-> <2>V----------------------------------------<3>
122826869-> data received from printer:
122827029-> <6>
122827261-> ********************** COMMAND BEGIN **********************
122827263-> data sent to printer:
122827265-> <2>VM175811 CPCCMWSG220454G<3>
122827481-> data received from printer:
122827638-> <6>
122827639-> ********************** COMMAND BEGIN **********************
122827639-> data sent to printer:
122827639-> <2>R11,000xBs896,94      00000896941<3>
122827922-> data received from printer:
122828074-> <6>
122828370-> ********************** COMMAND BEGIN **********************
122828371-> data sent to printer:
122828371-> <2>O1<3>
122830007-> data received from printer:
122830172-> <2>104045<3><6>
122830173-> ********************** COMMAND BEGIN **********************
122830173-> data sent to printer:
122830174-> <2>VMonto Disponible:  1040,45<3>
122830393-> data received from printer:
122830548-> <6>
122830549-> ********************** COMMAND BEGIN **********************
122830550-> data sent to printer:
122830550-> <2>Y0<3>
122830600-> data received from printer:
122830882-> <2>SENIAT    J-316292649    1600*800*3100*2          Bs.0TIY1900001140620230706*300<3><6>
122830883-> ********************** COMMAND BEGIN **********************
122830883-> data sent to printer:
122830884-> <2>S<3>
122830891-> data received from printer:
122831047-> <21>
122831048-> ********************** COMMAND BEGIN **********************
122831048-> data sent to printer:
122831049-> <2>M<3>
122832341-> data received from printer:
122832502-> <6>
123504266-> OPEN PORT: COM1@9600
123504307-> ********************** COMMAND BEGIN **********************
123504308-> data sent to printer:
123504309-> <2>L&2<3>
123505940-> data received from printer:
123506094-> <2>180*157<3><6>
123506094-> ********************** COMMAND BEGIN **********************
123506095-> data sent to printer:
123506095-> <2>VRazon Social: JAROL  MARTINEZ<3>
123506354-> data received from printer:
123506515-> <6>
123506515-> ********************** COMMAND BEGIN **********************
123506516-> data sent to printer:
123506516-> <2>VCI/Rif: V9685988<3>
123506721-> data received from printer:
123506876-> <6>
123506877-> ********************** COMMAND BEGIN **********************
123506877-> data sent to printer:
123506877-> <2>VDatos del Documento Original:<3>
123507098-> data received from printer:
123507252-> <6>
123507252-> ********************** COMMAND BEGIN **********************
123507253-> data sent to printer:
123507253-> <2>VNumero: 0001553<3>
123507461-> data received from printer:
123507612-> <6>
123507613-> ********************** COMMAND BEGIN **********************
123507613-> data sent to printer:
123507613-> <2>VFecha: 08/09/2023<3>
123507820-> data received from printer:
123507972-> <6>
123507973-> ********************** COMMAND BEGIN **********************
123507973-> data sent to printer:
123507973-> <2>VSerial Fiscal: TIX2290065<3>
123508191-> data received from printer:
123508348-> <6>
123508348-> ********************** COMMAND BEGIN **********************
123508349-> data sent to printer:
123508349-> <2>V----------------------------------------<3>
123508583-> data received from printer:
123508739-> <6>
123508962-> ********************** COMMAND BEGIN **********************
123508963-> data sent to printer:
123508964-> <2>VM175811 CPCCMWSG220454G<3>
123509176-> data received from printer:
123509331-> <6>
123509331-> ********************** COMMAND BEGIN **********************
123509332-> data sent to printer:
123509332-> <2>R11,000xBs896,94      00000896941<3>
123509613-> data received from printer:
123509766-> <6>
123510045-> ********************** COMMAND BEGIN **********************
123510047-> data sent to printer:
123510049-> <2>O1<3>
123511056-> data received from printer:
123511213-> <2>104045<3><6>
123511213-> ********************** COMMAND BEGIN **********************
123511214-> data sent to printer:
123511214-> <2>VMonto Disponible:  1040,45<3>
123511432-> data received from printer:
123511588-> <6>
123511588-> ********************** COMMAND BEGIN **********************
123511589-> data sent to printer:
123511589-> <2>Y0<3>
123511639-> data received from printer:
123511918-> <2>SENIAT    J-316292649    1600*800*3100*2          Bs.0TIY1900001140620230713*300<3><6>
123511919-> ********************** COMMAND BEGIN **********************
123511919-> data sent to printer:
123511920-> <2>S<3>
123511927-> data received from printer:
123512084-> <21>
123512084-> ********************** COMMAND BEGIN **********************
123512085-> data sent to printer:
123512085-> <2>M<3>
123513345-> data received from printer:
123513511-> <6>
123846649-> OPEN PORT: COM1@9600
123846691-> ********************** COMMAND BEGIN **********************
123846691-> data sent to printer:
123846692-> <2>L&2<3>
123848359-> data received from printer:
123848511-> <2>181*157<3><6>
123848512-> ********************** COMMAND BEGIN **********************
123848512-> data sent to printer:
123848513-> <2>VRazon Social: WUILLIAM SANCHEZ<3>
123848735-> data received from printer:
123848886-> <6>
123848887-> ********************** COMMAND BEGIN **********************
123848887-> data sent to printer:
123848888-> <2>VCI/Rif: V15613357<3>
123849132-> data received from printer:
123849292-> <6>
123849293-> ********************** COMMAND BEGIN **********************
123849293-> data sent to printer:
123849293-> <2>VDatos del Documento Original:<3>
123849515-> data received from printer:
123849668-> <6>
123849669-> ********************** COMMAND BEGIN **********************
123849669-> data sent to printer:
123849670-> <2>VNumero: 0001552<3>
123849877-> data received from printer:
123850028-> <6>
123850029-> ********************** COMMAND BEGIN **********************
123850029-> data sent to printer:
123850030-> <2>VFecha: 08/09/2023<3>
123850236-> data received from printer:
123850389-> <6>
123850390-> ********************** COMMAND BEGIN **********************
123850390-> data sent to printer:
123850391-> <2>VSerial Fiscal: TIX2290065<3>
123850607-> data received from printer:
123850765-> <6>
123850765-> ********************** COMMAND BEGIN **********************
123850765-> data sent to printer:
123850765-> <2>V----------------------------------------<3>
123851000-> data received from printer:
123851155-> <6>
123851389-> ********************** COMMAND BEGIN **********************
123851391-> data sent to printer:
123851393-> <2>VM175875 CPCCMWSG220156G<3>
123851607-> data received from printer:
123851766-> <6>
123851766-> ********************** COMMAND BEGIN **********************
123851767-> data sent to printer:
123851767-> <2>R11,000xBs847,11      00000847111<3>
123852048-> data received from printer:
123852202-> <6>
123852202-> ********************** COMMAND BEGIN **********************
123852203-> data sent to printer:
123852203-> <2>VC000184 V/S POLI LIGHT TERMINADOS AR BL<3>
123852438-> data received from printer:
123852593-> <6>
123852594-> ********************** COMMAND BEGIN **********************
123852594-> data sent to printer:
123852594-> <2>R12,000xBs592,98      00001185960<3>
123852870-> data received from printer:
123853028-> <6>
123853028-> ********************** COMMAND BEGIN **********************
123853029-> data sent to printer:
123853029-> <2>VA000004 GARANTIA EXTENDIDA<3>
123853881-> data received from printer:
123854033-> <6>
123854033-> ********************** COMMAND BEGIN **********************
123854034-> data sent to printer:
123854034-> <2>R11,000xBs209,29      00000209291<3>
123854316-> data received from printer:
123854469-> <6>
123854750-> ********************** COMMAND BEGIN **********************
123854751-> data sent to printer:
123854753-> <2>O1<3>
123855882-> data received from printer:
123856041-> <2>241138<3><6>
123856042-> ********************** COMMAND BEGIN **********************
123856042-> data sent to printer:
123856043-> <2>VMonto Disponible:  2411,39<3>
123856260-> data received from printer:
123856416-> <6>
123856418-> ********************** COMMAND BEGIN **********************
123856419-> data sent to printer:
123856419-> <2>Y0<3>
123856469-> data received from printer:
123856746-> <2>SENIAT    J-316292649    1600*800*3100*2          Bs.0TIY1900001140620230717*300<3><6>
123856747-> ********************** COMMAND BEGIN **********************
123856748-> data sent to printer:
123856748-> <2>S<3>
123856756-> data received from printer:
123856911-> <21>
123856912-> ********************** COMMAND BEGIN **********************
123856912-> data sent to printer:
123856913-> <2>M<3>
123858230-> data received from printer:
123858396-> <6>
123943908-> OPEN PORT: COM1@9600
123943951-> ********************** COMMAND BEGIN **********************
123943952-> data sent to printer:
123943953-> <2>L&2<3>
123945621-> data received from printer:
123945775-> <2>182*157<3><6>
123945776-> ********************** COMMAND BEGIN **********************
123945776-> data sent to printer:
123945776-> <2>VRazon Social: YELITZA SCARFO<3>
123945996-> data received from printer:
123946150-> <6>
123946150-> ********************** COMMAND BEGIN **********************
123946151-> data sent to printer:
123946151-> <2>VCI/Rif: V9960889<3>
123946360-> data received from printer:
123946511-> <6>
123946511-> ********************** COMMAND BEGIN **********************
123946512-> data sent to printer:
123946512-> <2>VDatos del Documento Original:<3>
123946731-> data received from printer:
123946886-> <6>
123946887-> ********************** COMMAND BEGIN **********************
123946887-> data sent to printer:
123946887-> <2>VNumero: 0001537<3>
123947093-> data received from printer:
123947247-> <6>
123947248-> ********************** COMMAND BEGIN **********************
123947248-> data sent to printer:
123947248-> <2>VFecha: 04/09/2023<3>
123947459-> data received from printer:
123947622-> <6>
123947623-> ********************** COMMAND BEGIN **********************
123947623-> data sent to printer:
123947623-> <2>VSerial Fiscal: TIX2290065<3>
123947838-> data received from printer:
123947998-> <6>
123947999-> ********************** COMMAND BEGIN **********************
123947999-> data sent to printer:
123947999-> <2>V----------------------------------------<3>
123948232-> data received from printer:
123948389-> <6>
123948610-> ********************** COMMAND BEGIN **********************
123948611-> data sent to printer:
123948612-> <2>VM149179 DMCCCDES7087154BR<3>
123948831-> data received from printer:
123948981-> <6>
123948981-> ********************** COMMAND BEGIN **********************
123948982-> data sent to printer:
123948982-> <2>R11,000xBs0,01        00000000011<3>
123949259-> data received from printer:
123949417-> <6>
123949417-> ********************** COMMAND BEGIN **********************
123949418-> data sent to printer:
123949418-> <2>VC000019 VISION SENCILLA ANTIREFLEJO TER<3>
123949651-> data received from printer:
123949807-> <6>
123949808-> ********************** COMMAND BEGIN **********************
123949808-> data sent to printer:
123949809-> <2>R12,000xBs410,14      00000820280<3>
123950120-> data received from printer:
123950272-> <6>
123950273-> ********************** COMMAND BEGIN **********************
123950273-> data sent to printer:
123950273-> <2>VA000004 GARANTIA EXTENDIDA<3>
123950493-> data received from printer:
123950647-> <6>
123950648-> ********************** COMMAND BEGIN **********************
123950648-> data sent to printer:
123950649-> <2>R11,000xBs132,92      00000132921<3>
123950931-> data received from printer:
123951083-> <6>
123951371-> ********************** COMMAND BEGIN **********************
123951371-> data sent to printer:
123951372-> <2>O1<3>
123952461-> data received from printer:
123952625-> <2>97448<3><6>
123952626-> ********************** COMMAND BEGIN **********************
123952626-> data sent to printer:
123952627-> <2>VMonto Disponible:  1003,71<3>
123952848-> data received from printer:
123953001-> <6>
123953001-> ********************** COMMAND BEGIN **********************
123953002-> data sent to printer:
123953002-> <2>Y0<3>
123953052-> data received from printer:
123953333-> <2>SENIAT    J-316292649    1600*800*3100*2          Bs.0TIY1900001140620230718*300<3><6>
123953334-> ********************** COMMAND BEGIN **********************
123953334-> data sent to printer:
123953334-> <2>S<3>
123953342-> data received from printer:
123953498-> <21>
123953499-> ********************** COMMAND BEGIN **********************
123953499-> data sent to printer:
123953499-> <2>M<3>
123954816-> data received from printer:
123954969-> <6>
124902102-> OPEN PORT: COM1@9600
124902144-> ********************** COMMAND BEGIN **********************
124902145-> data sent to printer:
124902145-> <2>L&2<3>
124903813-> data received from printer:
124903971-> <2>183*157<3><6>
124903972-> ********************** COMMAND BEGIN **********************
124903973-> data sent to printer:
124903973-> <2>VRazon Social: RICARDO NACIMENTO<3>
124904194-> data received from printer:
124904346-> <6>
124904347-> ********************** COMMAND BEGIN **********************
124904347-> data sent to printer:
124904348-> <2>VCI/Rif: V27246418<3>
124904555-> data received from printer:
124904706-> <6>
124904707-> ********************** COMMAND BEGIN **********************
124904707-> data sent to printer:
124904708-> <2>VDatos del Documento Original:<3>
124904931-> data received from printer:
124905082-> <6>
124905083-> ********************** COMMAND BEGIN **********************
124905083-> data sent to printer:
124905084-> <2>VNumero: 0001554<3>
124905288-> data received from printer:
124905443-> <6>
124905444-> ********************** COMMAND BEGIN **********************
124905444-> data sent to printer:
124905444-> <2>VFecha: 08/09/2023<3>
124905653-> data received from printer:
124905819-> <6>
124905820-> ********************** COMMAND BEGIN **********************
124905820-> data sent to printer:
124905820-> <2>VSerial Fiscal: TIX2290065<3>
124906039-> data received from printer:
124906195-> <6>
124906196-> ********************** COMMAND BEGIN **********************
124906196-> data sent to printer:
124906196-> <2>V----------------------------------------<3>
124906427-> data received from printer:
124906585-> <6>
124906817-> ********************** COMMAND BEGIN **********************
124906819-> data sent to printer:
124906820-> <2>VM176730 CPCCCOYTDELTA53GO<3>
124907076-> data received from printer:
124907236-> <6>
124907236-> ********************** COMMAND BEGIN **********************
124907237-> data sent to printer:
124907237-> <2>R11,000xBs956,74      00000956741<3>
124907516-> data received from printer:
124907672-> <6>
124907673-> ********************** COMMAND BEGIN **********************
124907673-> data sent to printer:
124907674-> <2>VC000882 MAXI DELGADO 1.56 TERM. AR BLUE<3>
124907907-> data received from printer:
124908063-> <6>
124908063-> ********************** COMMAND BEGIN **********************
124908064-> data sent to printer:
124908064-> <2>R12,000xBs504,94      00001009880<3>
124908344-> data received from printer:
124908498-> <6>
124908499-> ********************** COMMAND BEGIN **********************
124908499-> data sent to printer:
124908499-> <2>VA000004 GARANTIA EXTENDIDA<3>
124908717-> data received from printer:
124908874-> <6>
124908875-> ********************** COMMAND BEGIN **********************
124908875-> data sent to printer:
124908875-> <2>R11,000xBs189,35      00000189351<3>
124909156-> data received from printer:
124909309-> <6>
124909583-> ********************** COMMAND BEGIN **********************
124909583-> data sent to printer:
124909584-> <2>O1<3>
124910710-> data received from printer:
124910866-> <2>233934<3><6>
124910867-> ********************** COMMAND BEGIN **********************
124910867-> data sent to printer:
124910868-> <2>VMonto Disponible:  2409,53<3>
124911090-> data received from printer:
124911241-> <6>
124911243-> ********************** COMMAND BEGIN **********************
124911243-> data sent to printer:
124911244-> <2>Y0<3>
124911293-> data received from printer:
124911572-> <2>SENIAT    J-316292649    1600*800*3100*2          Bs.0TIY1900001140620230727*300<3><6>
124911573-> ********************** COMMAND BEGIN **********************
124911573-> data sent to printer:
124911574-> <2>S<3>
124911581-> data received from printer:
124911738-> <21>
124911739-> ********************** COMMAND BEGIN **********************
124911739-> data sent to printer:
124911740-> <2>M<3>
124913022-> data received from printer:
124913178-> <6>
