104158094-> OPEN PORT: COM1@9600
104158161-> OPEN PORT: COM1@9600
104158176-> ********************** COMMAND BEGIN **********************
104158177-> data sent to printer:
104158177-> <2>L&1<3>
104159847-> data received from printer:
104200001-> <2>2298*2284<3><6>
104200002-> ********************** COMMAND BEGIN **********************
104200003-> data sent to printer:
104200003-> <2>VRazon Social: Brenda Morales<3>
104200221-> data received from printer:
104200377-> <6>
104200377-> ********************** COMMAND BEGIN **********************
104200378-> data sent to printer:
104200378-> <2>VCI/Rif: V-31529639<3>
104200588-> data received from printer:
104200738-> <6>
104200738-> ********************** COMMAND BEGIN **********************
104200739-> data sent to printer:
104200739-> <2>V----------------------------------------<3>
104200973-> data received from printer:
104201130-> <6>
104201144-> ********************** COMMAND BEGIN **********************
104201144-> data sent to printer:
104201144-> <2>VC000899 Maxi Delgado ChromActive BlueCut<3>
104201375-> data received from printer:
104201536-> <6>
104201536-> ********************** COMMAND BEGIN **********************
104201537-> data sent to printer:
104201537-> <2>V <3>
104201729-> data received from printer:
104201880-> <6>
104201881-> ********************** COMMAND BEGIN **********************
104201881-> data sent to printer:
104201881-> <2>N12,000xBs663,12      00001326240<3>
104202157-> data received from printer:
104202315-> <6>
104202315-> ********************** COMMAND BEGIN **********************
104202316-> data sent to printer:
104202316-> <2>VM176414 DMCLMHST-MHC222454OR<3>
104202536-> data received from printer:
104202691-> <6>
104202691-> ********************** COMMAND BEGIN **********************
104202692-> data sent to printer:
104202692-> <2>N11,000xBs1684,81     00001684810<3>
104202966-> data received from printer:
104203127-> <6>
104203127-> ********************** COMMAND BEGIN **********************
104203128-> data sent to printer:
104203128-> <2>VA000004 GARANTIA EXTENDIDA<3>
104203349-> data received from printer:
104203503-> <6>
104203503-> ********************** COMMAND BEGIN **********************
104203504-> data sent to printer:
104203504-> <2>N11,000xBs198,93      00000198930<3>
104203776-> data received from printer:
104203939-> <6>
104204401-> ********************** COMMAND BEGIN **********************
104204401-> data sent to printer:
104204402-> <2>P106/03/2023 DIVISAS  000000041830<3>
104204444-> data received from printer:
104204600-> <21>
104204600-> ********************** COMMAND BEGIN **********************
104204601-> data sent to printer:
104204601-> <2>P110/03/2023 EFECTIVO 000000154654<3>
104204643-> data received from printer:
104204796-> <21>
104204796-> ********************** COMMAND BEGIN **********************
104204797-> data sent to printer:
104204797-> <2>P120/04/2023 EFECTIVO 000000154654<3>
104204839-> data received from printer:
104204991-> <21>
104322106-> ********************** COMMAND BEGIN **********************
104322107-> data sent to printer:
104322107-> <2>Q<3>
104322473-> data received from printer:
104322627-> <6>
104323299-> ********************** COMMAND BEGIN **********************
104323300-> data sent to printer:
104323300-> <2>M<3>
104323308-> data received from printer:
104323469-> <21>
104434642-> OPEN PORT: COM1@9600
104434682-> OPEN PORT: COM1@9600
104434684-> ********************** COMMAND BEGIN **********************
104434685-> data sent to printer:
104434685-> <2>L&1<3>
104436355-> data received from printer:
104436508-> <2>2299*2298<3><6>
104436509-> ********************** COMMAND BEGIN **********************
104436509-> data sent to printer:
104436509-> <2>VRazon Social: Brenda Morales<3>
104436731-> data received from printer:
104436884-> <6>
104436884-> ********************** COMMAND BEGIN **********************
104436885-> data sent to printer:
104436885-> <2>VCI/Rif: V-31529639<3>
104437093-> data received from printer:
104437244-> <6>
104437245-> ********************** COMMAND BEGIN **********************
104437245-> data sent to printer:
104437245-> <2>V----------------------------------------<3>
104437515-> data received from printer:
104437666-> <6>
104437668-> ********************** COMMAND BEGIN **********************
104437669-> data sent to printer:
104437669-> <2>VC000899 Maxi Delgado ChromActive BlueCut<3>
104437900-> data received from printer:
104438056-> <6>
104438056-> ********************** COMMAND BEGIN **********************
104438057-> data sent to printer:
104438057-> <2>V <3>
104438248-> data received from printer:
104438401-> <6>
104438401-> ********************** COMMAND BEGIN **********************
104438402-> data sent to printer:
104438402-> <2>N12,000xBs663,12      00001326240<3>
104438678-> data received from printer:
104438837-> <6>
104438837-> ********************** COMMAND BEGIN **********************
104438838-> data sent to printer:
104438838-> <2>VM176414 DMCLMHST-MHC222454OR<3>
104439058-> data received from printer:
104439213-> <6>
104439213-> ********************** COMMAND BEGIN **********************
104439214-> data sent to printer:
104439214-> <2>N11,000xBs1684,81     00001684810<3>
104439488-> data received from printer:
104439648-> <6>
104439648-> ********************** COMMAND BEGIN **********************
104439649-> data sent to printer:
104439649-> <2>VA000004 GARANTIA EXTENDIDA<3>
104439870-> data received from printer:
104440023-> <6>
104440023-> ********************** COMMAND BEGIN **********************
104440024-> data sent to printer:
104440024-> <2>N11,000xBs198,93      00000198930<3>
104440296-> data received from printer:
104440458-> <6>
104545712-> ********************** COMMAND BEGIN **********************
104545713-> data sent to printer:
104545714-> <2>P106/03/2023 DIVISAS  000000041830<3>
104545756-> data received from printer:
104545921-> <21>
104559574-> ********************** COMMAND BEGIN **********************
104559575-> data sent to printer:
104559575-> <2>P110/03/2023 EFECTIVO 000000154654<3>
104559617-> data received from printer:
104559770-> <21>
104607076-> ********************** COMMAND BEGIN **********************
104607076-> data sent to printer:
104607076-> <2>P120/04/2023 EFECTIVO 000000154654<3>
104607118-> data received from printer:
104607276-> <21>
104731157-> ********************** COMMAND BEGIN **********************
104731157-> data sent to printer:
104731157-> <2>Q<3>
104731523-> data received from printer:
104731675-> <6>
104732172-> ********************** COMMAND BEGIN **********************
104732172-> data sent to printer:
104732172-> <2>M<3>
104732180-> data received from printer:
104732335-> <21>
104910211-> OPEN PORT: COM1@9600
104911951-> OPEN PORT: COM1@9600
104912743-> ********************** COMMAND BEGIN **********************
104912744-> data sent to printer:
104912744-> <2>L&1<3>
104914377-> data received from printer:
104914534-> <2>2300*2299<3><6>
104914535-> ********************** COMMAND BEGIN **********************
104914535-> data sent to printer:
104914535-> <2>VRazon Social: Brenda Morales<3>
104914755-> data received from printer:
104914910-> <6>
104914911-> ********************** COMMAND BEGIN **********************
104914911-> data sent to printer:
104914911-> <2>VCI/Rif: V-31529639<3>
104915123-> data received from printer:
104915285-> <6>
104915285-> ********************** COMMAND BEGIN **********************
104915286-> data sent to printer:
104915286-> <2>V----------------------------------------<3>
104915517-> data received from printer:
104915675-> <6>
104922650-> ********************** COMMAND BEGIN **********************
104922651-> data sent to printer:
104922652-> <2>VM176414 DMCLMHST-MHC222454OR<3>
104922872-> data received from printer:
104923031-> <6>
104923032-> ********************** COMMAND BEGIN **********************
104923032-> data sent to printer:
104923032-> <2>N11,000xBs1684,81     00001684811<3>
104923314-> data received from printer:
104923466-> <6>
104928389-> ********************** COMMAND BEGIN **********************
104928389-> data sent to printer:
104928390-> <2>VA000004 GARANTIA EXTENDIDA<3>
104928643-> data received from printer:
104928800-> <6>
104928801-> ********************** COMMAND BEGIN **********************
104928801-> data sent to printer:
104928801-> <2>N11,000xBs198,93      00000198931<3>
104929083-> data received from printer:
104929235-> <6>
104933788-> ********************** COMMAND BEGIN **********************
104933789-> data sent to printer:
104933789-> <2>VC000899 Maxi Delgado ChromActive BlueCut<3>
104934021-> data received from printer:
104934174-> <6>
104934174-> ********************** COMMAND BEGIN **********************
104934175-> data sent to printer:
104934175-> <2>V <3>
104934368-> data received from printer:
104934520-> <6>
104934520-> ********************** COMMAND BEGIN **********************
104934521-> data sent to printer:
104934521-> <2>N12,000xBs663,12      00001326240<3>
104934800-> data received from printer:
104934956-> <6>
111247913-> ********************** COMMAND BEGIN **********************
111247943-> data sent to printer:
111247944-> <2>P106/03/2023 DIVISAS  000000041830<3>
111247986-> data received from printer:
111248139-> <21>
111248139-> ********************** COMMAND BEGIN **********************
111248140-> data sent to printer:
111248140-> <2>P110/03/2023 EFECTIVO 000000154654<3>
111248182-> data received from printer:
111248334-> <21>
111248334-> ********************** COMMAND BEGIN **********************
111248335-> data sent to printer:
111248335-> <2>P120/04/2023 EFECTIVO 000000154654<3>
111248377-> data received from printer:
111248529-> <21>
111248530-> ********************** COMMAND BEGIN **********************
111248530-> data sent to printer:
111248530-> <2>Q<3>
111248918-> data received from printer:
111249070-> <6>
111249071-> ********************** COMMAND BEGIN **********************
111249071-> data sent to printer:
111249071-> <2>M<3>
111249079-> data received from printer:
111249236-> <21>
111407343-> OPEN PORT: COM1@9600
111407383-> OPEN PORT: COM1@9600
111407385-> ********************** COMMAND BEGIN **********************
111407385-> data sent to printer:
111407386-> <2>L&1<3>
111409056-> data received from printer:
111409215-> <2>2301*2300<3><6>
111409216-> ********************** COMMAND BEGIN **********************
111409216-> data sent to printer:
111409216-> <2>VRazon Social: Brenda Morales<3>
111409436-> data received from printer:
111409591-> <6>
111409591-> ********************** COMMAND BEGIN **********************
111409592-> data sent to printer:
111409592-> <2>VCI/Rif: V-31529639<3>
111409803-> data received from printer:
111409968-> <6>
111409968-> ********************** COMMAND BEGIN **********************
111409969-> data sent to printer:
111409969-> <2>V----------------------------------------<3>
111410199-> data received from printer:
111410359-> <6>
113242852-> ********************** COMMAND BEGIN **********************
113242853-> data sent to printer:
113242854-> <2>VM176414 DMCLMHST-MHC222454OR<3>
113243074-> data received from printer:
113243227-> <6>
113243227-> ********************** COMMAND BEGIN **********************
113243228-> data sent to printer:
113243228-> <2>N11,000xBs1684,81     00001684811<3>
113243510-> data received from printer:
113243663-> <6>
113251868-> ********************** COMMAND BEGIN **********************
113251868-> data sent to printer:
113251868-> <2>VA000004 GARANTIA EXTENDIDA<3>
113252086-> data received from printer:
113252250-> <6>
113252250-> ********************** COMMAND BEGIN **********************
113252251-> data sent to printer:
113252251-> <2>N11,000xBs198,93      00000198931<3>
113252532-> data received from printer:
113252685-> <6>
113256939-> ********************** COMMAND BEGIN **********************
113256939-> data sent to printer:
113256940-> <2>VC000899 Maxi Delgado ChromActive BlueCut<3>
113257820-> data received from printer:
113257973-> <6>
113257973-> ********************** COMMAND BEGIN **********************
113257974-> data sent to printer:
113257974-> <2>V <3>
113258201-> data received from printer:
113258364-> <6>
113258364-> ********************** COMMAND BEGIN **********************
113258365-> data sent to printer:
113258365-> <2>N12,000xBs663,12      00001326240<3>
113258644-> data received from printer:
113258800-> <6>
113353424-> ********************** COMMAND BEGIN **********************
113353424-> data sent to printer:
113353425-> <2>P106/03/2023 DIVISAS  000000041830<3>
113353466-> data received from printer:
113353625-> <21>
113359300-> ********************** COMMAND BEGIN **********************
113359300-> data sent to printer:
113359300-> <2>P110/03/2023 EFECTIVO 000000154654<3>
113359342-> data received from printer:
113359496-> <21>
113403359-> ********************** COMMAND BEGIN **********************
113403359-> data sent to printer:
113403360-> <2>P120/04/2023 EFECTIVO 000000154654<3>
113403401-> data received from printer:
113403558-> <21>
113403559-> ********************** COMMAND BEGIN **********************
113403559-> data sent to printer:
113403559-> <2>Q<3>
113403946-> data received from printer:
113404098-> <6>
113404099-> ********************** COMMAND BEGIN **********************
113404099-> data sent to printer:
113404099-> <2>M<3>
113404107-> data received from printer:
113404263-> <21>
113640939-> OPEN PORT: COM1@9600
113640979-> OPEN PORT: COM1@9600
113640981-> ********************** COMMAND BEGIN **********************
113640981-> data sent to printer:
113640982-> <2>L&1<3>
113643295-> data received from printer:
113643446-> <2>2302*2301<3><6>
113643447-> ********************** COMMAND BEGIN **********************
113643447-> data sent to printer:
113643447-> <2>VRazon Social: Nelson Ferrer<3>
113643664-> data received from printer:
113643821-> <6>
113643821-> ********************** COMMAND BEGIN **********************
113643822-> data sent to printer:
113643822-> <2>VCI/Rif: V-7766864<3>
113644030-> data received from printer:
113644182-> <6>
113644183-> ********************** COMMAND BEGIN **********************
113644183-> data sent to printer:
113644183-> <2>V----------------------------------------<3>
113644418-> data received from printer:
113644573-> <6>
113650395-> ********************** COMMAND BEGIN **********************
113650396-> data sent to printer:
113650396-> <2>VC000588 Prog RLX FIT1  1.56 ChromActive <3>
113650627-> data received from printer:
113650782-> <6>
113650782-> ********************** COMMAND BEGIN **********************
113650782-> data sent to printer:
113650783-> <2>VC000588 Prog RLX FIT1  1.56 ChromActive <3>
113651016-> data received from printer:
113651173-> <6>
113651173-> ********************** COMMAND BEGIN **********************
113651174-> data sent to printer:
113651174-> <2>N12,000xBs1418,34     00002836680<3>
113651450-> data received from printer:
113651608-> <6>
113655693-> ********************** COMMAND BEGIN **********************
113655693-> data sent to printer:
113655693-> <2>VM176523 CMCPWINM801057NR<3>
113655909-> data received from printer:
113656061-> <6>
113656062-> ********************** COMMAND BEGIN **********************
113656062-> data sent to printer:
113656062-> <2>N11,000xBs1154,32     00001154320<3>
113656336-> data received from printer:
113656495-> <6>
113703706-> ********************** COMMAND BEGIN **********************
113703706-> data sent to printer:
113703707-> <2>VA000004 GARANTIA EXTENDIDA<3>
113703928-> data received from printer:
113704092-> <6>
113704092-> ********************** COMMAND BEGIN **********************
113704093-> data sent to printer:
113704093-> <2>N11,000xBs607,86      00000607860<3>
113704365-> data received from printer:
113704527-> <6>
113712218-> ********************** COMMAND BEGIN **********************
113712218-> data sent to printer:
113712218-> <2>P106/03/2023 DIVISAS  000000270160<3>
113712260-> data received from printer:
113712420-> <21>
113712421-> ********************** COMMAND BEGIN **********************
113712421-> data sent to printer:
113712421-> <2>P120/04/2023 EFECTIVO 000000217921<3>
113712463-> data received from printer:
113712616-> <21>
113712617-> ********************** COMMAND BEGIN **********************
113712617-> data sent to printer:
113712617-> <2>Q<3>
113712983-> data received from printer:
113713141-> <6>
113713142-> ********************** COMMAND BEGIN **********************
113713142-> data sent to printer:
113713142-> <2>M<3>
113713150-> data received from printer:
113713306-> <21>
125315501-> OPEN PORT: COM1@9600
125315595-> OPEN PORT: COM1@9600
125315632-> ********************** COMMAND BEGIN **********************
125315632-> data sent to printer:
125315632-> <2>L&1<3>
125317305-> data received from printer:
125317461-> <2>2303*2302<3><6>
125317462-> ********************** COMMAND BEGIN **********************
125317462-> data sent to printer:
125317462-> <2>VRazon Social: Karen Raga<3>
125317680-> data received from printer:
125317836-> <6>
125317836-> ********************** COMMAND BEGIN **********************
125317837-> data sent to printer:
125317837-> <2>VCI/Rif: V-21017027<3>
125318080-> data received from printer:
125318241-> <6>
125318241-> ********************** COMMAND BEGIN **********************
125318242-> data sent to printer:
125318242-> <2>V----------------------------------------<3>
125318476-> data received from printer:
125318632-> <6>
125326717-> ********************** COMMAND BEGIN **********************
125326717-> data sent to printer:
125326718-> <2>VC000007 PROGRESIVO SCOPUS <3>
125326934-> data received from printer:
125327099-> <6>
125327100-> ********************** COMMAND BEGIN **********************
125327100-> data sent to printer:
125327100-> <2>N12,000xBs580,08      00001160160<3>
125327375-> data received from printer:
125327535-> <6>
125331847-> ********************** COMMAND BEGIN **********************
125331847-> data sent to printer:
125331848-> <2>VM157837 DMSLLCAR205954VI<3>
125332067-> data received from printer:
125332224-> <6>
125332224-> ********************** COMMAND BEGIN **********************
125332225-> data sent to printer:
125332225-> <2>N11,000xBs870,12      00000870120<3>
125332497-> data received from printer:
125332659-> <6>
125347982-> ********************** COMMAND BEGIN **********************
125347982-> data sent to printer:
125347983-> <2>O1<3>
125348589-> data received from printer:
125348748-> <2>203028<3><6>
125348867-> ********************** COMMAND BEGIN **********************
125348868-> data sent to printer:
125348869-> <2>P120/04/2023 DEBITO   000000050000<3>
125349139-> data received from printer:
125349291-> <6>
125349291-> ********************** COMMAND BEGIN **********************
125349292-> data sent to printer:
125349292-> <2>P120/04/2023 TRANSFERE000000040000<3>
125349558-> data received from printer:
125349712-> <6>
125349712-> ********************** COMMAND BEGIN **********************
125349713-> data sent to printer:
125349713-> <2>P120/04/2023 EFECTIVO 000000126950<3>
125350178-> data received from printer:
125350342-> <6>
125350342-> ********************** COMMAND BEGIN **********************
125350343-> data sent to printer:
125350343-> <2>V<3>
125350535-> data received from printer:
125350687-> <6>
125350688-> ********************** COMMAND BEGIN **********************
125350688-> data sent to printer:
125350688-> <2>VNumero Orden: 0104522<3>
125350904-> data received from printer:
125351062-> <6>
125351062-> ********************** COMMAND BEGIN **********************
125351063-> data sent to printer:
125351063-> <2>V<3>
125351253-> data received from printer:
125351408-> <6>
125351454-> ********************** COMMAND BEGIN **********************
125351454-> data sent to printer:
125351454-> <2>Y0<3>
125351504-> data received from printer:
125351786-> <2>SENIAT    J-316292649    1600*800*3100*2          Bs.0TIY1900001060120230736*300<3><6>
125351787-> ********************** COMMAND BEGIN **********************
125351787-> data sent to printer:
125351787-> <2>S<3>
125351794-> data received from printer:
125351951-> <21>
125351951-> ********************** COMMAND BEGIN **********************
125351952-> data sent to printer:
125351952-> <2>M<3>
125353209-> data received from printer:
125353361-> <6>
125948133-> OPEN PORT: COM1@9600
125948174-> OPEN PORT: COM1@9600
125948177-> ********************** COMMAND BEGIN **********************
125948177-> data sent to printer:
125948178-> <2>L&1<3>
125949845-> data received from printer:
125950007-> <2>2304*2302<3><6>
125950008-> ********************** COMMAND BEGIN **********************
125950008-> data sent to printer:
125950008-> <2>VRazon Social: Angel Moran<3>
125950223-> data received from printer:
125950382-> <6>
125950382-> ********************** COMMAND BEGIN **********************
125950383-> data sent to printer:
125950383-> <2>VCI/Rif: V-1800368<3>
125950591-> data received from printer:
125950743-> <6>
125950743-> ********************** COMMAND BEGIN **********************
125950744-> data sent to printer:
125950744-> <2>V----------------------------------------<3>
125951011-> data received from printer:
125951164-> <6>
125955825-> ********************** COMMAND BEGIN **********************
125955825-> data sent to printer:
125955825-> <2>VM144902 NPCOCDES770743A<3>
125956040-> data received from printer:
125956203-> <6>
125956203-> ********************** COMMAND BEGIN **********************
125956204-> data sent to printer:
125956204-> <2>N11,000xBs193,36      00000193361<3>
125956486-> data received from printer:
125956638-> <6>
130001979-> ********************** COMMAND BEGIN **********************
130001980-> data sent to printer:
130001980-> <2>VC000001 VISION SENCILLA TERMINADO <3>
130002206-> data received from printer:
130002367-> <6>
130002367-> ********************** COMMAND BEGIN **********************
130002368-> data sent to printer:
130002368-> <2>N12,000xBs229,62      00000459240<3>
130002645-> data received from printer:
130002803-> <6>
130101347-> ********************** COMMAND BEGIN **********************
130101347-> data sent to printer:
130101348-> <2>O1<3>
130102472-> data received from printer:
130102627-> <2>68354<3><6>
130111535-> ********************** COMMAND BEGIN **********************
130111536-> data sent to printer:
130111537-> <2>P120/04/2023 TRANSFERE000000030000<3>
130111808-> data received from printer:
130111966-> <6>
130111966-> ********************** COMMAND BEGIN **********************
130111967-> data sent to printer:
130111967-> <2>P120/04/2023 DEBITO   000000020000<3>
130112233-> data received from printer:
130112386-> <6>
130112387-> ********************** COMMAND BEGIN **********************
130112387-> data sent to printer:
130112387-> <2>P120/04/2023 EFECTIVO 000000018354<3>
130112654-> data received from printer:
130112806-> <6>
130112807-> ********************** COMMAND BEGIN **********************
130112807-> data sent to printer:
130112807-> <2>V<3>
130113001-> data received from printer:
130113167-> <6>
130113167-> ********************** COMMAND BEGIN **********************
130113168-> data sent to printer:
130113168-> <2>VNumero Orden: 0104521<3>
130113380-> data received from printer:
130113544-> <6>
130113545-> ********************** COMMAND BEGIN **********************
130113545-> data sent to printer:
130113545-> <2>V<3>
130113738-> data received from printer:
130113889-> <6>
130114226-> ********************** COMMAND BEGIN **********************
130114227-> data sent to printer:
130114229-> <2>Y0<3>
130114279-> data received from printer:
130114558-> <2>SENIAT    J-316292649    1600*800*3100*2          Bs.0TIY1900001060120230743*300<3><6>
130114559-> ********************** COMMAND BEGIN **********************
130114559-> data sent to printer:
130114559-> <2>S<3>
130114567-> data received from printer:
130114723-> <21>
130114724-> ********************** COMMAND BEGIN **********************
130114724-> data sent to printer:
130114724-> <2>M<3>
130116043-> data received from printer:
130116209-> <6>
133521442-> OPEN PORT: COM1@9600
133521481-> OPEN PORT: COM1@9600
133521483-> ********************** COMMAND BEGIN **********************
133521484-> data sent to printer:
133521484-> <2>L&1<3>
133523122-> data received from printer:
133523282-> <2>2309*2308<3><6>
133523283-> ********************** COMMAND BEGIN **********************
133523283-> data sent to printer:
133523284-> <2>VRazon Social: Maria Pena<3>
133523537-> data received from printer:
133523703-> <6>
133523703-> ********************** COMMAND BEGIN **********************
133523704-> data sent to printer:
133523704-> <2>VCI/Rif: V-18001525<3>
133523912-> data received from printer:
133524064-> <6>
133524065-> ********************** COMMAND BEGIN **********************
133524065-> data sent to printer:
133524065-> <2>V----------------------------------------<3>
133524298-> data received from printer:
133524455-> <6>
133529304-> ********************** COMMAND BEGIN **********************
133529305-> data sent to printer:
133529305-> <2>VC000013 ULTRA DELGADO 1.60 ASFERICO <3>
133529536-> data received from printer:
133529696-> <6>
133529697-> ********************** COMMAND BEGIN **********************
133529697-> data sent to printer:
133529697-> <2>N12,000xBs1445,50     00002891000<3>
133529970-> data received from printer:
133530131-> <6>
133534223-> ********************** COMMAND BEGIN **********************
133534223-> data sent to printer:
133534224-> <2>VM002353 CMCC2J932250M<3>
133534438-> data received from printer:
133534604-> <6>
133534604-> ********************** COMMAND BEGIN **********************
133534605-> data sent to printer:
133534605-> <2>N11,000xBs196,00      00000196000<3>
133534881-> data received from printer:
133535040-> <6>
133709678-> ********************** COMMAND BEGIN **********************
133709679-> data sent to printer:
133709679-> <2>Q<3>
133710043-> data received from printer:
133710202-> <6>
133731113-> ********************** COMMAND BEGIN **********************
133731114-> data sent to printer:
133731114-> <2>M<3>
133731122-> data received from printer:
133731275-> <21>
134024309-> OPEN PORT: COM1@9600
134024349-> OPEN PORT: COM1@9600
134024353-> ********************** COMMAND BEGIN **********************
134024353-> data sent to printer:
134024353-> <2>L&1<3>
134026024-> data received from printer:
134026181-> <2>2310*2309<3><6>
134026182-> ********************** COMMAND BEGIN **********************
134026182-> data sent to printer:
134026182-> <2>VRazon Social: Maria Pena<3>
134026398-> data received from printer:
134026557-> <6>
134026557-> ********************** COMMAND BEGIN **********************
134026558-> data sent to printer:
134026558-> <2>VCI/Rif: V-18001525<3>
134026769-> data received from printer:
134026933-> <6>
134026933-> ********************** COMMAND BEGIN **********************
134026934-> data sent to printer:
134026934-> <2>V----------------------------------------<3>
134027165-> data received from printer:
134027323-> <6>
134042380-> ********************** COMMAND BEGIN **********************
134042381-> data sent to printer:
134042381-> <2>VC000013 ULTRA DELGADO 1.60 ASFERICO <3>
134042610-> data received from printer:
134042766-> <6>
134042766-> ********************** COMMAND BEGIN **********************
134042767-> data sent to printer:
134042767-> <2>N12,000xBs1445,50     00002891000<3>
134043043-> data received from printer:
134043202-> <6>
134043202-> ********************** COMMAND BEGIN **********************
134043203-> data sent to printer:
134043203-> <2>VM002353 CMCC2J932250M<3>
134043415-> data received from printer:
134043577-> <6>
134043577-> ********************** COMMAND BEGIN **********************
134043578-> data sent to printer:
134043578-> <2>N11,000xBs196,00      00000196000<3>
134043888-> data received from printer:
134044043-> <6>
134704688-> ********************** COMMAND BEGIN **********************
134704689-> data sent to printer:
134704689-> <2>Q<3>
134705052-> data received from printer:
134705214-> <6>
134705215-> ********************** COMMAND BEGIN **********************
134705215-> data sent to printer:
134705215-> <2>M<3>
134705222-> data received from printer:
134705378-> <21>
134745420-> OPEN PORT: COM1@9600
134745462-> OPEN PORT: COM1@9600
134745464-> ********************** COMMAND BEGIN **********************
134745465-> data sent to printer:
134745465-> <2>L&1<3>
134747776-> data received from printer:
134747929-> <2>2311*2310<3><6>
134747930-> ********************** COMMAND BEGIN **********************
134747930-> data sent to printer:
134747930-> <2>VRazon Social: Maria Pena<3>
134748146-> data received from printer:
134748305-> <6>
134748305-> ********************** COMMAND BEGIN **********************
134748306-> data sent to printer:
134748306-> <2>VCI/Rif: V-18001525<3>
134748517-> data received from printer:
134748681-> <6>
134748681-> ********************** COMMAND BEGIN **********************
134748682-> data sent to printer:
134748682-> <2>V----------------------------------------<3>
134748912-> data received from printer:
134749072-> <6>
134753587-> ********************** COMMAND BEGIN **********************
134753587-> data sent to printer:
134753588-> <2>VC000013 ULTRA DELGADO 1.60 ASFERICO <3>
134753815-> data received from printer:
134753967-> <6>
134753967-> ********************** COMMAND BEGIN **********************
134753968-> data sent to printer:
134753968-> <2>N12,000xBs1445,50     00002891000<3>
134754244-> data received from printer:
134754403-> <6>
134754403-> ********************** COMMAND BEGIN **********************
134754403-> data sent to printer:
134754404-> <2>VM002353 CMCC2J932250M<3>
134754616-> data received from printer:
134754779-> <6>
134754779-> ********************** COMMAND BEGIN **********************
134754780-> data sent to printer:
134754780-> <2>N11,000xBs196,00      00000196000<3>
134755053-> data received from printer:
134755214-> <6>
134802190-> ********************** COMMAND BEGIN **********************
134802191-> data sent to printer:
134802191-> <2>OT266836<0><0><0><0><0><0>(T<3>
134802936-> data received from printer:
134803101-> <2>316705<3><6>
134803110-> ********************** COMMAND BEGIN **********************
134803110-> data sent to printer:
134803110-> <2>P105/10/2022 DIVISAS  000000785691<3>
134803575-> data received from printer:
134803731-> <6>
134803731-> ********************** COMMAND BEGIN **********************
134803732-> data sent to printer:
134803732-> <2>P105/10/2022 EFECTIVO 000000045000<3>
134804000-> data received from printer:
134804151-> <6>
134804152-> ********************** COMMAND BEGIN **********************
134804152-> data sent to printer:
134804152-> <2>V<3>
134804346-> data received from printer:
134804511-> <6>
134804511-> ********************** COMMAND BEGIN **********************
134804512-> data sent to printer:
134804512-> <2>VNumero Orden: 0000396<3>
134804725-> data received from printer:
134804888-> <6>
134804888-> ********************** COMMAND BEGIN **********************
134804888-> data sent to printer:
134804889-> <2>V<3>
134805081-> data received from printer:
134805234-> <6>
134805241-> ********************** COMMAND BEGIN **********************
134805241-> data sent to printer:
134805241-> <2>Y0<3>
134805291-> data received from printer:
134805565-> <2>SENIAT    J-316292649    1600*800*3100*2          Bs.0TIY1900001060120230830*300<3><6>
134805566-> ********************** COMMAND BEGIN **********************
134805566-> data sent to printer:
134805566-> <2>S<3>
134805574-> data received from printer:
134805730-> <21>
134805731-> ********************** COMMAND BEGIN **********************
134805731-> data sent to printer:
134805731-> <2>M<3>
134807049-> data received from printer:
134807214-> <6>
