152356130-> OPEN PORT: COM1@9600
152356288-> ********************** COMMAND BEGIN **********************
152356289-> data sent to printer:
152356290-> <2>Q<3>
152356298-> data received from printer:
152356458-> <21>
152356459-> ********************** COMMAND BEGIN **********************
152356459-> data sent to printer:
152356459-> <2>M<3>
152356466-> data received from printer:
152356624-> <21>
152357979-> OPEN PORT: COM1@9600
152358020-> OPEN PORT: COM1@9600
152358049-> ********************** COMMAND BEGIN **********************
152358049-> data sent to printer:
152358049-> <2>L&1<3>
152359718-> data received from printer:
152359872-> <2>2453*2441<3><6>
152359883-> ********************** COMMAND BEGIN **********************
152359883-> data sent to printer:
152359884-> <2>VRazon Social: Ana Rivas<3>
152400098-> data received from printer:
152400262-> <6>
152400262-> ********************** COMMAND BEGIN **********************
152400263-> data sent to printer:
152400263-> <2>VCI/Rif: V-10012858<3>
152400474-> data received from printer:
152400637-> <6>
152400637-> ********************** COMMAND BEGIN **********************
152400638-> data sent to printer:
152400638-> <2>V----------------------------------------<3>
152400868-> data received from printer:
152401028-> <6>
152401044-> ********************** COMMAND BEGIN **********************
152401045-> data sent to printer:
152401045-> <2>VM174044 DPCLGLAMMZLC00954N<3>
152401261-> data received from printer:
152401418-> <6>
152401420-> ********************** COMMAND BEGIN **********************
152401420-> data sent to printer:
152401420-> <2>N11,000xBs1113,99     00001113991<3>
152401702-> data received from printer:
152401854-> <6>
152401854-> ********************** COMMAND BEGIN **********************
152401855-> data sent to printer:
152401855-> <2>VC300412 RLX ULTRA CR 39 CleAR *<3>
152402078-> data received from printer:
152402229-> <6>
152402229-> ********************** COMMAND BEGIN **********************
152402230-> data sent to printer:
152402230-> <2>N12,000xBs1847,60     00003695200<3>
152402507-> data received from printer:
152402666-> <6>
152402667-> ********************** COMMAND BEGIN **********************
152402667-> data sent to printer:
152402667-> <2>VA000004 GARANTIA EXTENDIDA<3>
152402888-> data received from printer:
152403041-> <6>
152403041-> ********************** COMMAND BEGIN **********************
152403042-> data sent to printer:
152403042-> <2>N11,000xBs709,16      00000709161<3>
152404011-> data received from printer:
152404166-> <6>
152404381-> ********************** COMMAND BEGIN **********************
152404381-> data sent to printer:
152404382-> <2>OT456240<0><0><0><0><0><128>!&<3>
152405613-> data received from printer:
152405768-> <2>594692<3><6>
152405916-> ********************** COMMAND BEGIN **********************
152405916-> data sent to printer:
152405916-> <2>P127/05/2023 VISA     000000124766<3>
152406186-> data received from printer:
152406347-> <6>
152406347-> ********************** COMMAND BEGIN **********************
152406348-> data sent to printer:
152406348-> <2>P1DIVISAS             000000456240<3>
152406614-> data received from printer:
152406767-> <6>
152406768-> ********************** COMMAND BEGIN **********************
152406768-> data sent to printer:
152406768-> <2>V<3>
152406960-> data received from printer:
152407112-> <6>
152407112-> ********************** COMMAND BEGIN **********************
152407113-> data sent to printer:
152407113-> <2>VNumero Orden: 0069059<3>
152407362-> data received from printer:
152407517-> <6>
152407518-> ********************** COMMAND BEGIN **********************
152407518-> data sent to printer:
152407518-> <2>V<3>
152407710-> data received from printer:
152407862-> <6>
152408141-> ********************** COMMAND BEGIN **********************
152408141-> data sent to printer:
152408141-> <2>V*Contrato de Garantia Extendida para<3>
152408373-> data received from printer:
152408532-> <6>
152408532-> ********************** COMMAND BEGIN **********************
152408533-> data sent to printer:
152408533-> <2>V      Cristales Formulados:<3>
152408751-> data received from printer:
152408907-> <6>
152408907-> ********************** COMMAND BEGIN **********************
152408908-> data sent to printer:
152408908-> <2>V <3>
152409101-> data received from printer:
152409252-> <6>
152409252-> ********************** COMMAND BEGIN **********************
152409253-> data sent to printer:
152409253-> <2>VOD: ESF 1,75 EJE 10 CIL -0,25 ADD 2,50<3>
152409487-> data received from printer:
152409643-> <6>
152409643-> ********************** COMMAND BEGIN **********************
152409644-> data sent to printer:
152409644-> <2>VOI: ESF 1,50 EJE 180 CIL -0,25 ADD 2,50<3>
152409875-> data received from printer:
152410033-> <6>
152410034-> ********************** COMMAND BEGIN **********************
152410034-> data sent to printer:
152410034-> <2>V <3>
152410227-> data received from printer:
152410379-> <6>
152410379-> ********************** COMMAND BEGIN **********************
152410380-> data sent to printer:
152410380-> <2>VCondiciones legales en el Contrato<3>
152410609-> data received from printer:
152410769-> <6>
152410769-> ********************** COMMAND BEGIN **********************
152410770-> data sent to printer:
152410770-> <2>VSuscrito.<3>
152410970-> data received from printer:
152411130-> <6>
152411131-> ********************** COMMAND BEGIN **********************
152411131-> data sent to printer:
152411131-> <2>V <3>
152411324-> data received from printer:
152411476-> <6>
152411515-> ********************** COMMAND BEGIN **********************
152411515-> data sent to printer:
152411516-> <2>V<161><161><161>GRACIAS POR SU COMPRA!!!<3>
152411738-> data received from printer:
152411896-> <6>
152411896-> ********************** COMMAND BEGIN **********************
152411897-> data sent to printer:
152411897-> <2>VSolo se aceptaran devoluciones<3>
152412154-> data received from printer:
152412316-> <6>
152412316-> ********************** COMMAND BEGIN **********************
152412317-> data sent to printer:
152412317-> <2>Vpor defectos de fabrica, con la<3>
152412543-> data received from printer:
152412707-> <6>
152412707-> ********************** COMMAND BEGIN **********************
152412708-> data sent to printer:
152412708-> <2>Vpresentacion de esta factura (original),<3>
152412940-> data received from printer:
152413098-> <6>
152413098-> ********************** COMMAND BEGIN **********************
152413099-> data sent to printer:
152413099-> <2>Vdentro de los treinta (30) dias<3>
152413324-> data received from printer:
152413489-> <6>
152413489-> ********************** COMMAND BEGIN **********************
152413490-> data sent to printer:
152413490-> <2>Vsiguientes a la emision de la misma.<3>
152413721-> data received from printer:
152413880-> <6>
152413881-> ********************** COMMAND BEGIN **********************
152413882-> data sent to printer:
152413882-> <2>Y0<3>
152413931-> data received from printer:
152414210-> <2>SENIAT    J-316292649    1600*800*3100*2          Bs.0TIY1900001070320231004*300<3><6>
152414211-> ********************** COMMAND BEGIN **********************
152414211-> data sent to printer:
152414211-> <2>S<3>
152414219-> data received from printer:
152414376-> <21>
152414376-> ********************** COMMAND BEGIN **********************
152414377-> data sent to printer:
152414377-> <2>M<3>
152415686-> data received from printer:
152415846-> <6>
