113659542-> OPEN PORT: COM1@9600
113659606-> ********************** COMMAND BEGIN **********************
113659607-> data sent to printer:
113659608-> <2>L&2<3>
113701273-> data received from printer:
113701438-> <2>187*157<3><6>
113701439-> ********************** COMMAND BEGIN **********************
113701439-> data sent to printer:
113701440-> <2>VRazon Social: BRAYAN ALAYON<3>
113701661-> data received from printer:
113701813-> <6>
113701813-> ********************** COMMAND BEGIN **********************
113701814-> data sent to printer:
113701814-> <2>VCI/Rif: V25706090<3>
113702021-> data received from printer:
113702174-> <6>
113702175-> ********************** COMMAND BEGIN **********************
113702175-> data sent to printer:
113702176-> <2>VDatos del Documento Original:<3>
113702397-> data received from printer:
113702549-> <6>
113702550-> ********************** COMMAND BEGIN **********************
113702550-> data sent to printer:
113702551-> <2>VNumero: 0001628<3>
113702759-> data received from printer:
113702910-> <6>
113702910-> ********************** COMMAND BEGIN **********************
113702911-> data sent to printer:
113702911-> <2>VFecha: 30/09/2023<3>
113703118-> data received from printer:
113703270-> <6>
113703270-> ********************** COMMAND BEGIN **********************
113703271-> data sent to printer:
113703271-> <2>VSerial Fiscal: TIX2290065<3>
113703489-> data received from printer:
113703645-> <6>
113703646-> ********************** COMMAND BEGIN **********************
113703646-> data sent to printer:
113703646-> <2>V----------------------------------------<3>
113703914-> data received from printer:
113704080-> <6>
113704336-> ********************** COMMAND BEGIN **********************
113704338-> data sent to printer:
113704339-> <2>VM176507 CPCLMETR202261NR<3>
113704557-> data received from printer:
113704719-> <6>
113704720-> ********************** COMMAND BEGIN **********************
113704720-> data sent to printer:
113704721-> <2>R11,000xBs1370,29     00001370291<3>
113705003-> data received from printer:
113705155-> <6>
113705156-> ********************** COMMAND BEGIN **********************
113705156-> data sent to printer:
113705157-> <2>VC000899 Maxi Delgado ChromActive BlueCu<3>
113705388-> data received from printer:
113705545-> <6>
113705545-> ********************** COMMAND BEGIN **********************
113705546-> data sent to printer:
113705546-> <2>R12,000xBs787,19      00001574380<3>
113705822-> data received from printer:
113705980-> <6>
113705980-> ********************** COMMAND BEGIN **********************
113705981-> data sent to printer:
113705981-> <2>VA000004 GARANTIA EXTENDIDA<3>
113706203-> data received from printer:
113706355-> <6>
113706355-> ********************** COMMAND BEGIN **********************
113706356-> data sent to printer:
113706356-> <2>R11,000xBs277,83      00000277831<3>
113706634-> data received from printer:
113706790-> <6>
113707067-> ********************** COMMAND BEGIN **********************
113707068-> data sent to printer:
113707068-> <2>O1<3>
113708195-> data received from printer:
113708346-> <2>348620<3><6>
113708347-> ********************** COMMAND BEGIN **********************
113708347-> data sent to printer:
113708347-> <2>VMonto Disponible:  3536,08<3>
113708566-> data received from printer:
113708722-> <6>
113708724-> ********************** COMMAND BEGIN **********************
113708724-> data sent to printer:
113708725-> <2>Y0<3>
113708774-> data received from printer:
113709054-> <2>SENIAT    J-316292649    1600*800*3100*2          Bs.0TIY1900001010720230614*300<3><6>
113709055-> ********************** COMMAND BEGIN **********************
113709055-> data sent to printer:
113709056-> <2>S<3>
113709064-> data received from printer:
113709219-> <21>
113709220-> ********************** COMMAND BEGIN **********************
113709220-> data sent to printer:
113709221-> <2>M<3>
113710504-> data received from printer:
113710659-> <6>
114417427-> OPEN PORT: COM1@9600
114417470-> ********************** COMMAND BEGIN **********************
114417470-> data sent to printer:
114417471-> <2>Q<3>
114417478-> data received from printer:
114417636-> <21>
114417637-> ********************** COMMAND BEGIN **********************
114417637-> data sent to printer:
114417637-> <2>M<3>
114417645-> data received from printer:
114417802-> <21>
114421360-> OPEN PORT: COM1@9600
114421402-> OPEN PORT: COM1@9600
114421406-> ********************** COMMAND BEGIN **********************
114421407-> data sent to printer:
114421407-> <2>L&1<3>
114423078-> data received from printer:
114423229-> <2>2564*2540<3><6>
114423230-> ********************** COMMAND BEGIN **********************
114423230-> data sent to printer:
114423231-> <2>VRazon Social: Gabriela Fernandez<3>
114423455-> data received from printer:
114423621-> <6>
114423621-> ********************** COMMAND BEGIN **********************
114423622-> data sent to printer:
114423622-> <2>VCI/Rif: V-15920433<3>
114423833-> data received from printer:
114423996-> <6>
114423997-> ********************** COMMAND BEGIN **********************
114423997-> data sent to printer:
114423998-> <2>V----------------------------------------<3>
114424228-> data received from printer:
114424386-> <6>
114424388-> ********************** COMMAND BEGIN **********************
114424388-> data sent to printer:
114424389-> <2>VM173259 JPCGROSERI00353RS<3>
114424642-> data received from printer:
114424808-> <6>
114424808-> ********************** COMMAND BEGIN **********************
114424809-> data sent to printer:
114424809-> <2>N11,000xBs364,88      00000364881<3>
114425087-> data received from printer:
114425243-> <6>
114425244-> ********************** COMMAND BEGIN **********************
114425244-> data sent to printer:
114425245-> <2>VC000001 VISION SENCILLA TERMINADO <3>
114425472-> data received from printer:
114425634-> <6>
114425635-> ********************** COMMAND BEGIN **********************
114425635-> data sent to printer:
114425635-> <2>N12,000xBs115,55      00000231100<3>
114425914-> data received from printer:
114426070-> <6>
114426351-> ********************** COMMAND BEGIN **********************
114426352-> data sent to printer:
114426352-> <2>O1<3>
114428074-> data received from printer:
114428225-> <2>65436<3><6>
114428257-> ********************** COMMAND BEGIN **********************
114428258-> data sent to printer:
114428259-> <2>P109/10/2023 EFECTIVO 000000065435<3>
114428563-> data received from printer:
114428721-> <6>
114428722-> ********************** COMMAND BEGIN **********************
114428722-> data sent to printer:
114428723-> <2>V<3>
114428915-> data received from printer:
114429067-> <6>
114429067-> ********************** COMMAND BEGIN **********************
114429068-> data sent to printer:
114429068-> <2>VNumero Orden: 0069474<3>
114429284-> data received from printer:
114429442-> <6>
114429443-> ********************** COMMAND BEGIN **********************
114429443-> data sent to printer:
114429443-> <2>V<3>
114429634-> data received from printer:
114429787-> <6>
114429844-> ********************** COMMAND BEGIN **********************
114429846-> data sent to printer:
114429847-> <2>V<161><161><161>GRACIAS POR SU COMPRA!!!<3>
114430067-> data received from printer:
114430223-> <6>
114430223-> ********************** COMMAND BEGIN **********************
114430224-> data sent to printer:
114430224-> <2>VSolo se aceptaran devoluciones<3>
114430450-> data received from printer:
114430614-> <6>
114430615-> ********************** COMMAND BEGIN **********************
114430615-> data sent to printer:
114430615-> <2>Vpor defectos de fabrica, con la<3>
114430838-> data received from printer:
114430989-> <6>
114430989-> ********************** COMMAND BEGIN **********************
114430990-> data sent to printer:
114430990-> <2>Vpresentacion de esta factura (original),<3>
114431223-> data received from printer:
114431380-> <6>
114431380-> ********************** COMMAND BEGIN **********************
114431381-> data sent to printer:
114431381-> <2>Vdentro de los treinta (30) dias<3>
114431608-> data received from printer:
114431770-> <6>
114431770-> ********************** COMMAND BEGIN **********************
114431771-> data sent to printer:
114431771-> <2>Vsiguientes a la emision de la misma.<3>
114432634-> data received from printer:
114432790-> <6>
114432791-> ********************** COMMAND BEGIN **********************
114432792-> data sent to printer:
114432792-> <2>Y0<3>
114432842-> data received from printer:
114433122-> <2>SENIAT    J-316292649    1600*800*3100*2          Bs.0TIY1900001010720230622*300<3><6>
114433123-> ********************** COMMAND BEGIN **********************
114433123-> data sent to printer:
114433123-> <2>S<3>
114433131-> data received from printer:
114433288-> <21>
114433288-> ********************** COMMAND BEGIN **********************
114433289-> data sent to printer:
114433289-> <2>M<3>
114434608-> data received from printer:
114434759-> <6>
124420253-> OPEN PORT: COM1@9600
124420402-> ********************** COMMAND BEGIN **********************
124420403-> data sent to printer:
124420405-> <2>L&2<3>
124422072-> data received from printer:
124422236-> <2>188*157<3><6>
124422237-> ********************** COMMAND BEGIN **********************
124422237-> data sent to printer:
124422237-> <2>VRazon Social: GABRIELA FERNANDEZ<3>
124422460-> data received from printer:
124422611-> <6>
124422612-> ********************** COMMAND BEGIN **********************
124422612-> data sent to printer:
124422612-> <2>VCI/Rif: V15920433<3>
124422821-> data received from printer:
124422972-> <6>
124422972-> ********************** COMMAND BEGIN **********************
124422973-> data sent to printer:
124422973-> <2>VDatos del Documento Original:<3>
124423197-> data received from printer:
124423362-> <6>
124423363-> ********************** COMMAND BEGIN **********************
124423363-> data sent to printer:
124423364-> <2>VNumero: 0002564<3>
124423568-> data received from printer:
124423723-> <6>
124423724-> ********************** COMMAND BEGIN **********************
124423724-> data sent to printer:
124423724-> <2>VFecha: 13/10/2023<3>
124423933-> data received from printer:
124424099-> <6>
124424100-> ********************** COMMAND BEGIN **********************
124424100-> data sent to printer:
124424100-> <2>VSerial Fiscal: TIY1900001<3>
124424319-> data received from printer:
124424475-> <6>
124424476-> ********************** COMMAND BEGIN **********************
124424476-> data sent to printer:
124424476-> <2>V----------------------------------------<3>
124424707-> data received from printer:
124424865-> <6>
124425095-> ********************** COMMAND BEGIN **********************
124425096-> data sent to printer:
124425097-> <2>VM173259 JPCGROSERI00353RS<3>
124425315-> data received from printer:
124425475-> <6>
124425476-> ********************** COMMAND BEGIN **********************
124425476-> data sent to printer:
124425477-> <2>R11,000xBs364,88      00000364881<3>
124425759-> data received from printer:
124425911-> <6>
124425912-> ********************** COMMAND BEGIN **********************
124425912-> data sent to printer:
124425913-> <2>VC000001 VISION SENCILLA TERMINADO <3>
124426139-> data received from printer:
124426301-> <6>
124426302-> ********************** COMMAND BEGIN **********************
124426303-> data sent to printer:
124426303-> <2>R12,000xBs115,55      00000231100<3>
124426581-> data received from printer:
124426736-> <6>
124427015-> ********************** COMMAND BEGIN **********************
124427015-> data sent to printer:
124427015-> <2>O1<3>
124428106-> data received from printer:
124428259-> <2>65436<3><6>
124428260-> ********************** COMMAND BEGIN **********************
124428260-> data sent to printer:
124428261-> <2>VMonto Disponible:  654,35<3>
124428480-> data received from printer:
124428634-> <6>
124428635-> ********************** COMMAND BEGIN **********************
124428635-> data sent to printer:
124428636-> <2>Y0<3>
124428685-> data received from printer:
124428965-> <2>SENIAT    J-316292649    1600*800*3100*2          Bs.0TIY1900001010720230721*300<3><6>
124428966-> ********************** COMMAND BEGIN **********************
124428966-> data sent to printer:
124428967-> <2>S<3>
124428974-> data received from printer:
124429131-> <21>
124429133-> ********************** COMMAND BEGIN **********************
124429133-> data sent to printer:
124429134-> <2>M<3>
124430454-> data received from printer:
124430618-> <6>
