085803759-> OPEN PORT: COM1@9600
085803809-> OPEN PORT: COM1@9600
085803812-> ********************** COMMAND BEGIN **********************
085803812-> data sent to printer:
085803813-> <2>L&1<3>
085805450-> data received from printer:
085805614-> <2>2407*2391<3><6>
085805615-> ********************** COMMAND BEGIN **********************
085805615-> data sent to printer:
085805615-> <2>VRazon Social: Wilfran Guillen <3>
085805836-> data received from printer:
085805989-> <6>
085805989-> ********************** COMMAND BEGIN **********************
085805990-> data sent to printer:
085805990-> <2>VCI/Rif: V-23925810<3>
085806200-> data received from printer:
085806365-> <6>
085806365-> ********************** COMMAND BEGIN **********************
085806366-> data sent to printer:
085806366-> <2>V----------------------------------------<3>
085806600-> data received from printer:
085806755-> <6>
085806769-> ********************** COMMAND BEGIN **********************
085806769-> data sent to printer:
085806770-> <2>VM176339 CPCCMHMHC223253A<3>
085806983-> data received from printer:
085807146-> <6>
085807147-> ********************** COMMAND BEGIN **********************
085807147-> data sent to printer:
085807148-> <2>N11,000xBs2606,80     00002606801<3>
085807427-> data received from printer:
085807581-> <6>
085807581-> ********************** COMMAND BEGIN **********************
085807582-> data sent to printer:
085807582-> <2>VC000019 VISION SENCILLA ANTIREFLEJO TER<3>
085807817-> data received from printer:
085807972-> <6>
085807972-> ********************** COMMAND BEGIN **********************
085807973-> data sent to printer:
085807973-> <2>N12,000xBs0,01        00000000020<3>
085808248-> data received from printer:
085808408-> <6>
085808409-> ********************** COMMAND BEGIN **********************
085808409-> data sent to printer:
085808409-> <2>VA000004 GARANTIA EXTENDIDA<3>
085808629-> data received from printer:
085808784-> <6>
085808784-> ********************** COMMAND BEGIN **********************
085808785-> data sent to printer:
085808785-> <2>N11,000xBs107,73      00000107731<3>
085809067-> data received from printer:
085809220-> <6>
085815289-> ********************** COMMAND BEGIN **********************
085815289-> data sent to printer:
085815290-> <2>Q<3>
085815678-> data received from printer:
085815841-> <6>
085815842-> ********************** COMMAND BEGIN **********************
085815842-> data sent to printer:
085815842-> <2>M<3>
085815850-> data received from printer:
085816007-> <21>
085821624-> OPEN PORT: COM1@9600
085821664-> OPEN PORT: COM1@9600
085821665-> ********************** COMMAND BEGIN **********************
085821665-> data sent to printer:
085821665-> <2>L&1<3>
085823334-> data received from printer:
085823488-> <2>2408*2407<3><6>
085823488-> ********************** COMMAND BEGIN **********************
085823489-> data sent to printer:
085823489-> <2>VRazon Social: Wilfran Guillen <3>
085823710-> data received from printer:
085823863-> <6>
085823863-> ********************** COMMAND BEGIN **********************
085823864-> data sent to printer:
085823864-> <2>VCI/Rif: V-23925810<3>
085824109-> data received from printer:
085824268-> <6>
085824268-> ********************** COMMAND BEGIN **********************
085824269-> data sent to printer:
085824269-> <2>V----------------------------------------<3>
085824501-> data received from printer:
085824658-> <6>
085824658-> ********************** COMMAND BEGIN **********************
085824659-> data sent to printer:
085824659-> <2>VM176339 CPCCMHMHC223253A<3>
085824877-> data received from printer:
085825033-> <6>
085825033-> ********************** COMMAND BEGIN **********************
085825034-> data sent to printer:
085825034-> <2>N11,000xBs2606,80     00002606801<3>
085825312-> data received from printer:
085825467-> <6>
085825468-> ********************** COMMAND BEGIN **********************
085825468-> data sent to printer:
085825468-> <2>VC000019 VISION SENCILLA ANTIREFLEJO TER<3>
085825702-> data received from printer:
085825858-> <6>
085825858-> ********************** COMMAND BEGIN **********************
085825859-> data sent to printer:
085825859-> <2>N12,000xBs0,01        00000000020<3>
085826138-> data received from printer:
085826294-> <6>
085826295-> ********************** COMMAND BEGIN **********************
085826295-> data sent to printer:
085826295-> <2>VA000004 GARANTIA EXTENDIDA<3>
085826513-> data received from printer:
085826669-> <6>
085826670-> ********************** COMMAND BEGIN **********************
085826670-> data sent to printer:
085826671-> <2>N11,000xBs107,73      00000107731<3>
085826951-> data received from printer:
085827104-> <6>
090008573-> ********************** COMMAND BEGIN **********************
090008574-> data sent to printer:
090008575-> <2>Q<3>
090008967-> data received from printer:
090009124-> <6>
090009124-> ********************** COMMAND BEGIN **********************
090009125-> data sent to printer:
090009125-> <2>M<3>
090009132-> data received from printer:
090009290-> <21>
093845994-> OPEN PORT: COM1@9600
093846044-> ********************** COMMAND BEGIN **********************
093846044-> data sent to printer:
093846044-> <2>Q<3>
093846052-> data received from printer:
093846211-> <21>
093846212-> ********************** COMMAND BEGIN **********************
093846212-> data sent to printer:
093846212-> <2>M<3>
093846220-> data received from printer:
093846377-> <21>
093903301-> OPEN PORT: COM1@9600
093903343-> OPEN PORT: COM1@9600
093903350-> ********************** COMMAND BEGIN **********************
093903351-> data sent to printer:
093903352-> <2>L&1<3>
093906305-> data received from printer:
093906455-> <2>2409*2408<3><6>
093906456-> ********************** COMMAND BEGIN **********************
093906456-> data sent to printer:
093906457-> <2>VRazon Social: Liliana  Barozzi<3>
093906680-> data received from printer:
093906831-> <6>
093906831-> ********************** COMMAND BEGIN **********************
093906832-> data sent to printer:
093906832-> <2>VCI/Rif: V-7337515<3>
093907038-> data received from printer:
093907191-> <6>
093907192-> ********************** COMMAND BEGIN **********************
093907192-> data sent to printer:
093907192-> <2>V----------------------------------------<3>
093907424-> data received from printer:
093907582-> <6>
093907584-> ********************** COMMAND BEGIN **********************
093907584-> data sent to printer:
093907585-> <2>VM159427 JPCVCDES200053N<3>
093907801-> data received from printer:
093907957-> <6>
093907958-> ********************** COMMAND BEGIN **********************
093907958-> data sent to printer:
093907959-> <2>N11,000xBs396,90      00000396901<3>
093908236-> data received from printer:
093908393-> <6>
093908394-> ********************** COMMAND BEGIN **********************
093908394-> data sent to printer:
093908394-> <2>VC000106 MAXI DELGADO 1.56 TERMINADO AR <3>
093908664-> data received from printer:
093908828-> <6>
093908828-> ********************** COMMAND BEGIN **********************
093908829-> data sent to printer:
093908829-> <2>N12,000xBs436,59      00000873180<3>
093909104-> data received from printer:
093909264-> <6>
093909264-> ********************** COMMAND BEGIN **********************
093909265-> data sent to printer:
093909265-> <2>VA000004 GARANTIA EXTENDIDA<3>
093909484-> data received from printer:
093909640-> <6>
093909640-> ********************** COMMAND BEGIN **********************
093909641-> data sent to printer:
093909641-> <2>N11,000xBs130,98      00000130981<3>
093909922-> data received from printer:
093910075-> <6>
093923786-> ********************** COMMAND BEGIN **********************
093923787-> data sent to printer:
093923787-> <2>OT148552<0><0><0><0><0><0><245><127><3>
093925017-> data received from printer:
093925170-> <2>153009<3><6>
093934020-> ********************** COMMAND BEGIN **********************
093934021-> data sent to printer:
093934021-> <2>P1DIVISAS             000000148552<3>
093934323-> data received from printer:
093934479-> <6>
093934480-> ********************** COMMAND BEGIN **********************
093934480-> data sent to printer:
093934480-> <2>V<3>
093934674-> data received from printer:
093934839-> <6>
093934840-> ********************** COMMAND BEGIN **********************
093934840-> data sent to printer:
093934840-> <2>VNumero Orden: 0069102<3>
093935052-> data received from printer:
093935215-> <6>
093935215-> ********************** COMMAND BEGIN **********************
093935216-> data sent to printer:
093935216-> <2>V<3>
093935408-> data received from printer:
093935561-> <6>
093935634-> ********************** COMMAND BEGIN **********************
093935634-> data sent to printer:
093935634-> <2>V*Contrato de Garantia Extendida para<3>
093935865-> data received from printer:
093936026-> <6>
093936026-> ********************** COMMAND BEGIN **********************
093936027-> data sent to printer:
093936027-> <2>V      Cristales Formulados:<3>
093936245-> data received from printer:
093936401-> <6>
093936402-> ********************** COMMAND BEGIN **********************
093936402-> data sent to printer:
093936402-> <2>V <3>
093936596-> data received from printer:
093936747-> <6>
093936747-> ********************** COMMAND BEGIN **********************
093936748-> data sent to printer:
093936748-> <2>VOD: ESF 5,50 EJE 90 CIL -1,75 ADD 0,00<3>
093936982-> data received from printer:
093937137-> <6>
093937137-> ********************** COMMAND BEGIN **********************
093937138-> data sent to printer:
093937138-> <2>VOI: ESF 5,75 EJE 85 CIL -2,00 ADD 0,00<3>
093937368-> data received from printer:
093937528-> <6>
093937528-> ********************** COMMAND BEGIN **********************
093937529-> data sent to printer:
093937529-> <2>V <3>
093937722-> data received from printer:
093937874-> <6>
093937874-> ********************** COMMAND BEGIN **********************
093937875-> data sent to printer:
093937875-> <2>VCondiciones legales en el Contrato<3>
093938105-> data received from printer:
093938266-> <6>
093938266-> ********************** COMMAND BEGIN **********************
093938267-> data sent to printer:
093938267-> <2>VSuscrito.<3>
093938467-> data received from printer:
093938628-> <6>
093938628-> ********************** COMMAND BEGIN **********************
093938629-> data sent to printer:
093938629-> <2>V <3>
093938859-> data received from printer:
093939018-> <6>
093939037-> ********************** COMMAND BEGIN **********************
093939038-> data sent to printer:
093939038-> <2>V<161><161><161>GRACIAS POR SU COMPRA!!!<3>
093939257-> data received from printer:
093939409-> <6>
093939409-> ********************** COMMAND BEGIN **********************
093939410-> data sent to printer:
093939410-> <2>VSolo se aceptaran devoluciones<3>
093939633-> data received from printer:
093939784-> <6>
093939784-> ********************** COMMAND BEGIN **********************
093939785-> data sent to printer:
093939785-> <2>Vpor defectos de fabrica, con la<3>
093940011-> data received from printer:
093940174-> <6>
093940174-> ********************** COMMAND BEGIN **********************
093940175-> data sent to printer:
093940175-> <2>Vpresentacion de esta factura (original),<3>
093940407-> data received from printer:
093940566-> <6>
093940566-> ********************** COMMAND BEGIN **********************
093940567-> data sent to printer:
093940567-> <2>Vdentro de los treinta (30) dias<3>
093940790-> data received from printer:
093940956-> <6>
093940956-> ********************** COMMAND BEGIN **********************
093940957-> data sent to printer:
093940957-> <2>Vsiguientes a la emision de la misma.<3>
093941189-> data received from printer:
093941347-> <6>
093941348-> ********************** COMMAND BEGIN **********************
093941348-> data sent to printer:
093941349-> <2>Y0<3>
093941398-> data received from printer:
093941679-> <2>SENIAT    J-316292649    1600*800*3100*2          Bs.0TIY1900001240220230419*300<3><6>
093941680-> ********************** COMMAND BEGIN **********************
093941681-> data sent to printer:
093941681-> <2>S<3>
093941689-> data received from printer:
093941845-> <21>
093941845-> ********************** COMMAND BEGIN **********************
093941846-> data sent to printer:
093941846-> <2>M<3>
093943192-> data received from printer:
093943346-> <6>
104249798-> OPEN PORT: COM1@9600
104249876-> ********************** COMMAND BEGIN **********************
104249876-> data sent to printer:
104249877-> <2>Q<3>
104249884-> data received from printer:
104250044-> <21>
104250044-> ********************** COMMAND BEGIN **********************
104250045-> data sent to printer:
104250045-> <2>M<3>
104250052-> data received from printer:
104250210-> <21>
110506787-> OPEN PORT: COM1@9600
110506827-> ********************** COMMAND BEGIN **********************
110506827-> data sent to printer:
110506827-> <2>Q<3>
110506835-> data received from printer:
110507000-> <21>
110507001-> ********************** COMMAND BEGIN **********************
110507001-> data sent to printer:
110507001-> <2>M<3>
110507008-> data received from printer:
110507165-> <21>
111019093-> OPEN PORT: COM1@9600
111019136-> ********************** COMMAND BEGIN **********************
111019136-> data sent to printer:
111019136-> <2>Q<3>
111019144-> data received from printer:
111019300-> <21>
111019300-> ********************** COMMAND BEGIN **********************
111019300-> data sent to printer:
111019300-> <2>M<3>
111019309-> data received from printer:
111019464-> <21>
130507739-> OPEN PORT: COM1@9600
130507809-> ********************** COMMAND BEGIN **********************
130507810-> data sent to printer:
130507810-> <2>Q<3>
130507818-> data received from printer:
130507981-> <21>
130507982-> ********************** COMMAND BEGIN **********************
130507982-> data sent to printer:
130507982-> <2>M<3>
130507990-> data received from printer:
130508147-> <21>
130519658-> OPEN PORT: COM1@9600
130519700-> OPEN PORT: COM1@9600
130519716-> ********************** COMMAND BEGIN **********************
130519716-> data sent to printer:
130519716-> <2>L&1<3>
130521386-> data received from printer:
130521545-> <2>2410*2408<3><6>
130521546-> ********************** COMMAND BEGIN **********************
130521546-> data sent to printer:
130521546-> <2>VRazon Social: Liliana  Barozzi<3>
130521767-> data received from printer:
130521921-> <6>
130521921-> ********************** COMMAND BEGIN **********************
130521922-> data sent to printer:
130521922-> <2>VCI/Rif: V-7337515<3>
130522131-> data received from printer:
130522282-> <6>
130522282-> ********************** COMMAND BEGIN **********************
130522283-> data sent to printer:
130522283-> <2>V----------------------------------------<3>
130522517-> data received from printer:
130522672-> <6>
130522675-> ********************** COMMAND BEGIN **********************
130522676-> data sent to printer:
130522676-> <2>VM159427 JPCVCDES200053N<3>
130522888-> data received from printer:
130523047-> <6>
130523048-> ********************** COMMAND BEGIN **********************
130523048-> data sent to printer:
130523048-> <2>N11,000xBs399,46      00000399461<3>
130523328-> data received from printer:
130523483-> <6>
130523483-> ********************** COMMAND BEGIN **********************
130523484-> data sent to printer:
130523484-> <2>VC000106 MAXI DELGADO 1.56 TERMINADO AR <3>
130523719-> data received from printer:
130523873-> <6>
130523873-> ********************** COMMAND BEGIN **********************
130523874-> data sent to printer:
130523874-> <2>N12,000xBs439,40      00000878800<3>
130524149-> data received from printer:
130524308-> <6>
130524308-> ********************** COMMAND BEGIN **********************
130524308-> data sent to printer:
130524308-> <2>VA000004 GARANTIA EXTENDIDA<3>
130524528-> data received from printer:
130524682-> <6>
130524682-> ********************** COMMAND BEGIN **********************
130524683-> data sent to printer:
130524683-> <2>N11,000xBs131,82      00000131821<3>
130524965-> data received from printer:
130525117-> <6>
130532708-> ********************** COMMAND BEGIN **********************
130532709-> data sent to printer:
130532710-> <2>P1DIVISAS             000000149508<3>
130532753-> data received from printer:
130532906-> <21>
130532906-> ********************** COMMAND BEGIN **********************
130532907-> data sent to printer:
130532907-> <2>Q<3>
130533295-> data received from printer:
130533448-> <6>
130533448-> ********************** COMMAND BEGIN **********************
130533449-> data sent to printer:
130533449-> <2>M<3>
130533456-> data received from printer:
130533613-> <21>
130805119-> OPEN PORT: COM1@9600
130805161-> ********************** COMMAND BEGIN **********************
130805162-> data sent to printer:
130805162-> <2>Q<3>
130805169-> data received from printer:
130805322-> <21>
130805322-> ********************** COMMAND BEGIN **********************
130805323-> data sent to printer:
130805323-> <2>M<3>
130805330-> data received from printer:
130805488-> <21>
130812424-> OPEN PORT: COM1@9600
130812466-> OPEN PORT: COM1@9600
130812467-> ********************** COMMAND BEGIN **********************
130812467-> data sent to printer:
130812467-> <2>L&1<3>
130814138-> data received from printer:
130814302-> <2>2411*2410<3><6>
130814302-> ********************** COMMAND BEGIN **********************
130814303-> data sent to printer:
130814303-> <2>VRazon Social: Liliana  Barozzi<3>
130814525-> data received from printer:
130814677-> <6>
130814677-> ********************** COMMAND BEGIN **********************
130814678-> data sent to printer:
130814678-> <2>VCI/Rif: V-7337515<3>
130814888-> data received from printer:
130815053-> <6>
130815053-> ********************** COMMAND BEGIN **********************
130815054-> data sent to printer:
130815054-> <2>V----------------------------------------<3>
130815285-> data received from printer:
130815444-> <6>
130815445-> ********************** COMMAND BEGIN **********************
130815445-> data sent to printer:
130815445-> <2>VM159427 JPCVCDES200053N<3>
130815698-> data received from printer:
130815850-> <6>
130815850-> ********************** COMMAND BEGIN **********************
130815851-> data sent to printer:
130815851-> <2>N11,000xBs399,46      00000399461<3>
130816129-> data received from printer:
130816286-> <6>
130816287-> ********************** COMMAND BEGIN **********************
130816287-> data sent to printer:
130816287-> <2>VC000106 MAXI DELGADO 1.56 TERMINADO AR <3>
130816520-> data received from printer:
130816676-> <6>
130816676-> ********************** COMMAND BEGIN **********************
130816677-> data sent to printer:
130816677-> <2>N12,000xBs439,40      00000878800<3>
130816956-> data received from printer:
130817111-> <6>
130817111-> ********************** COMMAND BEGIN **********************
130817112-> data sent to printer:
130817112-> <2>VA000004 GARANTIA EXTENDIDA<3>
130817330-> data received from printer:
130817487-> <6>
130817487-> ********************** COMMAND BEGIN **********************
130817488-> data sent to printer:
130817488-> <2>N11,000xBs131,82      00000131821<3>
130817768-> data received from printer:
130817923-> <6>
133929623-> ********************** COMMAND BEGIN **********************
133929626-> data sent to printer:
133929627-> <2>P1DIVISAS             000000149508<3>
133929670-> data received from printer:
133929830-> <21>
133929830-> ********************** COMMAND BEGIN **********************
133929831-> data sent to printer:
133929831-> <2>Q<3>
133930223-> data received from printer:
133930386-> <6>
133930387-> ********************** COMMAND BEGIN **********************
133930387-> data sent to printer:
133930387-> <2>M<3>
133930395-> data received from printer:
133930551-> <21>
134026128-> OPEN PORT: COM1@9600
134026169-> ********************** COMMAND BEGIN **********************
134026169-> data sent to printer:
134026169-> <2>Q<3>
134026177-> data received from printer:
134026331-> <21>
134026331-> ********************** COMMAND BEGIN **********************
134026332-> data sent to printer:
134026332-> <2>M<3>
134026339-> data received from printer:
134026497-> <21>
134038215-> OPEN PORT: COM1@9600
134038255-> OPEN PORT: COM1@9600
134038256-> ********************** COMMAND BEGIN **********************
134038256-> data sent to printer:
134038256-> <2>L&1<3>
134039927-> data received from printer:
134040089-> <2>2412*2411<3><6>
134040090-> ********************** COMMAND BEGIN **********************
134040090-> data sent to printer:
134040090-> <2>VRazon Social: Liliana  Barozzi<3>
134040310-> data received from printer:
134040464-> <6>
134040464-> ********************** COMMAND BEGIN **********************
134040465-> data sent to printer:
134040465-> <2>VCI/Rif: V-7337515<3>
134040673-> data received from printer:
134040824-> <6>
134040824-> ********************** COMMAND BEGIN **********************
134040825-> data sent to printer:
134040825-> <2>V----------------------------------------<3>
134041060-> data received from printer:
134041215-> <6>
134041215-> ********************** COMMAND BEGIN **********************
134041216-> data sent to printer:
134041216-> <2>VM159427 JPCVCDES200053N<3>
134041428-> data received from printer:
134041590-> <6>
134041590-> ********************** COMMAND BEGIN **********************
134041591-> data sent to printer:
134041591-> <2>N11,000xBs399,46      00000399461<3>
134041871-> data received from printer:
134042026-> <6>
134042027-> ********************** COMMAND BEGIN **********************
134042027-> data sent to printer:
134042027-> <2>VC000106 MAXI DELGADO 1.56 TERMINADO AR <3>
134042262-> data received from printer:
134042417-> <6>
134042417-> ********************** COMMAND BEGIN **********************
134042418-> data sent to printer:
134042418-> <2>N12,000xBs439,40      00000878800<3>
134042694-> data received from printer:
134042852-> <6>
134042853-> ********************** COMMAND BEGIN **********************
134042853-> data sent to printer:
134042853-> <2>VA000004 GARANTIA EXTENDIDA<3>
134043110-> data received from printer:
134043273-> <6>
134043274-> ********************** COMMAND BEGIN **********************
134043274-> data sent to printer:
134043274-> <2>N11,000xBs131,82      00000131821<3>
134043552-> data received from printer:
134043708-> <6>
134347657-> ********************** COMMAND BEGIN **********************
134347658-> data sent to printer:
134347658-> <2>P1DIVISAS             000000149508<3>
134347700-> data received from printer:
134347865-> <21>
134356010-> ********************** COMMAND BEGIN **********************
134356011-> data sent to printer:
134356012-> <2>Q<3>
134356403-> data received from printer:
134356563-> <6>
134358911-> ********************** COMMAND BEGIN **********************
134358913-> data sent to printer:
134358914-> <2>M<3>
134358923-> data received from printer:
134359080-> <21>
134518014-> OPEN PORT: COM1@9600
134518057-> ********************** COMMAND BEGIN **********************
134518057-> data sent to printer:
134518058-> <2>Q<3>
134518065-> data received from printer:
134518229-> <21>
134518229-> ********************** COMMAND BEGIN **********************
134518230-> data sent to printer:
134518230-> <2>M<3>
134518237-> data received from printer:
134518394-> <21>
134527290-> OPEN PORT: COM1@9600
134527333-> OPEN PORT: COM1@9600
134527333-> ********************** COMMAND BEGIN **********************
134527334-> data sent to printer:
134527334-> <2>L&1<3>
134529646-> data received from printer:
134529799-> <2>2413*2412<3><6>
134529799-> ********************** COMMAND BEGIN **********************
134529800-> data sent to printer:
134529800-> <2>VRazon Social: Liliana  Barozzi<3>
134530023-> data received from printer:
134530174-> <6>
134530174-> ********************** COMMAND BEGIN **********************
134530175-> data sent to printer:
134530175-> <2>VCI/Rif: V-7337515<3>
134530381-> data received from printer:
134530535-> <6>
134530535-> ********************** COMMAND BEGIN **********************
134530536-> data sent to printer:
134530536-> <2>V----------------------------------------<3>
134530768-> data received from printer:
134530926-> <6>
134530926-> ********************** COMMAND BEGIN **********************
134530927-> data sent to printer:
134530927-> <2>VM159427 JPCVCDES200053N<3>
134531143-> data received from printer:
134531301-> <6>
134531301-> ********************** COMMAND BEGIN **********************
134531302-> data sent to printer:
134531302-> <2>N11,000xBs399,46      00000399461<3>
134531579-> data received from printer:
134531736-> <6>
134531736-> ********************** COMMAND BEGIN **********************
134531737-> data sent to printer:
134531737-> <2>VC000106 MAXI DELGADO 1.56 TERMINADO AR <3>
134531970-> data received from printer:
134532126-> <6>
134532127-> ********************** COMMAND BEGIN **********************
134532127-> data sent to printer:
134532127-> <2>N12,000xBs439,40      00000878800<3>
134532406-> data received from printer:
134532562-> <6>
134532562-> ********************** COMMAND BEGIN **********************
134532563-> data sent to printer:
134532563-> <2>VA000004 GARANTIA EXTENDIDA<3>
134532780-> data received from printer:
134532937-> <6>
134532938-> ********************** COMMAND BEGIN **********************
134532938-> data sent to printer:
134532938-> <2>N11,000xBs131,82      00000131821<3>
134533218-> data received from printer:
134533373-> <6>
135856145-> ********************** COMMAND BEGIN **********************
135856146-> data sent to printer:
135856146-> <2>OT144114<0><0><0><0><0><128>`<15><3>
135857413-> data received from printer:
135857566-> <2>153831<3><6>
135905869-> ********************** COMMAND BEGIN **********************
135905870-> data sent to printer:
135905870-> <2>P1DIVISAS             000000149508<3>
135906135-> data received from printer:
135906287-> <6>
135916305-> ********************** COMMAND BEGIN **********************
135916305-> data sent to printer:
135916306-> <2>V<3>
135916497-> data received from printer:
135916658-> <6>
135918051-> ********************** COMMAND BEGIN **********************
135918051-> data sent to printer:
135918052-> <2>VNumero Orden: 0069119<3>
135918267-> data received from printer:
135918431-> <6>
135918431-> ********************** COMMAND BEGIN **********************
135918432-> data sent to printer:
135918432-> <2>V<3>
135918622-> data received from printer:
135918777-> <6>
135919186-> ********************** COMMAND BEGIN **********************
135919187-> data sent to printer:
135919187-> <2>V*Contrato de Garantia Extendida para<3>
135919417-> data received from printer:
135919568-> <6>
135919568-> ********************** COMMAND BEGIN **********************
135919569-> data sent to printer:
135919569-> <2>V      Cristales Formulados:<3>
135919791-> data received from printer:
135919944-> <6>
135919944-> ********************** COMMAND BEGIN **********************
135919945-> data sent to printer:
135919945-> <2>V <3>
135920171-> data received from printer:
135920334-> <6>
135920334-> ********************** COMMAND BEGIN **********************
135920335-> data sent to printer:
135920335-> <2>VOD: ESF 5,50 EJE 90 CIL -1,75 ADD 0,00<3>
135920569-> data received from printer:
135920724-> <6>
135920724-> ********************** COMMAND BEGIN **********************
135920725-> data sent to printer:
135920725-> <2>VOI: ESF 5,75 EJE 85 CIL -2,00 ADD 0,00<3>
135920955-> data received from printer:
135921115-> <6>
135921115-> ********************** COMMAND BEGIN **********************
135921116-> data sent to printer:
135921116-> <2>V <3>
135921309-> data received from printer:
135921461-> <6>
135921462-> ********************** COMMAND BEGIN **********************
135921462-> data sent to printer:
135921462-> <2>VCondiciones legales en el Contrato<3>
135921692-> data received from printer:
135921852-> <6>
135921852-> ********************** COMMAND BEGIN **********************
135921853-> data sent to printer:
135921853-> <2>VSuscrito.<3>
135922053-> data received from printer:
135922212-> <6>
135922213-> ********************** COMMAND BEGIN **********************
135922213-> data sent to printer:
135922213-> <2>V <3>
135922406-> data received from printer:
135922572-> <6>
135922612-> ********************** COMMAND BEGIN **********************
135922612-> data sent to printer:
135922613-> <2>V<161><161><161>GRACIAS POR SU COMPRA!!!<3>
135922834-> data received from printer:
135922994-> <6>
135922994-> ********************** COMMAND BEGIN **********************
135922995-> data sent to printer:
135922995-> <2>VSolo se aceptaran devoluciones<3>
135923216-> data received from printer:
135923369-> <6>
135923370-> ********************** COMMAND BEGIN **********************
135923370-> data sent to printer:
135923370-> <2>Vpor defectos de fabrica, con la<3>
135923594-> data received from printer:
135923745-> <6>
135923745-> ********************** COMMAND BEGIN **********************
135923746-> data sent to printer:
135923746-> <2>Vpresentacion de esta factura (original),<3>
135923982-> data received from printer:
135924136-> <6>
135924137-> ********************** COMMAND BEGIN **********************
135924137-> data sent to printer:
135924137-> <2>Vdentro de los treinta (30) dias<3>
135924360-> data received from printer:
135924512-> <6>
135924513-> ********************** COMMAND BEGIN **********************
135924513-> data sent to printer:
135924513-> <2>Vsiguientes a la emision de la misma.<3>
135924780-> data received from printer:
135924933-> <6>
135924934-> ********************** COMMAND BEGIN **********************
135924935-> data sent to printer:
135924935-> <2>Y0<3>
135924984-> data received from printer:
135925263-> <2>SENIAT    J-316292649    1600*800*3100*2          Bs.0TIY1900001240220230839*300<3><6>
135925264-> ********************** COMMAND BEGIN **********************
135925264-> data sent to printer:
135925264-> <2>S<3>
135925272-> data received from printer:
135925429-> <21>
135925429-> ********************** COMMAND BEGIN **********************
135925430-> data sent to printer:
135925430-> <2>M<3>
135926740-> data received from printer:
135926899-> <6>
151258292-> OPEN PORT: COM1@9600
151258339-> ********************** COMMAND BEGIN **********************
151258339-> data sent to printer:
151258340-> <2>Q<3>
151258347-> data received from printer:
151258507-> <21>
151258508-> ********************** COMMAND BEGIN **********************
151258508-> data sent to printer:
151258508-> <2>M<3>
151258516-> data received from printer:
151258672-> <21>
151302721-> OPEN PORT: COM1@9600
151302761-> OPEN PORT: COM1@9600
151302763-> ********************** COMMAND BEGIN **********************
151302763-> data sent to printer:
151302763-> <2>L&1<3>
151305085-> data received from printer:
151305241-> <2>2414*2412<3><6>
151305242-> ********************** COMMAND BEGIN **********************
151305242-> data sent to printer:
151305242-> <2>VRazon Social: Liliana  Barozzi<3>
151305464-> data received from printer:
151305616-> <6>
151305616-> ********************** COMMAND BEGIN **********************
151305617-> data sent to printer:
151305617-> <2>VCI/Rif: V-7337515<3>
151305828-> data received from printer:
151305993-> <6>
151305993-> ********************** COMMAND BEGIN **********************
151305994-> data sent to printer:
151305994-> <2>V----------------------------------------<3>
151306225-> data received from printer:
151306385-> <6>
151306387-> ********************** COMMAND BEGIN **********************
151306387-> data sent to printer:
151306387-> <2>VM159427 JPCVCDES200053N<3>
151306602-> data received from printer:
151306761-> <6>
151306761-> ********************** COMMAND BEGIN **********************
151306762-> data sent to printer:
151306762-> <2>N11,000xBs399,46      00000399461<3>
151307043-> data received from printer:
151307197-> <6>
151307197-> ********************** COMMAND BEGIN **********************
151307198-> data sent to printer:
151307198-> <2>VC000106 MAXI DELGADO 1.56 TERMINADO AR <3>
151307464-> data received from printer:
151307617-> <6>
151307617-> ********************** COMMAND BEGIN **********************
151307618-> data sent to printer:
151307618-> <2>N12,000xBs439,40      00000878800<3>
151307897-> data received from printer:
151308052-> <6>
151308052-> ********************** COMMAND BEGIN **********************
151308053-> data sent to printer:
151308053-> <2>VA000004 GARANTIA EXTENDIDA<3>
151308270-> data received from printer:
151308427-> <6>
151308427-> ********************** COMMAND BEGIN **********************
151308428-> data sent to printer:
151308428-> <2>N11,000xBs131,82      00000131821<3>
151308708-> data received from printer:
151308863-> <6>
151436064-> ********************** COMMAND BEGIN **********************
151436065-> data sent to printer:
151436065-> <2>P1DIVISAS             000000149508<3>
151436107-> data received from printer:
151436268-> <21>
151441159-> ********************** COMMAND BEGIN **********************
151441159-> data sent to printer:
151441160-> <2>Q<3>
151441552-> data received from printer:
151441713-> <6>
151441713-> ********************** COMMAND BEGIN **********************
151441714-> data sent to printer:
151441714-> <2>M<3>
151441721-> data received from printer:
151441878-> <21>
151720809-> OPEN PORT: COM1@9600
151720851-> ********************** COMMAND BEGIN **********************
151720851-> data sent to printer:
151720852-> <2>Q<3>
151720860-> data received from printer:
151721016-> <21>
151721016-> ********************** COMMAND BEGIN **********************
151721017-> data sent to printer:
151721017-> <2>M<3>
151721024-> data received from printer:
151721182-> <21>
154857484-> OPEN PORT: COM1@9600
154857528-> ********************** COMMAND BEGIN **********************
154857528-> data sent to printer:
154857529-> <2>Q<3>
154857536-> data received from printer:
154857699-> <21>
154857700-> ********************** COMMAND BEGIN **********************
154857700-> data sent to printer:
154857700-> <2>M<3>
154857708-> data received from printer:
154857864-> <21>
154931794-> OPEN PORT: COM1@9600
154931834-> OPEN PORT: COM1@9600
154931836-> ********************** COMMAND BEGIN **********************
154931836-> data sent to printer:
154931836-> <2>L&1<3>
154933505-> data received from printer:
154933663-> <2>2415*2414<3><6>
154933664-> ********************** COMMAND BEGIN **********************
154933664-> data sent to printer:
154933664-> <2>VRazon Social: Wilfran Guillen <3>
154933884-> data received from printer:
154934039-> <6>
154934039-> ********************** COMMAND BEGIN **********************
154934040-> data sent to printer:
154934040-> <2>VCI/Rif: V-23925810<3>
154934249-> data received from printer:
154934414-> <6>
154934415-> ********************** COMMAND BEGIN **********************
154934415-> data sent to printer:
154934415-> <2>V----------------------------------------<3>
154934649-> data received from printer:
154934806-> <6>
154934808-> ********************** COMMAND BEGIN **********************
154934808-> data sent to printer:
154934809-> <2>VM176339 CPCCMHMHC223253A<3>
154935023-> data received from printer:
154935181-> <6>
154935182-> ********************** COMMAND BEGIN **********************
154935182-> data sent to printer:
154935182-> <2>N11,000xBs2606,80     00002606801<3>
154935462-> data received from printer:
154935617-> <6>
154935618-> ********************** COMMAND BEGIN **********************
154935618-> data sent to printer:
154935618-> <2>VC000019 VISION SENCILLA ANTIREFLEJO TER<3>
154935853-> data received from printer:
154936008-> <6>
154936008-> ********************** COMMAND BEGIN **********************
154936009-> data sent to printer:
154936009-> <2>N12,000xBs0,01        00000000020<3>
154936284-> data received from printer:
154936443-> <6>
154936443-> ********************** COMMAND BEGIN **********************
154936444-> data sent to printer:
154936444-> <2>VA000004 GARANTIA EXTENDIDA<3>
154936664-> data received from printer:
154936818-> <6>
154936818-> ********************** COMMAND BEGIN **********************
154936819-> data sent to printer:
154936819-> <2>N11,000xBs107,73      00000107731<3>
154937101-> data received from printer:
154937253-> <6>
154950301-> ********************** COMMAND BEGIN **********************
154950302-> data sent to printer:
154950302-> <2>O1<3>
154951429-> data received from printer:
154951594-> <2>314887<3><6>
154951705-> ********************** COMMAND BEGIN **********************
154951706-> data sent to printer:
154951707-> <2>P105/06/2023 DEBITO   000000157450<3>
154951974-> data received from printer:
154952138-> <6>
154952138-> ********************** COMMAND BEGIN **********************
154952139-> data sent to printer:
154952139-> <2>P105/06/2023 DEBITO   000000157438<3>
154952570-> data received from printer:
154952723-> <6>
154952724-> ********************** COMMAND BEGIN **********************
154952724-> data sent to printer:
154952724-> <2>V<3>
154952915-> data received from printer:
154953069-> <6>
154953069-> ********************** COMMAND BEGIN **********************
154953070-> data sent to printer:
154953070-> <2>VNumero Orden: 0069098<3>
154953284-> data received from printer:
154953445-> <6>
154953445-> ********************** COMMAND BEGIN **********************
154953446-> data sent to printer:
154953446-> <2>V<3>
154953673-> data received from printer:
154953836-> <6>
154954199-> ********************** COMMAND BEGIN **********************
154954199-> data sent to printer:
154954200-> <2>V*Contrato de Garantia Extendida para<3>
154954430-> data received from printer:
154954583-> <6>
154954584-> ********************** COMMAND BEGIN **********************
154954584-> data sent to printer:
154954584-> <2>V      Cristales Formulados:<3>
154954806-> data received from printer:
154954959-> <6>
154954960-> ********************** COMMAND BEGIN **********************
154954960-> data sent to printer:
154954960-> <2>V <3>
154955151-> data received from printer:
154955304-> <6>
154955304-> ********************** COMMAND BEGIN **********************
154955305-> data sent to printer:
154955305-> <2>VOD: ESF -0,50 EJE 0 CIL 0,00 ADD 0,00<3>
154955535-> data received from printer:
154955694-> <6>
154955695-> ********************** COMMAND BEGIN **********************
154955696-> data sent to printer:
154955696-> <2>VOI: ESF -0,50 EJE 0 CIL 0,00 ADD 0,00<3>
154955928-> data received from printer:
154956084-> <6>
154956084-> ********************** COMMAND BEGIN **********************
154956085-> data sent to printer:
154956085-> <2>V <3>
154956276-> data received from printer:
154956429-> <6>
154956429-> ********************** COMMAND BEGIN **********************
154956430-> data sent to printer:
154956430-> <2>VCondiciones legales en el Contrato<3>
154956658-> data received from printer:
154956819-> <6>
154956819-> ********************** COMMAND BEGIN **********************
154956819-> data sent to printer:
154956820-> <2>VSuscrito.<3>
154957023-> data received from printer:
154957179-> <6>
154957180-> ********************** COMMAND BEGIN **********************
154957180-> data sent to printer:
154957180-> <2>V <3>
154957371-> data received from printer:
154957524-> <6>
154957818-> ********************** COMMAND BEGIN **********************
154957818-> data sent to printer:
154957819-> <2>V<161><161><161>GRACIAS POR SU COMPRA!!!<3>
154958039-> data received from printer:
154958194-> <6>
154958194-> ********************** COMMAND BEGIN **********************
154958195-> data sent to printer:
154958195-> <2>VSolo se aceptaran devoluciones<3>
154958420-> data received from printer:
154958584-> <6>
154958584-> ********************** COMMAND BEGIN **********************
154958585-> data sent to printer:
154958585-> <2>Vpor defectos de fabrica, con la<3>
154958843-> data received from printer:
154959004-> <6>
154959005-> ********************** COMMAND BEGIN **********************
154959005-> data sent to printer:
154959005-> <2>Vpresentacion de esta factura (original),<3>
154959241-> data received from printer:
154959394-> <6>
154959394-> ********************** COMMAND BEGIN **********************
154959395-> data sent to printer:
154959395-> <2>Vdentro de los treinta (30) dias<3>
154959618-> data received from printer:
154959769-> <6>
154959769-> ********************** COMMAND BEGIN **********************
154959770-> data sent to printer:
154959770-> <2>Vsiguientes a la emision de la misma.<3>
154959999-> data received from printer:
155000159-> <6>
155000160-> ********************** COMMAND BEGIN **********************
155000161-> data sent to printer:
155000161-> <2>Y0<3>
155000210-> data received from printer:
155000489-> <2>SENIAT    J-316292649    1600*800*3100*2          Bs.0TIY1900001240220231029*300<3><6>
155000490-> ********************** COMMAND BEGIN **********************
155000490-> data sent to printer:
155000490-> <2>S<3>
155000498-> data received from printer:
155000655-> <21>
155000656-> ********************** COMMAND BEGIN **********************
155000656-> data sent to printer:
155000656-> <2>M<3>
155002581-> data received from printer:
155002741-> <6>
160027608-> OPEN PORT: COM1@9600
160027652-> ********************** COMMAND BEGIN **********************
160027653-> data sent to printer:
160027654-> <2>Q<3>
160027662-> data received from printer:
160027812-> <21>
160027813-> ********************** COMMAND BEGIN **********************
160027813-> data sent to printer:
160027814-> <2>M<3>
160027821-> data received from printer:
160027978-> <21>
162151568-> OPEN PORT: COM1@9600
162151609-> ********************** COMMAND BEGIN **********************
162151610-> data sent to printer:
162151610-> <2>Q<3>
162151617-> data received from printer:
162151778-> <21>
162151779-> ********************** COMMAND BEGIN **********************
162151779-> data sent to printer:
162151780-> <2>M<3>
162151787-> data received from printer:
162151944-> <21>
162155524-> OPEN PORT: COM1@9600
162155564-> OPEN PORT: COM1@9600
162155567-> ********************** COMMAND BEGIN **********************
162155567-> data sent to printer:
162155567-> <2>L&1<3>
162157235-> data received from printer:
162157400-> <2>2416*2414<3><6>
162157401-> ********************** COMMAND BEGIN **********************
162157401-> data sent to printer:
162157402-> <2>VRazon Social: Wilfran Guillen <3>
162157624-> data received from printer:
162157775-> <6>
162157775-> ********************** COMMAND BEGIN **********************
162157776-> data sent to printer:
162157776-> <2>VCI/Rif: V-23925810<3>
162157987-> data received from printer:
162158150-> <6>
162158150-> ********************** COMMAND BEGIN **********************
162158151-> data sent to printer:
162158151-> <2>V----------------------------------------<3>
162158417-> data received from printer:
162158570-> <6>
162158571-> ********************** COMMAND BEGIN **********************
162158571-> data sent to printer:
162158572-> <2>VM176339 CPCCMHMHC223253A<3>
162158789-> data received from printer:
162158944-> <6>
162158944-> ********************** COMMAND BEGIN **********************
162158945-> data sent to printer:
162158945-> <2>N11,000xBs2593,08     00002593081<3>
162159224-> data received from printer:
162159379-> <6>
162159380-> ********************** COMMAND BEGIN **********************
162159380-> data sent to printer:
162159380-> <2>VC000019 VISION SENCILLA ANTIREFLEJO TER<3>
162159613-> data received from printer:
162159770-> <6>
162159770-> ********************** COMMAND BEGIN **********************
162159771-> data sent to printer:
162159771-> <2>N12,000xBs357,21      00000714420<3>
162200050-> data received from printer:
162200206-> <6>
162200206-> ********************** COMMAND BEGIN **********************
162200207-> data sent to printer:
162200207-> <2>VA000004 GARANTIA EXTENDIDA<3>
162200424-> data received from printer:
162200581-> <6>
162200582-> ********************** COMMAND BEGIN **********************
162200582-> data sent to printer:
162200582-> <2>N11,000xBs107,16      00000107161<3>
162200862-> data received from printer:
162201018-> <6>
162250781-> ********************** COMMAND BEGIN **********************
162250781-> data sent to printer:
162250781-> <2>P1DIVISAS             000000384670<3>
162250823-> data received from printer:
162250980-> <21>
162250980-> ********************** COMMAND BEGIN **********************
162250981-> data sent to printer:
162250981-> <2>Q<3>
162251372-> data received from printer:
162251535-> <6>
162251535-> ********************** COMMAND BEGIN **********************
162251536-> data sent to printer:
162251536-> <2>M<3>
162251543-> data received from printer:
162251700-> <21>
162404157-> OPEN PORT: COM1@9600
162404197-> ********************** COMMAND BEGIN **********************
162404197-> data sent to printer:
162404198-> <2>Q<3>
162404205-> data received from printer:
162404358-> <21>
162404358-> ********************** COMMAND BEGIN **********************
162404359-> data sent to printer:
162404359-> <2>M<3>
162404366-> data received from printer:
162404523-> <21>
162407040-> OPEN PORT: COM1@9600
162407080-> OPEN PORT: COM1@9600
162407080-> ********************** COMMAND BEGIN **********************
162407081-> data sent to printer:
162407081-> <2>L&1<3>
162408750-> data received from printer:
162408913-> <2>2417*2416<3><6>
162408914-> ********************** COMMAND BEGIN **********************
162408914-> data sent to printer:
162408914-> <2>VRazon Social: Wilfran Guillen <3>
162409134-> data received from printer:
162409289-> <6>
162409290-> ********************** COMMAND BEGIN **********************
162409290-> data sent to printer:
162409290-> <2>VCI/Rif: V-23925810<3>
162409499-> data received from printer:
162409665-> <6>
162409666-> ********************** COMMAND BEGIN **********************
162409666-> data sent to printer:
162409666-> <2>V----------------------------------------<3>
162409900-> data received from printer:
162410056-> <6>
162410056-> ********************** COMMAND BEGIN **********************
162410057-> data sent to printer:
162410057-> <2>VM176339 CPCCMHMHC223253A<3>
162410271-> data received from printer:
162410432-> <6>
162410433-> ********************** COMMAND BEGIN **********************
162410433-> data sent to printer:
162410433-> <2>N11,000xBs2593,08     00002593081<3>
162410714-> data received from printer:
162410867-> <6>
162410868-> ********************** COMMAND BEGIN **********************
162410868-> data sent to printer:
162410868-> <2>VC000019 VISION SENCILLA ANTIREFLEJO TER<3>
162411103-> data received from printer:
162411258-> <6>
162411258-> ********************** COMMAND BEGIN **********************
162411259-> data sent to printer:
162411259-> <2>N12,000xBs357,21      00000714420<3>
162411570-> data received from printer:
162411724-> <6>
162411725-> ********************** COMMAND BEGIN **********************
162411725-> data sent to printer:
162411725-> <2>VA000004 GARANTIA EXTENDIDA<3>
162411946-> data received from printer:
162412099-> <6>
162412099-> ********************** COMMAND BEGIN **********************
162412100-> data sent to printer:
162412100-> <2>N11,000xBs107,16      00000107161<3>
162412379-> data received from printer:
162412534-> <6>
163220424-> ********************** COMMAND BEGIN **********************
163220424-> data sent to printer:
163220424-> <2>P1DIVISAS             000000384670<3>
163220466-> data received from printer:
163220626-> <21>
163220626-> ********************** COMMAND BEGIN **********************
163220627-> data sent to printer:
163220627-> <2>Q<3>
163221017-> data received from printer:
163221167-> <6>
163221167-> ********************** COMMAND BEGIN **********************
163221168-> data sent to printer:
163221168-> <2>M<3>
163221176-> data received from printer:
163221332-> <21>
163418816-> OPEN PORT: COM1@9600
163418856-> ********************** COMMAND BEGIN **********************
163418856-> data sent to printer:
163418857-> <2>Q<3>
163418864-> data received from printer:
163419025-> <21>
163419026-> ********************** COMMAND BEGIN **********************
163419026-> data sent to printer:
163419026-> <2>M<3>
163419034-> data received from printer:
163419190-> <21>
163448878-> OPEN PORT: COM1@9600
163448918-> OPEN PORT: COM1@9600
163448919-> ********************** COMMAND BEGIN **********************
163448919-> data sent to printer:
163448920-> <2>L&1<3>
163450592-> data received from printer:
163450750-> <2>2418*2417<3><6>
163450750-> ********************** COMMAND BEGIN **********************
163450751-> data sent to printer:
163450751-> <2>VRazon Social: Wilfran Guillen <3>
163450975-> data received from printer:
163451126-> <6>
163451126-> ********************** COMMAND BEGIN **********************
163451127-> data sent to printer:
163451127-> <2>VCI/Rif: V-23925810<3>
163451334-> data received from printer:
163451487-> <6>
163451487-> ********************** COMMAND BEGIN **********************
163451488-> data sent to printer:
163451488-> <2>V----------------------------------------<3>
163451721-> data received from printer:
163451878-> <6>
163451878-> ********************** COMMAND BEGIN **********************
163451879-> data sent to printer:
163451879-> <2>VM176339 CPCCMHMHC223253A<3>
163452097-> data received from printer:
163452255-> <6>
163452255-> ********************** COMMAND BEGIN **********************
163452256-> data sent to printer:
163452256-> <2>N11,000xBs2593,08     00002593081<3>
163452535-> data received from printer:
163452691-> <6>
163452692-> ********************** COMMAND BEGIN **********************
163452692-> data sent to printer:
163452692-> <2>VC000019 VISION SENCILLA ANTIREFLEJO TER<3>
163452925-> data received from printer:
163453082-> <6>
163453082-> ********************** COMMAND BEGIN **********************
163453083-> data sent to printer:
163453083-> <2>N12,000xBs357,21      00000714420<3>
163453362-> data received from printer:
163453517-> <6>
163453517-> ********************** COMMAND BEGIN **********************
163453518-> data sent to printer:
163453518-> <2>VA000004 GARANTIA EXTENDIDA<3>
163453736-> data received from printer:
163453893-> <6>
163453893-> ********************** COMMAND BEGIN **********************
163453894-> data sent to printer:
163453894-> <2>N11,000xBs107,16      00000107161<3>
163454174-> data received from printer:
163454329-> <6>
164613228-> ********************** COMMAND BEGIN **********************
164613229-> data sent to printer:
164613229-> <2>P1DIVISAS             000000384670<3>
164613271-> data received from printer:
164613422-> <21>
164613422-> ********************** COMMAND BEGIN **********************
164613423-> data sent to printer:
164613423-> <2>Q<3>
164613815-> data received from printer:
164613977-> <6>
164613977-> ********************** COMMAND BEGIN **********************
164613978-> data sent to printer:
164613978-> <2>M<3>
164613986-> data received from printer:
164614142-> <21>
164643529-> OPEN PORT: COM1@9600
164643571-> ********************** COMMAND BEGIN **********************
164643572-> data sent to printer:
164643572-> <2>Q<3>
164643580-> data received from printer:
164643734-> <21>
164643734-> ********************** COMMAND BEGIN **********************
164643735-> data sent to printer:
164643735-> <2>M<3>
164643742-> data received from printer:
164643900-> <21>
164646730-> OPEN PORT: COM1@9600
164646772-> OPEN PORT: COM1@9600
164646773-> ********************** COMMAND BEGIN **********************
164646773-> data sent to printer:
164646774-> <2>L&1<3>
164648443-> data received from printer:
164648597-> <2>2419*2418<3><6>
164648597-> ********************** COMMAND BEGIN **********************
164648598-> data sent to printer:
164648598-> <2>VRazon Social: Wilfran Guillen <3>
164648818-> data received from printer:
164648972-> <6>
164648973-> ********************** COMMAND BEGIN **********************
164648973-> data sent to printer:
164648973-> <2>VCI/Rif: V-23925810<3>
164649182-> data received from printer:
164649347-> <6>
164649347-> ********************** COMMAND BEGIN **********************
164649348-> data sent to printer:
164649348-> <2>V----------------------------------------<3>
164649615-> data received from printer:
164649768-> <6>
164649768-> ********************** COMMAND BEGIN **********************
164649769-> data sent to printer:
164649769-> <2>VM176339 CPCCMHMHC223253A<3>
164649984-> data received from printer:
164650143-> <6>
164650143-> ********************** COMMAND BEGIN **********************
164650144-> data sent to printer:
164650144-> <2>N11,000xBs2593,08     00002593081<3>
164650425-> data received from printer:
164650579-> <6>
164650579-> ********************** COMMAND BEGIN **********************
164650580-> data sent to printer:
164650580-> <2>VC000019 VISION SENCILLA ANTIREFLEJO TER<3>
164650811-> data received from printer:
164650970-> <6>
164650970-> ********************** COMMAND BEGIN **********************
164650971-> data sent to printer:
164650971-> <2>N12,000xBs357,21      00000714420<3>
164651248-> data received from printer:
164651405-> <6>
164651405-> ********************** COMMAND BEGIN **********************
164651406-> data sent to printer:
164651406-> <2>VA000004 GARANTIA EXTENDIDA<3>
164651627-> data received from printer:
164651780-> <6>
164651781-> ********************** COMMAND BEGIN **********************
164651781-> data sent to printer:
164651782-> <2>N11,000xBs107,16      00000107161<3>
164652060-> data received from printer:
164652215-> <6>
164704032-> ********************** COMMAND BEGIN **********************
164704032-> data sent to printer:
164704033-> <2>OT384670<0><0><0><0><0><128>E<147><3>
164705298-> data received from printer:
164705460-> <2>396210<3><6>
164707776-> ********************** COMMAND BEGIN **********************
164707776-> data sent to printer:
164707777-> <2>P1DIVISAS             000000384670<3>
164708046-> data received from printer:
164708212-> <6>
164708213-> ********************** COMMAND BEGIN **********************
164708213-> data sent to printer:
164708213-> <2>V<3>
164708403-> data received from printer:
164708557-> <6>
164708558-> ********************** COMMAND BEGIN **********************
164708558-> data sent to printer:
164708558-> <2>VNumero Orden: 0069106<3>
164708772-> data received from printer:
164708933-> <6>
164708933-> ********************** COMMAND BEGIN **********************
164708934-> data sent to printer:
164708934-> <2>V<3>
164709127-> data received from printer:
164709279-> <6>
164709287-> ********************** COMMAND BEGIN **********************
164709288-> data sent to printer:
164709288-> <2>V*Contrato de Garantia Extendida para<3>
164709516-> data received from printer:
164709669-> <6>
164709670-> ********************** COMMAND BEGIN **********************
164709670-> data sent to printer:
164709670-> <2>V      Cristales Formulados:<3>
164709890-> data received from printer:
164710044-> <6>
164710044-> ********************** COMMAND BEGIN **********************
164710045-> data sent to printer:
164710045-> <2>V <3>
164710239-> data received from printer:
164710405-> <6>
164710405-> ********************** COMMAND BEGIN **********************
164710406-> data sent to printer:
164710406-> <2>VOD: ESF -0,50 EJE 0 CIL 0,00 ADD 0,00<3>
164710635-> data received from printer:
164710796-> <6>
164710796-> ********************** COMMAND BEGIN **********************
164710797-> data sent to printer:
164710797-> <2>VOI: ESF -0,50 EJE 0 CIL 0,00 ADD 0,00<3>
164711027-> data received from printer:
164711187-> <6>
164711188-> ********************** COMMAND BEGIN **********************
164711188-> data sent to printer:
164711188-> <2>V <3>
164711416-> data received from printer:
164711578-> <6>
164711578-> ********************** COMMAND BEGIN **********************
164711579-> data sent to printer:
164711579-> <2>VCondiciones legales en el Contrato<3>
164711806-> data received from printer:
164711969-> <6>
164711969-> ********************** COMMAND BEGIN **********************
164711970-> data sent to printer:
164711970-> <2>VSuscrito.<3>
164712173-> data received from printer:
164712329-> <6>
164712329-> ********************** COMMAND BEGIN **********************
164712330-> data sent to printer:
164712330-> <2>V <3>
164712522-> data received from printer:
164712674-> <6>
164712681-> ********************** COMMAND BEGIN **********************
164712681-> data sent to printer:
164712681-> <2>V<161><161><161>GRACIAS POR SU COMPRA!!!<3>
164712902-> data received from printer:
164713065-> <6>
164713065-> ********************** COMMAND BEGIN **********************
164713066-> data sent to printer:
164713066-> <2>VSolo se aceptaran devoluciones<3>
164713290-> data received from printer:
164713455-> <6>
164713456-> ********************** COMMAND BEGIN **********************
164713456-> data sent to printer:
164713456-> <2>Vpor defectos de fabrica, con la<3>
164714325-> data received from printer:
164714490-> <6>
164714490-> ********************** COMMAND BEGIN **********************
164714491-> data sent to printer:
164714491-> <2>Vpresentacion de esta factura (original),<3>
164714723-> data received from printer:
164714881-> <6>
164714881-> ********************** COMMAND BEGIN **********************
164714882-> data sent to printer:
164714882-> <2>Vdentro de los treinta (30) dias<3>
164715106-> data received from printer:
164715272-> <6>
164715273-> ********************** COMMAND BEGIN **********************
164715273-> data sent to printer:
164715273-> <2>Vsiguientes a la emision de la misma.<3>
164715505-> data received from printer:
164715663-> <6>
164715664-> ********************** COMMAND BEGIN **********************
164715664-> data sent to printer:
164715665-> <2>Y0<3>
164715714-> data received from printer:
164715995-> <2>SENIAT    J-316292649    1600*800*3100*2          Bs.0TIY1900001240220231127*300<3><6>
164715996-> ********************** COMMAND BEGIN **********************
164715996-> data sent to printer:
164715996-> <2>S<3>
164716004-> data received from printer:
164716161-> <21>
164716162-> ********************** COMMAND BEGIN **********************
164716162-> data sent to printer:
164716162-> <2>M<3>
164718149-> data received from printer:
164718307-> <6>
171126935-> OPEN PORT: COM1@9600
171126978-> ********************** COMMAND BEGIN **********************
171126979-> data sent to printer:
171126979-> <2>Q<3>
171126987-> data received from printer:
171127138-> <21>
171127138-> ********************** COMMAND BEGIN **********************
171127139-> data sent to printer:
171127139-> <2>M<3>
171127146-> data received from printer:
171127304-> <21>
171130486-> OPEN PORT: COM1@9600
171130527-> OPEN PORT: COM1@9600
171130528-> ********************** COMMAND BEGIN **********************
171130528-> data sent to printer:
171130529-> <2>L&1<3>
171132197-> data received from printer:
171132361-> <2>2420*2418<3><6>
171132361-> ********************** COMMAND BEGIN **********************
171132362-> data sent to printer:
171132362-> <2>VRazon Social: Liliana  Barozzi<3>
171132582-> data received from printer:
171132736-> <6>
171132736-> ********************** COMMAND BEGIN **********************
171132737-> data sent to printer:
171132737-> <2>VCI/Rif: V-7337515<3>
171132945-> data received from printer:
171133096-> <6>
171133096-> ********************** COMMAND BEGIN **********************
171133097-> data sent to printer:
171133097-> <2>V----------------------------------------<3>
171133331-> data received from printer:
171133486-> <6>
171133486-> ********************** COMMAND BEGIN **********************
171133487-> data sent to printer:
171133487-> <2>VM159427 JPCVCDES200053N<3>
171133700-> data received from printer:
171133862-> <6>
171133862-> ********************** COMMAND BEGIN **********************
171133863-> data sent to printer:
171133863-> <2>N11,000xBs399,46      00000399461<3>
171134143-> data received from printer:
171134297-> <6>
171134297-> ********************** COMMAND BEGIN **********************
171134297-> data sent to printer:
171134297-> <2>VC000106 MAXI DELGADO 1.56 TERMINADO AR <3>
171134532-> data received from printer:
171134687-> <6>
171134687-> ********************** COMMAND BEGIN **********************
171134688-> data sent to printer:
171134688-> <2>N12,000xBs439,40      00000878800<3>
171134963-> data received from printer:
171135123-> <6>
171135124-> ********************** COMMAND BEGIN **********************
171135124-> data sent to printer:
171135124-> <2>VA000004 GARANTIA EXTENDIDA<3>
171135343-> data received from printer:
171135499-> <6>
171135499-> ********************** COMMAND BEGIN **********************
171135500-> data sent to printer:
171135500-> <2>N11,000xBs131,82      00000131821<3>
171135816-> data received from printer:
171135980-> <6>
171149507-> ********************** COMMAND BEGIN **********************
171149508-> data sent to printer:
171149508-> <2>P1DIVISAS             000000149508<3>
171149550-> data received from printer:
171149701-> <21>
171149701-> ********************** COMMAND BEGIN **********************
171149702-> data sent to printer:
171149702-> <2>Q<3>
171150092-> data received from printer:
171150257-> <6>
171150257-> ********************** COMMAND BEGIN **********************
171150258-> data sent to printer:
171150258-> <2>M<3>
171150265-> data received from printer:
171150422-> <21>
172604004-> OPEN PORT: COM1@9600
172604045-> ********************** COMMAND BEGIN **********************
172604045-> data sent to printer:
172604045-> <2>Q<3>
172604053-> data received from printer:
172604213-> <21>
172604214-> ********************** COMMAND BEGIN **********************
172604214-> data sent to printer:
172604215-> <2>M<3>
172604222-> data received from printer:
172604378-> <21>
173014622-> OPEN PORT: COM1@9600
173014664-> ********************** COMMAND BEGIN **********************
173014665-> data sent to printer:
173014665-> <2>Q<3>
173014673-> data received from printer:
173014830-> <21>
173014831-> ********************** COMMAND BEGIN **********************
173014831-> data sent to printer:
173014831-> <2>M<3>
173014839-> data received from printer:
173014995-> <21>
173018300-> OPEN PORT: COM1@9600
173018341-> OPEN PORT: COM1@9600
173018345-> ********************** COMMAND BEGIN **********************
173018346-> data sent to printer:
173018346-> <2>L&1<3>
173019980-> data received from printer:
173020140-> <2>2421*2420<3><6>
173020141-> ********************** COMMAND BEGIN **********************
173020141-> data sent to printer:
173020141-> <2>VRazon Social: Wilfran Guillen <3>
173020401-> data received from printer:
173020561-> <6>
173020561-> ********************** COMMAND BEGIN **********************
173020562-> data sent to printer:
173020562-> <2>VCI/Rif: V-23925810<3>
173020769-> data received from printer:
173020922-> <6>
173020923-> ********************** COMMAND BEGIN **********************
173020923-> data sent to printer:
173020923-> <2>V----------------------------------------<3>
173021155-> data received from printer:
173021313-> <6>
173021315-> ********************** COMMAND BEGIN **********************
173021315-> data sent to printer:
173021315-> <2>VM176339 CPCCMHMHC223253A<3>
173021533-> data received from printer:
173021689-> <6>
173021689-> ********************** COMMAND BEGIN **********************
173021690-> data sent to printer:
173021690-> <2>N11,000xBs2609,78     00002609781<3>
173021969-> data received from printer:
173022125-> <6>
173022126-> ********************** COMMAND BEGIN **********************
173022126-> data sent to printer:
173022126-> <2>VC000019 VISION SENCILLA ANTIREFLEJO TER<3>
173022359-> data received from printer:
173022515-> <6>
173022515-> ********************** COMMAND BEGIN **********************
173022516-> data sent to printer:
173022516-> <2>N12,000xBs359,51      00000719020<3>
173022795-> data received from printer:
173022950-> <6>
173022951-> ********************** COMMAND BEGIN **********************
173022951-> data sent to printer:
173022951-> <2>VA000004 GARANTIA EXTENDIDA<3>
173023169-> data received from printer:
173023326-> <6>
173023326-> ********************** COMMAND BEGIN **********************
173023327-> data sent to printer:
173023327-> <2>N11,000xBs107,85      00000107851<3>
173023607-> data received from printer:
173023762-> <6>
173030089-> ********************** COMMAND BEGIN **********************
173030090-> data sent to printer:
173030090-> <2>OT387147<0><0><0><0><0><128>d<240><3>
173031359-> data received from printer:
173031516-> <2>398761<3><6>
173032720-> ********************** COMMAND BEGIN **********************
173032720-> data sent to printer:
173032720-> <2>P1DIVISAS             000000387147<3>
173032987-> data received from printer:
173033152-> <6>
173033153-> ********************** COMMAND BEGIN **********************
173033153-> data sent to printer:
173033153-> <2>V<3>
173033345-> data received from printer:
173033498-> <6>
173033498-> ********************** COMMAND BEGIN **********************
173033499-> data sent to printer:
173033499-> <2>VNumero Orden: 0069107<3>
173033715-> data received from printer:
173033873-> <6>
173033873-> ********************** COMMAND BEGIN **********************
173033874-> data sent to printer:
173033874-> <2>V<3>
173034064-> data received from printer:
173034218-> <6>
173034276-> ********************** COMMAND BEGIN **********************
173034276-> data sent to printer:
173034276-> <2>V*Contrato de Garantia Extendida para<3>
173034506-> data received from printer:
173034671-> <6>
173034671-> ********************** COMMAND BEGIN **********************
173034672-> data sent to printer:
173034672-> <2>V      Cristales Formulados:<3>
173034894-> data received from printer:
173035047-> <6>
173035047-> ********************** COMMAND BEGIN **********************
173035048-> data sent to printer:
173035048-> <2>V <3>
173035239-> data received from printer:
173035392-> <6>
173035392-> ********************** COMMAND BEGIN **********************
173035393-> data sent to printer:
173035393-> <2>VOD: ESF -0,50 EJE 0 CIL 0,00 ADD 0,00<3>
173035661-> data received from printer:
173035813-> <6>
173035813-> ********************** COMMAND BEGIN **********************
173035814-> data sent to printer:
173035814-> <2>VOI: ESF -0,50 EJE 0 CIL 0,00 ADD 0,00<3>
173036043-> data received from printer:
173036203-> <6>
173036203-> ********************** COMMAND BEGIN **********************
173036204-> data sent to printer:
173036204-> <2>V <3>
173036397-> data received from printer:
173036563-> <6>
173036563-> ********************** COMMAND BEGIN **********************
173036564-> data sent to printer:
173036564-> <2>VCondiciones legales en el Contrato<3>
173036793-> data received from printer:
173036954-> <6>
173036954-> ********************** COMMAND BEGIN **********************
173036955-> data sent to printer:
173036955-> <2>VSuscrito.<3>
173037155-> data received from printer:
173037314-> <6>
173037314-> ********************** COMMAND BEGIN **********************
173037315-> data sent to printer:
173037315-> <2>V <3>
173037508-> data received from printer:
173037674-> <6>
173037784-> ********************** COMMAND BEGIN **********************
173037784-> data sent to printer:
173037785-> <2>V<161><161><161>GRACIAS POR SU COMPRA!!!<3>
173038008-> data received from printer:
173038173-> <6>
173038173-> ********************** COMMAND BEGIN **********************
173038174-> data sent to printer:
173038174-> <2>VSolo se aceptaran devoluciones<3>
173038395-> data received from printer:
173038548-> <6>
173038548-> ********************** COMMAND BEGIN **********************
173038549-> data sent to printer:
173038549-> <2>Vpor defectos de fabrica, con la<3>
173038773-> data received from printer:
173038939-> <6>
173038940-> ********************** COMMAND BEGIN **********************
173038940-> data sent to printer:
173038940-> <2>Vpresentacion de esta factura (original),<3>
173039176-> data received from printer:
173039329-> <6>
173039329-> ********************** COMMAND BEGIN **********************
173039330-> data sent to printer:
173039330-> <2>Vdentro de los treinta (30) dias<3>
173039552-> data received from printer:
173039705-> <6>
173039705-> ********************** COMMAND BEGIN **********************
173039705-> data sent to printer:
173039706-> <2>Vsiguientes a la emision de la misma.<3>
173039935-> data received from printer:
173040095-> <6>
173040097-> ********************** COMMAND BEGIN **********************
173040097-> data sent to printer:
173040097-> <2>Y0<3>
173040147-> data received from printer:
173040426-> <2>SENIAT    J-316292649    1600*800*3100*2          Bs.0TIY1900001240220231210*300<3><6>
173040427-> ********************** COMMAND BEGIN **********************
173040427-> data sent to printer:
173040427-> <2>S<3>
173040435-> data received from printer:
173040591-> <21>
173040591-> ********************** COMMAND BEGIN **********************
173040592-> data sent to printer:
173040592-> <2>M<3>
173041938-> data received from printer:
173042092-> <6>
174339862-> OPEN PORT: COM1@9600
174339905-> ********************** COMMAND BEGIN **********************
174339906-> data sent to printer:
174339906-> <2>Q<3>
174339914-> data received from printer:
174340069-> <21>
174340070-> ********************** COMMAND BEGIN **********************
174340070-> data sent to printer:
174340070-> <2>M<3>
174340078-> data received from printer:
174340235-> <21>
174751370-> OPEN PORT: COM1@9600
174751412-> ********************** COMMAND BEGIN **********************
174751412-> data sent to printer:
174751412-> <2>Q<3>
174751420-> data received from printer:
174751573-> <21>
174751574-> ********************** COMMAND BEGIN **********************
174751574-> data sent to printer:
174751574-> <2>M<3>
174751582-> data received from printer:
174751738-> <21>
174802235-> OPEN PORT: COM1@9600
174802276-> OPEN PORT: COM1@9600
174802280-> ********************** COMMAND BEGIN **********************
174802281-> data sent to printer:
174802281-> <2>L&1<3>
174803950-> data received from printer:
174804106-> <2>2422*2420<3><6>
174804107-> ********************** COMMAND BEGIN **********************
174804107-> data sent to printer:
174804107-> <2>VRazon Social: Wilfran Guillen <3>
174804331-> data received from printer:
174804482-> <6>
174804482-> ********************** COMMAND BEGIN **********************
174804483-> data sent to printer:
174804483-> <2>VCI/Rif: V-23925810<3>
174804691-> data received from printer:
174804842-> <6>
174804843-> ********************** COMMAND BEGIN **********************
174804843-> data sent to printer:
174804843-> <2>V----------------------------------------<3>
174805076-> data received from printer:
174805233-> <6>
174805236-> ********************** COMMAND BEGIN **********************
174805236-> data sent to printer:
174805236-> <2>VM176339 CPCCMHMHC223253A<3>
174805454-> data received from printer:
174805608-> <6>
174805608-> ********************** COMMAND BEGIN **********************
174805609-> data sent to printer:
174805609-> <2>N11,000xBs2609,78     00002609781<3>
174805888-> data received from printer:
174806044-> <6>
174806045-> ********************** COMMAND BEGIN **********************
174806045-> data sent to printer:
174806045-> <2>VC000019 VISION SENCILLA ANTIREFLEJO TER<3>
174806278-> data received from printer:
174806435-> <6>
174806436-> ********************** COMMAND BEGIN **********************
174806436-> data sent to printer:
174806437-> <2>N12,000xBs359,51      00000719020<3>
174806749-> data received from printer:
174806915-> <6>
174806916-> ********************** COMMAND BEGIN **********************
174806916-> data sent to printer:
174806916-> <2>VA000004 GARANTIA EXTENDIDA<3>
174807136-> data received from printer:
174807290-> <6>
174807290-> ********************** COMMAND BEGIN **********************
174807290-> data sent to printer:
174807290-> <2>N11,000xBs107,85      00000107851<3>
174807571-> data received from printer:
174807725-> <6>
174816822-> ********************** COMMAND BEGIN **********************
174816823-> data sent to printer:
174816823-> <2>OT387147<0><0><0><0><0><0><8>%<3>
174818055-> data received from printer:
174818212-> <2>398761<3><6>
174819493-> ********************** COMMAND BEGIN **********************
174819493-> data sent to printer:
174819493-> <2>P1DIVISAS             000000387147<3>
174819759-> data received from printer:
174819911-> <6>
174819915-> ********************** COMMAND BEGIN **********************
174819915-> data sent to printer:
174819916-> <2>V<3>
174820108-> data received from printer:
174820272-> <6>
174820272-> ********************** COMMAND BEGIN **********************
174820273-> data sent to printer:
174820273-> <2>VNumero Orden: 0069108<3>
174820489-> data received from printer:
174820647-> <6>
174820647-> ********************** COMMAND BEGIN **********************
174820648-> data sent to printer:
174820648-> <2>V<3>
174820838-> data received from printer:
174820993-> <6>
174821023-> ********************** COMMAND BEGIN **********************
174821023-> data sent to printer:
174821023-> <2>V*Contrato de Garantia Extendida para<3>
174821253-> data received from printer:
174821413-> <6>
174821413-> ********************** COMMAND BEGIN **********************
174821414-> data sent to printer:
174821414-> <2>V      Cristales Formulados:<3>
174821636-> data received from printer:
174821788-> <6>
174821788-> ********************** COMMAND BEGIN **********************
174821789-> data sent to printer:
174821789-> <2>V <3>
174821980-> data received from printer:
174822135-> <6>
174822135-> ********************** COMMAND BEGIN **********************
174822136-> data sent to printer:
174822136-> <2>VOD: ESF -0,50 EJE 0 CIL 0,00 ADD 0,00<3>
174822367-> data received from printer:
174822525-> <6>
174822525-> ********************** COMMAND BEGIN **********************
174822526-> data sent to printer:
174822526-> <2>VOI: ESF -0,50 EJE 0 CIL 0,00 ADD 0,00<3>
174822758-> data received from printer:
174822916-> <6>
174822916-> ********************** COMMAND BEGIN **********************
174822917-> data sent to printer:
174822917-> <2>V <3>
174823108-> data received from printer:
174823262-> <6>
174823262-> ********************** COMMAND BEGIN **********************
174823263-> data sent to printer:
174823263-> <2>VCondiciones legales en el Contrato<3>
174823491-> data received from printer:
174823653-> <6>
174823654-> ********************** COMMAND BEGIN **********************
174823654-> data sent to printer:
174823654-> <2>VSuscrito.<3>
174824500-> data received from printer:
174824659-> <6>
174824660-> ********************** COMMAND BEGIN **********************
174824660-> data sent to printer:
174824660-> <2>V <3>
174824851-> data received from printer:
174825005-> <6>
174825022-> ********************** COMMAND BEGIN **********************
174825022-> data sent to printer:
174825022-> <2>V<161><161><161>GRACIAS POR SU COMPRA!!!<3>
174825280-> data received from printer:
174825443-> <6>
174825443-> ********************** COMMAND BEGIN **********************
174825444-> data sent to printer:
174825444-> <2>VSolo se aceptaran devoluciones<3>
174825666-> data received from printer:
174825819-> <6>
174825819-> ********************** COMMAND BEGIN **********************
174825820-> data sent to printer:
174825820-> <2>Vpor defectos de fabrica, con la<3>
174826045-> data received from printer:
174826209-> <6>
174826209-> ********************** COMMAND BEGIN **********************
174826210-> data sent to printer:
174826210-> <2>Vpresentacion de esta factura (original),<3>
174826446-> data received from printer:
174826599-> <6>
174826599-> ********************** COMMAND BEGIN **********************
174826600-> data sent to printer:
174826600-> <2>Vdentro de los treinta (30) dias<3>
174826823-> data received from printer:
174826975-> <6>
174826975-> ********************** COMMAND BEGIN **********************
174826976-> data sent to printer:
174826976-> <2>Vsiguientes a la emision de la misma.<3>
174827206-> data received from printer:
174827367-> <6>
174827368-> ********************** COMMAND BEGIN **********************
174827369-> data sent to printer:
174827369-> <2>Y0<3>
174827418-> data received from printer:
174827698-> <2>SENIAT    J-316292649    1600*800*3100*2          Bs.0TIY1900001240220231228*300<3><6>
174827699-> ********************** COMMAND BEGIN **********************
174827699-> data sent to printer:
174827699-> <2>S<3>
174827707-> data received from printer:
174827863-> <21>
174827864-> ********************** COMMAND BEGIN **********************
174827864-> data sent to printer:
174827865-> <2>M<3>
174829212-> data received from printer:
174829363-> <6>
175231702-> OPEN PORT: COM1@9600
175231746-> ********************** COMMAND BEGIN **********************
175231747-> data sent to printer:
175231747-> <2>Q<3>
175231755-> data received from printer:
175231911-> <21>
175231912-> ********************** COMMAND BEGIN **********************
175231912-> data sent to printer:
175231912-> <2>M<3>
175231920-> data received from printer:
175232077-> <21>
175932111-> OPEN PORT: COM1@9600
175932153-> ********************** COMMAND BEGIN **********************
175932153-> data sent to printer:
175932153-> <2>Q<3>
175932161-> data received from printer:
175932319-> <21>
175932320-> ********************** COMMAND BEGIN **********************
175932320-> data sent to printer:
175932320-> <2>M<3>
175932327-> data received from printer:
175932485-> <21>
175942280-> OPEN PORT: COM1@9600
175942321-> OPEN PORT: COM1@9600
175942324-> ********************** COMMAND BEGIN **********************
175942324-> data sent to printer:
175942325-> <2>L&1<3>
175943962-> data received from printer:
175944113-> <2>2423*2420<3><6>
175944114-> ********************** COMMAND BEGIN **********************
175944114-> data sent to printer:
175944114-> <2>VRazon Social: Wilfran Guillen <3>
175944374-> data received from printer:
175944533-> <6>
175944533-> ********************** COMMAND BEGIN **********************
175944534-> data sent to printer:
175944534-> <2>VCI/Rif: V-23925810<3>
175944741-> data received from printer:
175944893-> <6>
175944894-> ********************** COMMAND BEGIN **********************
175944894-> data sent to printer:
175944894-> <2>V----------------------------------------<3>
175945126-> data received from printer:
175945284-> <6>
175945287-> ********************** COMMAND BEGIN **********************
175945288-> data sent to printer:
175945288-> <2>VM176339 CPCCMHMHC223253A<3>
175945505-> data received from printer:
175945659-> <6>
175945660-> ********************** COMMAND BEGIN **********************
175945660-> data sent to printer:
175945660-> <2>N11,000xBs2609,78     00002609781<3>
175945939-> data received from printer:
175946094-> <6>
175946094-> ********************** COMMAND BEGIN **********************
175946095-> data sent to printer:
175946095-> <2>VC000019 VISION SENCILLA ANTIREFLEJO TER<3>
175946328-> data received from printer:
175946484-> <6>
175946485-> ********************** COMMAND BEGIN **********************
175946485-> data sent to printer:
175946485-> <2>N12,000xBs359,51      00000719020<3>
175946764-> data received from printer:
175946920-> <6>
175946921-> ********************** COMMAND BEGIN **********************
175946921-> data sent to printer:
175946921-> <2>VA000004 GARANTIA EXTENDIDA<3>
175947139-> data received from printer:
175947296-> <6>
175947296-> ********************** COMMAND BEGIN **********************
175947297-> data sent to printer:
175947297-> <2>N11,000xBs107,85      00000107851<3>
175947577-> data received from printer:
175947731-> <6>
175953602-> ********************** COMMAND BEGIN **********************
175953602-> data sent to printer:
175953602-> <2>OT387147<0><0><0><0><0><128><202><191><3>
175954868-> data received from printer:
175955027-> <2>398761<3><6>
175955109-> ********************** COMMAND BEGIN **********************
175955110-> data sent to printer:
175955111-> <2>P1DIVISAS             000000387147<3>
175955378-> data received from printer:
175955542-> <6>
175955543-> ********************** COMMAND BEGIN **********************
175955543-> data sent to printer:
175955543-> <2>V<3>
175955735-> data received from printer:
175955887-> <6>
175955888-> ********************** COMMAND BEGIN **********************
175955888-> data sent to printer:
175955888-> <2>VNumero Orden: 0069109<3>
175956104-> data received from printer:
175956263-> <6>
175956264-> ********************** COMMAND BEGIN **********************
175956264-> data sent to printer:
175956264-> <2>V<3>
175957097-> data received from printer:
175957254-> <6>
175957261-> ********************** COMMAND BEGIN **********************
175957262-> data sent to printer:
175957262-> <2>V*Contrato de Garantia Extendida para<3>
175957489-> data received from printer:
175957644-> <6>
175957645-> ********************** COMMAND BEGIN **********************
175957645-> data sent to printer:
175957645-> <2>V      Cristales Formulados:<3>
175957865-> data received from printer:
175958020-> <6>
175958021-> ********************** COMMAND BEGIN **********************
175958021-> data sent to printer:
175958021-> <2>V <3>
175958216-> data received from printer:
175958380-> <6>
175958380-> ********************** COMMAND BEGIN **********************
175958381-> data sent to printer:
175958381-> <2>VOD: ESF -0,50 EJE 0 CIL 0,00 ADD 0,00<3>
175958645-> data received from printer:
175958801-> <6>
175958801-> ********************** COMMAND BEGIN **********************
175958802-> data sent to printer:
175958802-> <2>VOI: ESF -0,50 EJE 0 CIL 0,00 ADD 0,00<3>
175959034-> data received from printer:
175959191-> <6>
175959191-> ********************** COMMAND BEGIN **********************
175959192-> data sent to printer:
175959192-> <2>V <3>
175959383-> data received from printer:
175959536-> <6>
175959537-> ********************** COMMAND BEGIN **********************
175959537-> data sent to printer:
175959537-> <2>VCondiciones legales en el Contrato<3>
175959765-> data received from printer:
175959927-> <6>
175959927-> ********************** COMMAND BEGIN **********************
175959928-> data sent to printer:
175959928-> <2>VSuscrito.<3>
180000131-> data received from printer:
180000288-> <6>
180000288-> ********************** COMMAND BEGIN **********************
180000289-> data sent to printer:
180000289-> <2>V <3>
180000480-> data received from printer:
180000634-> <6>
180000637-> ********************** COMMAND BEGIN **********************
180000637-> data sent to printer:
180000638-> <2>V<161><161><161>GRACIAS POR SU COMPRA!!!<3>
180000858-> data received from printer:
180001009-> <6>
180001009-> ********************** COMMAND BEGIN **********************
180001010-> data sent to printer:
180001010-> <2>VSolo se aceptaran devoluciones<3>
180001235-> data received from printer:
180001400-> <6>
180001400-> ********************** COMMAND BEGIN **********************
180001401-> data sent to printer:
180001401-> <2>Vpor defectos de fabrica, con la<3>
180001624-> data received from printer:
180001776-> <6>
180001776-> ********************** COMMAND BEGIN **********************
180001777-> data sent to printer:
180001777-> <2>Vpresentacion de esta factura (original),<3>
180002011-> data received from printer:
180002167-> <6>
180002167-> ********************** COMMAND BEGIN **********************
180002168-> data sent to printer:
180002168-> <2>Vdentro de los treinta (30) dias<3>
180002394-> data received from printer:
180002557-> <6>
180002557-> ********************** COMMAND BEGIN **********************
180002558-> data sent to printer:
180002558-> <2>Vsiguientes a la emision de la misma.<3>
180002785-> data received from printer:
180002948-> <6>
180002950-> ********************** COMMAND BEGIN **********************
180002950-> data sent to printer:
180002950-> <2>Y0<3>
180003000-> data received from printer:
180003280-> <2>SENIAT    J-316292649    1600*800*3100*2          Bs.0TIY1900001240220231240*300<3><6>
180003281-> ********************** COMMAND BEGIN **********************
180003281-> data sent to printer:
180003281-> <2>S<3>
180003289-> data received from printer:
180003446-> <21>
180003447-> ********************** COMMAND BEGIN **********************
180003447-> data sent to printer:
180003448-> <2>M<3>
180004793-> data received from printer:
180004945-> <6>
183940149-> OPEN PORT: COM1@9600
183940216-> ********************** COMMAND BEGIN **********************
183940216-> data sent to printer:
183940217-> <2>Q<3>
183940225-> data received from printer:
183940379-> <21>
183940380-> ********************** COMMAND BEGIN **********************
183940380-> data sent to printer:
183940380-> <2>M<3>
183940388-> data received from printer:
183940545-> <21>
183946941-> OPEN PORT: COM1@9600
183946982-> OPEN PORT: COM1@9600
183946995-> ********************** COMMAND BEGIN **********************
183946995-> data sent to printer:
183946995-> <2>L&1<3>
183948664-> data received from printer:
183948827-> <2>2424*2420<3><6>
183948828-> ********************** COMMAND BEGIN **********************
183948828-> data sent to printer:
183948828-> <2>VRazon Social: Wilfran Guillen <3>
183949050-> data received from printer:
183949202-> <6>
183949203-> ********************** COMMAND BEGIN **********************
183949203-> data sent to printer:
183949203-> <2>VCI/Rif: V-23925810<3>
183949415-> data received from printer:
183949578-> <6>
183949579-> ********************** COMMAND BEGIN **********************
183949579-> data sent to printer:
183949579-> <2>V----------------------------------------<3>
183949810-> data received from printer:
183949968-> <6>
183949972-> ********************** COMMAND BEGIN **********************
183949972-> data sent to printer:
183949973-> <2>VM176339 CPCCMHMHC223253A<3>
183950188-> data received from printer:
183950344-> <6>
183950345-> ********************** COMMAND BEGIN **********************
183950345-> data sent to printer:
183950345-> <2>N11,000xBs2606,80     00002606801<3>
183950628-> data received from printer:
183950779-> <6>
183950779-> ********************** COMMAND BEGIN **********************
183950780-> data sent to printer:
183950780-> <2>VC000019 VISION SENCILLA ANTIREFLEJO TER<3>
183951011-> data received from printer:
183951169-> <6>
183951170-> ********************** COMMAND BEGIN **********************
183951170-> data sent to printer:
183951170-> <2>N12,000xBs0,01        00000000020<3>
183951484-> data received from printer:
183951635-> <6>
183951635-> ********************** COMMAND BEGIN **********************
183951636-> data sent to printer:
183951636-> <2>VA000004 GARANTIA EXTENDIDA<3>
183951854-> data received from printer:
183952010-> <6>
183952011-> ********************** COMMAND BEGIN **********************
183952011-> data sent to printer:
183952011-> <2>N11,000xBs107,73      00000107731<3>
183952291-> data received from printer:
183952446-> <6>
184211343-> ********************** COMMAND BEGIN **********************
184211364-> data sent to printer:
184211364-> <2>O1<3>
184212454-> data received from printer:
184212611-> <2>314887<3><6>
184212722-> ********************** COMMAND BEGIN **********************
184212724-> data sent to printer:
184212724-> <2>P105/06/2023 DEBITO   000000157450<3>
184212992-> data received from printer:
184213142-> <6>
184213143-> ********************** COMMAND BEGIN **********************
184213143-> data sent to printer:
184213144-> <2>P105/06/2023 DEBITO   000000157438<3>
184213608-> data received from printer:
184213773-> <6>
184213774-> ********************** COMMAND BEGIN **********************
184213774-> data sent to printer:
184213774-> <2>V<3>
184213968-> data received from printer:
184214133-> <6>
184214134-> ********************** COMMAND BEGIN **********************
184214134-> data sent to printer:
184214134-> <2>VNumero Orden: 0069096<3>
184214346-> data received from printer:
184214508-> <6>
184214508-> ********************** COMMAND BEGIN **********************
184214509-> data sent to printer:
184214509-> <2>V<3>
184214700-> data received from printer:
184214853-> <6>
184214869-> ********************** COMMAND BEGIN **********************
184214870-> data sent to printer:
184214870-> <2>V*Contrato de Garantia Extendida para<3>
184215101-> data received from printer:
184215260-> <6>
184215261-> ********************** COMMAND BEGIN **********************
184215261-> data sent to printer:
184215261-> <2>V      Cristales Formulados:<3>
184215480-> data received from printer:
184215636-> <6>
184215636-> ********************** COMMAND BEGIN **********************
184215637-> data sent to printer:
184215637-> <2>V <3>
184215829-> data received from printer:
184215982-> <6>
184215982-> ********************** COMMAND BEGIN **********************
184215983-> data sent to printer:
184215983-> <2>VOD: ESF -0,50 EJE 0 CIL 0,00 ADD 0,00<3>
184216215-> data received from printer:
184216372-> <6>
184216373-> ********************** COMMAND BEGIN **********************
184216373-> data sent to printer:
184216374-> <2>VOI: ESF -0,50 EJE 0 CIL 0,00 ADD 0,00<3>
184216603-> data received from printer:
184216762-> <6>
184216763-> ********************** COMMAND BEGIN **********************
184216763-> data sent to printer:
184216764-> <2>V <3>
184216957-> data received from printer:
184217122-> <6>
184217122-> ********************** COMMAND BEGIN **********************
184217123-> data sent to printer:
184217123-> <2>VCondiciones legales en el Contrato<3>
184217352-> data received from printer:
184217514-> <6>
184217514-> ********************** COMMAND BEGIN **********************
184217515-> data sent to printer:
184217515-> <2>VSuscrito.<3>
184217715-> data received from printer:
184217875-> <6>
184217875-> ********************** COMMAND BEGIN **********************
184217876-> data sent to printer:
184217876-> <2>V <3>
184218106-> data received from printer:
184218266-> <6>
184218270-> ********************** COMMAND BEGIN **********************
184218270-> data sent to printer:
184218270-> <2>V<161><161><161>GRACIAS POR SU COMPRA!!!<3>
184218489-> data received from printer:
184218642-> <6>
184218642-> ********************** COMMAND BEGIN **********************
184218643-> data sent to printer:
184218643-> <2>VSolo se aceptaran devoluciones<3>
184218865-> data received from printer:
184219017-> <6>
184219017-> ********************** COMMAND BEGIN **********************
184219018-> data sent to printer:
184219018-> <2>Vpor defectos de fabrica, con la<3>
184219245-> data received from printer:
184219406-> <6>
184219407-> ********************** COMMAND BEGIN **********************
184219407-> data sent to printer:
184219407-> <2>Vpresentacion de esta factura (original),<3>
184219639-> data received from printer:
184219796-> <6>
184219797-> ********************** COMMAND BEGIN **********************
184219797-> data sent to printer:
184219797-> <2>Vdentro de los treinta (30) dias<3>
184220664-> data received from printer:
184220817-> <6>
184220817-> ********************** COMMAND BEGIN **********************
184220818-> data sent to printer:
184220818-> <2>Vsiguientes a la emision de la misma.<3>
184221049-> data received from printer:
184221209-> <6>
184221276-> ********************** COMMAND BEGIN **********************
184221276-> data sent to printer:
184221277-> <2>Y0<3>
184221327-> data received from printer:
184221602-> <2>SENIAT    J-316292649    1600*800*3100*2          Bs.0TIY1900001240220231322*300<3><6>
184221603-> ********************** COMMAND BEGIN **********************
184221604-> data sent to printer:
184221604-> <2>S<3>
184221611-> data received from printer:
184221767-> <21>
184221768-> ********************** COMMAND BEGIN **********************
184221768-> data sent to printer:
184221768-> <2>M<3>
184223086-> data received from printer:
184223238-> <6>
