094743033-> OPEN PORT: COM1@9600
094743108-> ********************** COMMAND BEGIN **********************
094743110-> data sent to printer:
094743110-> <2>Q<3>
094749166-> No reponse from printer
094749167-> ********************** COMMAND BEGIN **********************
094749167-> data sent to printer:
094749168-> <2>M<3>
094834225-> No reponse from printer
094841145-> OPEN PORT: COM1@9600
094841185-> OPEN PORT: COM1@9600
094842236-> ********************** COMMAND BEGIN **********************
094842236-> data sent to printer:
094842237-> <2>L&1<3>
094848297-> No reponse from printer
094848298-> ********************** COMMAND BEGIN **********************
094848299-> data sent to printer:
094848299-> <2>VRazon Social: ENDYS CHAFARDETT<3>
094852362-> No reponse from printer
094917205-> OPEN PORT: COM1@9600
094917205-> ********************** COMMAND BEGIN **********************
094917206-> data sent to printer:
094917206-> <2>Q<3>
094923266-> No reponse from printer
094923267-> ********************** COMMAND BEGIN **********************
094923267-> data sent to printer:
094923267-> <2>M<3>
095008326-> No reponse from printer
095027126-> OPEN PORT: COM1@9600
095027166-> ********************** COMMAND BEGIN **********************
095027167-> data sent to printer:
095027167-> <2>Q<3>
095033229-> No reponse from printer
095033229-> ********************** COMMAND BEGIN **********************
095033230-> data sent to printer:
095033230-> <2>M<3>
095118288-> No reponse from printer
095122453-> OPEN PORT: COM1@9600
095122492-> OPEN PORT: COM1@9600
095123121-> ********************** COMMAND BEGIN **********************
095123121-> data sent to printer:
095123122-> <2>L&1<3>
095129181-> No reponse from printer
095129182-> ********************** COMMAND BEGIN **********************
095129182-> data sent to printer:
095129183-> <2>VRazon Social: ENDYS CHAFARDETT<3>
095133246-> No reponse from printer
095202013-> OPEN PORT: COM1@9600
095202014-> ********************** COMMAND BEGIN **********************
095202014-> data sent to printer:
095202015-> <2>Q<3>
095208075-> No reponse from printer
095208076-> ********************** COMMAND BEGIN **********************
095208076-> data sent to printer:
095208077-> <2>M<3>
095253134-> No reponse from printer
095725951-> OPEN PORT: COM1@9600
095725991-> ********************** COMMAND BEGIN **********************
095725992-> data sent to printer:
095725992-> <2>Q<3>
095732049-> No reponse from printer
095732049-> ********************** COMMAND BEGIN **********************
095732050-> data sent to printer:
095732050-> <2>M<3>
095817103-> No reponse from printer
095855742-> OPEN PORT: COM1@9600
095855781-> OPEN PORT: COM1@9600
095856569-> ********************** COMMAND BEGIN **********************
095856569-> data sent to printer:
095856570-> <2>L&1<3>
095902628-> No reponse from printer
095902629-> ********************** COMMAND BEGIN **********************
095902629-> data sent to printer:
095902630-> <2>VRazon Social: ENDYS CHAFARDETT<3>
095906693-> No reponse from printer
100107850-> OPEN PORT: COM1@9600
100107851-> ********************** COMMAND BEGIN **********************
100107851-> data sent to printer:
100107851-> <2>Q<3>
100113905-> No reponse from printer
100113905-> ********************** COMMAND BEGIN **********************
100113906-> data sent to printer:
100113906-> <2>M<3>
100158963-> No reponse from printer
102643543-> OPEN PORT: COM1@9600
102643592-> ********************** COMMAND BEGIN **********************
102643592-> data sent to printer:
102643592-> <2>Q<3>
102649655-> No reponse from printer
102649656-> ********************** COMMAND BEGIN **********************
102649656-> data sent to printer:
102649656-> <2>M<3>
102734716-> No reponse from printer
103056755-> OPEN PORT: COM1@9600
103056795-> OPEN PORT: COM1@9600
103100163-> ********************** COMMAND BEGIN **********************
103100163-> data sent to printer:
103100164-> <2>L&1<3>
103106222-> No reponse from printer
103106223-> ********************** COMMAND BEGIN **********************
103106223-> data sent to printer:
103106223-> <2>VRazon Social: ENDYS CHAFARDETT<3>
103110288-> No reponse from printer
103133068-> OPEN PORT: COM1@9600
103133068-> ********************** COMMAND BEGIN **********************
103133069-> data sent to printer:
103133069-> <2>Q<3>
103139134-> No reponse from printer
103139135-> ********************** COMMAND BEGIN **********************
103139135-> data sent to printer:
103139136-> <2>M<3>
103224189-> No reponse from printer
123504712-> OPEN PORT: COM1@9600
123504803-> ********************** COMMAND BEGIN **********************
123504804-> data sent to printer:
123504804-> <2>Q<3>
123510859-> No reponse from printer
123510860-> ********************** COMMAND BEGIN **********************
123510860-> data sent to printer:
123510861-> <2>M<3>
123555913-> No reponse from printer
124049232-> OPEN PORT: COM1@9600
124049272-> ********************** COMMAND BEGIN **********************
124049273-> data sent to printer:
124049273-> <2>Q<3>
124055335-> No reponse from printer
124055336-> ********************** COMMAND BEGIN **********************
124055336-> data sent to printer:
124055336-> <2>M<3>
124140394-> No reponse from printer
130854098-> OPEN PORT: COM1@9600
130854141-> ********************** COMMAND BEGIN **********************
130854141-> data sent to printer:
130854141-> <2>Q<3>
130900195-> No reponse from printer
130900196-> ********************** COMMAND BEGIN **********************
130900197-> data sent to printer:
130900197-> <2>M<3>
130945255-> No reponse from printer
152259297-> OPEN PORT: COM1@9600
152259375-> ********************** COMMAND BEGIN **********************
152259376-> data sent to printer:
152259376-> <2>Q<3>
152305439-> No reponse from printer
152305440-> ********************** COMMAND BEGIN **********************
152305440-> data sent to printer:
152305441-> <2>M<3>
152350493-> No reponse from printer
152359547-> OPEN PORT: COM1@9600
152359586-> OPEN PORT: COM1@9600
152401875-> ********************** COMMAND BEGIN **********************
152401876-> data sent to printer:
152401877-> <2>L&1<3>
152407941-> No reponse from printer
152407942-> ********************** COMMAND BEGIN **********************
152407942-> data sent to printer:
152407943-> <2>VRazon Social: ANDREA STRUVE<3>
152412006-> No reponse from printer
152432269-> ********************** COMMAND BEGIN **********************
152432269-> data sent to printer:
152432270-> <2>Q<3>
152438330-> No reponse from printer
152438331-> ********************** COMMAND BEGIN **********************
152438331-> data sent to printer:
152438331-> <2>M<3>
152523388-> No reponse from printer
