120530107-> OPEN PORT: COM1@9600
120532204-> OPEN PORT: COM1@9600
120532710-> ********************** COMMAND BEGIN **********************
120532711-> data sent to printer:
120532711-> <2>L&1<3>
120534378-> data received from printer:
120534535-> <2>2738*2737<3><6>
120534536-> ********************** COMMAND BEGIN **********************
120534536-> data sent to printer:
120534537-> <2>VRazon Social: MARIA  PESTANA<3>
120534755-> data received from printer:
120534910-> <6>
120534911-> ********************** COMMAND BEGIN **********************
120534911-> data sent to printer:
120534912-> <2>VCI/Rif: V-81439746<3>
120535121-> data received from printer:
120535286-> <6>
120535287-> ********************** COMMAND BEGIN **********************
120535287-> data sent to printer:
120535288-> <2>V----------------------------------------<3>
120535521-> data received from printer:
120535677-> <6>
120537968-> ********************** COMMAND BEGIN **********************
120537969-> data sent to printer:
120537969-> <2>VC001023 Progressiv BN Allround V 1.5 <3>
120538231-> data received from printer:
120538383-> <6>
120538384-> ********************** COMMAND BEGIN **********************
120538385-> data sent to printer:
120538385-> <2>N12,000xBs0,01        00000000020<3>
120538660-> data received from printer:
120538818-> <6>
120539051-> ********************** COMMAND BEGIN **********************
120539051-> data sent to printer:
120539051-> <2>O1<3>
120539647-> data received from printer:
120539802-> <2>2<3><6>
120541419-> ********************** COMMAND BEGIN **********************
120541420-> data sent to printer:
120541420-> <2>V<3>
120541612-> data received from printer:
120541774-> <6>
120541775-> ********************** COMMAND BEGIN **********************
120541776-> data sent to printer:
120541776-> <2>VNumero Orden: 0102691<3>
120541992-> data received from printer:
120542150-> <6>
120542151-> ********************** COMMAND BEGIN **********************
120542151-> data sent to printer:
120542152-> <2>V<3>
120542342-> data received from printer:
120542496-> <6>
120542526-> ********************** COMMAND BEGIN **********************
120542526-> data sent to printer:
120542527-> <2>V<161><161><161>GRACIAS POR SU COMPRA!!!<3>
120542747-> data received from printer:
120542902-> <6>
120542903-> ********************** COMMAND BEGIN **********************
120542903-> data sent to printer:
120542903-> <2>VSolo se aceptaran devoluciones<3>
120543128-> data received from printer:
120543293-> <6>
120543294-> ********************** COMMAND BEGIN **********************
120543294-> data sent to printer:
120543295-> <2>Vpor defectos de fabrica, con la<3>
120543517-> data received from printer:
120543668-> <6>
120543668-> ********************** COMMAND BEGIN **********************
120543669-> data sent to printer:
120543669-> <2>Vpresentacion de esta factura (original),<3>
120543903-> data received from printer:
120544059-> <6>
120544059-> ********************** COMMAND BEGIN **********************
120544060-> data sent to printer:
120544060-> <2>Vdentro de los treinta (30) dias<3>
120544320-> data received from printer:
120544479-> <6>
120544480-> ********************** COMMAND BEGIN **********************
120544480-> data sent to printer:
120544481-> <2>Vsiguientes a la emision de la misma.<3>
120544710-> data received from printer:
120544869-> <6>
120544870-> ********************** COMMAND BEGIN **********************
120544871-> data sent to printer:
120544871-> <2>Y0<3>
120544921-> data received from printer:
120545201-> <2>SENIAT    J-316292649    1600*800*3100*2          Bs.0TIY1900001230620240145*300<3><6>
120545202-> ********************** COMMAND BEGIN **********************
120545202-> data sent to printer:
120545203-> <2>S<3>
120545210-> data received from printer:
120545367-> <21>
120545368-> ********************** COMMAND BEGIN **********************
120545368-> data sent to printer:
120545369-> <2>M<3>
120546623-> data received from printer:
120546777-> <6>
123749429-> OPEN PORT: COM1@9600
123749478-> ********************** COMMAND BEGIN **********************
123749478-> data sent to printer:
123749479-> <2>Q<3>
123749486-> data received from printer:
123749652-> <21>
123749653-> ********************** COMMAND BEGIN **********************
123749653-> data sent to printer:
123749654-> <2>M<3>
123749661-> data received from printer:
123749817-> <21>
142822929-> OPEN PORT: COM1@9600
142823022-> ********************** COMMAND BEGIN **********************
142823022-> data sent to printer:
142823023-> <2>Q<3>
142823030-> data received from printer:
142823193-> <21>
142823194-> ********************** COMMAND BEGIN **********************
142823194-> data sent to printer:
142823194-> <2>M<3>
142823202-> data received from printer:
142823359-> <21>
143250799-> OPEN PORT: COM1@9600
143250840-> ********************** COMMAND BEGIN **********************
143250841-> data sent to printer:
143250841-> <2>Q<3>
143250849-> data received from printer:
143251007-> <21>
143251008-> ********************** COMMAND BEGIN **********************
143251008-> data sent to printer:
143251009-> <2>M<3>
143251016-> data received from printer:
143251172-> <21>
143746790-> OPEN PORT: COM1@9600
143746831-> ********************** COMMAND BEGIN **********************
143746832-> data sent to printer:
143746832-> <2>Q<3>
143746840-> data received from printer:
143746998-> <21>
143746999-> ********************** COMMAND BEGIN **********************
143747000-> data sent to printer:
143747001-> <2>M<3>
143747008-> data received from printer:
143747163-> <21>
145357441-> OPEN PORT: COM1@9600
145357482-> ********************** COMMAND BEGIN **********************
145357483-> data sent to printer:
145357483-> <2>Q<3>
145357491-> data received from printer:
145357644-> <21>
145357645-> ********************** COMMAND BEGIN **********************
145357645-> data sent to printer:
145357646-> <2>M<3>
145357653-> data received from printer:
145357809-> <21>
145836722-> OPEN PORT: COM1@9600
145836763-> ********************** COMMAND BEGIN **********************
145836763-> data sent to printer:
145836764-> <2>Q<3>
145836772-> data received from printer:
145836929-> <21>
145836930-> ********************** COMMAND BEGIN **********************
145836930-> data sent to printer:
145836931-> <2>M<3>
145836938-> data received from printer:
145837095-> <21>
151226115-> OPEN PORT: COM1@9600
151226168-> ********************** COMMAND BEGIN **********************
151226169-> data sent to printer:
151226169-> <2>Q<3>
151226176-> data received from printer:
151226333-> <21>
151226334-> ********************** COMMAND BEGIN **********************
151226334-> data sent to printer:
151226335-> <2>M<3>
151226344-> data received from printer:
151226499-> <21>
152104304-> OPEN PORT: COM1@9600
152104345-> ********************** COMMAND BEGIN **********************
152104346-> data sent to printer:
152104346-> <2>Q<3>
152104354-> data received from printer:
152104518-> <21>
152104519-> ********************** COMMAND BEGIN **********************
152104519-> data sent to printer:
152104520-> <2>M<3>
152104527-> data received from printer:
152104684-> <21>
152855969-> OPEN PORT: COM1@9600
152856011-> ********************** COMMAND BEGIN **********************
152856011-> data sent to printer:
152856012-> <2>Q<3>
152856019-> data received from printer:
152856181-> <21>
152856182-> ********************** COMMAND BEGIN **********************
152856183-> data sent to printer:
152856183-> <2>M<3>
152856191-> data received from printer:
152856346-> <21>
153426087-> OPEN PORT: COM1@9600
153426128-> ********************** COMMAND BEGIN **********************
153426128-> data sent to printer:
153426129-> <2>Q<3>
153426136-> data received from printer:
153426293-> <21>
153426294-> ********************** COMMAND BEGIN **********************
153426294-> data sent to printer:
153426295-> <2>M<3>
153426303-> data received from printer:
153426459-> <21>
153647764-> OPEN PORT: COM1@9600
153647805-> ********************** COMMAND BEGIN **********************
153647806-> data sent to printer:
153647806-> <2>Q<3>
153647814-> data received from printer:
153647975-> <21>
153647976-> ********************** COMMAND BEGIN **********************
153647977-> data sent to printer:
153647977-> <2>M<3>
153647985-> data received from printer:
153648141-> <21>
155454218-> OPEN PORT: COM1@9600
155454259-> ********************** COMMAND BEGIN **********************
155454259-> data sent to printer:
155454260-> <2>Q<3>
155454267-> data received from printer:
155454426-> <21>
155454427-> ********************** COMMAND BEGIN **********************
155454427-> data sent to printer:
155454428-> <2>M<3>
155454435-> data received from printer:
155454591-> <21>
155734234-> OPEN PORT: COM1@9600
155734275-> ********************** COMMAND BEGIN **********************
155734276-> data sent to printer:
155734276-> <2>Q<3>
155734283-> data received from printer:
155734435-> <21>
155734436-> ********************** COMMAND BEGIN **********************
155734436-> data sent to printer:
155734437-> <2>M<3>
155734445-> data received from printer:
155734601-> <21>
160142638-> OPEN PORT: COM1@9600
160142680-> ********************** COMMAND BEGIN **********************
160142680-> data sent to printer:
160142681-> <2>Q<3>
160142688-> data received from printer:
160142848-> <21>
160142849-> ********************** COMMAND BEGIN **********************
160142849-> data sent to printer:
160142850-> <2>M<3>
160142858-> data received from printer:
160143014-> <21>
160400961-> OPEN PORT: COM1@9600
160401002-> ********************** COMMAND BEGIN **********************
160401033-> data sent to printer:
160401033-> <2>Q<3>
160401041-> data received from printer:
160401193-> <21>
160401194-> ********************** COMMAND BEGIN **********************
160401194-> data sent to printer:
160401195-> <2>M<3>
160401202-> data received from printer:
160401358-> <21>
160705603-> OPEN PORT: COM1@9600
160705645-> ********************** COMMAND BEGIN **********************
160705668-> data sent to printer:
160705669-> <2>Q<3>
160705676-> data received from printer:
160705831-> <21>
160705832-> ********************** COMMAND BEGIN **********************
160705832-> data sent to printer:
160705833-> <2>M<3>
160705840-> data received from printer:
160705997-> <21>
161128117-> OPEN PORT: COM1@9600
161128244-> ********************** COMMAND BEGIN **********************
161128245-> data sent to printer:
161128245-> <2>Q<3>
161128253-> data received from printer:
161128413-> <21>
161128414-> ********************** COMMAND BEGIN **********************
161128414-> data sent to printer:
161128414-> <2>M<3>
161128422-> data received from printer:
161128579-> <21>
161735858-> OPEN PORT: COM1@9600
161735899-> ********************** COMMAND BEGIN **********************
161735899-> data sent to printer:
161735900-> <2>Q<3>
161735907-> data received from printer:
161736066-> <21>
161736067-> ********************** COMMAND BEGIN **********************
161736067-> data sent to printer:
161736068-> <2>M<3>
161736075-> data received from printer:
161736231-> <21>
162020969-> OPEN PORT: COM1@9600
162021010-> ********************** COMMAND BEGIN **********************
162021010-> data sent to printer:
162021011-> <2>Q<3>
162021019-> data received from printer:
162021183-> <21>
162021184-> ********************** COMMAND BEGIN **********************
162021184-> data sent to printer:
162021185-> <2>M<3>
162021193-> data received from printer:
162021348-> <21>
162441469-> OPEN PORT: COM1@9600
162441510-> ********************** COMMAND BEGIN **********************
162441511-> data sent to printer:
162441511-> <2>Q<3>
162441518-> data received from printer:
162441678-> <21>
162441679-> ********************** COMMAND BEGIN **********************
162441680-> data sent to printer:
162441680-> <2>M<3>
162441688-> data received from printer:
162441843-> <21>
162922888-> OPEN PORT: COM1@9600
162922928-> ********************** COMMAND BEGIN **********************
162922929-> data sent to printer:
162922929-> <2>Q<3>
162922937-> data received from printer:
162923097-> <21>
162923098-> ********************** COMMAND BEGIN **********************
162923098-> data sent to printer:
162923099-> <2>M<3>
162923106-> data received from printer:
162923262-> <21>
165004446-> OPEN PORT: COM1@9600
165004539-> ********************** COMMAND BEGIN **********************
165004540-> data sent to printer:
165004540-> <2>Q<3>
165004547-> data received from printer:
165004713-> <21>
165004714-> ********************** COMMAND BEGIN **********************
165004714-> data sent to printer:
165004715-> <2>M<3>
165004722-> data received from printer:
165004878-> <21>
170507347-> OPEN PORT: COM1@9600
170507387-> ********************** COMMAND BEGIN **********************
170507388-> data sent to printer:
170507388-> <2>Q<3>
170507396-> data received from printer:
170507549-> <21>
170507550-> ********************** COMMAND BEGIN **********************
170507550-> data sent to printer:
170507551-> <2>M<3>
170507559-> data received from printer:
170507714-> <21>
170929242-> OPEN PORT: COM1@9600
170929283-> ********************** COMMAND BEGIN **********************
170929283-> data sent to printer:
170929284-> <2>Q<3>
170929291-> data received from printer:
170929453-> <21>
170929454-> ********************** COMMAND BEGIN **********************
170929454-> data sent to printer:
170929455-> <2>M<3>
170929462-> data received from printer:
170929619-> <21>
171315850-> OPEN PORT: COM1@9600
171315901-> ********************** COMMAND BEGIN **********************
171315901-> data sent to printer:
171315902-> <2>Q<3>
171315909-> data received from printer:
171316068-> <21>
171316069-> ********************** COMMAND BEGIN **********************
171316070-> data sent to printer:
171316070-> <2>M<3>
171316078-> data received from printer:
171316233-> <21>
171907576-> OPEN PORT: COM1@9600
171907617-> ********************** COMMAND BEGIN **********************
171907617-> data sent to printer:
171907617-> <2>Q<3>
171907625-> data received from printer:
171907784-> <21>
171907785-> ********************** COMMAND BEGIN **********************
171907785-> data sent to printer:
171907786-> <2>M<3>
171907793-> data received from printer:
171907949-> <21>
172535071-> OPEN PORT: COM1@9600
172535113-> ********************** COMMAND BEGIN **********************
172535113-> data sent to printer:
172535114-> <2>Q<3>
172535121-> data received from printer:
172535275-> <21>
172535276-> ********************** COMMAND BEGIN **********************
172535276-> data sent to printer:
172535277-> <2>M<3>
172535285-> data received from printer:
172535441-> <21>
172752408-> OPEN PORT: COM1@9600
172752449-> ********************** COMMAND BEGIN **********************
172752449-> data sent to printer:
172752450-> <2>Q<3>
172752457-> data received from printer:
172752618-> <21>
172752619-> ********************** COMMAND BEGIN **********************
172752619-> data sent to printer:
172752620-> <2>M<3>
172752627-> data received from printer:
172752783-> <21>
173142670-> OPEN PORT: COM1@9600
173142711-> ********************** COMMAND BEGIN **********************
173142711-> data sent to printer:
173142711-> <2>Q<3>
173142719-> data received from printer:
173142878-> <21>
173142879-> ********************** COMMAND BEGIN **********************
173142879-> data sent to printer:
173142880-> <2>M<3>
173142887-> data received from printer:
173143043-> <21>
