101552748-> OPEN PORT: COM1@9600
101552991-> ********************** COMMAND BEGIN **********************
101552991-> data sent to printer:
101552992-> <2>Q<3>
101552997-> data received from printer:
101553156-> <21>
101553157-> ********************** COMMAND BEGIN **********************
101553157-> data sent to printer:
101553157-> <2>M<3>
101553162-> data received from printer:
101553322-> <21>
101556556-> OPEN PORT: COM1@9600
101556621-> OPEN PORT: COM1@9600
101556673-> ********************** COMMAND BEGIN **********************
101556673-> data sent to printer:
101556680-> <2>L&1<3>
101557341-> data received from printer:
101557505-> <2>6108*6101<3><6>
101557506-> ********************** COMMAND BEGIN **********************
101557506-> data sent to printer:
101557507-> <2>VRazon Social: DIANA LOSADA<3>
101557591-> data received from printer:
101557745-> <6>
101557745-> ********************** COMMAND BEGIN **********************
101557746-> data sent to printer:
101557746-> <2>VCI/Rif: V-20713936<3>
101557822-> data received from printer:
101557986-> <6>
101557987-> ********************** COMMAND BEGIN **********************
101557987-> data sent to printer:
101557987-> <2>V----------------------------------------<3>
101558087-> data received from printer:
101558241-> <6>
101558335-> ********************** COMMAND BEGIN **********************
101558336-> data sent to printer:
101558337-> <2>Y0<3>
101558345-> data received from printer:
101558596-> <2>SENIAT    J-00000000000001600*0800*3100*2          Bs.0TIS0900049050220251009<3><6>
101558635-> ********************** COMMAND BEGIN **********************
101558636-> data sent to printer:
101558636-> <2>VC000899 Maxi Delgado ChromActive BlueCut<3>
101558736-> data received from printer:
101558899-> <6>
101558899-> ********************** COMMAND BEGIN **********************
101558900-> data sent to printer:
101558900-> <2>V <3>
101558958-> data received from printer:
101559109-> <6>
101559126-> ********************** COMMAND BEGIN **********************
101559127-> data sent to printer:
101559127-> <2>N12,000xBs1227,24     00002454480<3>
101559269-> data received from printer:
101559426-> <6>
101559426-> ********************** COMMAND BEGIN **********************
101559427-> data sent to printer:
101559427-> <2>VD000003 SERVICIO EXPRESS 12 HORAS<3>
101559519-> data received from printer:
101559681-> <6>
101559681-> ********************** COMMAND BEGIN **********************
101559682-> data sent to printer:
101559682-> <2>N11,000xBs233,76      00000233761<3>
101559824-> data received from printer:
101559982-> <6>
101559983-> ********************** COMMAND BEGIN **********************
101559983-> data sent to printer:
101559984-> <2>VA000004 GARANTIA EXTENDIDA<3>
101600068-> data received from printer:
101600223-> <6>
101600224-> ********************** COMMAND BEGIN **********************
101600224-> data sent to printer:
101600224-> <2>N11,000xBs613,62      00000613621<3>
101600366-> data received from printer:
101600523-> <6>
101600524-> ********************** COMMAND BEGIN **********************
101600524-> data sent to printer:
101600524-> <2>VM181159 DMCCMWTU23801552ON<3>
101600609-> data received from printer:
101600763-> <6>
101600764-> ********************** COMMAND BEGIN **********************
101600764-> data sent to printer:
101600765-> <2>N11,000xBs2396,04     00002396041<3>
101600907-> data received from printer:
101601063-> <6>
101601324-> ********************** COMMAND BEGIN **********************
101601324-> data sent to printer:
101601324-> <2>O1<3>
101601874-> data received from printer:
101602035-> <2>621685<3><6>
101602107-> ********************** COMMAND BEGIN **********************
101602108-> data sent to printer:
101602109-> <2>P105/02/2025 DEBITO   000000310842<3>
101602252-> data received from printer:
101602412-> <6>
101602412-> ********************** COMMAND BEGIN **********************
101602413-> data sent to printer:
101602413-> <2>P105/02/2025 TRANSFERE000000310843<3>
101602608-> data received from printer:
101602773-> <6>
101608558-> ********************** COMMAND BEGIN **********************
101608559-> data sent to printer:
101608560-> <2>V<3>
101608617-> data received from printer:
101608769-> <6>
101608770-> ********************** COMMAND BEGIN **********************
101608770-> data sent to printer:
101608771-> <2>VNumero Orden: 0146278<3>
101608850-> data received from printer:
101609009-> <6>
101609009-> ********************** COMMAND BEGIN **********************
101609010-> data sent to printer:
101609010-> <2>V<3>
101609067-> data received from printer:
101609219-> <6>
101609260-> ********************** COMMAND BEGIN **********************
101609260-> data sent to printer:
101609260-> <2>V*Contrato de Garantia Extendida para<3>
101609356-> data received from printer:
101609519-> <6>
101609520-> ********************** COMMAND BEGIN **********************
101609520-> data sent to printer:
101609521-> <2>V      Cristales Formulados:<3>
101609606-> data received from printer:
101609759-> <6>
101609759-> ********************** COMMAND BEGIN **********************
101609760-> data sent to printer:
101609760-> <2>V <3>
101609818-> data received from printer:
101609969-> <6>
101609970-> ********************** COMMAND BEGIN **********************
101609970-> data sent to printer:
101609970-> <2>VOD: ESF -0,50 EJE 160 CIL -0,50 ADD 0,00<3>
101610070-> data received from printer:
101610224-> <6>
101610225-> ********************** COMMAND BEGIN **********************
101610225-> data sent to printer:
101610226-> <2>VOI: ESF -0,50 EJE 20 CIL -0,75 ADD 0,00<3>
101610324-> data received from printer:
101610480-> <6>
101610481-> ********************** COMMAND BEGIN **********************
101610481-> data sent to printer:
101610481-> <2>V <3>
101610539-> data received from printer:
101610705-> <6>
101610706-> ********************** COMMAND BEGIN **********************
101610706-> data sent to printer:
101610706-> <2>VCondiciones legales en el Contrato<3>
101610799-> data received from printer:
101610961-> <6>
101610961-> ********************** COMMAND BEGIN **********************
101610962-> data sent to printer:
101610962-> <2>VSuscrito.<3>
101611029-> data received from printer:
101611186-> <6>
101611187-> ********************** COMMAND BEGIN **********************
101611187-> data sent to printer:
101611187-> <2>V <3>
101611245-> data received from printer:
101611397-> <6>
101611424-> ********************** COMMAND BEGIN **********************
101611424-> data sent to printer:
101611425-> <2>V<161><161><161>GRACIAS POR SU COMPRA!!!<3>
101611510-> data received from printer:
101611669-> <6>
101611669-> ********************** COMMAND BEGIN **********************
101611670-> data sent to printer:
101611670-> <2>VSolo se aceptaran devoluciones<3>
101611759-> data received from printer:
101611924-> <6>
101611925-> ********************** COMMAND BEGIN **********************
101611925-> data sent to printer:
101611925-> <2>Vpor defectos de fabrica, con la<3>
101612015-> data received from printer:
101612179-> <6>
101612180-> ********************** COMMAND BEGIN **********************
101612180-> data sent to printer:
101612181-> <2>Vpresentacion de esta factura (original),<3>
101612280-> data received from printer:
101612434-> <6>
101612435-> ********************** COMMAND BEGIN **********************
101612435-> data sent to printer:
101612435-> <2>Vdentro de los treinta (30) dias<3>
101612525-> data received from printer:
101612690-> <6>
101612691-> ********************** COMMAND BEGIN **********************
101612691-> data sent to printer:
101612691-> <2>Vsiguientes a la emision de la misma.<3>
101612787-> data received from printer:
101612945-> <6>
101612946-> ********************** COMMAND BEGIN **********************
101612946-> data sent to printer:
101612946-> <2>Y0<3>
101612954-> data received from printer:
101613215-> <2>SENIAT    J-00000000000001600*0800*3100*2          Bs.0TIS0900049050220251009<3><6>
101613216-> ********************** COMMAND BEGIN **********************
101613216-> data sent to printer:
101613217-> <2>M<3>
101614515-> data received from printer:
101614670-> <6>
101629758-> OPEN PORT: COM1@9600
101629825-> ********************** COMMAND BEGIN **********************
101629825-> data sent to printer:
101629826-> <2>Y3<3>
101629833-> data received from printer:
101630018-> <2>6108*6101*909*0*<3><6>
103841095-> OPEN PORT: COM1@9600
103841160-> ********************** COMMAND BEGIN **********************
103841160-> data sent to printer:
103841161-> <2>Q<3>
103841166-> data received from printer:
103841317-> <21>
103841318-> ********************** COMMAND BEGIN **********************
103841318-> data sent to printer:
103841318-> <2>M<3>
103841323-> data received from printer:
103841482-> <21>
103842341-> OPEN PORT: COM1@9600
103842404-> OPEN PORT: COM1@9600
103842405-> ********************** COMMAND BEGIN **********************
103842405-> data sent to printer:
103842406-> <2>L&1<3>
103843066-> data received from printer:
103843240-> <2>6109*6101<3><6>
103843241-> ********************** COMMAND BEGIN **********************
103843242-> data sent to printer:
103843242-> <2>VRazon Social: GABRIEL SIGUAS<3>
103843328-> data received from printer:
103843481-> <6>
103843482-> ********************** COMMAND BEGIN **********************
103843482-> data sent to printer:
103843482-> <2>VCI/Rif: V-27272343<3>
103843558-> data received from printer:
103843723-> <6>
103843724-> ********************** COMMAND BEGIN **********************
103843724-> data sent to printer:
103843724-> <2>V----------------------------------------<3>
103843824-> data received from printer:
103843979-> <6>
103843980-> ********************** COMMAND BEGIN **********************
103843980-> data sent to printer:
103843980-> <2>Y0<3>
103843988-> data received from printer:
103844239-> <2>SENIAT    J-00000000000001600*0800*3100*2          Bs.0TIS0900049050220251032<3><6>
103844240-> ********************** COMMAND BEGIN **********************
103844240-> data sent to printer:
103844240-> <2>VA000004 GARANTIA EXTENDIDA<3>
103844325-> data received from printer:
103844480-> <6>
103844481-> ********************** COMMAND BEGIN **********************
103844481-> data sent to printer:
103844482-> <2>N11,000xBs429,53      00000429531<3>
103844623-> data received from printer:
103844781-> <6>
103844782-> ********************** COMMAND BEGIN **********************
103844782-> data sent to printer:
103844783-> <2>VD000003 SERVICIO EXPRESS 12 HORAS<3>
103844875-> data received from printer:
103845037-> <6>
103845038-> ********************** COMMAND BEGIN **********************
103845038-> data sent to printer:
103845038-> <2>N11,000xBs233,76      00000233761<3>
103845180-> data received from printer:
103845338-> <6>
103845339-> ********************** COMMAND BEGIN **********************
103845340-> data sent to printer:
103845340-> <2>VM172700 UPCCACQU150952VO<3>
103845422-> data received from printer:
103845579-> <6>
103845580-> ********************** COMMAND BEGIN **********************
103845580-> data sent to printer:
103845580-> <2>N11,000xBs1986,96     00001986961<3>
103845722-> data received from printer:
103845880-> <6>
103845881-> ********************** COMMAND BEGIN **********************
103845881-> data sent to printer:
103845881-> <2>VC000882 MAXI DELGADO 1.56 TERM. AR BLUE <3>
103845981-> data received from printer:
103846136-> <6>
103846137-> ********************** COMMAND BEGIN **********************
103846137-> data sent to printer:
103846138-> <2>V <3>
103846195-> data received from printer:
103846347-> <6>
103846348-> ********************** COMMAND BEGIN **********************
103846348-> data sent to printer:
103846349-> <2>N12,000xBs859,07      00001718140<3>
103846491-> data received from printer:
103846647-> <6>
103846807-> ********************** COMMAND BEGIN **********************
103846808-> data sent to printer:
103846809-> <2>O1<3>
103847358-> data received from printer:
103847523-> <2>479243<3><6>
103847560-> ********************** COMMAND BEGIN **********************
103847560-> data sent to printer:
103847560-> <2>P105/02/2025 DEBITO   000000287583<3>
103847703-> data received from printer:
103847856-> <6>
103847857-> ********************** COMMAND BEGIN **********************
103847858-> data sent to printer:
103847858-> <2>P105/02/2025 TRANSFERE000000191659<3>
103848001-> data received from printer:
103848156-> <6>
103848157-> ********************** COMMAND BEGIN **********************
103848157-> data sent to printer:
103848158-> <2>P1EFECTIVO            000000000001<3>
103848353-> data received from printer:
103848503-> <6>
103943492-> ********************** COMMAND BEGIN **********************
103943492-> data sent to printer:
103943493-> <2>V<3>
103943549-> data received from printer:
103943702-> <6>
103943703-> ********************** COMMAND BEGIN **********************
103943703-> data sent to printer:
103943704-> <2>VNumero Orden: 0146279<3>
103943783-> data received from printer:
103943943-> <6>
103943944-> ********************** COMMAND BEGIN **********************
103943944-> data sent to printer:
103943945-> <2>V<3>
103944001-> data received from printer:
103944153-> <6>
103944161-> ********************** COMMAND BEGIN **********************
103944162-> data sent to printer:
103944162-> <2>V*Contrato de Garantia Extendida para<3>
103944258-> data received from printer:
103944408-> <6>
103944408-> ********************** COMMAND BEGIN **********************
103944409-> data sent to printer:
103944409-> <2>V      Cristales Formulados:<3>
103944495-> data received from printer:
103944648-> <6>
103944649-> ********************** COMMAND BEGIN **********************
103944649-> data sent to printer:
103944649-> <2>V <3>
103944707-> data received from printer:
103944859-> <6>
103944860-> ********************** COMMAND BEGIN **********************
103944860-> data sent to printer:
103944860-> <2>VOD: ESF -2,25 EJE 0 CIL 0,00 ADD 0,00<3>
103944957-> data received from printer:
103945115-> <6>
103945115-> ********************** COMMAND BEGIN **********************
103945116-> data sent to printer:
103945116-> <2>VOI: ESF -1,75 EJE 0 CIL 0,00 ADD 0,00<3>
103945212-> data received from printer:
103945371-> <6>
103945371-> ********************** COMMAND BEGIN **********************
103945372-> data sent to printer:
103945372-> <2>V <3>
103945430-> data received from printer:
103945582-> <6>
103945583-> ********************** COMMAND BEGIN **********************
103945583-> data sent to printer:
103945583-> <2>VCondiciones legales en el Contrato<3>
103945677-> data received from printer:
103945837-> <6>
103945838-> ********************** COMMAND BEGIN **********************
103945838-> data sent to printer:
103945838-> <2>VSuscrito.<3>
103945905-> data received from printer:
103946063-> <6>
103946064-> ********************** COMMAND BEGIN **********************
103946064-> data sent to printer:
103946065-> <2>V <3>
103946123-> data received from printer:
103946274-> <6>
103946279-> ********************** COMMAND BEGIN **********************
103946279-> data sent to printer:
103946280-> <2>V<161><161><161>GRACIAS POR SU COMPRA!!!<3>
103946365-> data received from printer:
103946530-> <6>
103946531-> ********************** COMMAND BEGIN **********************
103946531-> data sent to printer:
103946532-> <2>VSolo se aceptaran devoluciones<3>
103946621-> data received from printer:
103946771-> <6>
103946772-> ********************** COMMAND BEGIN **********************
103946772-> data sent to printer:
103946773-> <2>Vpor defectos de fabrica, con la<3>
103946862-> data received from printer:
103947027-> <6>
103947028-> ********************** COMMAND BEGIN **********************
103947028-> data sent to printer:
103947028-> <2>Vpresentacion de esta factura (original),<3>
103947128-> data received from printer:
103947283-> <6>
103947284-> ********************** COMMAND BEGIN **********************
103947284-> data sent to printer:
103947285-> <2>Vdentro de los treinta (30) dias<3>
103947374-> data received from printer:
103947539-> <6>
103947540-> ********************** COMMAND BEGIN **********************
103947541-> data sent to printer:
103947541-> <2>Vsiguientes a la emision de la misma.<3>
103947636-> data received from printer:
103947795-> <6>
103947796-> ********************** COMMAND BEGIN **********************
103947796-> data sent to printer:
103947796-> <2>Y0<3>
103947804-> data received from printer:
103948055-> <2>SENIAT    J-00000000000001600*0800*3100*2          Bs.0TIS0900049050220251033<3><6>
103948056-> ********************** COMMAND BEGIN **********************
103948056-> data sent to printer:
103948056-> <2>M<3>
103949354-> data received from printer:
103949511-> <6>
104004572-> OPEN PORT: COM1@9600
104004637-> ********************** COMMAND BEGIN **********************
104004638-> data sent to printer:
104004638-> <2>Y3<3>
104004645-> data received from printer:
104004831-> <2>6109*6101*909*0*<3><6>
121835280-> OPEN PORT: COM1@9600
121835527-> ********************** COMMAND BEGIN **********************
121835528-> data sent to printer:
121835528-> <2>Q<3>
121835533-> data received from printer:
121835688-> <21>
121835689-> ********************** COMMAND BEGIN **********************
121835689-> data sent to printer:
121835690-> <2>M<3>
121835694-> data received from printer:
121835853-> <21>
121837238-> OPEN PORT: COM1@9600
121837302-> OPEN PORT: COM1@9600
121837355-> ********************** COMMAND BEGIN **********************
121837356-> data sent to printer:
121837356-> <2>L&1<3>
121838017-> data received from printer:
121838195-> <2>6110*6101<3><6>
121838196-> ********************** COMMAND BEGIN **********************
121838196-> data sent to printer:
121838197-> <2>VRazon Social: ARMANDO TADDEO<3>
121838283-> data received from printer:
121838435-> <6>
121838436-> ********************** COMMAND BEGIN **********************
121838451-> data sent to printer:
121838452-> <2>VCI/Rif: V-5613591<3>
121838526-> data received from printer:
121838692-> <6>
121838693-> ********************** COMMAND BEGIN **********************
121838694-> data sent to printer:
121838694-> <2>V----------------------------------------<3>
121838794-> data received from printer:
121838947-> <6>
121839018-> ********************** COMMAND BEGIN **********************
121839019-> data sent to printer:
121839019-> <2>Y0<3>
121839027-> data received from printer:
121839285-> <2>SENIAT    J-00000000000001600*0800*3100*2          Bs.0TIS0900049050220251212<3><6>
121839338-> ********************** COMMAND BEGIN **********************
121839338-> data sent to printer:
121839339-> <2>VS000106 SERVICIO MONTURA PROPIA<3>
121839429-> data received from printer:
121839587-> <6>
121839634-> ********************** COMMAND BEGIN **********************
121839635-> data sent to printer:
121839635-> <2>N11,000xBs643,94      00000643941<3>
121839777-> data received from printer:
121839934-> <6>
121839935-> ********************** COMMAND BEGIN **********************
121839935-> data sent to printer:
121839968-> <2>VC301004 Impression BN Allround V 1.5 Cle<3>
121840068-> data received from printer:
121840219-> <6>
121840220-> ********************** COMMAND BEGIN **********************
121840220-> data sent to printer:
121840220-> <2>VAR *<3>
121840281-> data received from printer:
121840445-> <6>
121840446-> ********************** COMMAND BEGIN **********************
121840493-> data sent to printer:
121840494-> <2>N12,000xBs16127,77    00032255540<3>
121840636-> data received from printer:
121840790-> <6>
121840963-> ********************** COMMAND BEGIN **********************
121840964-> data sent to printer:
121840965-> <2>\Descuento           000000967666000000019318000000000000000000000000<3>
121841149-> data received from printer:
121841307-> <6>
121841308-> ********************** COMMAND BEGIN **********************
121841308-> data sent to printer:
121841309-> <2>OT1873266<0><0><0><0><128><242>R<3>
121841872-> data received from printer:
121842042-> <2>02310176<3><6>
121842053-> ********************** COMMAND BEGIN **********************
121842101-> data sent to printer:
121842101-> <2>P105/02/2025 DEBITO   000000200000<3>
121842244-> data received from printer:
121842405-> <6>
121842406-> ********************** COMMAND BEGIN **********************
121842406-> data sent to printer:
121842407-> <2>P105/02/2025 EFECTIVO 000000293094<3>
121842550-> data received from printer:
121842706-> <6>
121842707-> ********************** COMMAND BEGIN **********************
121842707-> data sent to printer:
121842707-> <2>P1DIVISAS             000001873280<3>
121843076-> data received from printer:
121843231-> <6>
121843232-> ********************** COMMAND BEGIN **********************
121843232-> data sent to printer:
121843232-> <2>V<3>
121843289-> data received from printer:
121843441-> <6>
121843442-> ********************** COMMAND BEGIN **********************
121843459-> data sent to printer:
121843460-> <2>VNumero Orden: 0146281<3>
121843539-> data received from printer:
121843698-> <6>
121843698-> ********************** COMMAND BEGIN **********************
121843699-> data sent to printer:
121843701-> <2>V<3>
121843757-> data received from printer:
121843923-> <6>
121843968-> ********************** COMMAND BEGIN **********************
121843968-> data sent to printer:
121843969-> <2>V<161><161><161>GRACIAS POR SU COMPRA!!!<3>
121844054-> data received from printer:
121844210-> <6>
121844211-> ********************** COMMAND BEGIN **********************
121844211-> data sent to printer:
121844327-> <2>VSolo se aceptaran devoluciones<3>
121844415-> data received from printer:
121844575-> <6>
121844576-> ********************** COMMAND BEGIN **********************
121844588-> data sent to printer:
121844588-> <2>Vpor defectos de fabrica, con la<3>
121844678-> data received from printer:
121844831-> <6>
121844832-> ********************** COMMAND BEGIN **********************
121844860-> data sent to printer:
121844860-> <2>Vpresentacion de esta factura (original),<3>
121844960-> data received from printer:
121845118-> <6>
121845119-> ********************** COMMAND BEGIN **********************
121845120-> data sent to printer:
121845120-> <2>Vdentro de los treinta (30) dias<3>
121845210-> data received from printer:
121845373-> <6>
121845373-> ********************** COMMAND BEGIN **********************
121845374-> data sent to printer:
121845374-> <2>Vsiguientes a la emision de la misma.<3>
121845470-> data received from printer:
121845629-> <6>
121845630-> ********************** COMMAND BEGIN **********************
121845685-> data sent to printer:
121845696-> <2>Y0<3>
121845704-> data received from printer:
121845954-> <2>SENIAT    J-00000000000001600*0800*3100*2          Bs.0TIS0900049050220251212<3><6>
121845955-> ********************** COMMAND BEGIN **********************
121845955-> data sent to printer:
121846010-> <2>M<3>
121847308-> data received from printer:
121847472-> <6>
121902525-> OPEN PORT: COM1@9600
121902625-> ********************** COMMAND BEGIN **********************
121902626-> data sent to printer:
121902626-> <2>Y3<3>
121902633-> data received from printer:
121902815-> <2>6110*6101*909*0*<3><6>
