100611087-> OPEN PORT: COM1@9600
100611127-> OPEN PORT: COM1@9600
100611131-> ********************** COMMAND BEGIN **********************
100611132-> data sent to printer:
100611132-> <2>L&1<3>
100611142-> data received from printer:
100611297-> <21>
100611297-> ********************** COMMAND BEGIN **********************
100611298-> data sent to printer:
100611298-> <2>VRazon Social: MARIA PENA<3>
100611514-> data received from printer:
100611672-> <6>
100611673-> ********************** COMMAND BEGIN **********************
100611673-> data sent to printer:
100611674-> <2>VCI/Rif: V-18001525<3>
100611885-> data received from printer:
100612049-> <6>
100612049-> ********************** COMMAND BEGIN **********************
100612050-> data sent to printer:
100612050-> <2>V----------------------------------------<3>
100612286-> data received from printer:
100612440-> <6>
100612444-> ********************** COMMAND BEGIN **********************
100612444-> data sent to printer:
100612445-> <2>VM171705 JPCONW508652N<3>
100612693-> data received from printer:
100612845-> <6>
100612845-> ********************** COMMAND BEGIN **********************
100612846-> data sent to printer:
100612846-> <2>N11,000xBs1046,50     00001046501<3>
100613128-> data received from printer:
100613280-> <6>
102057586-> ********************** COMMAND BEGIN **********************
102057586-> data sent to printer:
102057587-> <2>OT121394<0><0><0><0><0><0>u<203><3>
102058695-> data received from printer:
102058853-> <2>246430<3><6>
102101161-> ********************** COMMAND BEGIN **********************
102101162-> data sent to printer:
102101163-> <2>P1DIVISAS             000000125036<3>
102101434-> data received from printer:
102101595-> <6>
102101597-> ********************** COMMAND BEGIN **********************
102101598-> data sent to printer:
102101598-> <2>V<3>
102101788-> data received from printer:
102101941-> <6>
102101942-> ********************** COMMAND BEGIN **********************
102101942-> data sent to printer:
102101942-> <2>VNumero Orden: 0000252<3>
102102194-> data received from printer:
102102347-> <6>
102102347-> ********************** COMMAND BEGIN **********************
102102348-> data sent to printer:
102102348-> <2>V<3>
102102538-> data received from printer:
102102693-> <6>
102102732-> ********************** COMMAND BEGIN **********************
102102732-> data sent to printer:
102102732-> <2>Y0<3>
102102782-> data received from printer:
102103055-> <2>SENIAT    J-316292649    1600*800*3100*2          Bs.0TIY1900001301120220504*300<3><6>
102103058-> ********************** COMMAND BEGIN **********************
102103059-> data sent to printer:
102103059-> <2>S<3>
102103066-> data received from printer:
102103220-> <21>
102103221-> ********************** COMMAND BEGIN **********************
102103221-> data sent to printer:
102103221-> <2>M<3>
102104508-> data received from printer:
102104706-> <6>
102753601-> OPEN PORT: COM1@9600
102753641-> OPEN PORT: COM1@9600
102753642-> ********************** COMMAND BEGIN **********************
102753642-> data sent to printer:
102753642-> <2>L&1<3>
102755313-> data received from printer:
102755465-> <2>2195*2192<3><6>
102755465-> ********************** COMMAND BEGIN **********************
102755466-> data sent to printer:
102755466-> <2>VRazon Social: MARIA PENA<3>
102755680-> data received from printer:
102755840-> <6>
102755840-> ********************** COMMAND BEGIN **********************
102755841-> data sent to printer:
102755841-> <2>VCI/Rif: V-18001525<3>
102756051-> data received from printer:
102756216-> <6>
102756216-> ********************** COMMAND BEGIN **********************
102756217-> data sent to printer:
102756217-> <2>V----------------------------------------<3>
102756452-> data received from printer:
102756606-> <6>
102756607-> ********************** COMMAND BEGIN **********************
102756607-> data sent to printer:
102756607-> <2>VM171705 JPCONW508652N<3>
102756818-> data received from printer:
102756981-> <6>
102756981-> ********************** COMMAND BEGIN **********************
102756982-> data sent to printer:
102756982-> <2>N11,000xBs1046,50     00001046501<3>
102757299-> data received from printer:
102757461-> <6>
102808897-> ********************** COMMAND BEGIN **********************
102808898-> data sent to printer:
102808898-> <2>V<3>
102809088-> data received from printer:
102809241-> <6>
102809242-> ********************** COMMAND BEGIN **********************
102809242-> data sent to printer:
102809242-> <2>VNumero Orden: 0000253<3>
102809457-> data received from printer:
102809617-> <6>
102809618-> ********************** COMMAND BEGIN **********************
102809618-> data sent to printer:
102809618-> <2>V<3>
102809813-> data received from printer:
102809978-> <6>
102810302-> ********************** COMMAND BEGIN **********************
102810302-> data sent to printer:
102810302-> <2>Y0<3>
102810352-> data received from printer:
102810631-> <2>SENIAT    J-316292649    1600*800*3100*2          Bs.0TIY1900001301120220511*300<3><6>
102810631-> ********************** COMMAND BEGIN **********************
102810632-> data sent to printer:
102810632-> <2>S<3>
102810640-> data received from printer:
102810796-> <21>
102810797-> ********************** COMMAND BEGIN **********************
102810797-> data sent to printer:
102810797-> <2>M<3>
102810804-> data received from printer:
102810961-> <21>
103239612-> OPEN PORT: COM1@9600
103239652-> OPEN PORT: COM1@9600
103239653-> ********************** COMMAND BEGIN **********************
103239653-> data sent to printer:
103239653-> <2>L&1<3>
103241321-> data received from printer:
103241482-> <2>2196*2192<3><6>
103241483-> ********************** COMMAND BEGIN **********************
103241483-> data sent to printer:
103241483-> <2>VRazon Social: MARIA PENA<3>
103241699-> data received from printer:
103241857-> <6>
103241858-> ********************** COMMAND BEGIN **********************
103241858-> data sent to printer:
103241858-> <2>VCI/Rif: V-18001525<3>
103242069-> data received from printer:
103242233-> <6>
103242233-> ********************** COMMAND BEGIN **********************
103242234-> data sent to printer:
103242234-> <2>V----------------------------------------<3>
103242465-> data received from printer:
103242623-> <6>
103242623-> ********************** COMMAND BEGIN **********************
103242624-> data sent to printer:
103242624-> <2>VM171705 JPCONW508652N<3>
103242837-> data received from printer:
103242998-> <6>
103242999-> ********************** COMMAND BEGIN **********************
103242999-> data sent to printer:
103242999-> <2>N11,000xBs1046,50     00001046501<3>
103243282-> data received from printer:
103243434-> <6>
103243452-> ********************** COMMAND BEGIN **********************
103243452-> data sent to printer:
103243452-> <2>V<3>
103243642-> data received from printer:
103243795-> <6>
103243796-> ********************** COMMAND BEGIN **********************
103243796-> data sent to printer:
103243796-> <2>VNumero Orden: 0000253<3>
103244010-> data received from printer:
103244171-> <6>
103244171-> ********************** COMMAND BEGIN **********************
103244172-> data sent to printer:
103244172-> <2>V<3>
103244366-> data received from printer:
103244532-> <6>
103244830-> ********************** COMMAND BEGIN **********************
103244831-> data sent to printer:
103244831-> <2>Y0<3>
103244881-> data received from printer:
103245164-> <2>SENIAT    J-316292649    1600*800*3100*2          Bs.0TIY1900001301120220516*300<3><6>
103245165-> ********************** COMMAND BEGIN **********************
103245165-> data sent to printer:
103245165-> <2>S<3>
103245173-> data received from printer:
103245329-> <21>
103245329-> ********************** COMMAND BEGIN **********************
103245330-> data sent to printer:
103245330-> <2>M<3>
103245337-> data received from printer:
103245494-> <21>
103423596-> OPEN PORT: COM1@9600
103423636-> OPEN PORT: COM1@9600
103423637-> ********************** COMMAND BEGIN **********************
103423637-> data sent to printer:
103423638-> <2>L&1<3>
103425911-> data received from printer:
103426068-> <2>2197*2192<3><6>
103426068-> ********************** COMMAND BEGIN **********************
103426069-> data sent to printer:
103426069-> <2>VRazon Social: MARIA PENA<3>
103426321-> data received from printer:
103426474-> <6>
103426474-> ********************** COMMAND BEGIN **********************
103426475-> data sent to printer:
103426475-> <2>VCI/Rif: V-18001525<3>
103426685-> data received from printer:
103426849-> <6>
103426850-> ********************** COMMAND BEGIN **********************
103426850-> data sent to printer:
103426850-> <2>V----------------------------------------<3>
103427084-> data received from printer:
103427239-> <6>
103427240-> ********************** COMMAND BEGIN **********************
103427240-> data sent to printer:
103427240-> <2>VM171705 JPCONW508652N<3>
103427451-> data received from printer:
103427614-> <6>
103427615-> ********************** COMMAND BEGIN **********************
103427615-> data sent to printer:
103427615-> <2>N11,000xBs1046,50     00001046501<3>
103427896-> data received from printer:
103428049-> <6>
111344836-> ********************** COMMAND BEGIN **********************
111344837-> data sent to printer:
111344839-> <2>Q<3>
111345205-> data received from printer:
111345363-> <6>
114337481-> OPEN PORT: COM1@9600
114337526-> OPEN PORT: COM1@9600
114337529-> ********************** COMMAND BEGIN **********************
114337529-> data sent to printer:
114337529-> <2>L&1<3>
114339196-> data received from printer:
114339358-> <2>2198*2197<3><6>
114339359-> ********************** COMMAND BEGIN **********************
114339359-> data sent to printer:
114339359-> <2>VRazon Social: MARIA PENA<3>
114339573-> data received from printer:
114339735-> <6>
114339735-> ********************** COMMAND BEGIN **********************
114339736-> data sent to printer:
114339736-> <2>VCI/Rif: V-18001525<3>
114339945-> data received from printer:
114340110-> <6>
114340110-> ********************** COMMAND BEGIN **********************
114340111-> data sent to printer:
114340111-> <2>V----------------------------------------<3>
114340344-> data received from printer:
114340501-> <6>
114340503-> ********************** COMMAND BEGIN **********************
114340503-> data sent to printer:
114340503-> <2>VM171705 JPCONW508652N<3>
114340714-> data received from printer:
114340878-> <6>
114340878-> ********************** COMMAND BEGIN **********************
114340879-> data sent to printer:
114340879-> <2>N11,000xBs1046,50     00001046501<3>
114341159-> data received from printer:
114341313-> <6>
114421760-> ********************** COMMAND BEGIN **********************
114421760-> data sent to printer:
114421760-> <2>OT101841<0><0><0><0><0><128>N*<3>
114422869-> data received from printer:
114423026-> <2>124449<3><6>
114509569-> ********************** COMMAND BEGIN **********************
114509569-> data sent to printer:
114509569-> <2>V<3>
114509761-> data received from printer:
114509923-> <6>
114510367-> ********************** COMMAND BEGIN **********************
114510368-> data sent to printer:
114510368-> <2>VNumero Orden: 0000253<3>
114510584-> data received from printer:
114510738-> <6>
114511206-> ********************** COMMAND BEGIN **********************
114511207-> data sent to printer:
114511207-> <2>V<3>
114511398-> data received from printer:
114511553-> <6>
114514261-> ********************** COMMAND BEGIN **********************
114514262-> data sent to printer:
114514262-> <2>Y0<3>
114514312-> data received from printer:
114514592-> <2>SENIAT    J-316292649    1600*800*3100*2          Bs.0TIY1900001301120220627*300<3><6>
114514867-> ********************** COMMAND BEGIN **********************
114514868-> data sent to printer:
114514868-> <2>S<3>
114514875-> data received from printer:
114515040-> <21>
114516780-> ********************** COMMAND BEGIN **********************
114516781-> data sent to printer:
114516783-> <2>M<3>
114518106-> data received from printer:
114518258-> <6>
120422776-> OPEN PORT: COM1@9600
120422817-> OPEN PORT: COM1@9600
120422819-> ********************** COMMAND BEGIN **********************
120422820-> data sent to printer:
120422820-> <2>L&1<3>
120424420-> data received from printer:
120424577-> <2>2199*2197<3><6>
120424577-> ********************** COMMAND BEGIN **********************
120424578-> data sent to printer:
120424578-> <2>VRazon Social: MARIA PENA<3>
120424785-> data received from printer:
120424938-> <6>
120424938-> ********************** COMMAND BEGIN **********************
120424938-> data sent to printer:
120424938-> <2>VCI/Rif: V-18001525<3>
120425141-> data received from printer:
120425297-> <6>
120425297-> ********************** COMMAND BEGIN **********************
120425298-> data sent to printer:
120425298-> <2>V----------------------------------------<3>
120425519-> data received from printer:
120425671-> <6>
120425671-> ********************** COMMAND BEGIN **********************
120425671-> data sent to printer:
120425671-> <2>VM171705 JPCONW508652N<3>
120425876-> data received from printer:
120426030-> <6>
120426030-> ********************** COMMAND BEGIN **********************
120426031-> data sent to printer:
120426031-> <2>N11,000xBs1046,50     00001046501<3>
120426301-> data received from printer:
120426448-> <6>
120428318-> ********************** COMMAND BEGIN **********************
120428318-> data sent to printer:
120428318-> <2>OT104990<0><0><224>XB<7><195><134><3>
120429416-> data received from printer:
120429566-> <2>124544<3><6>
120431394-> ********************** COMMAND BEGIN **********************
120431396-> data sent to printer:
120431397-> <2>V<3>
120431580-> data received from printer:
120431730-> <6>
120431731-> ********************** COMMAND BEGIN **********************
120431731-> data sent to printer:
120431731-> <2>VNumero Orden: 0000253<3>
120431936-> data received from printer:
120432089-> <6>
120432089-> ********************** COMMAND BEGIN **********************
120432090-> data sent to printer:
120432090-> <2>V<3>
120432276-> data received from printer:
120432421-> <6>
120433877-> ********************** COMMAND BEGIN **********************
120433879-> data sent to printer:
120433880-> <2>Y0<3>
120433928-> data received from printer:
120434197-> <2>SENIAT    J-316292649    1600*800*3100*2          Bs.0TIY1900001301120220648*300<3><6>
120434198-> ********************** COMMAND BEGIN **********************
120434198-> data sent to printer:
120434198-> <2>S<3>
120434206-> data received from printer:
120434356-> <21>
120434356-> ********************** COMMAND BEGIN **********************
120434357-> data sent to printer:
120434357-> <2>M<3>
120435624-> data received from printer:
120435779-> <6>
162657240-> OPEN PORT: COM1@9600
162657294-> OPEN PORT: COM1@9600
162657296-> ********************** COMMAND BEGIN **********************
162657296-> data sent to printer:
162657296-> <2>L&1<3>
162658927-> data received from printer:
162659081-> <2>2200*2197<3><6>
162659082-> ********************** COMMAND BEGIN **********************
162659082-> data sent to printer:
162659082-> <2>VRazon Social: HEYDI MOLINA<3>
162659335-> data received from printer:
162659501-> <6>
162659501-> ********************** COMMAND BEGIN **********************
162659501-> data sent to printer:
162659502-> <2>VCI/Rif: V-18002201<3>
162659711-> data received from printer:
162659861-> <6>
162659861-> ********************** COMMAND BEGIN **********************
162659862-> data sent to printer:
162659862-> <2>V----------------------------------------<3>
162700096-> data received from printer:
162700252-> <6>
162700254-> ********************** COMMAND BEGIN **********************
162700255-> data sent to printer:
162700255-> <2>VL068362 UMCPRB3025-S58O<3>
162700468-> data received from printer:
162700642-> <6>
162700642-> ********************** COMMAND BEGIN **********************
162700643-> data sent to printer:
162700643-> <2>N11,000xBs3659,65     00003659651<3>
162700924-> data received from printer:
162701077-> <6>
162705307-> ********************** COMMAND BEGIN **********************
162705308-> data sent to printer:
162705308-> <2>O1<3>
162706281-> data received from printer:
162706436-> <2>424519<3><6>
162709294-> ********************** COMMAND BEGIN **********************
162709295-> data sent to printer:
162709295-> <2>Q<3>
162709695-> data received from printer:
162709855-> <6>
162709855-> ********************** COMMAND BEGIN **********************
162709856-> data sent to printer:
162709856-> <2>M<3>
162709863-> data received from printer:
162710021-> <21>
162712537-> OPEN PORT: COM1@9600
162712578-> OPEN PORT: COM1@9600
162712578-> ********************** COMMAND BEGIN **********************
162712579-> data sent to printer:
162712579-> <2>L&1<3>
162714212-> data received from printer:
162714364-> <2>2201*2200<3><6>
162714364-> ********************** COMMAND BEGIN **********************
162714365-> data sent to printer:
162714365-> <2>VRazon Social: HEYDI MOLINA<3>
162714583-> data received from printer:
162714739-> <6>
162714739-> ********************** COMMAND BEGIN **********************
162714740-> data sent to printer:
162714740-> <2>VCI/Rif: V-18002201<3>
162714984-> data received from printer:
162715145-> <6>
162715145-> ********************** COMMAND BEGIN **********************
162715146-> data sent to printer:
162715146-> <2>V----------------------------------------<3>
162715378-> data received from printer:
162715536-> <6>
162715536-> ********************** COMMAND BEGIN **********************
162715537-> data sent to printer:
162715537-> <2>VL068362 UMCPRB3025-S58O<3>
162715753-> data received from printer:
162715912-> <6>
162715912-> ********************** COMMAND BEGIN **********************
162715913-> data sent to printer:
162715913-> <2>N11,000xBs3659,65     00003659651<3>
162716192-> data received from printer:
162716347-> <6>
162744921-> ********************** COMMAND BEGIN **********************
162744923-> data sent to printer:
162744924-> <2>O1<3>
162746534-> data received from printer:
162746691-> <2>424519<3><6>
163124296-> ********************** COMMAND BEGIN **********************
163124297-> data sent to printer:
163124297-> <2>P114/03/2023 Efectivo 000000339619<3>
163124565-> data received from printer:
163124719-> <6>
163135337-> ********************** COMMAND BEGIN **********************
163135338-> data sent to printer:
163135338-> <2>P114/03/2023 Efectivo 000000084900<3>
163135642-> data received from printer:
163135797-> <6>
163152618-> ********************** COMMAND BEGIN **********************
163152618-> data sent to printer:
163152618-> <2>V<3>
163152810-> data received from printer:
163152975-> <6>
163153274-> ********************** COMMAND BEGIN **********************
163153275-> data sent to printer:
163153275-> <2>VNumero Orden: 0000255<3>
163153492-> data received from printer:
163153649-> <6>
163154029-> ********************** COMMAND BEGIN **********************
163154030-> data sent to printer:
163154032-> <2>V<3>
163154223-> data received from printer:
163154389-> <6>
163202697-> ********************** COMMAND BEGIN **********************
163202698-> data sent to printer:
163202699-> <2>Y0<3>
163202749-> data received from printer:
163203036-> <2>SENIAT    J-316292649    1600*800*3100*2          Bs.0TIY1900001301120221115*300<3><6>
163203802-> ********************** COMMAND BEGIN **********************
163203803-> data sent to printer:
163203805-> <2>S<3>
163203813-> data received from printer:
163203972-> <21>
163206145-> ********************** COMMAND BEGIN **********************
163206146-> data sent to printer:
163206146-> <2>M<3>
163208046-> data received from printer:
163208199-> <6>
