121841655-> OPEN PORT: COM1@9600
121841752-> ********************** COMMAND BEGIN **********************
121841752-> data sent to printer:
121841753-> <2>Q<3>
121841760-> data received from printer:
121841926-> <21>
121841927-> ********************** COMMAND BEGIN **********************
121841927-> data sent to printer:
121841927-> <2>M<3>
121841935-> data received from printer:
121842091-> <21>
121844065-> OPEN PORT: COM1@9600
121844105-> OPEN PORT: COM1@9600
121844203-> ********************** COMMAND BEGIN **********************
121844203-> data sent to printer:
121844214-> <2>L&1<3>
121845886-> data received from printer:
121846047-> <2>2454*2441<3><6>
121846074-> ********************** COMMAND BEGIN **********************
121846074-> data sent to printer:
121846075-> <2>VRazon Social: Roxana R<3>
121846289-> data received from printer:
121846453-> <6>
121846453-> ********************** COMMAND BEGIN **********************
121846454-> data sent to printer:
121846454-> <2>VCI/Rif: V-25601360<3>
121846697-> data received from printer:
121846858-> <6>
121846859-> ********************** COMMAND BEGIN **********************
121846859-> data sent to printer:
121846859-> <2>V----------------------------------------<3>
121847094-> data received from printer:
121847249-> <6>
121847283-> ********************** COMMAND BEGIN **********************
121847284-> data sent to printer:
121847284-> <2>VS000042 2 pto.Soldadura Mont. Metal Mar<3>
121847514-> data received from printer:
121847671-> <6>
121847702-> ********************** COMMAND BEGIN **********************
121847703-> data sent to printer:
121847703-> <2>N11,000xBs234,66      00000234661<3>
121847983-> data received from printer:
121848138-> <6>
121848495-> ********************** COMMAND BEGIN **********************
121848495-> data sent to printer:
121848495-> <2>O1<3>
121849469-> data received from printer:
121849623-> <2>27221<3><6>
121849732-> ********************** COMMAND BEGIN **********************
121849732-> data sent to printer:
121849732-> <2>P105/06/2023 EFECTIVO 000000027221<3>
121849999-> data received from printer:
121850154-> <6>
121850155-> ********************** COMMAND BEGIN **********************
121850155-> data sent to printer:
121850155-> <2>V<3>
121850348-> data received from printer:
121850500-> <6>
121850500-> ********************** COMMAND BEGIN **********************
121850501-> data sent to printer:
121850501-> <2>VNumero Orden: 0068947<3>
121850751-> data received from printer:
121850922-> <6>
121850922-> ********************** COMMAND BEGIN **********************
121850923-> data sent to printer:
121850923-> <2>V<3>
121851115-> data received from printer:
121851267-> <6>
121851339-> ********************** COMMAND BEGIN **********************
121851339-> data sent to printer:
121851339-> <2>V<161><161><161>GRACIAS POR SU COMPRA!!!<3>
121851561-> data received from printer:
121851721-> <6>
121851721-> ********************** COMMAND BEGIN **********************
121851722-> data sent to printer:
121851722-> <2>VSolo se aceptaran devoluciones<3>
121851944-> data received from printer:
121852097-> <6>
121852097-> ********************** COMMAND BEGIN **********************
121852098-> data sent to printer:
121852098-> <2>Vpor defectos de fabrica, con la<3>
121852323-> data received from printer:
121852488-> <6>
121852489-> ********************** COMMAND BEGIN **********************
121852489-> data sent to printer:
121852489-> <2>Vpresentacion de esta factura (original),<3>
121852725-> data received from printer:
121852879-> <6>
121852880-> ********************** COMMAND BEGIN **********************
121852880-> data sent to printer:
121852880-> <2>Vdentro de los treinta (30) dias<3>
121853102-> data received from printer:
121853253-> <6>
121853254-> ********************** COMMAND BEGIN **********************
121853254-> data sent to printer:
121853255-> <2>Vsiguientes a la emision de la misma.<3>
121853485-> data received from printer:
121853643-> <6>
121853650-> ********************** COMMAND BEGIN **********************
121853651-> data sent to printer:
121853651-> <2>Y0<3>
121853700-> data received from printer:
121853975-> <2>SENIAT    J-316292649    1600*800*3100*2          Bs.0TIY1900001080320230658*300<3><6>
121853976-> ********************** COMMAND BEGIN **********************
121853976-> data sent to printer:
121853976-> <2>S<3>
121853984-> data received from printer:
121854140-> <21>
121854140-> ********************** COMMAND BEGIN **********************
121854141-> data sent to printer:
121854141-> <2>M<3>
121855435-> data received from printer:
121855596-> <6>
122221815-> OPEN PORT: COM1@9600
122221855-> ********************** COMMAND BEGIN **********************
122221855-> data sent to printer:
122221856-> <2>Q<3>
122221863-> data received from printer:
122222014-> <21>
122222015-> ********************** COMMAND BEGIN **********************
122222015-> data sent to printer:
122222015-> <2>M<3>
122222023-> data received from printer:
122222180-> <21>
124728020-> OPEN PORT: COM1@9600
124728060-> ********************** COMMAND BEGIN **********************
124728061-> data sent to printer:
124728061-> <2>Q<3>
124728068-> data received from printer:
124728222-> <21>
124728223-> ********************** COMMAND BEGIN **********************
124728223-> data sent to printer:
124728223-> <2>M<3>
124728231-> data received from printer:
124728387-> <21>
131517588-> OPEN PORT: COM1@9600
131517628-> ********************** COMMAND BEGIN **********************
131517628-> data sent to printer:
131517628-> <2>Q<3>
131517636-> data received from printer:
131517795-> <21>
131517796-> ********************** COMMAND BEGIN **********************
131517796-> data sent to printer:
131517796-> <2>M<3>
131517804-> data received from printer:
131517961-> <21>
131839010-> OPEN PORT: COM1@9600
131839051-> ********************** COMMAND BEGIN **********************
131839051-> data sent to printer:
131839051-> <2>Q<3>
131839059-> data received from printer:
131839217-> <21>
131839218-> ********************** COMMAND BEGIN **********************
131839218-> data sent to printer:
131839218-> <2>M<3>
131839226-> data received from printer:
131839382-> <21>
133118761-> OPEN PORT: COM1@9600
133118802-> ********************** COMMAND BEGIN **********************
133118802-> data sent to printer:
133118802-> <2>Q<3>
133118810-> data received from printer:
133118971-> <21>
133118972-> ********************** COMMAND BEGIN **********************
133118972-> data sent to printer:
133118972-> <2>M<3>
133118980-> data received from printer:
133119136-> <21>
140253585-> OPEN PORT: COM1@9600
140253625-> ********************** COMMAND BEGIN **********************
140253625-> data sent to printer:
140253625-> <2>Q<3>
140253633-> data received from printer:
140253789-> <21>
140253790-> ********************** COMMAND BEGIN **********************
140253790-> data sent to printer:
140253791-> <2>M<3>
140253798-> data received from printer:
140253955-> <21>
141034983-> OPEN PORT: COM1@9600
141035023-> ********************** COMMAND BEGIN **********************
141035023-> data sent to printer:
141035024-> <2>Q<3>
141035031-> data received from printer:
141035189-> <21>
141035189-> ********************** COMMAND BEGIN **********************
141035190-> data sent to printer:
141035190-> <2>M<3>
141035197-> data received from printer:
141035355-> <21>
150614454-> OPEN PORT: COM1@9600
150614523-> ********************** COMMAND BEGIN **********************
150614524-> data sent to printer:
150614524-> <2>Q<3>
150614531-> data received from printer:
150614692-> <21>
150614693-> ********************** COMMAND BEGIN **********************
150614693-> data sent to printer:
150614694-> <2>M<3>
150614701-> data received from printer:
150614857-> <21>
160923807-> OPEN PORT: COM1@9600
160923884-> ********************** COMMAND BEGIN **********************
160923885-> data sent to printer:
160923885-> <2>Q<3>
160923892-> data received from printer:
160924052-> <21>
160924053-> ********************** COMMAND BEGIN **********************
160924053-> data sent to printer:
160924053-> <2>M<3>
160924061-> data received from printer:
160924218-> <21>
160930055-> OPEN PORT: COM1@9600
160930097-> OPEN PORT: COM1@9600
160930124-> ********************** COMMAND BEGIN **********************
160930125-> data sent to printer:
160930126-> <2>L&1<3>
160931790-> data received from printer:
160931950-> <2>2455*2441<3><6>
160931951-> ********************** COMMAND BEGIN **********************
160931951-> data sent to printer:
160931952-> <2>VRazon Social: Wilfran Guillen <3>
160932175-> data received from printer:
160932341-> <6>
160932341-> ********************** COMMAND BEGIN **********************
160932342-> data sent to printer:
160932342-> <2>VCI/Rif: V-23925810<3>
160932549-> data received from printer:
160932702-> <6>
160932703-> ********************** COMMAND BEGIN **********************
160932703-> data sent to printer:
160932703-> <2>V----------------------------------------<3>
160932935-> data received from printer:
160933093-> <6>
160933112-> ********************** COMMAND BEGIN **********************
160933113-> data sent to printer:
160933113-> <2>VM176339 CPCCMHMHC223253A<3>
160933330-> data received from printer:
160933485-> <6>
160933486-> ********************** COMMAND BEGIN **********************
160933486-> data sent to printer:
160933486-> <2>N11,000xBs2606,80     00002606801<3>
160934409-> data received from printer:
160934566-> <6>
160934566-> ********************** COMMAND BEGIN **********************
160934567-> data sent to printer:
160934567-> <2>VC000019 VISION SENCILLA ANTIREFLEJO TER<3>
160934798-> data received from printer:
160934957-> <6>
160934958-> ********************** COMMAND BEGIN **********************
160934958-> data sent to printer:
160934958-> <2>N12,000xBs359,10      00000718200<3>
160935235-> data received from printer:
160935392-> <6>
160935392-> ********************** COMMAND BEGIN **********************
160935394-> data sent to printer:
160935394-> <2>VA000004 GARANTIA EXTENDIDA<3>
160935615-> data received from printer:
160935768-> <6>
160935768-> ********************** COMMAND BEGIN **********************
160935769-> data sent to printer:
160935769-> <2>N11,000xBs107,73      00000107731<3>
160936047-> data received from printer:
160936203-> <6>
160936580-> ********************** COMMAND BEGIN **********************
160936581-> data sent to printer:
160936582-> <2>O1<3>
160937710-> data received from printer:
160937865-> <2>386705<3><6>
160938047-> ********************** COMMAND BEGIN **********************
160938048-> data sent to printer:
160938049-> <2>P114/06/2023 EFECTIVO 000000386706<3>
160938480-> data received from printer:
160938636-> <6>
160938637-> ********************** COMMAND BEGIN **********************
160938637-> data sent to printer:
160938637-> <2>V<3>
160938827-> data received from printer:
160938982-> <6>
160938982-> ********************** COMMAND BEGIN **********************
160938983-> data sent to printer:
160938983-> <2>VNumero Orden: 0069132<3>
160939197-> data received from printer:
160939357-> <6>
160939357-> ********************** COMMAND BEGIN **********************
160939358-> data sent to printer:
160939358-> <2>V<3>
160939552-> data received from printer:
160939703-> <6>
160939791-> ********************** COMMAND BEGIN **********************
160939792-> data sent to printer:
160939794-> <2>V*Contrato de Garantia Extendida para<3>
160940023-> data received from printer:
160940187-> <6>
160940187-> ********************** COMMAND BEGIN **********************
160940188-> data sent to printer:
160940188-> <2>V      Cristales Formulados:<3>
160940446-> data received from printer:
160940608-> <6>
160940608-> ********************** COMMAND BEGIN **********************
160940609-> data sent to printer:
160940609-> <2>V <3>
160940800-> data received from printer:
160940954-> <6>
160940954-> ********************** COMMAND BEGIN **********************
160940955-> data sent to printer:
160940955-> <2>VOD: ESF -0,50 EJE 0 CIL 0,00 ADD 0,00<3>
160941186-> data received from printer:
160941344-> <6>
160941345-> ********************** COMMAND BEGIN **********************
160941345-> data sent to printer:
160941345-> <2>VOI: ESF -0,50 EJE 0 CIL 0,00 ADD 0,00<3>
160941578-> data received from printer:
160941734-> <6>
160941734-> ********************** COMMAND BEGIN **********************
160941735-> data sent to printer:
160941735-> <2>V <3>
160941926-> data received from printer:
160942080-> <6>
160942080-> ********************** COMMAND BEGIN **********************
160942081-> data sent to printer:
160942081-> <2>VCondiciones legales en el Contrato<3>
160942309-> data received from printer:
160942470-> <6>
160942470-> ********************** COMMAND BEGIN **********************
160942470-> data sent to printer:
160942470-> <2>VSuscrito.<3>
160942673-> data received from printer:
160942829-> <6>
160942829-> ********************** COMMAND BEGIN **********************
160942830-> data sent to printer:
160942830-> <2>V <3>
160943021-> data received from printer:
160943175-> <6>
160943199-> ********************** COMMAND BEGIN **********************
160943199-> data sent to printer:
160943200-> <2>V<161><161><161>GRACIAS POR SU COMPRA!!!<3>
160943420-> data received from printer:
160943583-> <6>
160943583-> ********************** COMMAND BEGIN **********************
160943584-> data sent to printer:
160943584-> <2>VSolo se aceptaran devoluciones<3>
160944454-> data received from printer:
160944618-> <6>
160944618-> ********************** COMMAND BEGIN **********************
160944619-> data sent to printer:
160944619-> <2>Vpor defectos de fabrica, con la<3>
160944842-> data received from printer:
160944993-> <6>
160944993-> ********************** COMMAND BEGIN **********************
160944994-> data sent to printer:
160944994-> <2>Vpresentacion de esta factura (original),<3>
160945227-> data received from printer:
160945383-> <6>
160945383-> ********************** COMMAND BEGIN **********************
160945383-> data sent to printer:
160945383-> <2>Vdentro de los treinta (30) dias<3>
160945643-> data received from printer:
160945802-> <6>
160945802-> ********************** COMMAND BEGIN **********************
160945803-> data sent to printer:
160945803-> <2>Vsiguientes a la emision de la misma.<3>
160946032-> data received from printer:
160946192-> <6>
160946194-> ********************** COMMAND BEGIN **********************
160946194-> data sent to printer:
160946194-> <2>Y0<3>
160946244-> data received from printer:
160946525-> <2>SENIAT    J-316292649    1600*800*3100*2          Bs.0TIY1900001080320231049*300<3><6>
160946529-> ********************** COMMAND BEGIN **********************
160946530-> data sent to printer:
160946530-> <2>S<3>
160946537-> data received from printer:
160946691-> <21>
160946692-> ********************** COMMAND BEGIN **********************
160946692-> data sent to printer:
160946692-> <2>M<3>
160947975-> data received from printer:
160948132-> <6>
161017769-> OPEN PORT: COM1@9600
161017811-> ********************** COMMAND BEGIN **********************
161017812-> data sent to printer:
161017812-> <2>Q<3>
161017820-> data received from printer:
161017985-> <21>
161017986-> ********************** COMMAND BEGIN **********************
161017986-> data sent to printer:
161017986-> <2>M<3>
161017994-> data received from printer:
161018150-> <21>
161034710-> OPEN PORT: COM1@9600
161034753-> ********************** COMMAND BEGIN **********************
161034753-> data sent to printer:
161034754-> <2>Q<3>
161034761-> data received from printer:
161034919-> <21>
161034919-> ********************** COMMAND BEGIN **********************
161034920-> data sent to printer:
161034920-> <2>M<3>
161034927-> data received from printer:
161035085-> <21>
161054206-> OPEN PORT: COM1@9600
161054248-> ********************** COMMAND BEGIN **********************
161054248-> data sent to printer:
161054248-> <2>Q<3>
161054256-> data received from printer:
161054412-> <21>
161054412-> ********************** COMMAND BEGIN **********************
161054413-> data sent to printer:
161054413-> <2>M<3>
161054421-> data received from printer:
161054577-> <21>
161114251-> OPEN PORT: COM1@9600
161114291-> ********************** COMMAND BEGIN **********************
161114292-> data sent to printer:
161114292-> <2>Q<3>
161114300-> data received from printer:
161114462-> <21>
161114462-> ********************** COMMAND BEGIN **********************
161114463-> data sent to printer:
161114463-> <2>M<3>
161114471-> data received from printer:
161114628-> <21>
162206474-> OPEN PORT: COM1@9600
162206515-> ********************** COMMAND BEGIN **********************
162206516-> data sent to printer:
162206516-> <2>Q<3>
162206524-> data received from printer:
162206681-> <21>
162206681-> ********************** COMMAND BEGIN **********************
162206682-> data sent to printer:
162206682-> <2>M<3>
162206689-> data received from printer:
162206848-> <21>
162211448-> OPEN PORT: COM1@9600
162211490-> OPEN PORT: COM1@9600
162211491-> ********************** COMMAND BEGIN **********************
162211491-> data sent to printer:
162211492-> <2>L&1<3>
162213160-> data received from printer:
162213312-> <2>2456*2441<3><6>
162213312-> ********************** COMMAND BEGIN **********************
162213313-> data sent to printer:
162213313-> <2>VRazon Social: Wilfran Guillen <3>
162213535-> data received from printer:
162213687-> <6>
162213687-> ********************** COMMAND BEGIN **********************
162213688-> data sent to printer:
162213688-> <2>VCI/Rif: V-23925810<3>
162213899-> data received from printer:
162214062-> <6>
162214062-> ********************** COMMAND BEGIN **********************
162214063-> data sent to printer:
162214063-> <2>V----------------------------------------<3>
162214293-> data received from printer:
162214452-> <6>
162214452-> ********************** COMMAND BEGIN **********************
162214453-> data sent to printer:
162214453-> <2>VM176339 CPCCMHMHC223253A<3>
162214668-> data received from printer:
162214827-> <6>
162214827-> ********************** COMMAND BEGIN **********************
162214828-> data sent to printer:
162214828-> <2>N11,000xBs2606,80     00002606801<3>
162215144-> data received from printer:
162215308-> <6>
162215308-> ********************** COMMAND BEGIN **********************
162215309-> data sent to printer:
162215309-> <2>VC000019 VISION SENCILLA ANTIREFLEJO TER<3>
162215542-> data received from printer:
162215698-> <6>
162215699-> ********************** COMMAND BEGIN **********************
162215699-> data sent to printer:
162215699-> <2>N12,000xBs359,10      00000718200<3>
162215977-> data received from printer:
162216133-> <6>
162216133-> ********************** COMMAND BEGIN **********************
162216134-> data sent to printer:
162216134-> <2>VA000004 GARANTIA EXTENDIDA<3>
162216351-> data received from printer:
162216508-> <6>
162216508-> ********************** COMMAND BEGIN **********************
162216509-> data sent to printer:
162216509-> <2>N11,000xBs107,73      00000107731<3>
162216788-> data received from printer:
162216944-> <6>
162217262-> ********************** COMMAND BEGIN **********************
162217263-> data sent to printer:
162217264-> <2>O1<3>
162218357-> data received from printer:
162218515-> <2>386705<3><6>
162218574-> ********************** COMMAND BEGIN **********************
162218574-> data sent to printer:
162218574-> <2>P114/06/2023 EFECTIVO 000000386706<3>
162219004-> data received from printer:
162219163-> <6>
162219163-> ********************** COMMAND BEGIN **********************
162219164-> data sent to printer:
162219164-> <2>V<3>
162219354-> data received from printer:
162219508-> <6>
162219508-> ********************** COMMAND BEGIN **********************
162219509-> data sent to printer:
162219509-> <2>VNumero Orden: 0069121<3>
162219723-> data received from printer:
162219883-> <6>
162219883-> ********************** COMMAND BEGIN **********************
162219884-> data sent to printer:
162219884-> <2>V<3>
162220078-> data received from printer:
162220243-> <6>
162220276-> ********************** COMMAND BEGIN **********************
162220276-> data sent to printer:
162220277-> <2>V*Contrato de Garantia Extendida para<3>
162220505-> data received from printer:
162220665-> <6>
162220665-> ********************** COMMAND BEGIN **********************
162220666-> data sent to printer:
162220666-> <2>V      Cristales Formulados:<3>
162220886-> data received from printer:
162221041-> <6>
162221041-> ********************** COMMAND BEGIN **********************
162221041-> data sent to printer:
162221042-> <2>V <3>
162221237-> data received from printer:
162221416-> <6>
162221416-> ********************** COMMAND BEGIN **********************
162221416-> data sent to printer:
162221416-> <2>VOD: ESF -0,50 EJE 0 CIL 0,00 ADD 0,00<3>
162221645-> data received from printer:
162221807-> <6>
162221807-> ********************** COMMAND BEGIN **********************
162221808-> data sent to printer:
162221808-> <2>VOI: ESF -0,50 EJE 0 CIL 0,00 ADD 0,00<3>
162222038-> data received from printer:
162222198-> <6>
162222198-> ********************** COMMAND BEGIN **********************
162222199-> data sent to printer:
162222199-> <2>V <3>
162222393-> data received from printer:
162222544-> <6>
162222545-> ********************** COMMAND BEGIN **********************
162222545-> data sent to printer:
162222545-> <2>VCondiciones legales en el Contrato<3>
162222771-> data received from printer:
162222934-> <6>
162222934-> ********************** COMMAND BEGIN **********************
162222935-> data sent to printer:
162222935-> <2>VSuscrito.<3>
162223174-> data received from printer:
162223325-> <6>
162223325-> ********************** COMMAND BEGIN **********************
162223326-> data sent to printer:
162223326-> <2>V <3>
162223517-> data received from printer:
162223670-> <6>
162223691-> ********************** COMMAND BEGIN **********************
162223691-> data sent to printer:
162223691-> <2>V<161><161><161>GRACIAS POR SU COMPRA!!!<3>
162223912-> data received from printer:
162224076-> <6>
162224077-> ********************** COMMAND BEGIN **********************
162224077-> data sent to printer:
162224078-> <2>VSolo se aceptaran devoluciones<3>
162224303-> data received from printer:
162224467-> <6>
162224467-> ********************** COMMAND BEGIN **********************
162224468-> data sent to printer:
162224468-> <2>Vpor defectos de fabrica, con la<3>
162224691-> data received from printer:
162224842-> <6>
162224842-> ********************** COMMAND BEGIN **********************
162224843-> data sent to printer:
162224843-> <2>Vpresentacion de esta factura (original),<3>
162225077-> data received from printer:
162225233-> <6>
162225233-> ********************** COMMAND BEGIN **********************
162225234-> data sent to printer:
162225234-> <2>Vdentro de los treinta (30) dias<3>
162225460-> data received from printer:
162225624-> <6>
162225624-> ********************** COMMAND BEGIN **********************
162225625-> data sent to printer:
162225625-> <2>Vsiguientes a la emision de la misma.<3>
162225853-> data received from printer:
162226015-> <6>
162226015-> ********************** COMMAND BEGIN **********************
162226016-> data sent to printer:
162226016-> <2>Y0<3>
162226065-> data received from printer:
162226346-> <2>SENIAT    J-316292649    1600*800*3100*2          Bs.0TIY1900001080320231102*300<3><6>
162226346-> ********************** COMMAND BEGIN **********************
162226347-> data sent to printer:
162226347-> <2>S<3>
162226354-> data received from printer:
162226511-> <21>
162226511-> ********************** COMMAND BEGIN **********************
162226512-> data sent to printer:
162226512-> <2>M<3>
162227830-> data received from printer:
162227982-> <6>
162328598-> OPEN PORT: COM1@9600
162328641-> ********************** COMMAND BEGIN **********************
162328641-> data sent to printer:
162328642-> <2>Q<3>
162328649-> data received from printer:
162328809-> <21>
162328809-> ********************** COMMAND BEGIN **********************
162328810-> data sent to printer:
162328810-> <2>M<3>
162328817-> data received from printer:
162328975-> <21>
162343568-> OPEN PORT: COM1@9600
162343609-> ********************** COMMAND BEGIN **********************
162343610-> data sent to printer:
162343611-> <2>Q<3>
162343619-> data received from printer:
162343780-> <21>
162343780-> ********************** COMMAND BEGIN **********************
162343781-> data sent to printer:
162343781-> <2>M<3>
162343788-> data received from printer:
162343946-> <21>
162405109-> OPEN PORT: COM1@9600
162405149-> ********************** COMMAND BEGIN **********************
162405149-> data sent to printer:
162405150-> <2>Q<3>
162405157-> data received from printer:
162405312-> <21>
162405312-> ********************** COMMAND BEGIN **********************
162405313-> data sent to printer:
162405313-> <2>M<3>
162405320-> data received from printer:
162405478-> <21>
162458582-> OPEN PORT: COM1@9600
162458622-> ********************** COMMAND BEGIN **********************
162458622-> data sent to printer:
162458622-> <2>Q<3>
162458630-> data received from printer:
162458782-> <21>
162458782-> ********************** COMMAND BEGIN **********************
162458783-> data sent to printer:
162458783-> <2>M<3>
162458791-> data received from printer:
162458947-> <21>
162918722-> OPEN PORT: COM1@9600
162918764-> ********************** COMMAND BEGIN **********************
162918764-> data sent to printer:
162918764-> <2>Q<3>
162918772-> data received from printer:
162918925-> <21>
162918926-> ********************** COMMAND BEGIN **********************
162918926-> data sent to printer:
162918926-> <2>M<3>
162918934-> data received from printer:
162919090-> <21>
162943940-> OPEN PORT: COM1@9600
162943988-> ********************** COMMAND BEGIN **********************
162943988-> data sent to printer:
162943989-> <2>Q<3>
162943996-> data received from printer:
162944159-> <21>
162944160-> ********************** COMMAND BEGIN **********************
162944160-> data sent to printer:
162944161-> <2>M<3>
162944168-> data received from printer:
162944325-> <21>
162957131-> OPEN PORT: COM1@9600
162957173-> OPEN PORT: COM1@9600
162957174-> ********************** COMMAND BEGIN **********************
162957175-> data sent to printer:
162957175-> <2>L&1<3>
162958847-> data received from printer:
162959004-> <2>2457*2441<3><6>
162959004-> ********************** COMMAND BEGIN **********************
162959005-> data sent to printer:
162959005-> <2>VRazon Social: Wilfran Guillen <3>
162959227-> data received from printer:
162959379-> <6>
162959379-> ********************** COMMAND BEGIN **********************
162959380-> data sent to printer:
162959380-> <2>VCI/Rif: V-23925810<3>
162959592-> data received from printer:
162959755-> <6>
162959756-> ********************** COMMAND BEGIN **********************
162959756-> data sent to printer:
162959756-> <2>V----------------------------------------<3>
162959987-> data received from printer:
163000145-> <6>
163000145-> ********************** COMMAND BEGIN **********************
163000146-> data sent to printer:
163000146-> <2>VM176339 CPCCMHMHC223253A<3>
163000362-> data received from printer:
163000521-> <6>
163000521-> ********************** COMMAND BEGIN **********************
163000522-> data sent to printer:
163000522-> <2>N11,000xBs2606,80     00002606801<3>
163000805-> data received from printer:
163000956-> <6>
163000956-> ********************** COMMAND BEGIN **********************
163000957-> data sent to printer:
163000957-> <2>VC000019 VISION SENCILLA ANTIREFLEJO TER<3>
163001188-> data received from printer:
163001347-> <6>
163001348-> ********************** COMMAND BEGIN **********************
163001348-> data sent to printer:
163001348-> <2>N12,000xBs359,10      00000718200<3>
163001625-> data received from printer:
163001782-> <6>
163001783-> ********************** COMMAND BEGIN **********************
163001783-> data sent to printer:
163001783-> <2>VA000004 GARANTIA EXTENDIDA<3>
163002005-> data received from printer:
163002158-> <6>
163002159-> ********************** COMMAND BEGIN **********************
163002159-> data sent to printer:
163002159-> <2>N11,000xBs107,73      00000107731<3>
163002438-> data received from printer:
163002593-> <6>
163004900-> ********************** COMMAND BEGIN **********************
163004901-> data sent to printer:
163004902-> <2>O1<3>
163006031-> data received from printer:
163006196-> <2>386705<3><6>
163006710-> ********************** COMMAND BEGIN **********************
163006710-> data sent to printer:
163006710-> <2>P114/06/2023 EFECTIVO 000000386706<3>
163007142-> data received from printer:
163007298-> <6>
163007298-> ********************** COMMAND BEGIN **********************
163007299-> data sent to printer:
163007299-> <2>V<3>
163007490-> data received from printer:
163007643-> <6>
163007643-> ********************** COMMAND BEGIN **********************
163007644-> data sent to printer:
163007644-> <2>VNumero Orden: 0069121<3>
163007858-> data received from printer:
163008018-> <6>
163008018-> ********************** COMMAND BEGIN **********************
163008019-> data sent to printer:
163008019-> <2>V<3>
163008213-> data received from printer:
163008378-> <6>
163008712-> ********************** COMMAND BEGIN **********************
163008714-> data sent to printer:
163008715-> <2>V*Contrato de Garantia Extendida para<3>
163008944-> data received from printer:
163009097-> <6>
163009097-> ********************** COMMAND BEGIN **********************
163009098-> data sent to printer:
163009098-> <2>V      Cristales Formulados:<3>
163009356-> data received from printer:
163009517-> <6>
163009517-> ********************** COMMAND BEGIN **********************
163009518-> data sent to printer:
163009518-> <2>V <3>
163009710-> data received from printer:
163009863-> <6>
163009863-> ********************** COMMAND BEGIN **********************
163009864-> data sent to printer:
163009864-> <2>VOD: ESF -0,50 EJE 0 CIL 0,00 ADD 0,00<3>
163010095-> data received from printer:
163010253-> <6>
163010254-> ********************** COMMAND BEGIN **********************
163010254-> data sent to printer:
163010254-> <2>VOI: ESF -0,50 EJE 0 CIL 0,00 ADD 0,00<3>
163010487-> data received from printer:
163010644-> <6>
163010644-> ********************** COMMAND BEGIN **********************
163010645-> data sent to printer:
163010645-> <2>V <3>
163010837-> data received from printer:
163010990-> <6>
163010990-> ********************** COMMAND BEGIN **********************
163010991-> data sent to printer:
163010991-> <2>VCondiciones legales en el Contrato<3>
163011219-> data received from printer:
163011382-> <6>
163011382-> ********************** COMMAND BEGIN **********************
163011383-> data sent to printer:
163011383-> <2>VSuscrito.<3>
163011587-> data received from printer:
163011742-> <6>
163011743-> ********************** COMMAND BEGIN **********************
163011743-> data sent to printer:
163011743-> <2>V <3>
163011935-> data received from printer:
163012088-> <6>
163012109-> ********************** COMMAND BEGIN **********************
163012110-> data sent to printer:
163012110-> <2>V<161><161><161>GRACIAS POR SU COMPRA!!!<3>
163012330-> data received from printer:
163012495-> <6>
163012496-> ********************** COMMAND BEGIN **********************
163012496-> data sent to printer:
163012496-> <2>VSolo se aceptaran devoluciones<3>
163012721-> data received from printer:
163012886-> <6>
163012887-> ********************** COMMAND BEGIN **********************
163012887-> data sent to printer:
163012887-> <2>Vpor defectos de fabrica, con la<3>
163013109-> data received from printer:
163013275-> <6>
163013275-> ********************** COMMAND BEGIN **********************
163013276-> data sent to printer:
163013276-> <2>Vpresentacion de esta factura (original),<3>
163013511-> data received from printer:
163013665-> <6>
163013666-> ********************** COMMAND BEGIN **********************
163013666-> data sent to printer:
163013666-> <2>Vdentro de los treinta (30) dias<3>
163013927-> data received from printer:
163014085-> <6>
163014085-> ********************** COMMAND BEGIN **********************
163014086-> data sent to printer:
163014086-> <2>Vsiguientes a la emision de la misma.<3>
163014317-> data received from printer:
163014475-> <6>
163014475-> ********************** COMMAND BEGIN **********************
163014476-> data sent to printer:
163014476-> <2>Y0<3>
163014525-> data received from printer:
163014805-> <2>SENIAT    J-316292649    1600*800*3100*2          Bs.0TIY1900001080320231110*300<3><6>
163014806-> ********************** COMMAND BEGIN **********************
163014806-> data sent to printer:
163014806-> <2>S<3>
163014813-> data received from printer:
163014970-> <21>
163014970-> ********************** COMMAND BEGIN **********************
163014971-> data sent to printer:
163014971-> <2>M<3>
163016902-> data received from printer:
163017056-> <6>
163112914-> OPEN PORT: COM1@9600
163112957-> ********************** COMMAND BEGIN **********************
163112958-> data sent to printer:
163112959-> <2>Q<3>
163112966-> data received from printer:
163113117-> <21>
163113117-> ********************** COMMAND BEGIN **********************
163113118-> data sent to printer:
163113118-> <2>M<3>
163113125-> data received from printer:
163113282-> <21>
163115516-> OPEN PORT: COM1@9600
163115556-> OPEN PORT: COM1@9600
163115557-> ********************** COMMAND BEGIN **********************
163115558-> data sent to printer:
163115558-> <2>L&1<3>
163117232-> data received from printer:
163117382-> <2>2458*2441<3><6>
163117382-> ********************** COMMAND BEGIN **********************
163117383-> data sent to printer:
163117383-> <2>VRazon Social: Wilfran Guillen <3>
163117605-> data received from printer:
163117758-> <6>
163117758-> ********************** COMMAND BEGIN **********************
163117759-> data sent to printer:
163117759-> <2>VCI/Rif: V-23925810<3>
163117971-> data received from printer:
163118135-> <6>
163118135-> ********************** COMMAND BEGIN **********************
163118136-> data sent to printer:
163118136-> <2>V----------------------------------------<3>
163118367-> data received from printer:
163118525-> <6>
163118525-> ********************** COMMAND BEGIN **********************
163118526-> data sent to printer:
163118526-> <2>VM176339 CPCCMHMHC223253A<3>
163118742-> data received from printer:
163118900-> <6>
163118900-> ********************** COMMAND BEGIN **********************
163118901-> data sent to printer:
163118901-> <2>N11,000xBs2606,80     00002606801<3>
163119217-> data received from printer:
163119381-> <6>
163119381-> ********************** COMMAND BEGIN **********************
163119382-> data sent to printer:
163119382-> <2>VC000019 VISION SENCILLA ANTIREFLEJO TER<3>
163119615-> data received from printer:
163119771-> <6>
163119771-> ********************** COMMAND BEGIN **********************
163119772-> data sent to printer:
163119772-> <2>N12,000xBs359,10      00000718200<3>
163120051-> data received from printer:
163120206-> <6>
163120206-> ********************** COMMAND BEGIN **********************
163120207-> data sent to printer:
163120207-> <2>VA000004 GARANTIA EXTENDIDA<3>
163120425-> data received from printer:
163120581-> <6>
163120581-> ********************** COMMAND BEGIN **********************
163120582-> data sent to printer:
163120582-> <2>N11,000xBs107,73      00000107731<3>
163120862-> data received from printer:
163121016-> <6>
163121348-> ********************** COMMAND BEGIN **********************
163121349-> data sent to printer:
163121350-> <2>O1<3>
163123088-> data received from printer:
163123249-> <2>386705<3><6>
163123296-> ********************** COMMAND BEGIN **********************
163123297-> data sent to printer:
163123297-> <2>P114/06/2023 EFECTIVO 000000386706<3>
163123761-> data received from printer:
163123927-> <6>
163123927-> ********************** COMMAND BEGIN **********************
163123928-> data sent to printer:
163123928-> <2>V<3>
163124118-> data received from printer:
163124272-> <6>
163124272-> ********************** COMMAND BEGIN **********************
163124273-> data sent to printer:
163124273-> <2>VNumero Orden: 0069121<3>
163124487-> data received from printer:
163124647-> <6>
163124647-> ********************** COMMAND BEGIN **********************
163124648-> data sent to printer:
163124648-> <2>V<3>
163124842-> data received from printer:
163124993-> <6>
163124999-> ********************** COMMAND BEGIN **********************
163124999-> data sent to printer:
163125000-> <2>V*Contrato de Garantia Extendida para<3>
163125228-> data received from printer:
163125384-> <6>
163125384-> ********************** COMMAND BEGIN **********************
163125385-> data sent to printer:
163125385-> <2>V      Cristales Formulados:<3>
163125606-> data received from printer:
163125759-> <6>
163125759-> ********************** COMMAND BEGIN **********************
163125760-> data sent to printer:
163125760-> <2>V <3>
163125955-> data received from printer:
163126120-> <6>
163126121-> ********************** COMMAND BEGIN **********************
163126121-> data sent to printer:
163126121-> <2>VOD: ESF -0,50 EJE 0 CIL 0,00 ADD 0,00<3>
163126350-> data received from printer:
163126510-> <6>
163126510-> ********************** COMMAND BEGIN **********************
163126511-> data sent to printer:
163126511-> <2>VOI: ESF -0,50 EJE 0 CIL 0,00 ADD 0,00<3>
163126742-> data received from printer:
163126901-> <6>
163126901-> ********************** COMMAND BEGIN **********************
163126902-> data sent to printer:
163126902-> <2>V <3>
163127097-> data received from printer:
163127262-> <6>
163127263-> ********************** COMMAND BEGIN **********************
163127263-> data sent to printer:
163127263-> <2>VCondiciones legales en el Contrato<3>
163127490-> data received from printer:
163127652-> <6>
163127652-> ********************** COMMAND BEGIN **********************
163127653-> data sent to printer:
163127653-> <2>VSuscrito.<3>
163127892-> data received from printer:
163128043-> <6>
163128043-> ********************** COMMAND BEGIN **********************
163128044-> data sent to printer:
163128044-> <2>V <3>
163128235-> data received from printer:
163128389-> <6>
163128393-> ********************** COMMAND BEGIN **********************
163128393-> data sent to printer:
163128394-> <2>V<161><161><161>GRACIAS POR SU COMPRA!!!<3>
163128614-> data received from printer:
163128779-> <6>
163128779-> ********************** COMMAND BEGIN **********************
163128780-> data sent to printer:
163128780-> <2>VSolo se aceptaran devoluciones<3>
163129006-> data received from printer:
163129169-> <6>
163129169-> ********************** COMMAND BEGIN **********************
163129170-> data sent to printer:
163129170-> <2>Vpor defectos de fabrica, con la<3>
163129393-> data received from printer:
163129544-> <6>
163129544-> ********************** COMMAND BEGIN **********************
163129545-> data sent to printer:
163129545-> <2>Vpresentacion de esta factura (original),<3>
163129779-> data received from printer:
163129934-> <6>
163129935-> ********************** COMMAND BEGIN **********************
163129935-> data sent to printer:
163129935-> <2>Vdentro de los treinta (30) dias<3>
163130161-> data received from printer:
163130323-> <6>
163130323-> ********************** COMMAND BEGIN **********************
163130324-> data sent to printer:
163130324-> <2>Vsiguientes a la emision de la misma.<3>
163130552-> data received from printer:
163130715-> <6>
163130715-> ********************** COMMAND BEGIN **********************
163130716-> data sent to printer:
163130716-> <2>Y0<3>
163130766-> data received from printer:
163131046-> <2>SENIAT    J-316292649    1600*800*3100*2          Bs.0TIY1900001080320231111*300<3><6>
163131047-> ********************** COMMAND BEGIN **********************
163131047-> data sent to printer:
163131047-> <2>S<3>
163131054-> data received from printer:
163131211-> <21>
163131211-> ********************** COMMAND BEGIN **********************
163131212-> data sent to printer:
163131212-> <2>M<3>
163132531-> data received from printer:
163132682-> <6>
170755695-> OPEN PORT: COM1@9600
170755739-> ********************** COMMAND BEGIN **********************
170755739-> data sent to printer:
170755740-> <2>Q<3>
170755748-> data received from printer:
170755907-> <21>
170755908-> ********************** COMMAND BEGIN **********************
170755908-> data sent to printer:
170755908-> <2>M<3>
170755915-> data received from printer:
170756073-> <21>
170802894-> OPEN PORT: COM1@9600
170802937-> OPEN PORT: COM1@9600
170802940-> ********************** COMMAND BEGIN **********************
170802940-> data sent to printer:
170802941-> <2>L&1<3>
170804615-> data received from printer:
170804768-> <2>2459*2441<3><6>
170804769-> ********************** COMMAND BEGIN **********************
170804769-> data sent to printer:
170804769-> <2>VRazon Social: Wilfran Guillen <3>
170804991-> data received from printer:
170805144-> <6>
170805144-> ********************** COMMAND BEGIN **********************
170805145-> data sent to printer:
170805145-> <2>VCI/Rif: V-23925810<3>
170805357-> data received from printer:
170805519-> <6>
170805520-> ********************** COMMAND BEGIN **********************
170805520-> data sent to printer:
170805520-> <2>V----------------------------------------<3>
170805751-> data received from printer:
170805910-> <6>
170805912-> ********************** COMMAND BEGIN **********************
170805912-> data sent to printer:
170805913-> <2>VM176339 CPCCMHMHC223253A<3>
170806128-> data received from printer:
170806286-> <6>
170806287-> ********************** COMMAND BEGIN **********************
170806287-> data sent to printer:
170806287-> <2>N11,000xBs2606,80     00002606801<3>
170806570-> data received from printer:
170806722-> <6>
170806722-> ********************** COMMAND BEGIN **********************
170806723-> data sent to printer:
170806723-> <2>VC000019 VISION SENCILLA ANTIREFLEJO TER<3>
170806954-> data received from printer:
170807112-> <6>
170807112-> ********************** COMMAND BEGIN **********************
170807113-> data sent to printer:
170807113-> <2>N12,000xBs359,10      00000718200<3>
170807390-> data received from printer:
170807547-> <6>
170807547-> ********************** COMMAND BEGIN **********************
170807548-> data sent to printer:
170807548-> <2>VA000004 GARANTIA EXTENDIDA<3>
170807769-> data received from printer:
170807922-> <6>
170807922-> ********************** COMMAND BEGIN **********************
170807923-> data sent to printer:
170807923-> <2>N11,000xBs107,73      00000107731<3>
170808202-> data received from printer:
170808356-> <6>
170808679-> ********************** COMMAND BEGIN **********************
170808680-> data sent to printer:
170808681-> <2>O1<3>
170809811-> data received from printer:
170809973-> <2>386705<3><6>
170810020-> ********************** COMMAND BEGIN **********************
170810020-> data sent to printer:
170810021-> <2>P114/06/2023 EFECTIVO 000000386706<3>
170810451-> data received from printer:
170810605-> <6>
170810605-> ********************** COMMAND BEGIN **********************
170810605-> data sent to printer:
170810605-> <2>V<3>
170810796-> data received from printer:
170810950-> <6>
170810951-> ********************** COMMAND BEGIN **********************
170810951-> data sent to printer:
170810951-> <2>VNumero Orden: 0069123<3>
170811166-> data received from printer:
170811326-> <6>
170811326-> ********************** COMMAND BEGIN **********************
170811327-> data sent to printer:
170811327-> <2>V<3>
170811521-> data received from printer:
170811687-> <6>
170811987-> ********************** COMMAND BEGIN **********************
170811988-> data sent to printer:
170811990-> <2>V*Contrato de Garantia Extendida para<3>
170812219-> data received from printer:
170812376-> <6>
170812376-> ********************** COMMAND BEGIN **********************
170812377-> data sent to printer:
170812377-> <2>V      Cristales Formulados:<3>
170812635-> data received from printer:
170812797-> <6>
170812797-> ********************** COMMAND BEGIN **********************
170812798-> data sent to printer:
170812798-> <2>V <3>
170812990-> data received from printer:
170813142-> <6>
170813142-> ********************** COMMAND BEGIN **********************
170813143-> data sent to printer:
170813143-> <2>VOD: ESF -0,50 EJE 0 CIL 0,00 ADD 0,00<3>
170813373-> data received from printer:
170813532-> <6>
170813533-> ********************** COMMAND BEGIN **********************
170813533-> data sent to printer:
170813533-> <2>VOI: ESF -0,50 EJE 0 CIL 0,00 ADD 0,00<3>
170813766-> data received from printer:
170813922-> <6>
170813923-> ********************** COMMAND BEGIN **********************
170813923-> data sent to printer:
170813923-> <2>V <3>
170814115-> data received from printer:
170814267-> <6>
170814268-> ********************** COMMAND BEGIN **********************
170814268-> data sent to printer:
170814268-> <2>VCondiciones legales en el Contrato<3>
170814496-> data received from printer:
170814658-> <6>
170814658-> ********************** COMMAND BEGIN **********************
170814659-> data sent to printer:
170814659-> <2>VSuscrito.<3>
170814862-> data received from printer:
170815018-> <6>
170815018-> ********************** COMMAND BEGIN **********************
170815019-> data sent to printer:
170815019-> <2>V <3>
170815211-> data received from printer:
170815364-> <6>
170815367-> ********************** COMMAND BEGIN **********************
170815367-> data sent to printer:
170815367-> <2>V<161><161><161>GRACIAS POR SU COMPRA!!!<3>
170815588-> data received from printer:
170815739-> <6>
170815740-> ********************** COMMAND BEGIN **********************
170815740-> data sent to printer:
170815740-> <2>VSolo se aceptaran devoluciones<3>
170815966-> data received from printer:
170816130-> <6>
170816130-> ********************** COMMAND BEGIN **********************
170816131-> data sent to printer:
170816131-> <2>Vpor defectos de fabrica, con la<3>
170816354-> data received from printer:
170816506-> <6>
170816506-> ********************** COMMAND BEGIN **********************
170816507-> data sent to printer:
170816507-> <2>Vpresentacion de esta factura (original),<3>
170816741-> data received from printer:
170816898-> <6>
170816898-> ********************** COMMAND BEGIN **********************
170816899-> data sent to printer:
170816899-> <2>Vdentro de los treinta (30) dias<3>
170817125-> data received from printer:
170817289-> <6>
170817290-> ********************** COMMAND BEGIN **********************
170817290-> data sent to printer:
170817290-> <2>Vsiguientes a la emision de la misma.<3>
170817554-> data received from printer:
170817709-> <6>
170817711-> ********************** COMMAND BEGIN **********************
170817711-> data sent to printer:
170817711-> <2>Y0<3>
170817761-> data received from printer:
170818040-> <2>SENIAT    J-316292649    1600*800*3100*2          Bs.0TIY1900001080320231148*300<3><6>
170818041-> ********************** COMMAND BEGIN **********************
170818041-> data sent to printer:
170818042-> <2>S<3>
170818049-> data received from printer:
170818205-> <21>
170818206-> ********************** COMMAND BEGIN **********************
170818206-> data sent to printer:
170818206-> <2>M<3>
170819491-> data received from printer:
170819647-> <6>
