191719427-> OPEN PORT: COM1@9600
191719490-> ********************** COMMAND BEGIN **********************
191719491-> data sent to printer:
191719491-> <2>Q<3>
191719499-> data received from printer:
191719650-> <21>
191719651-> ********************** COMMAND BEGIN **********************
191719651-> data sent to printer:
191719652-> <2>M<3>
191719659-> data received from printer:
191719816-> <21>
191735844-> OPEN PORT: COM1@9600
191735884-> ********************** COMMAND BEGIN **********************
191735885-> data sent to printer:
191735885-> <2>Q<3>
191735893-> data received from printer:
191736048-> <21>
191736048-> ********************** COMMAND BEGIN **********************
191736049-> data sent to printer:
191736049-> <2>M<3>
191736057-> data received from printer:
191736213-> <21>
192300189-> OPEN PORT: COM1@9600
192300229-> ********************** COMMAND BEGIN **********************
192300229-> data sent to printer:
192300230-> <2>Q<3>
192300237-> data received from printer:
192300397-> <21>
192300398-> ********************** COMMAND BEGIN **********************
192300398-> data sent to printer:
192300398-> <2>M<3>
192300406-> data received from printer:
192300562-> <21>
192450997-> OPEN PORT: COM1@9600
192451038-> ********************** COMMAND BEGIN **********************
192451038-> data sent to printer:
192451039-> <2>Q<3>
192451046-> data received from printer:
192451202-> <21>
192451203-> ********************** COMMAND BEGIN **********************
192451203-> data sent to printer:
192451204-> <2>M<3>
192451211-> data received from printer:
192451367-> <21>
