080822316-> OPEN PORT: COM1@9600
080822372-> OPEN PORT: COM1@9600
080822376-> ********************** COMMAND BEGIN **********************
080822376-> data sent to printer:
080822377-> <2>L&1<3>
080824047-> data received from printer:
080824204-> <2>2211*2210<3><6>
080824205-> ********************** COMMAND BEGIN **********************
080824205-> data sent to printer:
080824205-> <2>VRazon Social: MARIA PENA<3>
080824419-> data received from printer:
080824579-> <6>
080824579-> ********************** COMMAND BEGIN **********************
080824579-> data sent to printer:
080824580-> <2>VCI/Rif: V-18001525<3>
080824789-> data received from printer:
080824941-> <6>
080824941-> ********************** COMMAND BEGIN **********************
080824942-> data sent to printer:
080824942-> <2>V----------------------------------------<3>
080825176-> data received from printer:
080825332-> <6>
080825342-> ********************** COMMAND BEGIN **********************
080825343-> data sent to printer:
080825343-> <2>VL068362 UMCPRB3025-S58O<3>
080825590-> data received from printer:
080825752-> <6>
080825752-> ********************** COMMAND BEGIN **********************
080825752-> data sent to printer:
080825752-> <2>N11,000xBs2978,50     00002978501<3>
080826035-> data received from printer:
080826186-> <6>
080826542-> ********************** COMMAND BEGIN **********************
080826543-> data sent to printer:
080826545-> <2>O1<3>
080828150-> data received from printer:
080828313-> <2>345506<3><6>
080829248-> ********************** COMMAND BEGIN **********************
080829250-> data sent to printer:
080829251-> <2>P121/03/2023 Efectivo 000000200000<3>
080829518-> data received from printer:
080829680-> <6>
080829680-> ********************** COMMAND BEGIN **********************
080829681-> data sent to printer:
080829681-> <2>P121/03/2023 Efectivo 000000145506<3>
080829949-> data received from printer:
080830101-> <6>
080830102-> ********************** COMMAND BEGIN **********************
080830102-> data sent to printer:
080830102-> <2>V<3>
080830297-> data received from printer:
080830462-> <6>
080830462-> ********************** COMMAND BEGIN **********************
080830463-> data sent to printer:
080830463-> <2>VNumero Orden: 0000302<3>
080830711-> data received from printer:
080830869-> <6>
080830869-> ********************** COMMAND BEGIN **********************
080830870-> data sent to printer:
080830870-> <2>V<3>
080831065-> data received from printer:
080831230-> <6>
080831584-> ********************** COMMAND BEGIN **********************
080831585-> data sent to printer:
080831587-> <2>Y0<3>
080831637-> data received from printer:
080831914-> <2>SENIAT    J-316292649    1600*800*3100*2          Bs.0TIY1900001071220220252*300<3><6>
080831915-> ********************** COMMAND BEGIN **********************
080831915-> data sent to printer:
080831915-> <2>S<3>
080831922-> data received from printer:
080832080-> <21>
080832081-> ********************** COMMAND BEGIN **********************
080832081-> data sent to printer:
080832081-> <2>M<3>
080833340-> data received from printer:
080833491-> <6>
081010778-> OPEN PORT: COM1@9600
081010820-> OPEN PORT: COM1@9600
081010821-> ********************** COMMAND BEGIN **********************
081010822-> data sent to printer:
081010823-> <2>L&1<3>
081012495-> data received from printer:
081012661-> <2>2212*2210<3><6>
081012661-> ********************** COMMAND BEGIN **********************
081012662-> data sent to printer:
081012662-> <2>VRazon Social: MARIA PENA<3>
081012880-> data received from printer:
081013036-> <6>
081013036-> ********************** COMMAND BEGIN **********************
081013037-> data sent to printer:
081013037-> <2>VCI/Rif: V-18001525<3>
081013245-> data received from printer:
081013397-> <6>
081013397-> ********************** COMMAND BEGIN **********************
081013398-> data sent to printer:
081013398-> <2>V----------------------------------------<3>
081013630-> data received from printer:
081013788-> <6>
081013788-> ********************** COMMAND BEGIN **********************
081013789-> data sent to printer:
081013789-> <2>VL068362 UMCPRB3025-S58O<3>
081014006-> data received from printer:
081014165-> <6>
081014165-> ********************** COMMAND BEGIN **********************
081014165-> data sent to printer:
081014166-> <2>N11,000xBs2978,50     00002978501<3>
081014480-> data received from printer:
081014646-> <6>
081014656-> ********************** COMMAND BEGIN **********************
081014657-> data sent to printer:
081014657-> <2>OT345506<0><0><0><0><0><128><11><254><3>
081015770-> data received from printer:
081015921-> <2>355871<3><6>
081016226-> ********************** COMMAND BEGIN **********************
081016227-> data sent to printer:
081016228-> <2>P1DIVISAS             000000355871<3>
081016498-> data received from printer:
081016651-> <6>
081016651-> ********************** COMMAND BEGIN **********************
081016652-> data sent to printer:
081016652-> <2>V<3>
081016846-> data received from printer:
081016997-> <6>
081016997-> ********************** COMMAND BEGIN **********************
081016998-> data sent to printer:
081016998-> <2>VNumero Orden: 0000303<3>
081017210-> data received from printer:
081017374-> <6>
081017374-> ********************** COMMAND BEGIN **********************
081017375-> data sent to printer:
081017375-> <2>V<3>
081017567-> data received from printer:
081017720-> <6>
081017726-> ********************** COMMAND BEGIN **********************
081017726-> data sent to printer:
081017726-> <2>Y0<3>
081017776-> data received from printer:
081018050-> <2>SENIAT    J-316292649    1600*800*3100*2          Bs.0TIY1900001071220220254*300<3><6>
081018050-> ********************** COMMAND BEGIN **********************
081018051-> data sent to printer:
081018051-> <2>S<3>
081018059-> data received from printer:
081018216-> <21>
081018217-> ********************** COMMAND BEGIN **********************
081018217-> data sent to printer:
081018217-> <2>M<3>
081020175-> data received from printer:
081020331-> <6>
081352378-> OPEN PORT: COM1@9600
081352419-> OPEN PORT: COM1@9600
081352420-> ********************** COMMAND BEGIN **********************
081352420-> data sent to printer:
081352421-> <2>L&1<3>
081354092-> data received from printer:
081354248-> <2>2213*2210<3><6>
081354248-> ********************** COMMAND BEGIN **********************
081354249-> data sent to printer:
081354249-> <2>VRazon Social: MARIA PENA<3>
081354467-> data received from printer:
081354625-> <6>
081354625-> ********************** COMMAND BEGIN **********************
081354626-> data sent to printer:
081354626-> <2>VCI/Rif: V-18001525<3>
081354833-> data received from printer:
081354986-> <6>
081354986-> ********************** COMMAND BEGIN **********************
081354987-> data sent to printer:
081354987-> <2>V----------------------------------------<3>
081355220-> data received from printer:
081355378-> <6>
081355379-> ********************** COMMAND BEGIN **********************
081355379-> data sent to printer:
081355379-> <2>VL068362 UMCPRB3025-S58O<3>
081355596-> data received from printer:
081355754-> <6>
081355754-> ********************** COMMAND BEGIN **********************
081355754-> data sent to printer:
081355755-> <2>N11,000xBs2978,50     00002978501<3>
081356033-> data received from printer:
081356189-> <6>
081356249-> ********************** COMMAND BEGIN **********************
081356250-> data sent to printer:
081356251-> <2>V<3>
081356443-> data received from printer:
081356596-> <6>
081356596-> ********************** COMMAND BEGIN **********************
081356597-> data sent to printer:
081356597-> <2>VNumero Orden: 0000304<3>
081356814-> data received from printer:
081356972-> <6>
081356972-> ********************** COMMAND BEGIN **********************
081356972-> data sent to printer:
081356973-> <2>V<3>
081357163-> data received from printer:
081357318-> <6>
081357673-> ********************** COMMAND BEGIN **********************
081357675-> data sent to printer:
081357676-> <2>Y0<3>
081357726-> data received from printer:
081358006-> <2>SENIAT    J-316292649    1600*800*3100*2          Bs.0TIY1900001071220220257*300<3><6>
081358006-> ********************** COMMAND BEGIN **********************
081358007-> data sent to printer:
081358007-> <2>S<3>
081358014-> data received from printer:
081358172-> <21>
081358172-> ********************** COMMAND BEGIN **********************
081358173-> data sent to printer:
081358173-> <2>M<3>
081358180-> data received from printer:
081358338-> <21>
083544729-> OPEN PORT: COM1@9600
083544769-> OPEN PORT: COM1@9600
083544770-> ********************** COMMAND BEGIN **********************
083544770-> data sent to printer:
083544771-> <2>L&1<3>
083544780-> data received from printer:
083544937-> <21>
083544937-> ********************** COMMAND BEGIN **********************
083544938-> data sent to printer:
083544938-> <2>VRazon Social: MARIA PENA<3>
083545155-> data received from printer:
083545313-> <6>
083545313-> ********************** COMMAND BEGIN **********************
083545314-> data sent to printer:
083545314-> <2>VCI/Rif: V-18001525<3>
083545527-> data received from printer:
083545689-> <6>
083545689-> ********************** COMMAND BEGIN **********************
083545689-> data sent to printer:
083545690-> <2>V----------------------------------------<3>
083545922-> data received from printer:
083546081-> <6>
083546081-> ********************** COMMAND BEGIN **********************
083546082-> data sent to printer:
083546082-> <2>VL068362 UMCPRB3025-S58O<3>
083546299-> data received from printer:
083546458-> <6>
083546458-> ********************** COMMAND BEGIN **********************
083546459-> data sent to printer:
083546459-> <2>N11,000xBs2978,50     00002978501<3>
083546742-> data received from printer:
083546894-> <6>
083551168-> ********************** COMMAND BEGIN **********************
083551169-> data sent to printer:
083551170-> <2>O1<3>
083552176-> data received from printer:
083552336-> <2>691012<3><6>
083552355-> ********************** COMMAND BEGIN **********************
083552355-> data sent to printer:
083552355-> <2>P121/03/2023 Debito   000000200000<3>
083552626-> data received from printer:
083552787-> <6>
083552787-> ********************** COMMAND BEGIN **********************
083552787-> data sent to printer:
083552788-> <2>P121/03/2023 Debito   000000145506<3>
083553054-> data received from printer:
083553208-> <6>
083553208-> ********************** COMMAND BEGIN **********************
083553209-> data sent to printer:
083553209-> <2>V<3>
083553401-> data received from printer:
083553553-> <6>
083553553-> ********************** COMMAND BEGIN **********************
083553553-> data sent to printer:
083553554-> <2>VNumero Orden: 0000307<3>
083553770-> data received from printer:
083553929-> <6>
083553929-> ********************** COMMAND BEGIN **********************
083553929-> data sent to printer:
083553930-> <2>V<3>
083554120-> data received from printer:
083554275-> <6>
083558040-> ********************** COMMAND BEGIN **********************
083558041-> data sent to printer:
083558042-> <2>Y0<3>
083558092-> data received from printer:
083558367-> <2>SENIAT    J-316292649    1600*800*3100*2          Bs.0TIY1900001071220220319*300<3><6>
083558367-> ********************** COMMAND BEGIN **********************
083558368-> data sent to printer:
083558368-> <2>S<3>
083558375-> data received from printer:
083558533-> <21>
083558533-> ********************** COMMAND BEGIN **********************
083558533-> data sent to printer:
083558534-> <2>M<3>
083559831-> data received from printer:
083559989-> <6>
083814676-> OPEN PORT: COM1@9600
083814718-> OPEN PORT: COM1@9600
083814718-> ********************** COMMAND BEGIN **********************
083814719-> data sent to printer:
083814719-> <2>L&1<3>
083816391-> data received from printer:
083816555-> <2>2214*2210<3><6>
083816556-> ********************** COMMAND BEGIN **********************
083816556-> data sent to printer:
083816556-> <2>VRazon Social: MARIA PENA<3>
083816772-> data received from printer:
083816930-> <6>
083816930-> ********************** COMMAND BEGIN **********************
083816931-> data sent to printer:
083816931-> <2>VCI/Rif: V-18001525<3>
083817143-> data received from printer:
083817307-> <6>
083817307-> ********************** COMMAND BEGIN **********************
083817308-> data sent to printer:
083817308-> <2>V----------------------------------------<3>
083817539-> data received from printer:
083817699-> <6>
083817699-> ********************** COMMAND BEGIN **********************
083817700-> data sent to printer:
083817700-> <2>VL068362 UMCPRB3025-S58O<3>
083817915-> data received from printer:
083818075-> <6>
083818075-> ********************** COMMAND BEGIN **********************
083818075-> data sent to printer:
083818076-> <2>N11,000xBs2978,50     00002978501<3>
083818358-> data received from printer:
083818511-> <6>
083818522-> ********************** COMMAND BEGIN **********************
083818522-> data sent to printer:
083818523-> <2>O1<3>
083819528-> data received from printer:
083819681-> <2>345506<3><6>
083819685-> ********************** COMMAND BEGIN **********************
083819686-> data sent to printer:
083819686-> <2>P121/03/2023 Debito   000000200000<3>
083819956-> data received from printer:
083820116-> <6>
083820116-> ********************** COMMAND BEGIN **********************
083820117-> data sent to printer:
083820117-> <2>P121/03/2023 Debito   000000145506<3>
083820383-> data received from printer:
083820536-> <6>
083820536-> ********************** COMMAND BEGIN **********************
083820537-> data sent to printer:
083820537-> <2>V<3>
083820730-> data received from printer:
083820882-> <6>
083820882-> ********************** COMMAND BEGIN **********************
083820883-> data sent to printer:
083820883-> <2>VNumero Orden: 0000308<3>
083821100-> data received from printer:
083821258-> <6>
083821258-> ********************** COMMAND BEGIN **********************
083821259-> data sent to printer:
083821259-> <2>V<3>
083821449-> data received from printer:
083821604-> <6>
083821609-> ********************** COMMAND BEGIN **********************
083821610-> data sent to printer:
083821610-> <2>Y0<3>
083821659-> data received from printer:
083821934-> <2>SENIAT    J-316292649    1600*800*3100*2          Bs.0TIY1900001071220220322*300<3><6>
083821935-> ********************** COMMAND BEGIN **********************
083821935-> data sent to printer:
083821935-> <2>S<3>
083821943-> data received from printer:
083822099-> <21>
083822099-> ********************** COMMAND BEGIN **********************
083822099-> data sent to printer:
083822100-> <2>M<3>
083823398-> data received from printer:
083823555-> <6>
