132538329-> OPEN PORT: COM1@9600
132538400-> ********************** COMMAND BEGIN **********************
132538401-> data sent to printer:
132538401-> <2>e<3>
132538406-> data received from printer:
132538560-> <21>
132538562-> ********************** COMMAND BEGIN **********************
132538562-> data sent to printer:
132538563-> <2>Q<3>
132538567-> data received from printer:
132538725-> <21>
132538726-> ********************** COMMAND BEGIN **********************
132538726-> data sent to printer:
132538727-> <2>M<3>
132538731-> data received from printer:
132538891-> <21>
132538951-> OPEN PORT: COM1@9600
132539017-> ********************** COMMAND BEGIN **********************
132539018-> data sent to printer:
132539018-> <2>e<3>
132539023-> data received from printer:
132539180-> <21>
132539181-> ********************** COMMAND BEGIN **********************
132539181-> data sent to printer:
132539181-> <2>Q<3>
132539186-> data received from printer:
132539345-> <21>
132539346-> ********************** COMMAND BEGIN **********************
132539346-> data sent to printer:
132539347-> <2>M<3>
132539351-> data received from printer:
132539509-> <21>
