095547542-> OPEN PORT: COM1@9600
095547674-> ********************** COMMAND BEGIN **********************
095547676-> data sent to printer:
095547677-> <2>Q<3>
095547685-> data received from printer:
095547844-> <21>
095547845-> ********************** COMMAND BEGIN **********************
095547845-> data sent to printer:
095547845-> <2>M<3>
095547853-> data received from printer:
095548010-> <21>
100056182-> OPEN PORT: COM1@9600
100056224-> ********************** COMMAND BEGIN **********************
100056224-> data sent to printer:
100056224-> <2>Q<3>
100056232-> data received from printer:
100056400-> <21>
100056401-> ********************** COMMAND BEGIN **********************
100056401-> data sent to printer:
100056401-> <2>M<3>
100056409-> data received from printer:
100056566-> <21>
100057593-> OPEN PORT: COM1@9600
100057632-> OPEN PORT: COM1@9600
100057655-> ********************** COMMAND BEGIN **********************
100057655-> data sent to printer:
100057655-> <2>L&1<3>
100059324-> data received from printer:
100059485-> <2>2446*2441<3><6>
100059486-> ********************** COMMAND BEGIN **********************
100059486-> data sent to printer:
100059486-> <2>VRazon Social: Giuseppe Lazzaro<3>
100059706-> data received from printer:
100059861-> <6>
100059861-> ********************** COMMAND BEGIN **********************
100059862-> data sent to printer:
100059862-> <2>VCI/Rif: V-8375736<3>
100100070-> data received from printer:
100100236-> <6>
100100236-> ********************** COMMAND BEGIN **********************
100100237-> data sent to printer:
100100237-> <2>V----------------------------------------<3>
100100470-> data received from printer:
100100626-> <6>
100100661-> ********************** COMMAND BEGIN **********************
100100661-> data sent to printer:
100100662-> <2>VM175811 CPCCMWSG220454G<3>
100100874-> data received from printer:
100101032-> <6>
100101033-> ********************** COMMAND BEGIN **********************
100101033-> data sent to printer:
100101034-> <2>N11,000xBs822,11      00000822111<3>
100101314-> data received from printer:
100101468-> <6>
100101469-> ********************** COMMAND BEGIN **********************
100101469-> data sent to printer:
100101469-> <2>VC000187 LIFE FREE 2 CR-39 <3>
100101724-> data received from printer:
100101888-> <6>
100101889-> ********************** COMMAND BEGIN **********************
100101889-> data sent to printer:
100101889-> <2>N12,000xBs2850,00     00005700000<3>
100102166-> data received from printer:
100102323-> <6>
100102776-> ********************** COMMAND BEGIN **********************
100102776-> data sent to printer:
100102777-> <2>OT548011<0><0><0><0><0><128><245><186><3>
100104005-> data received from printer:
100104171-> <2>681805<3><6>
100104432-> ********************** COMMAND BEGIN **********************
100104432-> data sent to printer:
100104432-> <2>P105/06/2023 EFECTIVO 000000133794<3>
100104702-> data received from printer:
100104855-> <6>
100104855-> ********************** COMMAND BEGIN **********************
100104856-> data sent to printer:
100104856-> <2>P1DIVISAS             000000531571<3>
100105122-> data received from printer:
100105275-> <6>
100105276-> ********************** COMMAND BEGIN **********************
100105276-> data sent to printer:
100105276-> <2>V<3>
100105505-> data received from printer:
100105665-> <6>
100105665-> ********************** COMMAND BEGIN **********************
100105666-> data sent to printer:
100105666-> <2>VNumero Orden: 0069097<3>
100105878-> data received from printer:
100106040-> <6>
100106041-> ********************** COMMAND BEGIN **********************
100106041-> data sent to printer:
100106041-> <2>V<3>
100106232-> data received from printer:
100106385-> <6>
100106531-> ********************** COMMAND BEGIN **********************
100106533-> data sent to printer:
100106534-> <2>V<161><161><161>GRACIAS POR SU COMPRA!!!<3>
100106757-> data received from printer:
100106914-> <6>
100106914-> ********************** COMMAND BEGIN **********************
100106915-> data sent to printer:
100106915-> <2>VSolo se aceptaran devoluciones<3>
100107137-> data received from printer:
100107290-> <6>
100107291-> ********************** COMMAND BEGIN **********************
100107291-> data sent to printer:
100107291-> <2>Vpor defectos de fabrica, con la<3>
100107516-> data received from printer:
100107681-> <6>
100107681-> ********************** COMMAND BEGIN **********************
100107682-> data sent to printer:
100107682-> <2>Vpresentacion de esta factura (original),<3>
100107917-> data received from printer:
100108071-> <6>
100108071-> ********************** COMMAND BEGIN **********************
100108072-> data sent to printer:
100108072-> <2>Vdentro de los treinta (30) dias<3>
100108294-> data received from printer:
100108447-> <6>
100108447-> ********************** COMMAND BEGIN **********************
100108448-> data sent to printer:
100108448-> <2>Vsiguientes a la emision de la misma.<3>
100108678-> data received from printer:
100108837-> <6>
100108850-> ********************** COMMAND BEGIN **********************
100108851-> data sent to printer:
100108851-> <2>Y0<3>
100108901-> data received from printer:
100109183-> <2>SENIAT    J-316292649    1600*800*3100*2          Bs.0TIY1900001040320230441*300<3><6>
100109184-> ********************** COMMAND BEGIN **********************
100109184-> data sent to printer:
100109184-> <2>S<3>
100109192-> data received from printer:
100109349-> <21>
100109349-> ********************** COMMAND BEGIN **********************
100109350-> data sent to printer:
100109350-> <2>M<3>
100110696-> data received from printer:
100110850-> <6>
110459211-> OPEN PORT: COM1@9600
110459272-> ********************** COMMAND BEGIN **********************
110459273-> data sent to printer:
110459273-> <2>Q<3>
110459280-> data received from printer:
110459438-> <21>
110459439-> ********************** COMMAND BEGIN **********************
110459439-> data sent to printer:
110459439-> <2>M<3>
110459447-> data received from printer:
110459603-> <21>
112932043-> OPEN PORT: COM1@9600
112932083-> ********************** COMMAND BEGIN **********************
112932083-> data sent to printer:
112932084-> <2>Q<3>
112932091-> data received from printer:
112932249-> <21>
112932250-> ********************** COMMAND BEGIN **********************
112932250-> data sent to printer:
112932250-> <2>M<3>
112932258-> data received from printer:
112932415-> <21>
113043776-> OPEN PORT: COM1@9600
113043816-> ********************** COMMAND BEGIN **********************
113043816-> data sent to printer:
113043816-> <2>Q<3>
113043824-> data received from printer:
113043975-> <21>
113043975-> ********************** COMMAND BEGIN **********************
113043976-> data sent to printer:
113043976-> <2>M<3>
113043983-> data received from printer:
113044141-> <21>
115108909-> OPEN PORT: COM1@9600
115108951-> ********************** COMMAND BEGIN **********************
115108951-> data sent to printer:
115108951-> <2>Q<3>
115108959-> data received from printer:
115109110-> <21>
115109111-> ********************** COMMAND BEGIN **********************
115109111-> data sent to printer:
115109111-> <2>M<3>
115109119-> data received from printer:
115109275-> <21>
115110320-> OPEN PORT: COM1@9600
115110360-> OPEN PORT: COM1@9600
115110377-> ********************** COMMAND BEGIN **********************
115110377-> data sent to printer:
115110377-> <2>L&1<3>
115112045-> data received from printer:
115112200-> <2>2447*2441<3><6>
115112201-> ********************** COMMAND BEGIN **********************
115112202-> data sent to printer:
115112202-> <2>VRazon Social: Giuseppe Lazzaro<3>
115112426-> data received from printer:
115112592-> <6>
115112593-> ********************** COMMAND BEGIN **********************
115112594-> data sent to printer:
115112594-> <2>VCI/Rif: V-8375736<3>
115112801-> data received from printer:
115112952-> <6>
115112953-> ********************** COMMAND BEGIN **********************
115112953-> data sent to printer:
115112953-> <2>V----------------------------------------<3>
115113186-> data received from printer:
115113343-> <6>
115113349-> ********************** COMMAND BEGIN **********************
115113349-> data sent to printer:
115113349-> <2>VM175811 CPCCMWSG220454G<3>
115113565-> data received from printer:
115113718-> <6>
115113718-> ********************** COMMAND BEGIN **********************
115113719-> data sent to printer:
115113719-> <2>N11,000xBs822,11      00000822111<3>
115113996-> data received from printer:
115114153-> <6>
115114153-> ********************** COMMAND BEGIN **********************
115114154-> data sent to printer:
115114154-> <2>VC000187 LIFE FREE 2 CR-39 <3>
115114372-> data received from printer:
115114529-> <6>
115114530-> ********************** COMMAND BEGIN **********************
115114530-> data sent to printer:
115114530-> <2>N12,000xBs2850,00     00005700000<3>
115114809-> data received from printer:
115114965-> <6>
115115174-> ********************** COMMAND BEGIN **********************
115115174-> data sent to printer:
115115174-> <2>OT133074<0><0><0><0><0><0>Y'<3>
115116439-> data received from printer:
115116597-> <2>669357<3><6>
115116686-> ********************** COMMAND BEGIN **********************
115116686-> data sent to printer:
115116686-> <2>P105/06/2023 EFECTIVO 000000532291<3>
115116954-> data received from printer:
115117110-> <6>
115117110-> ********************** COMMAND BEGIN **********************
115117111-> data sent to printer:
115117111-> <2>P1DIVISAS             000000133074<3>
115117381-> data received from printer:
115117546-> <6>
115117547-> ********************** COMMAND BEGIN **********************
115117547-> data sent to printer:
115117547-> <2>V<3>
115117737-> data received from printer:
115117892-> <6>
115117892-> ********************** COMMAND BEGIN **********************
115117893-> data sent to printer:
115117893-> <2>VNumero Orden: 0069099<3>
115118107-> data received from printer:
115118267-> <6>
115118267-> ********************** COMMAND BEGIN **********************
115118268-> data sent to printer:
115118268-> <2>V<3>
115118461-> data received from printer:
115118613-> <6>
115118669-> ********************** COMMAND BEGIN **********************
115118670-> data sent to printer:
115118671-> <2>V<161><161><161>GRACIAS POR SU COMPRA!!!<3>
115118889-> data received from printer:
115119050-> <6>
115119050-> ********************** COMMAND BEGIN **********************
115119051-> data sent to printer:
115119051-> <2>VSolo se aceptaran devoluciones<3>
115119312-> data received from printer:
115119472-> <6>
115119472-> ********************** COMMAND BEGIN **********************
115119473-> data sent to printer:
115119473-> <2>Vpor defectos de fabrica, con la<3>
115119696-> data received from printer:
115119847-> <6>
115119847-> ********************** COMMAND BEGIN **********************
115119848-> data sent to printer:
115119848-> <2>Vpresentacion de esta factura (original),<3>
115120081-> data received from printer:
115120238-> <6>
115120238-> ********************** COMMAND BEGIN **********************
115120239-> data sent to printer:
115120239-> <2>Vdentro de los treinta (30) dias<3>
115120466-> data received from printer:
115120643-> <6>
115120643-> ********************** COMMAND BEGIN **********************
115120644-> data sent to printer:
115120644-> <2>Vsiguientes a la emision de la misma.<3>
115122137-> data received from printer:
115122294-> <6>
115122306-> ********************** COMMAND BEGIN **********************
115122306-> data sent to printer:
115122306-> <2>Y0<3>
115122356-> data received from printer:
115122640-> <2>SENIAT    J-316292649    1600*800*3100*2          Bs.0TIY1900001040320230631*300<3><6>
115122641-> ********************** COMMAND BEGIN **********************
115122642-> data sent to printer:
115122642-> <2>S<3>
115122649-> data received from printer:
115122805-> <21>
115122805-> ********************** COMMAND BEGIN **********************
115122806-> data sent to printer:
115122806-> <2>M<3>
115124151-> data received from printer:
115124306-> <6>
120152723-> OPEN PORT: COM1@9600
120152762-> ********************** COMMAND BEGIN **********************
120152763-> data sent to printer:
120152763-> <2>Q<3>
120152770-> data received from printer:
120152921-> <21>
120152921-> ********************** COMMAND BEGIN **********************
120152922-> data sent to printer:
120152922-> <2>M<3>
120152929-> data received from printer:
120153086-> <21>
121019588-> OPEN PORT: COM1@9600
121019628-> ********************** COMMAND BEGIN **********************
121019628-> data sent to printer:
121019628-> <2>Q<3>
121019636-> data received from printer:
121019790-> <21>
121019790-> ********************** COMMAND BEGIN **********************
121019791-> data sent to printer:
121019791-> <2>M<3>
121019798-> data received from printer:
121019955-> <21>
121438442-> OPEN PORT: COM1@9600
121438483-> ********************** COMMAND BEGIN **********************
121438483-> data sent to printer:
121438484-> <2>Q<3>
121438491-> data received from printer:
121438645-> <21>
121438646-> ********************** COMMAND BEGIN **********************
121438646-> data sent to printer:
121438646-> <2>M<3>
121438654-> data received from printer:
121438810-> <21>
121703841-> OPEN PORT: COM1@9600
121703882-> ********************** COMMAND BEGIN **********************
121703882-> data sent to printer:
121703882-> <2>Q<3>
121703890-> data received from printer:
121704041-> <21>
121704042-> ********************** COMMAND BEGIN **********************
121704042-> data sent to printer:
121704042-> <2>M<3>
121704050-> data received from printer:
121704207-> <21>
121704855-> OPEN PORT: COM1@9600
121704895-> OPEN PORT: COM1@9600
121704897-> ********************** COMMAND BEGIN **********************
121704898-> data sent to printer:
121704898-> <2>L&1<3>
121706527-> data received from printer:
121706691-> <2>2448*2441<3><6>
121706692-> ********************** COMMAND BEGIN **********************
121706692-> data sent to printer:
121706692-> <2>VRazon Social: Giuseppe Lazzaro<3>
121706916-> data received from printer:
121707067-> <6>
121707067-> ********************** COMMAND BEGIN **********************
121707068-> data sent to printer:
121707068-> <2>VCI/Rif: V-8375736<3>
121707310-> data received from printer:
121707473-> <6>
121707474-> ********************** COMMAND BEGIN **********************
121707474-> data sent to printer:
121707474-> <2>V----------------------------------------<3>
121707708-> data received from printer:
121707864-> <6>
121707867-> ********************** COMMAND BEGIN **********************
121707867-> data sent to printer:
121707867-> <2>VM175811 CPCCMWSG220454G<3>
121708080-> data received from printer:
121708239-> <6>
121708239-> ********************** COMMAND BEGIN **********************
121708240-> data sent to printer:
121708240-> <2>N11,000xBs822,11      00000822111<3>
121708520-> data received from printer:
121708674-> <6>
121708674-> ********************** COMMAND BEGIN **********************
121708675-> data sent to printer:
121708675-> <2>VC000187 LIFE FREE 2 CR-39 <3>
121708896-> data received from printer:
121709050-> <6>
121709051-> ********************** COMMAND BEGIN **********************
121709051-> data sent to printer:
121709051-> <2>N12,000xBs2850,00     00005700000<3>
121709326-> data received from printer:
121709487-> <6>
121709598-> ********************** COMMAND BEGIN **********************
121709599-> data sent to printer:
121709599-> <2>OT133074<0><0><0><0><0><128><131><213><3>
121710865-> data received from printer:
121711022-> <2>669357<3><6>
121711057-> ********************** COMMAND BEGIN **********************
121711058-> data sent to printer:
121711058-> <2>P105/06/2023 EFECTIVO 000000532291<3>
121711328-> data received from printer:
121711487-> <6>
121711488-> ********************** COMMAND BEGIN **********************
121711488-> data sent to printer:
121711488-> <2>P1DIVISAS             000000133074<3>
121711754-> data received from printer:
121711908-> <6>
121711909-> ********************** COMMAND BEGIN **********************
121711909-> data sent to printer:
121711909-> <2>V<3>
121712100-> data received from printer:
121712254-> <6>
121712254-> ********************** COMMAND BEGIN **********************
121712255-> data sent to printer:
121712255-> <2>VNumero Orden: 0069102<3>
121712471-> data received from printer:
121712629-> <6>
121712630-> ********************** COMMAND BEGIN **********************
121712630-> data sent to printer:
121712630-> <2>V<3>
121712821-> data received from printer:
121712974-> <6>
121712985-> ********************** COMMAND BEGIN **********************
121712985-> data sent to printer:
121712985-> <2>V<161><161><161>GRACIAS POR SU COMPRA!!!<3>
121713205-> data received from printer:
121713365-> <6>
121713366-> ********************** COMMAND BEGIN **********************
121713366-> data sent to printer:
121713366-> <2>VSolo se aceptaran devoluciones<3>
121713591-> data received from printer:
121713754-> <6>
121713754-> ********************** COMMAND BEGIN **********************
121713755-> data sent to printer:
121713755-> <2>Vpor defectos de fabrica, con la<3>
121713978-> data received from printer:
121714129-> <6>
121714130-> ********************** COMMAND BEGIN **********************
121714130-> data sent to printer:
121714130-> <2>Vpresentacion de esta factura (original),<3>
121714364-> data received from printer:
121714519-> <6>
121714519-> ********************** COMMAND BEGIN **********************
121714520-> data sent to printer:
121714520-> <2>Vdentro de los treinta (30) dias<3>
121714746-> data received from printer:
121714910-> <6>
121714910-> ********************** COMMAND BEGIN **********************
121714911-> data sent to printer:
121714911-> <2>Vsiguientes a la emision de la misma.<3>
121715174-> data received from printer:
121715330-> <6>
121715331-> ********************** COMMAND BEGIN **********************
121715332-> data sent to printer:
121715332-> <2>Y0<3>
121715382-> data received from printer:
121715660-> <2>SENIAT    J-316292649    1600*800*3100*2          Bs.0TIY1900001040320230657*300<3><6>
121715661-> ********************** COMMAND BEGIN **********************
121715662-> data sent to printer:
121715662-> <2>S<3>
121715669-> data received from printer:
121715826-> <21>
121715827-> ********************** COMMAND BEGIN **********************
121715827-> data sent to printer:
121715827-> <2>M<3>
121717138-> data received from printer:
121717297-> <6>
124503777-> OPEN PORT: COM1@9600
124503818-> ********************** COMMAND BEGIN **********************
124503818-> data sent to printer:
124503818-> <2>Q<3>
124503825-> data received from printer:
124503979-> <21>
124503980-> ********************** COMMAND BEGIN **********************
124503980-> data sent to printer:
124503980-> <2>M<3>
124503988-> data received from printer:
124504144-> <21>
131704462-> OPEN PORT: COM1@9600
131704546-> ********************** COMMAND BEGIN **********************
131704547-> data sent to printer:
131704547-> <2>Q<3>
131704554-> data received from printer:
131704717-> <21>
131704717-> ********************** COMMAND BEGIN **********************
131704718-> data sent to printer:
131704718-> <2>M<3>
131704725-> data received from printer:
131704882-> <21>
132806898-> OPEN PORT: COM1@9600
132806938-> ********************** COMMAND BEGIN **********************
132806939-> data sent to printer:
132806939-> <2>Q<3>
132806946-> data received from printer:
132807097-> <21>
132807097-> ********************** COMMAND BEGIN **********************
132807098-> data sent to printer:
132807098-> <2>M<3>
132807105-> data received from printer:
132807263-> <21>
135335206-> OPEN PORT: COM1@9600
135335246-> ********************** COMMAND BEGIN **********************
135335250-> data sent to printer:
135335250-> <2>Q<3>
135335257-> data received from printer:
135335410-> <21>
135335410-> ********************** COMMAND BEGIN **********************
135335411-> data sent to printer:
135335411-> <2>M<3>
135335418-> data received from printer:
135335576-> <21>
140213922-> OPEN PORT: COM1@9600
140213962-> ********************** COMMAND BEGIN **********************
140213962-> data sent to printer:
140213963-> <2>Q<3>
140213970-> data received from printer:
140214135-> <21>
140214135-> ********************** COMMAND BEGIN **********************
140214136-> data sent to printer:
140214136-> <2>M<3>
140214143-> data received from printer:
140214301-> <21>
142111928-> OPEN PORT: COM1@9600
142111968-> ********************** COMMAND BEGIN **********************
142111968-> data sent to printer:
142111968-> <2>Q<3>
142111975-> data received from printer:
142112132-> <21>
142112132-> ********************** COMMAND BEGIN **********************
142112133-> data sent to printer:
142112133-> <2>M<3>
142112140-> data received from printer:
142112298-> <21>
143531953-> OPEN PORT: COM1@9600
143531993-> ********************** COMMAND BEGIN **********************
143531994-> data sent to printer:
143531994-> <2>Q<3>
143532001-> data received from printer:
143532166-> <21>
143532166-> ********************** COMMAND BEGIN **********************
143532167-> data sent to printer:
143532167-> <2>M<3>
143532174-> data received from printer:
143532331-> <21>
145019006-> OPEN PORT: COM1@9600
145019046-> ********************** COMMAND BEGIN **********************
145019046-> data sent to printer:
145019046-> <2>Q<3>
145019054-> data received from printer:
145019208-> <21>
145019209-> ********************** COMMAND BEGIN **********************
145019209-> data sent to printer:
145019209-> <2>M<3>
145019217-> data received from printer:
145019374-> <21>
145230594-> OPEN PORT: COM1@9600
145230634-> ********************** COMMAND BEGIN **********************
145230635-> data sent to printer:
145230635-> <2>Q<3>
145230642-> data received from printer:
145230805-> <21>
145230806-> ********************** COMMAND BEGIN **********************
145230806-> data sent to printer:
145230807-> <2>M<3>
145230814-> data received from printer:
145230970-> <21>
150700392-> OPEN PORT: COM1@9600
150700432-> ********************** COMMAND BEGIN **********************
150700432-> data sent to printer:
150700432-> <2>Q<3>
150700441-> data received from printer:
150700602-> <21>
150700603-> ********************** COMMAND BEGIN **********************
150700603-> data sent to printer:
150700603-> <2>M<3>
150700610-> data received from printer:
150700766-> <21>
152450979-> OPEN PORT: COM1@9600
152451065-> ********************** COMMAND BEGIN **********************
152451065-> data sent to printer:
152451066-> <2>Q<3>
152451073-> data received from printer:
152451237-> <21>
152451238-> ********************** COMMAND BEGIN **********************
152451238-> data sent to printer:
152451238-> <2>M<3>
152451246-> data received from printer:
152451403-> <21>
152658866-> OPEN PORT: COM1@9600
152658907-> ********************** COMMAND BEGIN **********************
152658907-> data sent to printer:
152658908-> <2>Q<3>
152658915-> data received from printer:
152659072-> <21>
152659073-> ********************** COMMAND BEGIN **********************
152659073-> data sent to printer:
152659073-> <2>M<3>
152659081-> data received from printer:
152659238-> <21>
152700161-> OPEN PORT: COM1@9600
152700201-> OPEN PORT: COM1@9600
152700219-> ********************** COMMAND BEGIN **********************
152700219-> data sent to printer:
152700220-> <2>L&1<3>
152701889-> data received from printer:
152702041-> <2>2449*2441<3><6>
152702042-> ********************** COMMAND BEGIN **********************
152702042-> data sent to printer:
152702043-> <2>VRazon Social: Giuseppe Lazzaro<3>
152702265-> data received from printer:
152702417-> <6>
152702418-> ********************** COMMAND BEGIN **********************
152702418-> data sent to printer:
152702418-> <2>VCI/Rif: V-8375736<3>
152702628-> data received from printer:
152702793-> <6>
152702793-> ********************** COMMAND BEGIN **********************
152702794-> data sent to printer:
152702794-> <2>V----------------------------------------<3>
152703024-> data received from printer:
152703183-> <6>
152703217-> ********************** COMMAND BEGIN **********************
152703217-> data sent to printer:
152703218-> <2>VM175811 CPCCMWSG220454G<3>
152703432-> data received from printer:
152703589-> <6>
152703590-> ********************** COMMAND BEGIN **********************
152703590-> data sent to printer:
152703590-> <2>N11,000xBs822,11      00000822111<3>
152703872-> data received from printer:
152704025-> <6>
152704025-> ********************** COMMAND BEGIN **********************
152704026-> data sent to printer:
152704026-> <2>VC000187 LIFE FREE 2 CR-39 <3>
152704278-> data received from printer:
152704431-> <6>
152704432-> ********************** COMMAND BEGIN **********************
152704432-> data sent to printer:
152704432-> <2>N12,000xBs2850,00     00005700000<3>
152704711-> data received from printer:
152704866-> <6>
152705063-> ********************** COMMAND BEGIN **********************
152705063-> data sent to printer:
152705063-> <2>OT548011<0>000<0><128><133>+<3>
152706296-> data received from printer:
152706448-> <2>681805<3><6>
152706575-> ********************** COMMAND BEGIN **********************
152706576-> data sent to printer:
152706576-> <2>P105/06/2023 EFECTIVO 000000133794<3>
152706842-> data received from printer:
152706994-> <6>
152706995-> ********************** COMMAND BEGIN **********************
152706995-> data sent to printer:
152706995-> <2>P1DIVISAS             000000531571<3>
152707301-> data received from printer:
152707459-> <6>
152707460-> ********************** COMMAND BEGIN **********************
152707460-> data sent to printer:
152707460-> <2>V<3>
152707650-> data received from printer:
152707805-> <6>
152707805-> ********************** COMMAND BEGIN **********************
152707806-> data sent to printer:
152707806-> <2>VNumero Orden: 0069112<3>
152708019-> data received from printer:
152708181-> <6>
152708181-> ********************** COMMAND BEGIN **********************
152708182-> data sent to printer:
152708182-> <2>V<3>
152708376-> data received from printer:
152708527-> <6>
152708586-> ********************** COMMAND BEGIN **********************
152708586-> data sent to printer:
152708586-> <2>V<161><161><161>GRACIAS POR SU COMPRA!!!<3>
152708804-> data received from printer:
152708964-> <6>
152708964-> ********************** COMMAND BEGIN **********************
152708965-> data sent to printer:
152708965-> <2>VSolo se aceptaran devoluciones<3>
152709188-> data received from printer:
152709340-> <6>
152709340-> ********************** COMMAND BEGIN **********************
152709341-> data sent to printer:
152709341-> <2>Vpor defectos de fabrica, con la<3>
152709568-> data received from printer:
152709730-> <6>
152709730-> ********************** COMMAND BEGIN **********************
152709731-> data sent to printer:
152709731-> <2>Vpresentacion de esta factura (original),<3>
152709963-> data received from printer:
152710120-> <6>
152710121-> ********************** COMMAND BEGIN **********************
152710121-> data sent to printer:
152710121-> <2>Vdentro de los treinta (30) dias<3>
152710346-> data received from printer:
152710511-> <6>
152710512-> ********************** COMMAND BEGIN **********************
152710512-> data sent to printer:
152710512-> <2>Vsiguientes a la emision de la misma.<3>
152710744-> data received from printer:
152710902-> <6>
152710915-> ********************** COMMAND BEGIN **********************
152710915-> data sent to printer:
152710915-> <2>Y0<3>
152710965-> data received from printer:
152711247-> <2>SENIAT    J-316292649    1600*800*3100*2          Bs.0TIY1900001040320231007*300<3><6>
152711248-> ********************** COMMAND BEGIN **********************
152711248-> data sent to printer:
152711248-> <2>S<3>
152711256-> data received from printer:
152711412-> <21>
152711413-> ********************** COMMAND BEGIN **********************
152711413-> data sent to printer:
152711413-> <2>M<3>
152712759-> data received from printer:
152712912-> <6>
161708228-> OPEN PORT: COM1@9600
161708323-> ********************** COMMAND BEGIN **********************
161708323-> data sent to printer:
161708323-> <2>Q<3>
161708331-> data received from printer:
161708496-> <21>
161708497-> ********************** COMMAND BEGIN **********************
161708497-> data sent to printer:
161708497-> <2>M<3>
161708504-> data received from printer:
161708661-> <21>
161748664-> OPEN PORT: COM1@9600
161748704-> ********************** COMMAND BEGIN **********************
161748704-> data sent to printer:
161748704-> <2>Q<3>
161748712-> data received from printer:
161748864-> <21>
161748864-> ********************** COMMAND BEGIN **********************
161748865-> data sent to printer:
161748865-> <2>M<3>
161748873-> data received from printer:
161749029-> <21>
161919837-> OPEN PORT: COM1@9600
161919877-> ********************** COMMAND BEGIN **********************
161919877-> data sent to printer:
161919878-> <2>Q<3>
161919885-> data received from printer:
161920039-> <21>
161920040-> ********************** COMMAND BEGIN **********************
161920040-> data sent to printer:
161920040-> <2>M<3>
161920048-> data received from printer:
161920204-> <21>
161920907-> OPEN PORT: COM1@9600
161920947-> OPEN PORT: COM1@9600
161920965-> ********************** COMMAND BEGIN **********************
161920965-> data sent to printer:
161920965-> <2>L&1<3>
161922633-> data received from printer:
161922792-> <2>2450*2441<3><6>
161922793-> ********************** COMMAND BEGIN **********************
161922794-> data sent to printer:
161922794-> <2>VRazon Social: Giuseppe Lazzaro<3>
161923014-> data received from printer:
161923167-> <6>
161923167-> ********************** COMMAND BEGIN **********************
161923167-> data sent to printer:
161923167-> <2>VCI/Rif: V-8375736<3>
161923375-> data received from printer:
161923541-> <6>
161923550-> ********************** COMMAND BEGIN **********************
161923550-> data sent to printer:
161923551-> <2>V----------------------------------------<3>
161923785-> data received from printer:
161923947-> <6>
161923958-> ********************** COMMAND BEGIN **********************
161923958-> data sent to printer:
161923959-> <2>VM175811 CPCCMWSG220454G<3>
161924171-> data received from printer:
161924337-> <6>
161924337-> ********************** COMMAND BEGIN **********************
161924338-> data sent to printer:
161924338-> <2>N11,000xBs822,11      00000822111<3>
161924618-> data received from printer:
161924772-> <6>
161924773-> ********************** COMMAND BEGIN **********************
161924773-> data sent to printer:
161924773-> <2>VC000187 LIFE FREE 2 CR-39 <3>
161924995-> data received from printer:
161925147-> <6>
161925148-> ********************** COMMAND BEGIN **********************
161925148-> data sent to printer:
161925148-> <2>N12,000xBs2850,00     00005700000<3>
161925423-> data received from printer:
161925583-> <6>
161925719-> ********************** COMMAND BEGIN **********************
161925719-> data sent to printer:
161925720-> <2>OT548011<0><0><0><0><0><0><154><3><3>
161926986-> data received from printer:
161927150-> <2>681805<3><6>
161927213-> ********************** COMMAND BEGIN **********************
161927214-> data sent to printer:
161927214-> <2>P105/06/2023 EFECTIVO 000000133794<3>
161927483-> data received from printer:
161927647-> <6>
161927647-> ********************** COMMAND BEGIN **********************
161927648-> data sent to printer:
161927648-> <2>P1DIVISAS             000000548011<3>
161927914-> data received from printer:
161928068-> <6>
161928069-> ********************** COMMAND BEGIN **********************
161928069-> data sent to printer:
161928069-> <2>V<3>
161928261-> data received from printer:
161928413-> <6>
161928413-> ********************** COMMAND BEGIN **********************
161928414-> data sent to printer:
161928414-> <2>VNumero Orden: 0069113<3>
161929259-> data received from printer:
161929419-> <6>
161929419-> ********************** COMMAND BEGIN **********************
161929420-> data sent to printer:
161929420-> <2>V<3>
161929610-> data received from printer:
161929764-> <6>
161929770-> ********************** COMMAND BEGIN **********************
161929770-> data sent to printer:
161929770-> <2>V<161><161><161>GRACIAS POR SU COMPRA!!!<3>
161930028-> data received from printer:
161930185-> <6>
161930185-> ********************** COMMAND BEGIN **********************
161930186-> data sent to printer:
161930186-> <2>VSolo se aceptaran devoluciones<3>
161930407-> data received from printer:
161930560-> <6>
161930560-> ********************** COMMAND BEGIN **********************
161930561-> data sent to printer:
161930561-> <2>Vpor defectos de fabrica, con la<3>
161930785-> data received from printer:
161930951-> <6>
161930951-> ********************** COMMAND BEGIN **********************
161930952-> data sent to printer:
161930952-> <2>Vpresentacion de esta factura (original),<3>
161931187-> data received from printer:
161931342-> <6>
161931342-> ********************** COMMAND BEGIN **********************
161931343-> data sent to printer:
161931343-> <2>Vdentro de los treinta (30) dias<3>
161931566-> data received from printer:
161931718-> <6>
161931718-> ********************** COMMAND BEGIN **********************
161931719-> data sent to printer:
161931719-> <2>Vsiguientes a la emision de la misma.<3>
161931949-> data received from printer:
161932109-> <6>
161932119-> ********************** COMMAND BEGIN **********************
161932119-> data sent to printer:
161932119-> <2>Y0<3>
161932169-> data received from printer:
161932455-> <2>SENIAT    J-316292649    1600*800*3100*2          Bs.0TIY1900001040320231059*300<3><6>
161932456-> ********************** COMMAND BEGIN **********************
161932457-> data sent to printer:
161932457-> <2>S<3>
161932464-> data received from printer:
161932621-> <21>
161932622-> ********************** COMMAND BEGIN **********************
161932622-> data sent to printer:
161932622-> <2>M<3>
161933966-> data received from printer:
161934121-> <6>
162403410-> OPEN PORT: COM1@9600
162403450-> ********************** COMMAND BEGIN **********************
162403451-> data sent to printer:
162403451-> <2>Q<3>
162403458-> data received from printer:
162403614-> <21>
162403614-> ********************** COMMAND BEGIN **********************
162403615-> data sent to printer:
162403615-> <2>M<3>
162403623-> data received from printer:
162403779-> <21>
162404545-> OPEN PORT: COM1@9600
162404585-> OPEN PORT: COM1@9600
162404585-> ********************** COMMAND BEGIN **********************
162404586-> data sent to printer:
162404586-> <2>L&1<3>
162406216-> data received from printer:
162406371-> <2>2451*2441<3><6>
162406371-> ********************** COMMAND BEGIN **********************
162406372-> data sent to printer:
162406372-> <2>VRazon Social: Giuseppe Lazzaro<3>
162406631-> data received from printer:
162406795-> <6>
162406795-> ********************** COMMAND BEGIN **********************
162406796-> data sent to printer:
162406796-> <2>VCI/Rif: V-8375736<3>
162407002-> data received from printer:
162407156-> <6>
162407157-> ********************** COMMAND BEGIN **********************
162407157-> data sent to printer:
162407157-> <2>V----------------------------------------<3>
162407388-> data received from printer:
162407545-> <6>
162407545-> ********************** COMMAND BEGIN **********************
162407546-> data sent to printer:
162407546-> <2>VM175811 CPCCMWSG220454G<3>
162407763-> data received from printer:
162407920-> <6>
162407921-> ********************** COMMAND BEGIN **********************
162407921-> data sent to printer:
162407921-> <2>N11,000xBs822,11      00000822111<3>
162408199-> data received from printer:
162408355-> <6>
162408355-> ********************** COMMAND BEGIN **********************
162408356-> data sent to printer:
162408356-> <2>VC000187 LIFE FREE 2 CR-39 <3>
162408575-> data received from printer:
162408730-> <6>
162408730-> ********************** COMMAND BEGIN **********************
162408731-> data sent to printer:
162408731-> <2>N12,000xBs2850,00     00005700000<3>
162409010-> data received from printer:
162409166-> <6>
162409293-> ********************** COMMAND BEGIN **********************
162409294-> data sent to printer:
162409294-> <2>OT133054<0><0><0><0><0><128>H<143><3>
162410558-> data received from printer:
162410717-> <2>669357<3><6>
162410769-> ********************** COMMAND BEGIN **********************
162410769-> data sent to printer:
162410769-> <2>P105/06/2023 EFECTIVO 000000532311<3>
162411036-> data received from printer:
162411199-> <6>
162411199-> ********************** COMMAND BEGIN **********************
162411200-> data sent to printer:
162411200-> <2>P1DIVISAS             000000133054<3>
162411470-> data received from printer:
162411621-> <6>
162411622-> ********************** COMMAND BEGIN **********************
162411622-> data sent to printer:
162411622-> <2>V<3>
162412467-> data received from printer:
162412627-> <6>
162412628-> ********************** COMMAND BEGIN **********************
162412628-> data sent to printer:
162412628-> <2>VNumero Orden: 0069114<3>
162412840-> data received from printer:
162413003-> <6>
162413003-> ********************** COMMAND BEGIN **********************
162413004-> data sent to printer:
162413004-> <2>V<3>
162413196-> data received from printer:
162413348-> <6>
162413655-> ********************** COMMAND BEGIN **********************
162413656-> data sent to printer:
162413656-> <2>V<161><161><161>GRACIAS POR SU COMPRA!!!<3>
162413878-> data received from printer:
162414035-> <6>
162414035-> ********************** COMMAND BEGIN **********************
162414036-> data sent to printer:
162414036-> <2>VSolo se aceptaran devoluciones<3>
162414257-> data received from printer:
162414410-> <6>
162414411-> ********************** COMMAND BEGIN **********************
162414411-> data sent to printer:
162414411-> <2>Vpor defectos de fabrica, con la<3>
162414635-> data received from printer:
162414800-> <6>
162414801-> ********************** COMMAND BEGIN **********************
162414801-> data sent to printer:
162414801-> <2>Vpresentacion de esta factura (original),<3>
162415037-> data received from printer:
162415190-> <6>
162415190-> ********************** COMMAND BEGIN **********************
162415191-> data sent to printer:
162415191-> <2>Vdentro de los treinta (30) dias<3>
162415449-> data received from printer:
162415610-> <6>
162415610-> ********************** COMMAND BEGIN **********************
162415611-> data sent to printer:
162415611-> <2>Vsiguientes a la emision de la misma.<3>
162415842-> data received from printer:
162416000-> <6>
162416001-> ********************** COMMAND BEGIN **********************
162416001-> data sent to printer:
162416001-> <2>Y0<3>
162416051-> data received from printer:
162416332-> <2>SENIAT    J-316292649    1600*800*3100*2          Bs.0TIY1900001040320231104*300<3><6>
162416332-> ********************** COMMAND BEGIN **********************
162416333-> data sent to printer:
162416333-> <2>S<3>
162416340-> data received from printer:
162416498-> <21>
162416498-> ********************** COMMAND BEGIN **********************
162416499-> data sent to printer:
162416499-> <2>M<3>
162417807-> data received from printer:
162417968-> <6>
164051159-> OPEN PORT: COM1@9600
164051199-> ********************** COMMAND BEGIN **********************
164051199-> data sent to printer:
164051199-> <2>Q<3>
164051207-> data received from printer:
164051361-> <21>
164051362-> ********************** COMMAND BEGIN **********************
164051362-> data sent to printer:
164051362-> <2>M<3>
164051370-> data received from printer:
164051526-> <21>
164637508-> OPEN PORT: COM1@9600
164637548-> ********************** COMMAND BEGIN **********************
164637548-> data sent to printer:
164637548-> <2>Q<3>
164637556-> data received from printer:
164637710-> <21>
164637710-> ********************** COMMAND BEGIN **********************
164637711-> data sent to printer:
164637711-> <2>M<3>
164637719-> data received from printer:
164637875-> <21>
164728709-> OPEN PORT: COM1@9600
164728749-> ********************** COMMAND BEGIN **********************
164728749-> data sent to printer:
164728750-> <2>Q<3>
164728757-> data received from printer:
164728920-> <21>
164728920-> ********************** COMMAND BEGIN **********************
164728921-> data sent to printer:
164728921-> <2>M<3>
164728928-> data received from printer:
164729086-> <21>
165252268-> OPEN PORT: COM1@9600
165252309-> ********************** COMMAND BEGIN **********************
165252309-> data sent to printer:
165252309-> <2>Q<3>
165252317-> data received from printer:
165252468-> <21>
165252469-> ********************** COMMAND BEGIN **********************
165252469-> data sent to printer:
165252469-> <2>M<3>
165252477-> data received from printer:
165252634-> <21>
165253476-> OPEN PORT: COM1@9600
165253516-> OPEN PORT: COM1@9600
165253518-> ********************** COMMAND BEGIN **********************
165253518-> data sent to printer:
165253518-> <2>L&1<3>
165255187-> data received from printer:
165255338-> <2>2452*2441<3><6>
165255339-> ********************** COMMAND BEGIN **********************
165255339-> data sent to printer:
165255340-> <2>VRazon Social: Giuseppe Lazzaro<3>
165255563-> data received from printer:
165255728-> <6>
165255728-> ********************** COMMAND BEGIN **********************
165255729-> data sent to printer:
165255729-> <2>VCI/Rif: V-8375736<3>
165255936-> data received from printer:
165256089-> <6>
165256090-> ********************** COMMAND BEGIN **********************
165256090-> data sent to printer:
165256090-> <2>V----------------------------------------<3>
165256322-> data received from printer:
165256479-> <6>
165256482-> ********************** COMMAND BEGIN **********************
165256482-> data sent to printer:
165256482-> <2>VM175811 CPCCMWSG220454G<3>
165256698-> data received from printer:
165256855-> <6>
165256855-> ********************** COMMAND BEGIN **********************
165256856-> data sent to printer:
165256856-> <2>N11,000xBs843,12      00000843121<3>
165257170-> data received from printer:
165257335-> <6>
165257335-> ********************** COMMAND BEGIN **********************
165257336-> data sent to printer:
165257336-> <2>VC000187 LIFE FREE 2 CR-39 <3>
165257557-> data received from printer:
165257711-> <6>
165257711-> ********************** COMMAND BEGIN **********************
165257712-> data sent to printer:
165257712-> <2>N12,000xBs2922,81     00005845620<3>
165257987-> data received from printer:
165258146-> <6>
165258336-> ********************** COMMAND BEGIN **********************
165258337-> data sent to printer:
165258337-> <2>OT541864<0><0><0><0><0><128>L<194><3>
165259568-> data received from printer:
165259730-> <2>698620<3><6>
165259812-> ********************** COMMAND BEGIN **********************
165259812-> data sent to printer:
165259813-> <2>P105/06/2023 DEBITO   000000140500<3>
165300081-> data received from printer:
165300244-> <6>
165300244-> ********************** COMMAND BEGIN **********************
165300245-> data sent to printer:
165300245-> <2>P1DIVISAS             000000554509<3>
165300548-> data received from printer:
165300711-> <6>
165300712-> ********************** COMMAND BEGIN **********************
165300712-> data sent to printer:
165300712-> <2>V<3>
165300904-> data received from printer:
165301056-> <6>
165301057-> ********************** COMMAND BEGIN **********************
165301057-> data sent to printer:
165301057-> <2>VNumero Orden: 0069115<3>
165301273-> data received from printer:
165301432-> <6>
165301432-> ********************** COMMAND BEGIN **********************
165301433-> data sent to printer:
165301433-> <2>V<3>
165301623-> data received from printer:
165301777-> <6>
165301826-> ********************** COMMAND BEGIN **********************
165301826-> data sent to printer:
165301826-> <2>V<161><161><161>GRACIAS POR SU COMPRA!!!<3>
165302046-> data received from printer:
165302198-> <6>
165302198-> ********************** COMMAND BEGIN **********************
165302199-> data sent to printer:
165302199-> <2>VSolo se aceptaran devoluciones<3>
165302424-> data received from printer:
165302589-> <6>
165302590-> ********************** COMMAND BEGIN **********************
165302590-> data sent to printer:
165302590-> <2>Vpor defectos de fabrica, con la<3>
165302813-> data received from printer:
165302965-> <6>
165302965-> ********************** COMMAND BEGIN **********************
165302966-> data sent to printer:
165302966-> <2>Vpresentacion de esta factura (original),<3>
165303200-> data received from printer:
165303355-> <6>
165303355-> ********************** COMMAND BEGIN **********************
165303356-> data sent to printer:
165303356-> <2>Vdentro de los treinta (30) dias<3>
165303582-> data received from printer:
165303747-> <6>
165303747-> ********************** COMMAND BEGIN **********************
165303748-> data sent to printer:
165303748-> <2>Vsiguientes a la emision de la misma.<3>
165303976-> data received from printer:
165304138-> <6>
165304140-> ********************** COMMAND BEGIN **********************
165304140-> data sent to printer:
165304141-> <2>Y0<3>
165304190-> data received from printer:
165304469-> <2>SENIAT    J-316292649    1600*800*3100*2          Bs.0TIY1900001040320231132*300<3><6>
165304470-> ********************** COMMAND BEGIN **********************
165304470-> data sent to printer:
165304470-> <2>S<3>
165304478-> data received from printer:
165304635-> <21>
165304636-> ********************** COMMAND BEGIN **********************
165304636-> data sent to printer:
165304636-> <2>M<3>
165305980-> data received from printer:
165306136-> <6>
