155553931-> OPEN PORT: COM1@9600
155553986-> OPEN PORT: COM1@9600
155554002-> ********************** COMMAND BEGIN **********************
155554003-> data sent to printer:
155554003-> <2>L&1<3>
155554013-> data received from printer:
155554178-> <21>
155554179-> ********************** COMMAND BEGIN **********************
155554179-> data sent to printer:
155554179-> <2>VRazon Social: PAOLA OROPEZA<3>
155554400-> data received from printer:
155554553-> <6>
155554553-> ********************** COMMAND BEGIN **********************
155554554-> data sent to printer:
155554554-> <2>VCI/Rif: V-26645254<3>
155554767-> data received from printer:
155554928-> <6>
155554928-> ********************** COMMAND BEGIN **********************
155554929-> data sent to printer:
155554929-> <2>V----------------------------------------<3>
155555161-> data received from printer:
155555319-> <6>
155555322-> ********************** COMMAND BEGIN **********************
155555323-> data sent to printer:
155555323-> <2>VM150955 YMCCFIVE7152351A<3>
155555577-> data received from printer:
155555740-> <6>
155555741-> ********************** COMMAND BEGIN **********************
155555741-> data sent to printer:
155555741-> <2>N11,000xBs194,58      00000194581<3>
155555782-> data received from printer:
155555936-> <21>
155555936-> ********************** COMMAND BEGIN **********************
155555937-> data sent to printer:
155555937-> <2>VC000032 LENTICULAR ASFERICO VISION SENCI<3>
155556169-> data received from printer:
155556327-> <6>
155556327-> ********************** COMMAND BEGIN **********************
155556328-> data sent to printer:
155556328-> <2>V <3>
155556521-> data received from printer:
155556673-> <6>
155556673-> ********************** COMMAND BEGIN **********************
155556674-> data sent to printer:
155556674-> <2>N12,000xBs281,06      00000562120<3>
155556715-> data received from printer:
155556868-> <21>
155817254-> OPEN PORT: COM1@9600
155817294-> OPEN PORT: COM1@9600
155817297-> ********************** COMMAND BEGIN **********************
155817297-> data sent to printer:
155817297-> <2>L&1<3>
155817307-> data received from printer:
155817467-> <21>
155817467-> ********************** COMMAND BEGIN **********************
155817468-> data sent to printer:
155817468-> <2>VRazon Social: ALBERTO ACEBES<3>
155817691-> data received from printer:
155817842-> <6>
155817843-> ********************** COMMAND BEGIN **********************
155817843-> data sent to printer:
155817843-> <2>VCI/Rif: V-6554218<3>
155818051-> data received from printer:
155818203-> <6>
155818204-> ********************** COMMAND BEGIN **********************
155818204-> data sent to printer:
155818204-> <2>V----------------------------------------<3>
155818438-> data received from printer:
155818594-> <6>
155818596-> ********************** COMMAND BEGIN **********************
155818596-> data sent to printer:
155818597-> <2>VC000412 RLX ULTRA CR 39 CleAR B2 *<3>
155818826-> data received from printer:
155818985-> <6>
155818985-> ********************** COMMAND BEGIN **********************
155818986-> data sent to printer:
155818986-> <2>N12,000xBs303,69      00000607380<3>
155819027-> data received from printer:
155819180-> <21>
155819181-> ********************** COMMAND BEGIN **********************
155819181-> data sent to printer:
155819181-> <2>VM172697 CPCCACQU151055B<3>
155819395-> data received from printer:
155819555-> <6>
155819556-> ********************** COMMAND BEGIN **********************
155819556-> data sent to printer:
155819556-> <2>N11,000xBs257,85      00000257850<3>
155819597-> data received from printer:
155819751-> <21>
155911133-> OPEN PORT: COM1@9600
160015338-> OPEN PORT: COM1@9600
160019130-> OPEN PORT: COM1@9600
160023098-> ********************** COMMAND BEGIN **********************
160023098-> data sent to printer:
160023099-> <2>L&1<3>
160023109-> data received from printer:
160023272-> <21>
160023273-> ********************** COMMAND BEGIN **********************
160023273-> data sent to printer:
160023273-> <2>VRazon Social: ALBERTO ACEBES<3>
160023495-> data received from printer:
160023648-> <6>
160023649-> ********************** COMMAND BEGIN **********************
160023649-> data sent to printer:
160023650-> <2>VCI/Rif: V-6554218<3>
160023862-> data received from printer:
160024023-> <6>
160024023-> ********************** COMMAND BEGIN **********************
160024024-> data sent to printer:
160024024-> <2>V----------------------------------------<3>
160024256-> data received from printer:
160024414-> <6>
160036892-> ********************** COMMAND BEGIN **********************
160036893-> data sent to printer:
160036893-> <2>VC000412 RLX ULTRA CR 39 CleAR B2 *<3>
160037121-> data received from printer:
160037277-> <6>
160037278-> ********************** COMMAND BEGIN **********************
160037278-> data sent to printer:
160037278-> <2>N12,000xBs303,69      00000607380<3>
160037319-> data received from printer:
160037472-> <21>
160037473-> ********************** COMMAND BEGIN **********************
160037473-> data sent to printer:
160037473-> <2>VM172697 CPCCACQU151055B<3>
160037725-> data received from printer:
160037878-> <6>
160037879-> ********************** COMMAND BEGIN **********************
160037879-> data sent to printer:
160037879-> <2>N11,000xBs257,85      00000257850<3>
160037920-> data received from printer:
160038074-> <21>
160311550-> OPEN PORT: COM1@9600
160311589-> OPEN PORT: COM1@9600
160311592-> ********************** COMMAND BEGIN **********************
160311592-> data sent to printer:
160311592-> <2>L&1<3>
160311602-> data received from printer:
160311756-> <21>
160311756-> ********************** COMMAND BEGIN **********************
160311757-> data sent to printer:
160311757-> <2>VRazon Social: MANUEL HARRINGTHON<3>
160311983-> data received from printer:
160312146-> <6>
160312147-> ********************** COMMAND BEGIN **********************
160312147-> data sent to printer:
160312147-> <2>VCI/Rif: V-17531262<3>
160312360-> data received from printer:
160312522-> <6>
160312522-> ********************** COMMAND BEGIN **********************
160312523-> data sent to printer:
160312523-> <2>V----------------------------------------<3>
160312756-> data received from printer:
160312913-> <6>
160315204-> ********************** COMMAND BEGIN **********************
160315204-> data sent to printer:
160315205-> <2>VA000004 GARANTIA EXTENDIDA<3>
160315424-> data received from printer:
160315586-> <6>
160315586-> ********************** COMMAND BEGIN **********************
160315587-> data sent to printer:
160315587-> <2>N11,000xBs21,49       00000021491<3>
160315628-> data received from printer:
160315782-> <21>
160428301-> ********************** COMMAND BEGIN **********************
160428302-> data sent to printer:
160428302-> <2>VC000019 VISION SENCILLA ANTIREFLEJO TERM<3>
160428539-> data received from printer:
160428693-> <6>
160428693-> ********************** COMMAND BEGIN **********************
160428694-> data sent to printer:
160428694-> <2>V <3>
160428885-> data received from printer:
160429038-> <6>
160429038-> ********************** COMMAND BEGIN **********************
160429039-> data sent to printer:
160429039-> <2>N12,000xBs71,63       00000143260<3>
160429080-> data received from printer:
160429233-> <21>
161008081-> OPEN PORT: COM1@9600
161008121-> OPEN PORT: COM1@9600
161008124-> ********************** COMMAND BEGIN **********************
161008124-> data sent to printer:
161008125-> <2>L&1<3>
161009794-> data received from printer:
161009952-> <2>2120*2113<3><6>
161009953-> ********************** COMMAND BEGIN **********************
161009953-> data sent to printer:
161009953-> <2>VRazon Social: MANUEL HARRINGTHON<3>
161010179-> data received from printer:
161010342-> <6>
161010342-> ********************** COMMAND BEGIN **********************
161010343-> data sent to printer:
161010343-> <2>VCI/Rif: V-17531262<3>
161010551-> data received from printer:
161010702-> <6>
161010703-> ********************** COMMAND BEGIN **********************
161010703-> data sent to printer:
161010703-> <2>V----------------------------------------<3>
161010936-> data received from printer:
161011092-> <6>
161032597-> ********************** COMMAND BEGIN **********************
161032598-> data sent to printer:
161032599-> <2>VA000004 GARANTIA EXTENDIDA<3>
161032820-> data received from printer:
161032981-> <6>
161032982-> ********************** COMMAND BEGIN **********************
161032982-> data sent to printer:
161032982-> <2>N11,000xBs21,49       00000021491<3>
161033295-> data received from printer:
161033447-> <6>
161042184-> ********************** COMMAND BEGIN **********************
161042185-> data sent to printer:
161042185-> <2>VC000019 VISION SENCILLA ANTIREFLEJO TERM<3>
161042422-> data received from printer:
161042587-> <6>
161042587-> ********************** COMMAND BEGIN **********************
161042588-> data sent to printer:
161042588-> <2>V <3>
161042780-> data received from printer:
161042932-> <6>
161042932-> ********************** COMMAND BEGIN **********************
161042933-> data sent to printer:
161042933-> <2>N12,000xBs71,63       00000143260<3>
161043210-> data received from printer:
161043368-> <6>
161050076-> ********************** COMMAND BEGIN **********************
161050077-> data sent to printer:
161050077-> <2>VS000106 SERVICIO MONTURA PROPIA<3>
161050303-> data received from printer:
161050458-> <6>
161050459-> ********************** COMMAND BEGIN **********************
161050459-> data sent to printer:
161050459-> <2>N11,000xBs45,84       00000045840<3>
161050734-> data received from printer:
161050893-> <6>
161354645-> ********************** COMMAND BEGIN **********************
161354645-> data sent to printer:
161354645-> <2>Q<3>
161355035-> data received from printer:
161355194-> <6>
161357820-> ********************** COMMAND BEGIN **********************
161357821-> data sent to printer:
161357821-> <2>M<3>
161357829-> data received from printer:
161357988-> <21>
161804531-> OPEN PORT: COM1@9600
161804571-> OPEN PORT: COM1@9600
161804573-> ********************** COMMAND BEGIN **********************
161804573-> data sent to printer:
161804574-> <2>L&1<3>
161806243-> data received from printer:
161806401-> <2>2121*2120<3><6>
161806402-> ********************** COMMAND BEGIN **********************
161806402-> data sent to printer:
161806403-> <2>VRazon Social: MANUEL HARRINGTHON<3>
161806629-> data received from printer:
161806792-> <6>
161806792-> ********************** COMMAND BEGIN **********************
161806793-> data sent to printer:
161806793-> <2>VCI/Rif: V-17531262<3>
161807001-> data received from printer:
161807153-> <6>
161807154-> ********************** COMMAND BEGIN **********************
161807154-> data sent to printer:
161807154-> <2>V----------------------------------------<3>
161807386-> data received from printer:
161807543-> <6>
161810902-> ********************** COMMAND BEGIN **********************
161810903-> data sent to printer:
161810903-> <2>VA000004 GARANTIA EXTENDIDA<3>
161811123-> data received from printer:
161811277-> <6>
161811278-> ********************** COMMAND BEGIN **********************
161811278-> data sent to printer:
161811278-> <2>N11,000xBs21,49       00000021491<3>
161811556-> data received from printer:
161811712-> <6>
161813435-> ********************** COMMAND BEGIN **********************
161813436-> data sent to printer:
161813437-> <2>VC000019 VISION SENCILLA ANTIREFLEJO TERM<3>
161813671-> data received from printer:
161813827-> <6>
161813827-> ********************** COMMAND BEGIN **********************
161813828-> data sent to printer:
161813828-> <2>V <3>
161814023-> data received from printer:
161814188-> <6>
161814188-> ********************** COMMAND BEGIN **********************
161814189-> data sent to printer:
161814189-> <2>N12,000xBs28,65       00000057300<3>
161814499-> data received from printer:
161814653-> <6>
161818362-> ********************** COMMAND BEGIN **********************
161818362-> data sent to printer:
161818363-> <2>VM161643 CMCCSTYLC-759954PL<3>
161818584-> data received from printer:
161818745-> <6>
161818745-> ********************** COMMAND BEGIN **********************
161818746-> data sent to printer:
161818746-> <2>N11,000xBs257,85      00000257850<3>
161819020-> data received from printer:
161819180-> <6>
162005278-> ********************** COMMAND BEGIN **********************
162005279-> data sent to printer:
162005280-> <2>O1<3>
162006373-> data received from printer:
162006527-> <2>34008<3><6>
162031234-> ********************** COMMAND BEGIN **********************
162031235-> data sent to printer:
162031235-> <2>Q<3>
162031623-> data received from printer:
162031780-> <6>
162031781-> ********************** COMMAND BEGIN **********************
162031781-> data sent to printer:
162031782-> <2>M<3>
162031789-> data received from printer:
162031945-> <21>
