091617746-> OPEN PORT: COM1@9600
091617835-> ********************** COMMAND BEGIN **********************
091617835-> data sent to printer:
091617836-> <2>Q<3>
091623899-> No reponse from printer
091623900-> ********************** COMMAND BEGIN **********************
091623900-> data sent to printer:
091623901-> <2>M<3>
091708957-> No reponse from printer
092647832-> OPEN PORT: COM1@9600
092647871-> ********************** COMMAND BEGIN **********************
092647872-> data sent to printer:
092647872-> <2>Q<3>
092653933-> No reponse from printer
092653934-> ********************** COMMAND BEGIN **********************
092653935-> data sent to printer:
092653936-> <2>M<3>
092738991-> No reponse from printer
092925387-> OPEN PORT: COM1@9600
092925427-> ********************** COMMAND BEGIN **********************
092925427-> data sent to printer:
092925428-> <2>Q<3>
092931492-> No reponse from printer
092931492-> ********************** COMMAND BEGIN **********************
092931493-> data sent to printer:
092931493-> <2>M<3>
093016550-> No reponse from printer
