152008888-> OPEN PORT: COM1@9600
152009009-> ********************** COMMAND BEGIN **********************
152009010-> data sent to printer:
152009010-> <2>Q<3>
152009018-> data received from printer:
152009176-> <21>
152009177-> ********************** COMMAND BEGIN **********************
152009177-> data sent to printer:
152009177-> <2>M<3>
152009185-> data received from printer:
152009341-> <21>
152335829-> OPEN PORT: COM1@9600
152335870-> ********************** COMMAND BEGIN **********************
152335870-> data sent to printer:
152335870-> <2>Q<3>
152335878-> data received from printer:
152336031-> <21>
152336031-> ********************** COMMAND BEGIN **********************
152336032-> data sent to printer:
152336032-> <2>M<3>
152336040-> data received from printer:
152336196-> <21>
