153847455-> OPEN PORT: COM1@9600
153847523-> ********************** COMMAND BEGIN **********************
153847524-> data sent to printer:
153847524-> <2>e<3>
153847529-> data received from printer:
153847690-> <21>
153847691-> ********************** COMMAND BEGIN **********************
153847691-> data sent to printer:
153847691-> <2>Q<3>
153847696-> data received from printer:
153847855-> <21>
153847856-> ********************** COMMAND BEGIN **********************
153847857-> data sent to printer:
153847857-> <2>M<3>
153847862-> data received from printer:
153848019-> <21>
153848078-> OPEN PORT: COM1@9600
153848145-> ********************** COMMAND BEGIN **********************
153848146-> data sent to printer:
153848146-> <2>e<3>
153848151-> data received from printer:
153848309-> <21>
153848310-> ********************** COMMAND BEGIN **********************
153848310-> data sent to printer:
153848310-> <2>Q<3>
153848315-> data received from printer:
153848475-> <21>
153848476-> ********************** COMMAND BEGIN **********************
153848476-> data sent to printer:
153848476-> <2>M<3>
153848481-> data received from printer:
153848640-> <21>
154109259-> OPEN PORT: COM1@9600
154109326-> ********************** COMMAND BEGIN **********************
154109327-> data sent to printer:
154109327-> <2>e<3>
154109330-> data received from printer:
154109482-> <21>
154109483-> ********************** COMMAND BEGIN **********************
154109484-> data sent to printer:
154109484-> <2>Q<3>
154109489-> data received from printer:
154109648-> <21>
154109649-> ********************** COMMAND BEGIN **********************
154109649-> data sent to printer:
154109650-> <2>M<3>
154109654-> data received from printer:
154109813-> <21>
154109875-> OPEN PORT: COM1@9600
154109942-> ********************** COMMAND BEGIN **********************
154109943-> data sent to printer:
154109943-> <2>e<3>
154109948-> data received from printer:
154110102-> <21>
154110102-> ********************** COMMAND BEGIN **********************
154110103-> data sent to printer:
154110103-> <2>Q<3>
154110108-> data received from printer:
154110266-> <21>
154110267-> ********************** COMMAND BEGIN **********************
154110267-> data sent to printer:
154110267-> <2>M<3>
154110272-> data received from printer:
154110431-> <21>
154612309-> OPEN PORT: COM1@9600
154612378-> ********************** COMMAND BEGIN **********************
154612379-> data sent to printer:
154612379-> <2>e<3>
154612384-> data received from printer:
154612543-> <21>
154612543-> ********************** COMMAND BEGIN **********************
154612544-> data sent to printer:
154612544-> <2>Q<3>
154612549-> data received from printer:
154612709-> <21>
154612710-> ********************** COMMAND BEGIN **********************
154612710-> data sent to printer:
154612710-> <2>M<3>
154612715-> data received from printer:
154612874-> <21>
154617938-> OPEN PORT: COM1@9600
154618005-> ********************** COMMAND BEGIN **********************
154618005-> data sent to printer:
154618005-> <2>e<3>
154618010-> data received from printer:
154618162-> <21>
154618163-> ********************** COMMAND BEGIN **********************
154618163-> data sent to printer:
154618163-> <2>Q<3>
154618168-> data received from printer:
154618328-> <21>
154618329-> ********************** COMMAND BEGIN **********************
154618329-> data sent to printer:
154618330-> <2>M<3>
154618335-> data received from printer:
154618494-> <21>
154621174-> OPEN PORT: COM1@9600
154621240-> ********************** COMMAND BEGIN **********************
154621240-> data sent to printer:
154621240-> <2>e<3>
154621245-> data received from printer:
154621410-> <21>
154621411-> ********************** COMMAND BEGIN **********************
154621411-> data sent to printer:
154621411-> <2>Q<3>
154621416-> data received from printer:
154621575-> <21>
154621576-> ********************** COMMAND BEGIN **********************
154621576-> data sent to printer:
154621577-> <2>M<3>
154621581-> data received from printer:
154621740-> <21>
154623914-> OPEN PORT: COM1@9600
154623981-> ********************** COMMAND BEGIN **********************
154623981-> data sent to printer:
154623981-> <2>e<3>
154623986-> data received from printer:
154624138-> <21>
154624139-> ********************** COMMAND BEGIN **********************
154624139-> data sent to printer:
154624140-> <2>Q<3>
154624144-> data received from printer:
154624303-> <21>
154624304-> ********************** COMMAND BEGIN **********************
154624304-> data sent to printer:
154624304-> <2>M<3>
154624309-> data received from printer:
154624469-> <21>
154624835-> OPEN PORT: COM1@9600
154624902-> OPEN PORT: COM1@9600
154624904-> ********************** COMMAND BEGIN **********************
154624904-> data sent to printer:
154624905-> <2>L&1<3>
154625566-> data received from printer:
154625738-> <2>6234*6229<3><6>
154625739-> ********************** COMMAND BEGIN **********************
154625739-> data sent to printer:
154625740-> <2>VRazon Social: AURA DE FEBLES<3>
154625826-> data received from printer:
154625978-> <6>
154625979-> ********************** COMMAND BEGIN **********************
154625979-> data sent to printer:
154625979-> <2>VCI/Rif: V-3183807<3>
154626053-> data received from printer:
154626219-> <6>
154626220-> ********************** COMMAND BEGIN **********************
154626221-> data sent to printer:
154626221-> <2>V----------------------------------------<3>
154626321-> data received from printer:
154626474-> <6>
154626476-> ********************** COMMAND BEGIN **********************
154626477-> data sent to printer:
154626477-> <2>Y0<3>
154626485-> data received from printer:
154626736-> <2>SENIAT    J-00000000000001600*0800*3100*2          Bs.0TIS0900049150520251539<3><6>
154626746-> ********************** COMMAND BEGIN **********************
154626747-> data sent to printer:
154626747-> <2>VA000004 GARANTIA EXTENDIDA<3>
154626832-> data received from printer:
154626991-> <6>
154626991-> ********************** COMMAND BEGIN **********************
154626992-> data sent to printer:
154626992-> <2>N11,000xBs1796,73     00001796731<3>
154627134-> data received from printer:
154627290-> <6>
154627290-> ********************** COMMAND BEGIN **********************
154627291-> data sent to printer:
154627291-> <2>VC300004 KRIPTOK INVISIBLE CleAR *<3>
154627383-> data received from printer:
154627545-> <6>
154627546-> ********************** COMMAND BEGIN **********************
154627546-> data sent to printer:
154627546-> <2>N12,000xBs5989,12     00011978240<3>
154627689-> data received from printer:
154627845-> <6>
154627845-> ********************** COMMAND BEGIN **********************
154627846-> data sent to printer:
154627846-> <2>VM178941 DPCCPLAYZW201647TR<3>
154627931-> data received from printer:
154628086-> <6>
154628086-> ********************** COMMAND BEGIN **********************
154628087-> data sent to printer:
154628087-> <2>N11,000xBs3930,36     00003930361<3>
154628228-> data received from printer:
154628385-> <6>
154631977-> ********************** COMMAND BEGIN **********************
154631977-> data sent to printer:
154631978-> <2>Q<3>
154632075-> data received from printer:
154632226-> <6>
154632227-> ********************** COMMAND BEGIN **********************
154632227-> data sent to printer:
154632227-> <2>M<3>
154632232-> data received from printer:
154632391-> <21>
154755965-> OPEN PORT: COM1@9600
154756034-> ********************** COMMAND BEGIN **********************
154756034-> data sent to printer:
154756034-> <2>e<3>
154756039-> data received from printer:
154756195-> <21>
154756195-> ********************** COMMAND BEGIN **********************
154756196-> data sent to printer:
154756196-> <2>Q<3>
154756201-> data received from printer:
154756361-> <21>
154756361-> ********************** COMMAND BEGIN **********************
154756362-> data sent to printer:
154756362-> <2>M<3>
154756367-> data received from printer:
154756525-> <21>
154800294-> OPEN PORT: COM1@9600
154800361-> ********************** COMMAND BEGIN **********************
154800361-> data sent to printer:
154800361-> <2>e<3>
154800366-> data received from printer:
154800518-> <21>
154800519-> ********************** COMMAND BEGIN **********************
154800519-> data sent to printer:
154800519-> <2>Q<3>
154800524-> data received from printer:
154800683-> <21>
154800684-> ********************** COMMAND BEGIN **********************
154800684-> data sent to printer:
154800684-> <2>M<3>
154800689-> data received from printer:
154800849-> <21>
154803522-> OPEN PORT: COM1@9600
154803591-> ********************** COMMAND BEGIN **********************
154803592-> data sent to printer:
154803592-> <2>e<3>
154803597-> data received from printer:
154803758-> <21>
154803759-> ********************** COMMAND BEGIN **********************
154803759-> data sent to printer:
154803760-> <2>Q<3>
154803764-> data received from printer:
154803922-> <21>
154803923-> ********************** COMMAND BEGIN **********************
154803923-> data sent to printer:
154803924-> <2>M<3>
154803928-> data received from printer:
154804088-> <21>
154807258-> OPEN PORT: COM1@9600
154807327-> ********************** COMMAND BEGIN **********************
154807328-> data sent to printer:
154807328-> <2>e<3>
154807333-> data received from printer:
154807493-> <21>
154807494-> ********************** COMMAND BEGIN **********************
154807494-> data sent to printer:
154807494-> <2>Q<3>
154807499-> data received from printer:
154807658-> <21>
154807659-> ********************** COMMAND BEGIN **********************
154807659-> data sent to printer:
154807659-> <2>M<3>
154807664-> data received from printer:
154807822-> <21>
154809792-> OPEN PORT: COM1@9600
154809859-> OPEN PORT: COM1@9600
154809860-> ********************** COMMAND BEGIN **********************
154809860-> data sent to printer:
154809861-> <2>L&1<3>
154810521-> data received from printer:
154810699-> <2>6235*6234<3><6>
154810700-> ********************** COMMAND BEGIN **********************
154810700-> data sent to printer:
154810701-> <2>VRazon Social: AURA DE FEBLES<3>
154810787-> data received from printer:
154810940-> <6>
154810941-> ********************** COMMAND BEGIN **********************
154810941-> data sent to printer:
154810941-> <2>VCI/Rif: V-3183807<3>
154811016-> data received from printer:
154811180-> <6>
154811181-> ********************** COMMAND BEGIN **********************
154811181-> data sent to printer:
154811181-> <2>V----------------------------------------<3>
154811281-> data received from printer:
154811434-> <6>
154811434-> ********************** COMMAND BEGIN **********************
154811435-> data sent to printer:
154811435-> <2>Y0<3>
154811443-> data received from printer:
154811692-> <2>SENIAT    J-00000000000001600*0800*3100*2          Bs.0TIS0900049150520251541<3><6>
154813573-> ********************** COMMAND BEGIN **********************
154813573-> data sent to printer:
154813574-> <2>VA000004 GARANTIA EXTENDIDA<3>
154813657-> data received from printer:
154813811-> <6>
154813812-> ********************** COMMAND BEGIN **********************
154813812-> data sent to printer:
154813813-> <2>N11,000xBs1796,73     00001796731<3>
154813954-> data received from printer:
154814110-> <6>
154825492-> ********************** COMMAND BEGIN **********************
154825492-> data sent to printer:
154825493-> <2>VC300004 KRIPTOK INVISIBLE CleAR *<3>
154825585-> data received from printer:
154825743-> <6>
154825744-> ********************** COMMAND BEGIN **********************
154825744-> data sent to printer:
154825744-> <2>N12,000xBs5989,12     00011978240<3>
154825886-> data received from printer:
154826043-> <6>
154834194-> ********************** COMMAND BEGIN **********************
154834194-> data sent to printer:
154834194-> <2>VM178941 DPCCPLAYZW201647TR<3>
154834279-> data received from printer:
154834444-> <6>
154834445-> ********************** COMMAND BEGIN **********************
154834445-> data sent to printer:
154834446-> <2>N11,000xBs3930,36     00003930361<3>
154834588-> data received from printer:
154834743-> <6>
154902349-> ********************** COMMAND BEGIN **********************
154902349-> data sent to printer:
154902350-> <2>Q<3>
154902448-> data received from printer:
154902612-> <6>
154902613-> ********************** COMMAND BEGIN **********************
154902613-> data sent to printer:
154902614-> <2>M<3>
154902618-> data received from printer:
154902777-> <21>
154921095-> OPEN PORT: COM1@9600
154921164-> ********************** COMMAND BEGIN **********************
154921165-> data sent to printer:
154921165-> <2>e<3>
154921169-> data received from printer:
154921326-> <21>
154921327-> ********************** COMMAND BEGIN **********************
154921327-> data sent to printer:
154921328-> <2>Q<3>
154921332-> data received from printer:
154921491-> <21>
154921492-> ********************** COMMAND BEGIN **********************
154921492-> data sent to printer:
154921492-> <2>M<3>
154921497-> data received from printer:
154921657-> <21>
154922623-> OPEN PORT: COM1@9600
154922690-> ********************** COMMAND BEGIN **********************
154922691-> data sent to printer:
154922691-> <2>e<3>
154922696-> data received from printer:
154922846-> <21>
154922847-> ********************** COMMAND BEGIN **********************
154922847-> data sent to printer:
154922847-> <2>Q<3>
154922852-> data received from printer:
154923011-> <21>
154923012-> ********************** COMMAND BEGIN **********************
154923012-> data sent to printer:
154923012-> <2>M<3>
154923017-> data received from printer:
154923177-> <21>
154925062-> OPEN PORT: COM1@9600
154925129-> OPEN PORT: COM1@9600
154925130-> ********************** COMMAND BEGIN **********************
154925130-> data sent to printer:
154925131-> <2>L&1<3>
154925791-> data received from printer:
154925970-> <2>6236*6235<3><6>
154925971-> ********************** COMMAND BEGIN **********************
154925971-> data sent to printer:
154925971-> <2>VRazon Social: AURA DE FEBLES<3>
154926057-> data received from printer:
154926210-> <6>
154926211-> ********************** COMMAND BEGIN **********************
154926211-> data sent to printer:
154926211-> <2>VCI/Rif: V-3183807<3>
154926285-> data received from printer:
154926436-> <6>
154926437-> ********************** COMMAND BEGIN **********************
154926437-> data sent to printer:
154926437-> <2>V----------------------------------------<3>
154926537-> data received from printer:
154926692-> <6>
154926693-> ********************** COMMAND BEGIN **********************
154926693-> data sent to printer:
154926694-> <2>Y0<3>
154926701-> data received from printer:
154926950-> <2>SENIAT    J-00000000000001600*0800*3100*2          Bs.0TIS0900049150520251542<3><6>
155021582-> ********************** COMMAND BEGIN **********************
155021583-> data sent to printer:
155021584-> <2>VA000004 GARANTIA EXTENDIDA<3>
155021669-> data received from printer:
155021819-> <6>
155021820-> ********************** COMMAND BEGIN **********************
155021820-> data sent to printer:
155021820-> <2>N11,000xBs1796,73     00001796731<3>
155021963-> data received from printer:
155022119-> <6>
155022784-> ********************** COMMAND BEGIN **********************
155022785-> data sent to printer:
155022785-> <2>VC300004 KRIPTOK INVISIBLE CleAR *<3>
155022877-> data received from printer:
155023028-> <6>
155023029-> ********************** COMMAND BEGIN **********************
155023029-> data sent to printer:
155023029-> <2>N12,000xBs5989,12     00011978240<3>
155023171-> data received from printer:
155023328-> <6>
155023329-> ********************** COMMAND BEGIN **********************
155023329-> data sent to printer:
155023330-> <2>VM178941 DPCCPLAYZW201647TR<3>
155023413-> data received from printer:
155023567-> <6>
155023568-> ********************** COMMAND BEGIN **********************
155023568-> data sent to printer:
155023568-> <2>N11,000xBs3930,36     00003930361<3>
155023711-> data received from printer:
155023866-> <6>
155140718-> ********************** COMMAND BEGIN **********************
155140719-> data sent to printer:
155140719-> <2>Q<3>
155140816-> data received from printer:
155140969-> <6>
155140969-> ********************** COMMAND BEGIN **********************
155140970-> data sent to printer:
155140970-> <2>M<3>
155140975-> data received from printer:
155141135-> <21>
155211122-> OPEN PORT: COM1@9600
155211188-> ********************** COMMAND BEGIN **********************
155211189-> data sent to printer:
155211189-> <2>e<3>
155211194-> data received from printer:
155211347-> <21>
155211348-> ********************** COMMAND BEGIN **********************
155211348-> data sent to printer:
155211348-> <2>Q<3>
155211353-> data received from printer:
155211513-> <21>
155211513-> ********************** COMMAND BEGIN **********************
155211514-> data sent to printer:
155211514-> <2>M<3>
155211519-> data received from printer:
155211678-> <21>
155214085-> OPEN PORT: COM1@9600
155214154-> ********************** COMMAND BEGIN **********************
155214155-> data sent to printer:
155214155-> <2>e<3>
155214160-> data received from printer:
155214315-> <21>
155214316-> ********************** COMMAND BEGIN **********************
155214316-> data sent to printer:
155214316-> <2>Q<3>
155214321-> data received from printer:
155214481-> <21>
155214482-> ********************** COMMAND BEGIN **********************
155214482-> data sent to printer:
155214483-> <2>M<3>
155214487-> data received from printer:
155214646-> <21>
155529817-> OPEN PORT: COM1@9600
155531312-> OPEN PORT: COM1@9600
155531817-> ********************** COMMAND BEGIN **********************
155531817-> data sent to printer:
155531817-> <2>L&1<3>
155532478-> data received from printer:
155532649-> <2>6237*6236<3><6>
155532650-> ********************** COMMAND BEGIN **********************
155532650-> data sent to printer:
155532651-> <2>VRazon Social: AURA DE FEBLES<3>
155532738-> data received from printer:
155532890-> <6>
155532891-> ********************** COMMAND BEGIN **********************
155532891-> data sent to printer:
155532892-> <2>VCI/Rif: V-3183807<3>
155532967-> data received from printer:
155533130-> <6>
155533131-> ********************** COMMAND BEGIN **********************
155533131-> data sent to printer:
155533131-> <2>V----------------------------------------<3>
155533231-> data received from printer:
155533385-> <6>
155535608-> ********************** COMMAND BEGIN **********************
155535609-> data sent to printer:
155535609-> <2>Y0<3>
155535617-> data received from printer:
155535869-> <2>SENIAT    J-00000000000001600*0800*3100*2          Bs.0TIS0900049150520251548<3><6>
155542693-> ********************** COMMAND BEGIN **********************
155542693-> data sent to printer:
155542693-> <2>VA000004 GARANTIA EXTENDIDA<3>
155542778-> data received from printer:
155542930-> <6>
155542931-> ********************** COMMAND BEGIN **********************
155542931-> data sent to printer:
155542932-> <2>N11,000xBs1796,73     00001796731<3>
155543074-> data received from printer:
155543229-> <6>
155543230-> ********************** COMMAND BEGIN **********************
155543230-> data sent to printer:
155543231-> <2>VC300004 KRIPTOK INVISIBLE CleAR *<3>
155543323-> data received from printer:
155543484-> <6>
155543485-> ********************** COMMAND BEGIN **********************
155543485-> data sent to printer:
155543485-> <2>N12,000xBs5989,12     00011978240<3>
155543627-> data received from printer:
155543784-> <6>
155543785-> ********************** COMMAND BEGIN **********************
155543785-> data sent to printer:
155543785-> <2>VM178941 DPCCPLAYZW201647TR<3>
155543870-> data received from printer:
155544024-> <6>
155544025-> ********************** COMMAND BEGIN **********************
155544025-> data sent to printer:
155544026-> <2>N11,000xBs3930,36     00003930361<3>
155544168-> data received from printer:
155544324-> <6>
155549029-> ********************** COMMAND BEGIN **********************
155549030-> data sent to printer:
155549030-> <2>Q<3>
155549128-> data received from printer:
155549290-> <6>
155549290-> ********************** COMMAND BEGIN **********************
155549291-> data sent to printer:
155549291-> <2>M<3>
155549296-> data received from printer:
155549455-> <21>
160009419-> OPEN PORT: COM1@9600
160009486-> ********************** COMMAND BEGIN **********************
160009486-> data sent to printer:
160009487-> <2>e<3>
160009491-> data received from printer:
160009642-> <21>
160009642-> ********************** COMMAND BEGIN **********************
160009643-> data sent to printer:
160009643-> <2>Q<3>
160009648-> data received from printer:
160009808-> <21>
160009809-> ********************** COMMAND BEGIN **********************
160009809-> data sent to printer:
160009810-> <2>M<3>
160009814-> data received from printer:
160009973-> <21>
160010132-> OPEN PORT: COM1@9600
160010200-> ********************** COMMAND BEGIN **********************
160010200-> data sent to printer:
160010200-> <2>e<3>
160010205-> data received from printer:
160010368-> <21>
160010369-> ********************** COMMAND BEGIN **********************
160010369-> data sent to printer:
160010369-> <2>Q<3>
160010374-> data received from printer:
160010532-> <21>
160010532-> ********************** COMMAND BEGIN **********************
160010533-> data sent to printer:
160010533-> <2>M<3>
160010538-> data received from printer:
160010697-> <21>
160013069-> OPEN PORT: COM1@9600
160013136-> OPEN PORT: COM1@9600
160013137-> ********************** COMMAND BEGIN **********************
160013137-> data sent to printer:
160013137-> <2>L&1<3>
160013797-> data received from printer:
160013974-> <2>6238*6237<3><6>
160013975-> ********************** COMMAND BEGIN **********************
160013975-> data sent to printer:
160013975-> <2>VRazon Social: AURA DE FEBLES<3>
160014062-> data received from printer:
160014215-> <6>
160014216-> ********************** COMMAND BEGIN **********************
160014216-> data sent to printer:
160014216-> <2>VCI/Rif: V-3183807<3>
160014291-> data received from printer:
160014454-> <6>
160014455-> ********************** COMMAND BEGIN **********************
160014455-> data sent to printer:
160014455-> <2>V----------------------------------------<3>
160014555-> data received from printer:
160014709-> <6>
160014710-> ********************** COMMAND BEGIN **********************
160014710-> data sent to printer:
160014710-> <2>Y0<3>
160014718-> data received from printer:
160014965-> <2>SENIAT    J-00000000000001600*0800*3100*2          Bs.0TIS0900049150520251553<3><6>
160014966-> ********************** COMMAND BEGIN **********************
160014966-> data sent to printer:
160014967-> <2>VA000004 GARANTIA EXTENDIDA<3>
160015051-> data received from printer:
160015205-> <6>
160015205-> ********************** COMMAND BEGIN **********************
160015206-> data sent to printer:
160015206-> <2>N11,000xBs1796,73     00001796731<3>
160015348-> data received from printer:
160015505-> <6>
160015506-> ********************** COMMAND BEGIN **********************
160015506-> data sent to printer:
160015506-> <2>VC300004 KRIPTOK INVISIBLE CleAR *<3>
160015598-> data received from printer:
160015760-> <6>
160015760-> ********************** COMMAND BEGIN **********************
160015761-> data sent to printer:
160015761-> <2>N12,000xBs5989,12     00011978240<3>
160015903-> data received from printer:
160016061-> <6>
160016062-> ********************** COMMAND BEGIN **********************
160016062-> data sent to printer:
160016062-> <2>VM178941 DPCCPLAYZW201647TR<3>
160016147-> data received from printer:
160016301-> <6>
160016302-> ********************** COMMAND BEGIN **********************
160016302-> data sent to printer:
160016303-> <2>N11,000xBs3930,36     00003930361<3>
160016445-> data received from printer:
160016601-> <6>
160238940-> ********************** COMMAND BEGIN **********************
160238940-> data sent to printer:
160238941-> <2>Q<3>
160239039-> data received from printer:
160239200-> <6>
160239201-> ********************** COMMAND BEGIN **********************
160239201-> data sent to printer:
160239201-> <2>M<3>
160239206-> data received from printer:
160239364-> <21>
160250394-> OPEN PORT: COM1@9600
160250462-> ********************** COMMAND BEGIN **********************
160250462-> data sent to printer:
160250462-> <2>e<3>
160250467-> data received from printer:
160250620-> <21>
160250621-> ********************** COMMAND BEGIN **********************
160250621-> data sent to printer:
160250621-> <2>Q<3>
160250626-> data received from printer:
160250786-> <21>
160250786-> ********************** COMMAND BEGIN **********************
160250786-> data sent to printer:
160250786-> <2>M<3>
160250791-> data received from printer:
160250951-> <21>
160251106-> OPEN PORT: COM1@9600
160251172-> ********************** COMMAND BEGIN **********************
160251172-> data sent to printer:
160251172-> <2>e<3>
160251177-> data received from printer:
160251333-> <21>
160251333-> ********************** COMMAND BEGIN **********************
160251334-> data sent to printer:
160251334-> <2>Q<3>
160251339-> data received from printer:
160251499-> <21>
160251500-> ********************** COMMAND BEGIN **********************
160251500-> data sent to printer:
160251500-> <2>M<3>
160251505-> data received from printer:
160251664-> <21>
160254435-> OPEN PORT: COM1@9600
160254501-> OPEN PORT: COM1@9600
160254502-> ********************** COMMAND BEGIN **********************
160254502-> data sent to printer:
160254503-> <2>L&1<3>
160255163-> data received from printer:
160255341-> <2>6239*6238<3><6>
160255342-> ********************** COMMAND BEGIN **********************
160255342-> data sent to printer:
160255343-> <2>VRazon Social: AURA DE FEBLES<3>
160255429-> data received from printer:
160255580-> <6>
160255581-> ********************** COMMAND BEGIN **********************
160255581-> data sent to printer:
160255581-> <2>VCI/Rif: V-3183807<3>
160255656-> data received from printer:
160255820-> <6>
160255821-> ********************** COMMAND BEGIN **********************
160255821-> data sent to printer:
160255821-> <2>V----------------------------------------<3>
160255921-> data received from printer:
160256076-> <6>
160256077-> ********************** COMMAND BEGIN **********************
160256077-> data sent to printer:
160256077-> <2>Y0<3>
160256085-> data received from printer:
160256346-> <2>SENIAT    J-00000000000001600*0800*3100*2          Bs.0TIS0900049150520251556<3><6>
160256347-> ********************** COMMAND BEGIN **********************
160256347-> data sent to printer:
160256348-> <2>VA000004 GARANTIA EXTENDIDA<3>
160256432-> data received from printer:
160256586-> <6>
160256587-> ********************** COMMAND BEGIN **********************
160256587-> data sent to printer:
160256588-> <2>N11,000xBs1796,73     00001796731<3>
160256730-> data received from printer:
160256886-> <6>
160256887-> ********************** COMMAND BEGIN **********************
160256887-> data sent to printer:
160256888-> <2>VC300004 KRIPTOK INVISIBLE CleAR *<3>
160256980-> data received from printer:
160257141-> <6>
160257141-> ********************** COMMAND BEGIN **********************
160257142-> data sent to printer:
160257142-> <2>N12,000xBs5989,12     00011978240<3>
160257284-> data received from printer:
160257441-> <6>
160257441-> ********************** COMMAND BEGIN **********************
160257442-> data sent to printer:
160257442-> <2>VM178941 DPCCPLAYZW201647TR<3>
160257526-> data received from printer:
160257682-> <6>
160257683-> ********************** COMMAND BEGIN **********************
160257683-> data sent to printer:
160257684-> <2>N11,000xBs3930,36     00003930361<3>
160257825-> data received from printer:
160257983-> <6>
160315738-> ********************** COMMAND BEGIN **********************
160315738-> data sent to printer:
160315739-> <2>Q<3>
160315837-> data received from printer:
160316000-> <6>
160316000-> ********************** COMMAND BEGIN **********************
160316000-> data sent to printer:
160316001-> <2>M<3>
160316005-> data received from printer:
160316165-> <21>
160917727-> OPEN PORT: COM1@9600
160917794-> ********************** COMMAND BEGIN **********************
160917794-> data sent to printer:
160917795-> <2>e<3>
160917799-> data received from printer:
160917960-> <21>
160917961-> ********************** COMMAND BEGIN **********************
160917961-> data sent to printer:
160917962-> <2>Q<3>
160917966-> data received from printer:
160918125-> <21>
160918126-> ********************** COMMAND BEGIN **********************
160918126-> data sent to printer:
160918127-> <2>M<3>
160918131-> data received from printer:
160918290-> <21>
160918351-> OPEN PORT: COM1@9600
160918420-> ********************** COMMAND BEGIN **********************
160918420-> data sent to printer:
160918420-> <2>e<3>
160918425-> data received from printer:
160918579-> <21>
160918579-> ********************** COMMAND BEGIN **********************
160918580-> data sent to printer:
160918580-> <2>Q<3>
160918585-> data received from printer:
160918745-> <21>
160918746-> ********************** COMMAND BEGIN **********************
160918746-> data sent to printer:
160918747-> <2>M<3>
160918751-> data received from printer:
160918909-> <21>
160933731-> OPEN PORT: COM1@9600
160933799-> ********************** COMMAND BEGIN **********************
160933800-> data sent to printer:
160933800-> <2>e<3>
160933805-> data received from printer:
160933970-> <21>
160933970-> ********************** COMMAND BEGIN **********************
160933971-> data sent to printer:
160933971-> <2>Q<3>
160933976-> data received from printer:
160934135-> <21>
160934136-> ********************** COMMAND BEGIN **********************
160934136-> data sent to printer:
160934136-> <2>M<3>
160934141-> data received from printer:
160934302-> <21>
160935004-> OPEN PORT: COM1@9600
160935074-> ********************** COMMAND BEGIN **********************
160935074-> data sent to printer:
160935075-> <2>e<3>
160935079-> data received from printer:
160935239-> <21>
160935240-> ********************** COMMAND BEGIN **********************
160935240-> data sent to printer:
160935240-> <2>Q<3>
160935245-> data received from printer:
160935404-> <21>
160935405-> ********************** COMMAND BEGIN **********************
160935405-> data sent to printer:
160935405-> <2>M<3>
160935410-> data received from printer:
160935570-> <21>
160939486-> OPEN PORT: COM1@9600
160939553-> OPEN PORT: COM1@9600
160939555-> ********************** COMMAND BEGIN **********************
160939556-> data sent to printer:
160939556-> <2>L&1<3>
160940216-> data received from printer:
160940394-> <2>6240*6239<3><6>
160940395-> ********************** COMMAND BEGIN **********************
160940396-> data sent to printer:
160940396-> <2>VRazon Social: AURA DE FEBLES<3>
160940483-> data received from printer:
160940635-> <6>
160940636-> ********************** COMMAND BEGIN **********************
160940636-> data sent to printer:
160940637-> <2>VCI/Rif: V-3183807<3>
160940712-> data received from printer:
160940874-> <6>
160940876-> ********************** COMMAND BEGIN **********************
160940877-> data sent to printer:
160940877-> <2>V----------------------------------------<3>
160940976-> data received from printer:
160941130-> <6>
160941132-> ********************** COMMAND BEGIN **********************
160941133-> data sent to printer:
160941133-> <2>Y0<3>
160941141-> data received from printer:
160941401-> <2>SENIAT    J-00000000000001600*0800*3100*2          Bs.0TIS0900049150520251602<3><6>
160941405-> ********************** COMMAND BEGIN **********************
160941405-> data sent to printer:
160941405-> <2>VA000004 GARANTIA EXTENDIDA<3>
160941490-> data received from printer:
160941642-> <6>
160941643-> ********************** COMMAND BEGIN **********************
160941643-> data sent to printer:
160941644-> <2>N11,000xBs1796,73     00001796731<3>
160941785-> data received from printer:
160941942-> <6>
160941942-> ********************** COMMAND BEGIN **********************
160941943-> data sent to printer:
160941943-> <2>VC300004 KRIPTOK INVISIBLE CleAR *<3>
160942035-> data received from printer:
160942198-> <6>
160942198-> ********************** COMMAND BEGIN **********************
160942199-> data sent to printer:
160942199-> <2>N12,000xBs5989,12     00011978240<3>
160942341-> data received from printer:
160942499-> <6>
160942500-> ********************** COMMAND BEGIN **********************
160942500-> data sent to printer:
160942500-> <2>VM178941 DPCCPLAYZW201647TR<3>
160942585-> data received from printer:
160942740-> <6>
160942740-> ********************** COMMAND BEGIN **********************
160942741-> data sent to printer:
160942741-> <2>N11,000xBs3930,36     00003930361<3>
160942883-> data received from printer:
160943040-> <6>
161208509-> ********************** COMMAND BEGIN **********************
161208510-> data sent to printer:
161208510-> <2>Q<3>
161208608-> data received from printer:
161208761-> <6>
161208762-> ********************** COMMAND BEGIN **********************
161208762-> data sent to printer:
161208762-> <2>M<3>
161208767-> data received from printer:
161208927-> <21>
183401477-> OPEN PORT: COM1@9600
183401543-> ********************** COMMAND BEGIN **********************
183401543-> data sent to printer:
183401543-> <2>e<3>
183401548-> data received from printer:
183401709-> <21>
183401710-> ********************** COMMAND BEGIN **********************
183401710-> data sent to printer:
183401711-> <2>Q<3>
183401715-> data received from printer:
183401873-> <21>
183401880-> ********************** COMMAND BEGIN **********************
183401881-> data sent to printer:
183401881-> <2>M<3>
183401886-> data received from printer:
183402039-> <21>
183402099-> OPEN PORT: COM1@9600
183402168-> ********************** COMMAND BEGIN **********************
183402168-> data sent to printer:
183402168-> <2>e<3>
183402173-> data received from printer:
183402329-> <21>
183402330-> ********************** COMMAND BEGIN **********************
183402330-> data sent to printer:
183402330-> <2>Q<3>
183402335-> data received from printer:
183402495-> <21>
183402496-> ********************** COMMAND BEGIN **********************
183402496-> data sent to printer:
183402496-> <2>M<3>
183402501-> data received from printer:
183402660-> <21>
183512324-> OPEN PORT: COM1@9600
183512392-> ********************** COMMAND BEGIN **********************
183512392-> data sent to printer:
183512392-> <2>e<3>
183512397-> data received from printer:
183512552-> <21>
183512553-> ********************** COMMAND BEGIN **********************
183512553-> data sent to printer:
183512554-> <2>Q<3>
183512558-> data received from printer:
183512718-> <21>
183512719-> ********************** COMMAND BEGIN **********************
183512719-> data sent to printer:
183512720-> <2>M<3>
183512725-> data received from printer:
183512883-> <21>
183512995-> OPEN PORT: COM1@9600
183513065-> ********************** COMMAND BEGIN **********************
183513065-> data sent to printer:
183513065-> <2>e<3>
183513070-> data received from printer:
183513234-> <21>
183513234-> ********************** COMMAND BEGIN **********************
183513235-> data sent to printer:
183513235-> <2>Q<3>
183513240-> data received from printer:
183513399-> <21>
183513400-> ********************** COMMAND BEGIN **********************
183513400-> data sent to printer:
183513401-> <2>M<3>
183513405-> data received from printer:
183513564-> <21>
183542935-> OPEN PORT: COM1@9600
183543004-> ********************** COMMAND BEGIN **********************
183543004-> data sent to printer:
183543005-> <2>e<3>
183543009-> data received from printer:
183543163-> <21>
183543164-> ********************** COMMAND BEGIN **********************
183543164-> data sent to printer:
183543164-> <2>Q<3>
183543169-> data received from printer:
183543329-> <21>
183543329-> ********************** COMMAND BEGIN **********************
183543330-> data sent to printer:
183543330-> <2>M<3>
183543335-> data received from printer:
183543494-> <21>
183544238-> OPEN PORT: COM1@9600
183544305-> ********************** COMMAND BEGIN **********************
183544306-> data sent to printer:
183544306-> <2>e<3>
183544310-> data received from printer:
183544462-> <21>
183544463-> ********************** COMMAND BEGIN **********************
183544463-> data sent to printer:
183544463-> <2>Q<3>
183544468-> data received from printer:
183544628-> <21>
183544629-> ********************** COMMAND BEGIN **********************
183544629-> data sent to printer:
183544629-> <2>M<3>
183544634-> data received from printer:
183544793-> <21>
183548387-> OPEN PORT: COM1@9600
183548454-> OPEN PORT: COM1@9600
183548457-> ********************** COMMAND BEGIN **********************
183548457-> data sent to printer:
183548457-> <2>L&1<3>
183549118-> data received from printer:
183549284-> <2>6241*6240<3><6>
183549285-> ********************** COMMAND BEGIN **********************
183549286-> data sent to printer:
183549286-> <2>VRazon Social: AURA DE FEBLES<3>
183549373-> data received from printer:
183549524-> <6>
183549525-> ********************** COMMAND BEGIN **********************
183549525-> data sent to printer:
183549525-> <2>VCI/Rif: V-3183807<3>
183549599-> data received from printer:
183549763-> <6>
183549764-> ********************** COMMAND BEGIN **********************
183549765-> data sent to printer:
183549765-> <2>V----------------------------------------<3>
183549864-> data received from printer:
183550017-> <6>
183550019-> ********************** COMMAND BEGIN **********************
183550019-> data sent to printer:
183550019-> <2>Y0<3>
183550027-> data received from printer:
183550277-> <2>SENIAT    J-00000000000001600*0800*3100*2          Bs.0TIS0900049150520251829<3><6>
183550281-> ********************** COMMAND BEGIN **********************
183550281-> data sent to printer:
183550282-> <2>VA000004 GARANTIA EXTENDIDA<3>
183550365-> data received from printer:
183550517-> <6>
183550518-> ********************** COMMAND BEGIN **********************
183550519-> data sent to printer:
183550519-> <2>N11,000xBs1796,73     00001796731<3>
183550661-> data received from printer:
183550816-> <6>
183550817-> ********************** COMMAND BEGIN **********************
183550817-> data sent to printer:
183550818-> <2>VC300004 KRIPTOK INVISIBLE CleAR *<3>
183550910-> data received from printer:
183551071-> <6>
183551072-> ********************** COMMAND BEGIN **********************
183551072-> data sent to printer:
183551072-> <2>N12,000xBs5989,12     00011978240<3>
183551213-> data received from printer:
183551371-> <6>
183551372-> ********************** COMMAND BEGIN **********************
183551372-> data sent to printer:
183551373-> <2>VM178941 DPCCPLAYZW201647TR<3>
183551457-> data received from printer:
183551610-> <6>
183551611-> ********************** COMMAND BEGIN **********************
183551611-> data sent to printer:
183551611-> <2>N11,000xBs3930,36     00003930361<3>
183551753-> data received from printer:
183551909-> <6>
183610784-> ********************** COMMAND BEGIN **********************
183610785-> data sent to printer:
183610785-> <2>Q<3>
183610882-> data received from printer:
183611035-> <6>
183611035-> ********************** COMMAND BEGIN **********************
183611036-> data sent to printer:
183611036-> <2>M<3>
183611041-> data received from printer:
183611201-> <21>
185228533-> OPEN PORT: COM1@9600
185228600-> ********************** COMMAND BEGIN **********************
185228600-> data sent to printer:
185228601-> <2>e<3>
185228606-> data received from printer:
185228765-> <21>
185228766-> ********************** COMMAND BEGIN **********************
185228767-> data sent to printer:
185228767-> <2>Q<3>
185228772-> data received from printer:
185228931-> <21>
185228932-> ********************** COMMAND BEGIN **********************
185228932-> data sent to printer:
185228933-> <2>M<3>
185228937-> data received from printer:
185229096-> <21>
185229156-> OPEN PORT: COM1@9600
185229224-> ********************** COMMAND BEGIN **********************
185229225-> data sent to printer:
185229225-> <2>e<3>
185229230-> data received from printer:
185229385-> <21>
185229385-> ********************** COMMAND BEGIN **********************
185229386-> data sent to printer:
185229386-> <2>Q<3>
185229391-> data received from printer:
185229550-> <21>
185229550-> ********************** COMMAND BEGIN **********************
185229551-> data sent to printer:
185229551-> <2>M<3>
185229556-> data received from printer:
185229716-> <21>
185257419-> OPEN PORT: COM1@9600
185257488-> ********************** COMMAND BEGIN **********************
185257489-> data sent to printer:
185257489-> <2>e<3>
185257494-> data received from printer:
185257650-> <21>
185257651-> ********************** COMMAND BEGIN **********************
185257651-> data sent to printer:
185257651-> <2>Q<3>
185257656-> data received from printer:
185257816-> <21>
185257816-> ********************** COMMAND BEGIN **********************
185257817-> data sent to printer:
185257817-> <2>M<3>
185257822-> data received from printer:
185257981-> <21>
185259339-> OPEN PORT: COM1@9600
185259408-> ********************** COMMAND BEGIN **********************
185259409-> data sent to printer:
185259409-> <2>e<3>
185259414-> data received from printer:
185259573-> <21>
185259574-> ********************** COMMAND BEGIN **********************
185259574-> data sent to printer:
185259574-> <2>Q<3>
185259579-> data received from printer:
185259738-> <21>
185259739-> ********************** COMMAND BEGIN **********************
185259739-> data sent to printer:
185259739-> <2>M<3>
185259744-> data received from printer:
185259903-> <21>
185305401-> OPEN PORT: COM1@9600
185305468-> OPEN PORT: COM1@9600
185305471-> ********************** COMMAND BEGIN **********************
185305472-> data sent to printer:
185305472-> <2>L&1<3>
185306133-> data received from printer:
185306309-> <2>6242*6241<3><6>
185306310-> ********************** COMMAND BEGIN **********************
185306311-> data sent to printer:
185306311-> <2>VRazon Social: AURA DE FEBLES<3>
185306398-> data received from printer:
185306549-> <6>
185306550-> ********************** COMMAND BEGIN **********************
185306550-> data sent to printer:
185306550-> <2>VCI/Rif: V-3183807<3>
185306624-> data received from printer:
185306788-> <6>
185306789-> ********************** COMMAND BEGIN **********************
185306789-> data sent to printer:
185306790-> <2>V----------------------------------------<3>
185306889-> data received from printer:
185307042-> <6>
185307044-> ********************** COMMAND BEGIN **********************
185307044-> data sent to printer:
185307045-> <2>Y0<3>
185307052-> data received from printer:
185307311-> <2>SENIAT    J-00000000000001600*0800*3100*2          Bs.0TIS0900049150520251846<3><6>
185307314-> ********************** COMMAND BEGIN **********************
185307315-> data sent to printer:
185307315-> <2>VA000004 GARANTIA EXTENDIDA<3>
185307400-> data received from printer:
185307551-> <6>
185307552-> ********************** COMMAND BEGIN **********************
185307552-> data sent to printer:
185307553-> <2>N11,000xBs1796,73     00001796731<3>
185307694-> data received from printer:
185307850-> <6>
185307851-> ********************** COMMAND BEGIN **********************
185307851-> data sent to printer:
185307852-> <2>VC300004 KRIPTOK INVISIBLE CleAR *<3>
185307944-> data received from printer:
185308104-> <6>
185308105-> ********************** COMMAND BEGIN **********************
185308105-> data sent to printer:
185308105-> <2>N12,000xBs5989,12     00011978240<3>
185308247-> data received from printer:
185308405-> <6>
185308406-> ********************** COMMAND BEGIN **********************
185308406-> data sent to printer:
185308406-> <2>VM178941 DPCCPLAYZW201647TR<3>
185308490-> data received from printer:
185308644-> <6>
185308645-> ********************** COMMAND BEGIN **********************
185308645-> data sent to printer:
185308645-> <2>N11,000xBs3930,36     00003930361<3>
185308787-> data received from printer:
185308943-> <6>
185318242-> ********************** COMMAND BEGIN **********************
185318242-> data sent to printer:
185318242-> <2>Q<3>
185318339-> data received from printer:
185318495-> <6>
185318495-> ********************** COMMAND BEGIN **********************
185318496-> data sent to printer:
185318496-> <2>M<3>
185318501-> data received from printer:
185318661-> <21>
185337195-> OPEN PORT: COM1@9600
185337264-> ********************** COMMAND BEGIN **********************
185337264-> data sent to printer:
185337264-> <2>e<3>
185337269-> data received from printer:
185337422-> <21>
185337422-> ********************** COMMAND BEGIN **********************
185337423-> data sent to printer:
185337423-> <2>Q<3>
185337428-> data received from printer:
185337588-> <21>
185337588-> ********************** COMMAND BEGIN **********************
185337589-> data sent to printer:
185337589-> <2>M<3>
185337594-> data received from printer:
185337753-> <21>
185337909-> OPEN PORT: COM1@9600
185337977-> ********************** COMMAND BEGIN **********************
185337977-> data sent to printer:
185337977-> <2>e<3>
185337982-> data received from printer:
185338146-> <21>
185338147-> ********************** COMMAND BEGIN **********************
185338147-> data sent to printer:
185338147-> <2>Q<3>
185338152-> data received from printer:
185338311-> <21>
185338312-> ********************** COMMAND BEGIN **********************
185338312-> data sent to printer:
185338312-> <2>M<3>
185338317-> data received from printer:
185338476-> <21>
185341169-> OPEN PORT: COM1@9600
185341236-> OPEN PORT: COM1@9600
185341237-> ********************** COMMAND BEGIN **********************
185341237-> data sent to printer:
185341237-> <2>L&1<3>
185341898-> data received from printer:
185342064-> <2>6243*6242<3><6>
185342065-> ********************** COMMAND BEGIN **********************
185342065-> data sent to printer:
185342065-> <2>VRazon Social: AURA DE FEBLES<3>
185342152-> data received from printer:
185342304-> <6>
185342305-> ********************** COMMAND BEGIN **********************
185342305-> data sent to printer:
185342305-> <2>VCI/Rif: V-3183807<3>
185342380-> data received from printer:
185342543-> <6>
185342544-> ********************** COMMAND BEGIN **********************
185342544-> data sent to printer:
185342544-> <2>V----------------------------------------<3>
185342644-> data received from printer:
185342798-> <6>
185342798-> ********************** COMMAND BEGIN **********************
185342798-> data sent to printer:
185342798-> <2>Y0<3>
185342806-> data received from printer:
185343055-> <2>SENIAT    J-00000000000001600*0800*3100*2          Bs.0TIS0900049150520251846<3><6>
185343056-> ********************** COMMAND BEGIN **********************
185343056-> data sent to printer:
185343057-> <2>VA000004 GARANTIA EXTENDIDA<3>
185343141-> data received from printer:
185343294-> <6>
185343295-> ********************** COMMAND BEGIN **********************
185343295-> data sent to printer:
185343296-> <2>N11,000xBs1796,73     00001796731<3>
185343438-> data received from printer:
185343594-> <6>
185343595-> ********************** COMMAND BEGIN **********************
185343595-> data sent to printer:
185343596-> <2>VC300004 KRIPTOK INVISIBLE CleAR *<3>
185343688-> data received from printer:
185343849-> <6>
185343850-> ********************** COMMAND BEGIN **********************
185343850-> data sent to printer:
185343850-> <2>N12,000xBs5989,12     00011978240<3>
185343991-> data received from printer:
185344149-> <6>
185344150-> ********************** COMMAND BEGIN **********************
185344150-> data sent to printer:
185344150-> <2>VM178941 DPCCPLAYZW201647TR<3>
185344235-> data received from printer:
185344388-> <6>
185344389-> ********************** COMMAND BEGIN **********************
185344389-> data sent to printer:
185344390-> <2>N11,000xBs3930,36     00003930361<3>
185344532-> data received from printer:
185344687-> <6>
185413368-> ********************** COMMAND BEGIN **********************
185413369-> data sent to printer:
185413370-> <2>Q<3>
185413468-> data received from printer:
185413622-> <6>
185413623-> ********************** COMMAND BEGIN **********************
185413623-> data sent to printer:
185413623-> <2>M<3>
185413628-> data received from printer:
185413788-> <21>
185559007-> OPEN PORT: COM1@9600
185559076-> ********************** COMMAND BEGIN **********************
185559076-> data sent to printer:
185559076-> <2>e<3>
185559081-> data received from printer:
185559240-> <21>
185559240-> ********************** COMMAND BEGIN **********************
185559241-> data sent to printer:
185559241-> <2>Q<3>
185559246-> data received from printer:
185559405-> <21>
185559406-> ********************** COMMAND BEGIN **********************
185559406-> data sent to printer:
185559407-> <2>M<3>
185559411-> data received from printer:
185559571-> <21>
185559726-> OPEN PORT: COM1@9600
185559795-> ********************** COMMAND BEGIN **********************
185559795-> data sent to printer:
185559796-> <2>e<3>
185559800-> data received from printer:
185559951-> <21>
185559951-> ********************** COMMAND BEGIN **********************
185559952-> data sent to printer:
185559952-> <2>Q<3>
185559957-> data received from printer:
185600116-> <21>
185600117-> ********************** COMMAND BEGIN **********************
185600117-> data sent to printer:
185600118-> <2>M<3>
185600122-> data received from printer:
185600280-> <21>
185603458-> OPEN PORT: COM1@9600
185603525-> OPEN PORT: COM1@9600
185603526-> ********************** COMMAND BEGIN **********************
185603526-> data sent to printer:
185603527-> <2>L&1<3>
185604187-> data received from printer:
185604352-> <2>6244*6243<3><6>
185604353-> ********************** COMMAND BEGIN **********************
185604353-> data sent to printer:
185604354-> <2>VRazon Social: AURA DE FEBLES<3>
185604440-> data received from printer:
185604591-> <6>
185604592-> ********************** COMMAND BEGIN **********************
185604592-> data sent to printer:
185604592-> <2>VCI/Rif: V-3183807<3>
185604667-> data received from printer:
185604831-> <6>
185604832-> ********************** COMMAND BEGIN **********************
185604832-> data sent to printer:
185604832-> <2>V----------------------------------------<3>
185604931-> data received from printer:
185605085-> <6>
185605086-> ********************** COMMAND BEGIN **********************
185605086-> data sent to printer:
185605086-> <2>Y0<3>
185605094-> data received from printer:
185605342-> <2>SENIAT    J-00000000000001600*0800*3100*2          Bs.0TIS0900049150520251849<3><6>
185605343-> ********************** COMMAND BEGIN **********************
185605343-> data sent to printer:
185605344-> <2>VA000004 GARANTIA EXTENDIDA<3>
185605428-> data received from printer:
185605583-> <6>
185605583-> ********************** COMMAND BEGIN **********************
185605584-> data sent to printer:
185605584-> <2>N11,000xBs1796,73     00001796731<3>
185605725-> data received from printer:
185605882-> <6>
185605883-> ********************** COMMAND BEGIN **********************
185605883-> data sent to printer:
185605883-> <2>VC300004 KRIPTOK INVISIBLE CleAR *<3>
185605975-> data received from printer:
185606136-> <6>
185606137-> ********************** COMMAND BEGIN **********************
185606137-> data sent to printer:
185606137-> <2>N12,000xBs5989,12     00011978240<3>
185606280-> data received from printer:
185606436-> <6>
185606437-> ********************** COMMAND BEGIN **********************
185606437-> data sent to printer:
185606437-> <2>VM178941 DPCCPLAYZW201647TR<3>
185606522-> data received from printer:
185606676-> <6>
185606677-> ********************** COMMAND BEGIN **********************
185606677-> data sent to printer:
185606677-> <2>N11,000xBs3930,36     00003930361<3>
185606819-> data received from printer:
185606975-> <6>
185609125-> ********************** COMMAND BEGIN **********************
185609125-> data sent to printer:
185609125-> <2>O1<3>
185609674-> data received from printer:
185609847-> <2>01862166<3><6>
185609903-> ********************** COMMAND BEGIN **********************
185609903-> data sent to printer:
185609903-> <2>P102/05/2025 TRANSFERE000000935801<3>
185610046-> data received from printer:
185610206-> <6>
185610207-> ********************** COMMAND BEGIN **********************
185610207-> data sent to printer:
185610208-> <2>P115/05/2025 EFECTIVO 000000926366<3>
185610576-> data received from printer:
185610730-> <6>
185614115-> ********************** COMMAND BEGIN **********************
185614115-> data sent to printer:
185614115-> <2>V*Contrato de Garantia Extendida para<3>
185614211-> data received from printer:
185614370-> <6>
185614370-> ********************** COMMAND BEGIN **********************
185614371-> data sent to printer:
185614371-> <2>V      Cristales Formulados:<3>
185614457-> data received from printer:
185614610-> <6>
185614611-> ********************** COMMAND BEGIN **********************
185614611-> data sent to printer:
185614612-> <2>V <3>
185614670-> data received from printer:
185614834-> <6>
185614834-> ********************** COMMAND BEGIN **********************
185614835-> data sent to printer:
185614835-> <2>VOD: ESF 2,00 EJE 70 CIL -1,25 ADD 3,00<3>
185614932-> data received from printer:
185615090-> <6>
185615091-> ********************** COMMAND BEGIN **********************
185615091-> data sent to printer:
185615091-> <2>VOI: ESF 1,75 EJE 90 CIL -1,25 ADD 3,00<3>
185615188-> data received from printer:
185615345-> <6>
185615347-> ********************** COMMAND BEGIN **********************
185615348-> data sent to printer:
185615348-> <2>V <3>
185615406-> data received from printer:
185615570-> <6>
185615571-> ********************** COMMAND BEGIN **********************
185615571-> data sent to printer:
185615571-> <2>VCondiciones legales en el Contrato<3>
185615664-> data received from printer:
185615825-> <6>
185615826-> ********************** COMMAND BEGIN **********************
185615827-> data sent to printer:
185615827-> <2>VSuscrito.<3>
185615893-> data received from printer:
185616050-> <6>
185616051-> ********************** COMMAND BEGIN **********************
185616051-> data sent to printer:
185616051-> <2>V <3>
185616109-> data received from printer:
185616274-> <6>
185616275-> ********************** COMMAND BEGIN **********************
185616275-> data sent to printer:
185616275-> <2>Y0<3>
185616283-> data received from printer:
185616546-> <2>SENIAT    J-00000000000001600*0800*3100*2          Bs.0TIS0900049150520251849<3><6>
185616547-> ********************** COMMAND BEGIN **********************
185616547-> data sent to printer:
185616547-> <2>V<3>
185616603-> data received from printer:
185616755-> <6>
185616756-> ********************** COMMAND BEGIN **********************
185616756-> data sent to printer:
185616756-> <2>VNumero Orden: 0001871<3>
185616836-> data received from printer:
185616994-> <6>
185616995-> ********************** COMMAND BEGIN **********************
185616995-> data sent to printer:
185616995-> <2>V<3>
185617052-> data received from printer:
185617204-> <6>
185617210-> ********************** COMMAND BEGIN **********************
185617210-> data sent to printer:
185617210-> <2>M<3>
185618508-> data received from printer:
185618670-> <6>
185623745-> OPEN PORT: COM1@9600
185623816-> ********************** COMMAND BEGIN **********************
185623817-> data sent to printer:
185623817-> <2>Y3<3>
185623825-> data received from printer:
185624017-> <2>6244*6243*16712591*0*<3><6>
