100108957-> OPEN PORT: COM1@9600
100109044-> ********************** COMMAND BEGIN **********************
100109045-> data sent to printer:
100109045-> <2>Q<3>
100115102-> No reponse from printer
100115103-> ********************** COMMAND BEGIN **********************
100115103-> data sent to printer:
100115103-> <2>M<3>
100200160-> No reponse from printer
100213281-> OPEN PORT: COM1@9600
100213319-> OPEN PORT: COM1@9600
100213348-> ********************** COMMAND BEGIN **********************
100213348-> data sent to printer:
100213349-> <2>L&1<3>
100219410-> No reponse from printer
100219411-> ********************** COMMAND BEGIN **********************
100219411-> data sent to printer:
100219412-> <2>VRazon Social: Fany Calsadilla <3>
100223475-> No reponse from printer
100246468-> OPEN PORT: COM1@9600
100246469-> ********************** COMMAND BEGIN **********************
100246469-> data sent to printer:
100246470-> <2>Q<3>
100252521-> No reponse from printer
100252522-> ********************** COMMAND BEGIN **********************
100252522-> data sent to printer:
100252522-> <2>M<3>
102139673-> OPEN PORT: COM1@9600
102139746-> ********************** COMMAND BEGIN **********************
102139746-> data sent to printer:
102139746-> <2>Q<3>
102145799-> No reponse from printer
102145800-> ********************** COMMAND BEGIN **********************
102145800-> data sent to printer:
102145800-> <2>M<3>
102230857-> No reponse from printer
102232034-> OPEN PORT: COM1@9600
102232073-> OPEN PORT: COM1@9600
102232086-> ********************** COMMAND BEGIN **********************
102232086-> data sent to printer:
102232087-> <2>L&1<3>
102238141-> No reponse from printer
102238142-> ********************** COMMAND BEGIN **********************
102238142-> data sent to printer:
102238143-> <2>VRazon Social: Mary Olugbemi<3>
102242208-> No reponse from printer
102304927-> OPEN PORT: COM1@9600
102304927-> ********************** COMMAND BEGIN **********************
102304928-> data sent to printer:
102304928-> <2>Q<3>
102310981-> No reponse from printer
102310982-> ********************** COMMAND BEGIN **********************
102310982-> data sent to printer:
102310982-> <2>M<3>
103146822-> OPEN PORT: COM1@9600
103146906-> ********************** COMMAND BEGIN **********************
103146907-> data sent to printer:
103146907-> <2>Q<3>
103152965-> No reponse from printer
103152966-> ********************** COMMAND BEGIN **********************
103152966-> data sent to printer:
103152967-> <2>M<3>
103238023-> No reponse from printer
103241073-> OPEN PORT: COM1@9600
103241113-> ********************** COMMAND BEGIN **********************
103241113-> data sent to printer:
103241114-> <2>S<3>
103244171-> No reponse from printer
103244172-> ********************** COMMAND BEGIN **********************
103244172-> data sent to printer:
103244173-> <2>V----------------------------------------<3>
103247231-> No reponse from printer
103247232-> ********************** COMMAND BEGIN **********************
103247232-> data sent to printer:
103247232-> <2>V <3>
103250291-> No reponse from printer
103250292-> ********************** COMMAND BEGIN **********************
103250292-> data sent to printer:
103250292-> <2>VOs: 0070097<3>
103253351-> No reponse from printer
103253351-> ********************** COMMAND BEGIN **********************
103253352-> data sent to printer:
103253352-> <2>VFactura:  <3>
103256411-> No reponse from printer
103256412-> ********************** COMMAND BEGIN **********************
103256412-> data sent to printer:
103256413-> <2>VCorrelativo: 0000035<3>
103259472-> No reponse from printer
103259473-> ********************** COMMAND BEGIN **********************
103259473-> data sent to printer:
103259474-> <2>VNombre de la sucursal: 098-MILLENNIUM MALL<3>
103302532-> No reponse from printer
103302532-> ********************** COMMAND BEGIN **********************
103302533-> data sent to printer:
103302533-> <2>VCliente: V-00005711<3>
103305593-> No reponse from printer
103305594-> ********************** COMMAND BEGIN **********************
103305594-> data sent to printer:
103305595-> <2>VTelefono: 0424-1265113 <3>
103308654-> No reponse from printer
103308654-> ********************** COMMAND BEGIN **********************
103308655-> data sent to printer:
103308655-> <2>VBanco: MERCANTIL<3>
103311713-> No reponse from printer
103311714-> ********************** COMMAND BEGIN **********************
103311714-> data sent to printer:
103311714-> <2>VMonto:    362,4<3>
103314773-> No reponse from printer
103314774-> ********************** COMMAND BEGIN **********************
103314774-> data sent to printer:
103314774-> <2>V <3>
103317833-> No reponse from printer
103317834-> ********************** COMMAND BEGIN **********************
103317834-> data sent to printer:
103317834-> <2>V----------------------------------------<3>
103320893-> No reponse from printer
103320894-> ********************** COMMAND BEGIN **********************
103320894-> data sent to printer:
103320895-> <2>T<3>
103325949-> No reponse from printer
103437317-> OPEN PORT: COM1@9600
103437357-> ********************** COMMAND BEGIN **********************
103437357-> data sent to printer:
103437357-> <2>Q<3>
103443412-> No reponse from printer
103443413-> ********************** COMMAND BEGIN **********************
103443413-> data sent to printer:
103443413-> <2>M<3>
103528472-> No reponse from printer
