114748210-> OPEN PORT: COM1@9600
114748331-> ********************** COMMAND BEGIN **********************
114748331-> data sent to printer:
114748332-> <2>Q<3>
114748339-> data received from printer:
114748495-> <21>
114748496-> ********************** COMMAND BEGIN **********************
114748496-> data sent to printer:
114748497-> <2>M<3>
114748504-> data received from printer:
114748662-> <21>
115054792-> OPEN PORT: COM1@9600
115054833-> ********************** COMMAND BEGIN **********************
115054833-> data sent to printer:
115054833-> <2>Q<3>
115054841-> data received from printer:
115055002-> <21>
115055003-> ********************** COMMAND BEGIN **********************
115055003-> data sent to printer:
115055003-> <2>M<3>
115055011-> data received from printer:
115055168-> <21>
115057853-> OPEN PORT: COM1@9600
115057894-> OPEN PORT: COM1@9600
115057989-> ********************** COMMAND BEGIN **********************
115057989-> data sent to printer:
115057989-> <2>L&1<3>
115059666-> data received from printer:
115059819-> <2>2652*2643<3><6>
115059832-> ********************** COMMAND BEGIN **********************
115059832-> data sent to printer:
115059833-> <2>VRazon Social: Ethel Pineda<3>
115100054-> data received from printer:
115100209-> <6>
115100210-> ********************** COMMAND BEGIN **********************
115100210-> data sent to printer:
115100211-> <2>VCI/Rif: V-12659799<3>
115100419-> data received from printer:
115100570-> <6>
115100579-> ********************** COMMAND BEGIN **********************
115100580-> data sent to printer:
115100580-> <2>V----------------------------------------<3>
115100813-> data received from printer:
115100975-> <6>
115100980-> ********************** COMMAND BEGIN **********************
115100980-> data sent to printer:
115100980-> <2>VA000004 GARANTIA EXTENDIDA<3>
115101201-> data received from printer:
115101366-> <6>
115101367-> ********************** COMMAND BEGIN **********************
115101367-> data sent to printer:
115101368-> <2>N11,000xBs644,92      00000644921<3>
115101648-> data received from printer:
115101801-> <6>
115101802-> ********************** COMMAND BEGIN **********************
115101802-> data sent to printer:
115101803-> <2>VC000412 RLX ULTRA CR 39 <3>
115102021-> data received from printer:
115102176-> <6>
115102177-> ********************** COMMAND BEGIN **********************
115102177-> data sent to printer:
115102177-> <2>N12,000xBs1504,82     00003009640<3>
115102491-> data received from printer:
115102656-> <6>
115102657-> ********************** COMMAND BEGIN **********************
115102657-> data sent to printer:
115102658-> <2>VM179102 DMCGMW201053BS<3>
115102873-> data received from printer:
115103033-> <6>
115103033-> ********************** COMMAND BEGIN **********************
115103034-> data sent to printer:
115103034-> <2>N11,000xBs1083,90     00001083901<3>
115103317-> data received from printer:
115103468-> <6>
115105791-> ********************** COMMAND BEGIN **********************
115105792-> data sent to printer:
115105792-> <2>OT451495<0><0>@sw<15><235><30><3>
115107027-> data received from printer:
115107191-> <2>515052<3><6>
115109633-> ********************** COMMAND BEGIN **********************
115109633-> data sent to printer:
115109633-> <2>P109/03/2024 TRANSFERE000000050000<3>
115109900-> data received from printer:
115110062-> <6>
115110063-> ********************** COMMAND BEGIN **********************
115110063-> data sent to printer:
115110063-> <2>P1DIVISAS             000000451495<3>
115110369-> data received from printer:
115110528-> <6>
115111251-> ********************** COMMAND BEGIN **********************
115111252-> data sent to printer:
115111253-> <2>V<3>
115111444-> data received from printer:
115111598-> <6>
115111599-> ********************** COMMAND BEGIN **********************
115111599-> data sent to printer:
115111599-> <2>VNumero Orden: 0050773<3>
115111814-> data received from printer:
115111974-> <6>
115111975-> ********************** COMMAND BEGIN **********************
115111975-> data sent to printer:
115111976-> <2>V<3>
115112170-> data received from printer:
115112336-> <6>
115112383-> ********************** COMMAND BEGIN **********************
115112383-> data sent to printer:
115112384-> <2>V*Contrato de Garantia Extendida para<3>
115112612-> data received from printer:
115112772-> <6>
115112773-> ********************** COMMAND BEGIN **********************
115112773-> data sent to printer:
115112774-> <2>V      Cristales Formulados:<3>
115112995-> data received from printer:
115113147-> <6>
115113147-> ********************** COMMAND BEGIN **********************
115113148-> data sent to printer:
115113148-> <2>V <3>
115113344-> data received from printer:
115113507-> <6>
115113507-> ********************** COMMAND BEGIN **********************
115113508-> data sent to printer:
115113508-> <2>VOD: ESF 0,75 EJE 25 CIL -0,25 ADD 2,25<3>
115113739-> data received from printer:
115113897-> <6>
115113898-> ********************** COMMAND BEGIN **********************
115113898-> data sent to printer:
115113898-> <2>VOI: ESF 0,50 EJE 0 CIL 0,00 ADD 2,25<3>
115114129-> data received from printer:
115114287-> <6>
115114288-> ********************** COMMAND BEGIN **********************
115114288-> data sent to printer:
115114288-> <2>V <3>
115114484-> data received from printer:
115114648-> <6>
115114649-> ********************** COMMAND BEGIN **********************
115114649-> data sent to printer:
115114649-> <2>VCondiciones legales en el Contrato<3>
115114876-> data received from printer:
115115039-> <6>
115115039-> ********************** COMMAND BEGIN **********************
115115040-> data sent to printer:
115115040-> <2>VSuscrito.<3>
115115242-> data received from printer:
115115400-> <6>
115115400-> ********************** COMMAND BEGIN **********************
115115401-> data sent to printer:
115115401-> <2>V <3>
115115630-> data received from printer:
115115791-> <6>
115115802-> ********************** COMMAND BEGIN **********************
115115802-> data sent to printer:
115115802-> <2>V<161><161><161>GRACIAS POR SU COMPRA!!!<3>
115116023-> data received from printer:
115116181-> <6>
115116182-> ********************** COMMAND BEGIN **********************
115116182-> data sent to printer:
115116182-> <2>VSolo se aceptaran devoluciones<3>
115116408-> data received from printer:
115116571-> <6>
115116572-> ********************** COMMAND BEGIN **********************
115116572-> data sent to printer:
115116573-> <2>Vpor defectos de fabrica, con la<3>
115116796-> data received from printer:
115116962-> <6>
115116963-> ********************** COMMAND BEGIN **********************
115116963-> data sent to printer:
115116964-> <2>Vpresentacion de esta factura (original),<3>
115117198-> data received from printer:
115117352-> <6>
115117352-> ********************** COMMAND BEGIN **********************
115117353-> data sent to printer:
115117353-> <2>Vdentro de los treinta (30) dias<3>
115117580-> data received from printer:
115117744-> <6>
115117745-> ********************** COMMAND BEGIN **********************
115117745-> data sent to printer:
115117745-> <2>Vsiguientes a la emision de la misma.<3>
115117974-> data received from printer:
115118134-> <6>
115118135-> ********************** COMMAND BEGIN **********************
115118136-> data sent to printer:
115118136-> <2>Y0<3>
115118186-> data received from printer:
115118466-> <2>SENIAT    J-316292649    1600*800*3100*2          Bs.0TIY1900001191020230136*300<3><6>
115118480-> ********************** COMMAND BEGIN **********************
115118480-> data sent to printer:
115118481-> <2>S<3>
115118488-> data received from printer:
115118647-> <21>
115118648-> ********************** COMMAND BEGIN **********************
115118648-> data sent to printer:
115118649-> <2>M<3>
115120640-> data received from printer:
115120792-> <6>
115302315-> OPEN PORT: COM1@9600
115302355-> ********************** COMMAND BEGIN **********************
115302356-> data sent to printer:
115302356-> <2>Q<3>
115302363-> data received from printer:
115302528-> <21>
115302529-> ********************** COMMAND BEGIN **********************
115302529-> data sent to printer:
115302530-> <2>M<3>
115302537-> data received from printer:
115302693-> <21>
115324614-> OPEN PORT: COM1@9600
115324654-> ********************** COMMAND BEGIN **********************
115324654-> data sent to printer:
115324654-> <2>Q<3>
115324662-> data received from printer:
115324812-> <21>
115324812-> ********************** COMMAND BEGIN **********************
115324813-> data sent to printer:
115324813-> <2>M<3>
115324821-> data received from printer:
115324978-> <21>
115428051-> OPEN PORT: COM1@9600
115428092-> ********************** COMMAND BEGIN **********************
115428092-> data sent to printer:
115428092-> <2>Q<3>
115428100-> data received from printer:
115428262-> <21>
115428262-> ********************** COMMAND BEGIN **********************
115428263-> data sent to printer:
115428263-> <2>M<3>
115428271-> data received from printer:
115428427-> <21>
115431421-> OPEN PORT: COM1@9600
115431460-> OPEN PORT: COM1@9600
115431461-> ********************** COMMAND BEGIN **********************
115431462-> data sent to printer:
115431462-> <2>L&1<3>
115433777-> data received from printer:
115433942-> <2>2653*2643<3><6>
115433942-> ********************** COMMAND BEGIN **********************
115433943-> data sent to printer:
115433943-> <2>VRazon Social: Ethel Pineda<3>
115434160-> data received from printer:
115434318-> <6>
115434318-> ********************** COMMAND BEGIN **********************
115434319-> data sent to printer:
115434319-> <2>VCI/Rif: V-12659799<3>
115434529-> data received from printer:
115434693-> <6>
115434694-> ********************** COMMAND BEGIN **********************
115434694-> data sent to printer:
115434694-> <2>V----------------------------------------<3>
115434929-> data received from printer:
115435084-> <6>
115435085-> ********************** COMMAND BEGIN **********************
115435085-> data sent to printer:
115435085-> <2>VA000004 GARANTIA EXTENDIDA<3>
115435302-> data received from printer:
115435460-> <6>
115435461-> ********************** COMMAND BEGIN **********************
115435461-> data sent to printer:
115435461-> <2>N11,000xBs644,92      00000644921<3>
115435743-> data received from printer:
115435896-> <6>
115435897-> ********************** COMMAND BEGIN **********************
115435897-> data sent to printer:
115435898-> <2>VC000412 RLX ULTRA CR 39 <3>
115436117-> data received from printer:
115436271-> <6>
115436272-> ********************** COMMAND BEGIN **********************
115436272-> data sent to printer:
115436272-> <2>N12,000xBs1504,82     00003009640<3>
115436549-> data received from printer:
115436706-> <6>
115436707-> ********************** COMMAND BEGIN **********************
115436707-> data sent to printer:
115436707-> <2>VM179102 DMCGMW201053BS<3>
115436923-> data received from printer:
115437082-> <6>
115437083-> ********************** COMMAND BEGIN **********************
115437083-> data sent to printer:
115437083-> <2>N11,000xBs1083,90     00001083901<3>
115437366-> data received from printer:
115437517-> <6>
115439240-> ********************** COMMAND BEGIN **********************
115439240-> data sent to printer:
115439241-> <2>OT466077<0><0><0><0><0><128><185><170><3>
115440510-> data received from printer:
115440667-> <2>515489<3><6>
115442376-> ********************** COMMAND BEGIN **********************
115442376-> data sent to printer:
115442376-> <2>P109/03/2024 TRANSFERE000000049412<3>
115442645-> data received from printer:
115442801-> <6>
115442802-> ********************** COMMAND BEGIN **********************
115442802-> data sent to printer:
115442803-> <2>P1DIVISAS             000000466077<3>
115443073-> data received from printer:
115443236-> <6>
115443876-> ********************** COMMAND BEGIN **********************
115443877-> data sent to printer:
115443877-> <2>V<3>
115444068-> data received from printer:
115444221-> <6>
115444222-> ********************** COMMAND BEGIN **********************
115444222-> data sent to printer:
115444222-> <2>VNumero Orden: 0050774<3>
115444437-> data received from printer:
115444596-> <6>
115444597-> ********************** COMMAND BEGIN **********************
115444597-> data sent to printer:
115444597-> <2>V<3>
115444792-> data received from printer:
115444956-> <6>
115444976-> ********************** COMMAND BEGIN **********************
115444976-> data sent to printer:
115444977-> <2>V*Contrato de Garantia Extendida para<3>
115445205-> data received from printer:
115445363-> <6>
115445364-> ********************** COMMAND BEGIN **********************
115445364-> data sent to printer:
115445364-> <2>V      Cristales Formulados:<3>
115445622-> data received from printer:
115445783-> <6>
115445784-> ********************** COMMAND BEGIN **********************
115445784-> data sent to printer:
115445784-> <2>V <3>
115445976-> data received from printer:
115446128-> <6>
115446129-> ********************** COMMAND BEGIN **********************
115446129-> data sent to printer:
115446129-> <2>VOD: ESF 0,75 EJE 25 CIL -0,25 ADD 2,25<3>
115446362-> data received from printer:
115446519-> <6>
115446519-> ********************** COMMAND BEGIN **********************
115446520-> data sent to printer:
115446520-> <2>VOI: ESF 0,50 EJE 0 CIL 0,00 ADD 2,25<3>
115446753-> data received from printer:
115446909-> <6>
115446909-> ********************** COMMAND BEGIN **********************
115446910-> data sent to printer:
115446910-> <2>V <3>
115447102-> data received from printer:
115447254-> <6>
115447255-> ********************** COMMAND BEGIN **********************
115447255-> data sent to printer:
115447255-> <2>VCondiciones legales en el Contrato<3>
115447484-> data received from printer:
115447645-> <6>
115447645-> ********************** COMMAND BEGIN **********************
115447646-> data sent to printer:
115447646-> <2>VSuscrito.<3>
115447851-> data received from printer:
115448006-> <6>
115448006-> ********************** COMMAND BEGIN **********************
115448007-> data sent to printer:
115448007-> <2>V <3>
115448199-> data received from printer:
115448352-> <6>
115448357-> ********************** COMMAND BEGIN **********************
115448358-> data sent to printer:
115448358-> <2>V<161><161><161>GRACIAS POR SU COMPRA!!!<3>
115448579-> data received from printer:
115448742-> <6>
115448743-> ********************** COMMAND BEGIN **********************
115448743-> data sent to printer:
115448743-> <2>VSolo se aceptaran devoluciones<3>
115448970-> data received from printer:
115449133-> <6>
115449133-> ********************** COMMAND BEGIN **********************
115449134-> data sent to printer:
115449134-> <2>Vpor defectos de fabrica, con la<3>
115449358-> data received from printer:
115449523-> <6>
115449523-> ********************** COMMAND BEGIN **********************
115449524-> data sent to printer:
115449524-> <2>Vpresentacion de esta factura (original),<3>
115449758-> data received from printer:
115449913-> <6>
115449932-> ********************** COMMAND BEGIN **********************
115449932-> data sent to printer:
115449932-> <2>Vdentro de los treinta (30) dias<3>
115450160-> data received from printer:
115450317-> <6>
115450318-> ********************** COMMAND BEGIN **********************
115450318-> data sent to printer:
115450318-> <2>Vsiguientes a la emision de la misma.<3>
115450582-> data received from printer:
115450737-> <6>
115450737-> ********************** COMMAND BEGIN **********************
115450738-> data sent to printer:
115450738-> <2>Y0<3>
115450788-> data received from printer:
115451068-> <2>SENIAT    J-316292649    1600*800*3100*2          Bs.0TIY1900001191020230140*300<3><6>
115451069-> ********************** COMMAND BEGIN **********************
115451069-> data sent to printer:
115451069-> <2>S<3>
115451077-> data received from printer:
115451233-> <21>
115451234-> ********************** COMMAND BEGIN **********************
115451234-> data sent to printer:
115451234-> <2>M<3>
115452547-> data received from printer:
115452703-> <6>
123108508-> OPEN PORT: COM1@9600
123108570-> ********************** COMMAND BEGIN **********************
123108571-> data sent to printer:
123108571-> <2>Q<3>
123108578-> data received from printer:
123108735-> <21>
123108736-> ********************** COMMAND BEGIN **********************
123108736-> data sent to printer:
123108736-> <2>M<3>
123108744-> data received from printer:
123108900-> <21>
123130178-> OPEN PORT: COM1@9600
123130217-> ********************** COMMAND BEGIN **********************
123130217-> data sent to printer:
123130218-> <2>Q<3>
123130225-> data received from printer:
123130385-> <21>
123130386-> ********************** COMMAND BEGIN **********************
123130386-> data sent to printer:
123130386-> <2>M<3>
123130394-> data received from printer:
123130550-> <21>
123132498-> OPEN PORT: COM1@9600
123132537-> OPEN PORT: COM1@9600
123132539-> ********************** COMMAND BEGIN **********************
123132539-> data sent to printer:
123132540-> <2>L&1<3>
123134215-> data received from printer:
123134367-> <2>2654*2643<3><6>
123134368-> ********************** COMMAND BEGIN **********************
123134368-> data sent to printer:
123134368-> <2>VRazon Social: Ethel Pineda<3>
123134586-> data received from printer:
123134742-> <6>
123134743-> ********************** COMMAND BEGIN **********************
123134743-> data sent to printer:
123134744-> <2>VCI/Rif: V-12659799<3>
123134956-> data received from printer:
123135118-> <6>
123135119-> ********************** COMMAND BEGIN **********************
123135119-> data sent to printer:
123135119-> <2>V----------------------------------------<3>
123135351-> data received from printer:
123135509-> <6>
123135510-> ********************** COMMAND BEGIN **********************
123135510-> data sent to printer:
123135510-> <2>VA000004 GARANTIA EXTENDIDA<3>
123135729-> data received from printer:
123135884-> <6>
123135885-> ********************** COMMAND BEGIN **********************
123135885-> data sent to printer:
123135886-> <2>N11,000xBs644,92      00000644921<3>
123136169-> data received from printer:
123136320-> <6>
123136321-> ********************** COMMAND BEGIN **********************
123136321-> data sent to printer:
123136322-> <2>VC000412 RLX ULTRA CR 39 <3>
123136573-> data received from printer:
123136726-> <6>
123136727-> ********************** COMMAND BEGIN **********************
123136727-> data sent to printer:
123136727-> <2>N12,000xBs1504,82     00003009640<3>
123137008-> data received from printer:
123137161-> <6>
123137162-> ********************** COMMAND BEGIN **********************
123137162-> data sent to printer:
123137163-> <2>VM179102 DMCGMW201053BS<3>
123137377-> data received from printer:
123137536-> <6>
123137536-> ********************** COMMAND BEGIN **********************
123137537-> data sent to printer:
123137537-> <2>N11,000xBs1083,90     00001083901<3>
123137818-> data received from printer:
123137971-> <6>
123139622-> ********************** COMMAND BEGIN **********************
123139622-> data sent to printer:
123139623-> <2>OT501495<0>492<0><1><185>O<3>
123140894-> data received from printer:
123141046-> <2>516552<3><6>
123142214-> ********************** COMMAND BEGIN **********************
123142215-> data sent to printer:
123142215-> <2>P1DIVISAS             000000501495<3>
123142482-> data received from printer:
123142635-> <6>
123142751-> ********************** COMMAND BEGIN **********************
123142752-> data sent to printer:
123142752-> <2>V<3>
123142945-> data received from printer:
123143102-> <6>
123143103-> ********************** COMMAND BEGIN **********************
123143103-> data sent to printer:
123143103-> <2>VNumero Orden: 0050775<3>
123143320-> data received from printer:
123143477-> <6>
123143477-> ********************** COMMAND BEGIN **********************
123143478-> data sent to printer:
123143478-> <2>V<3>
123143669-> data received from printer:
123143822-> <6>
123143842-> ********************** COMMAND BEGIN **********************
123143843-> data sent to printer:
123143843-> <2>V*Contrato de Garantia Extendida para<3>
123144074-> data received from printer:
123144227-> <6>
123144227-> ********************** COMMAND BEGIN **********************
123144228-> data sent to printer:
123144228-> <2>V      Cristales Formulados:<3>
123144451-> data received from printer:
123144617-> <6>
123144617-> ********************** COMMAND BEGIN **********************
123144618-> data sent to printer:
123144618-> <2>V <3>
123144811-> data received from printer:
123144962-> <6>
123144999-> ********************** COMMAND BEGIN **********************
123144999-> data sent to printer:
123145000-> <2>VOD: ESF 0,75 EJE 25 CIL -0,25 ADD 2,25<3>
123145233-> data received from printer:
123145397-> <6>
123145398-> ********************** COMMAND BEGIN **********************
123145398-> data sent to printer:
123145399-> <2>VOI: ESF 0,50 EJE 0 CIL 0,00 ADD 2,25<3>
123145631-> data received from printer:
123145787-> <6>
123145788-> ********************** COMMAND BEGIN **********************
123145788-> data sent to printer:
123145788-> <2>V <3>
123145981-> data received from printer:
123146132-> <6>
123146133-> ********************** COMMAND BEGIN **********************
123146133-> data sent to printer:
123146133-> <2>VCondiciones legales en el Contrato<3>
123146362-> data received from printer:
123146522-> <6>
123146523-> ********************** COMMAND BEGIN **********************
123146523-> data sent to printer:
123146523-> <2>VSuscrito.<3>
123146728-> data received from printer:
123146883-> <6>
123146884-> ********************** COMMAND BEGIN **********************
123146884-> data sent to printer:
123146885-> <2>V <3>
123147112-> data received from printer:
123147275-> <6>
123147279-> ********************** COMMAND BEGIN **********************
123147280-> data sent to printer:
123147280-> <2>V<161><161><161>GRACIAS POR SU COMPRA!!!<3>
123147503-> data received from printer:
123147665-> <6>
123147666-> ********************** COMMAND BEGIN **********************
123147666-> data sent to printer:
123147666-> <2>VSolo se aceptaran devoluciones<3>
123147889-> data received from printer:
123148041-> <6>
123148041-> ********************** COMMAND BEGIN **********************
123148042-> data sent to printer:
123148042-> <2>Vpor defectos de fabrica, con la<3>
123148268-> data received from printer:
123148432-> <6>
123148433-> ********************** COMMAND BEGIN **********************
123148433-> data sent to printer:
123148433-> <2>Vpresentacion de esta factura (original),<3>
123148670-> data received from printer:
123148822-> <6>
123148823-> ********************** COMMAND BEGIN **********************
123148823-> data sent to printer:
123148824-> <2>Vdentro de los treinta (30) dias<3>
123149047-> data received from printer:
123149198-> <6>
123149199-> ********************** COMMAND BEGIN **********************
123149199-> data sent to printer:
123149199-> <2>Vsiguientes a la emision de la misma.<3>
123149430-> data received from printer:
123149588-> <6>
123149588-> ********************** COMMAND BEGIN **********************
123149589-> data sent to printer:
123149589-> <2>Y0<3>
123149639-> data received from printer:
123149919-> <2>SENIAT    J-316292649    1600*800*3100*2          Bs.0TIY1900001191020230217*300<3><6>
123149920-> ********************** COMMAND BEGIN **********************
123149920-> data sent to printer:
123149921-> <2>S<3>
123149928-> data received from printer:
123150085-> <21>
123150086-> ********************** COMMAND BEGIN **********************
123150086-> data sent to printer:
123150086-> <2>M<3>
123151435-> data received from printer:
123151586-> <6>
123220593-> OPEN PORT: COM1@9600
123220633-> ********************** COMMAND BEGIN **********************
123220633-> data sent to printer:
123220634-> <2>Q<3>
123220641-> data received from printer:
123220807-> <21>
123220808-> ********************** COMMAND BEGIN **********************
123220808-> data sent to printer:
123220808-> <2>M<3>
123220816-> data received from printer:
123220972-> <21>
123241952-> OPEN PORT: COM1@9600
123241991-> ********************** COMMAND BEGIN **********************
123241992-> data sent to printer:
123241992-> <2>Q<3>
123242001-> data received from printer:
123242163-> <21>
123242163-> ********************** COMMAND BEGIN **********************
123242164-> data sent to printer:
123242164-> <2>M<3>
123242172-> data received from printer:
123242329-> <21>
123243989-> OPEN PORT: COM1@9600
123244028-> OPEN PORT: COM1@9600
123244029-> ********************** COMMAND BEGIN **********************
123244029-> data sent to printer:
123244030-> <2>L&1<3>
123246346-> data received from printer:
123246509-> <2>2655*2643<3><6>
123246510-> ********************** COMMAND BEGIN **********************
123246510-> data sent to printer:
123246510-> <2>VRazon Social: Ethel Pineda<3>
123246731-> data received from printer:
123246885-> <6>
123246886-> ********************** COMMAND BEGIN **********************
123246886-> data sent to printer:
123246886-> <2>VCI/Rif: V-12659799<3>
123247094-> data received from printer:
123247246-> <6>
123247247-> ********************** COMMAND BEGIN **********************
123247247-> data sent to printer:
123247248-> <2>V----------------------------------------<3>
123247481-> data received from printer:
123247636-> <6>
123247637-> ********************** COMMAND BEGIN **********************
123247637-> data sent to printer:
123247638-> <2>VA000004 GARANTIA EXTENDIDA<3>
123247858-> data received from printer:
123248011-> <6>
123248012-> ********************** COMMAND BEGIN **********************
123248012-> data sent to printer:
123248012-> <2>N11,000xBs644,92      00000644921<3>
123248291-> data received from printer:
123248447-> <6>
123248447-> ********************** COMMAND BEGIN **********************
123248448-> data sent to printer:
123248448-> <2>VC000412 RLX ULTRA CR 39 <3>
123248666-> data received from printer:
123248823-> <6>
123248824-> ********************** COMMAND BEGIN **********************
123248824-> data sent to printer:
123248824-> <2>N12,000xBs1504,82     00003009640<3>
123249104-> data received from printer:
123249258-> <6>
123249259-> ********************** COMMAND BEGIN **********************
123249259-> data sent to printer:
123249259-> <2>VM179102 DMCGMW201053BS<3>
123249473-> data received from printer:
123249633-> <6>
123249633-> ********************** COMMAND BEGIN **********************
123249634-> data sent to printer:
123249634-> <2>N11,000xBs1083,90     00001083901<3>
123249916-> data received from printer:
123250069-> <6>
123250836-> ********************** COMMAND BEGIN **********************
123250837-> data sent to printer:
123250837-> <2>OT415495<0><0><0><0><0><128>G<127><3>
123252111-> data received from printer:
123252264-> <2>513972<3><6>
123254116-> ********************** COMMAND BEGIN **********************
123254116-> data sent to printer:
123254117-> <2>P109/03/2024 TRANSFERE000000098477<3>
123254383-> data received from printer:
123254536-> <6>
123254537-> ********************** COMMAND BEGIN **********************
123254537-> data sent to printer:
123254538-> <2>P1DIVISAS             000000415495<3>
123254806-> data received from printer:
123254972-> <6>
123255572-> ********************** COMMAND BEGIN **********************
123255573-> data sent to printer:
123255573-> <2>V<3>
123255768-> data received from printer:
123255921-> <6>
123255922-> ********************** COMMAND BEGIN **********************
123255922-> data sent to printer:
123255922-> <2>VNumero Orden: 0050776<3>
123256136-> data received from printer:
123256296-> <6>
123256297-> ********************** COMMAND BEGIN **********************
123256297-> data sent to printer:
123256297-> <2>V<3>
123256491-> data received from printer:
123256642-> <6>
123256664-> ********************** COMMAND BEGIN **********************
123256664-> data sent to printer:
123256665-> <2>V*Contrato de Garantia Extendida para<3>
123256897-> data received from printer:
123257062-> <6>
123257062-> ********************** COMMAND BEGIN **********************
123257063-> data sent to printer:
123257063-> <2>V      Cristales Formulados:<3>
123257319-> data received from printer:
123257483-> <6>
123257484-> ********************** COMMAND BEGIN **********************
123257484-> data sent to printer:
123257484-> <2>V <3>
123257681-> data received from printer:
123257843-> <6>
123257843-> ********************** COMMAND BEGIN **********************
123257844-> data sent to printer:
123257844-> <2>VOD: ESF 0,75 EJE 25 CIL -0,25 ADD 2,25<3>
123258075-> data received from printer:
123258233-> <6>
123258234-> ********************** COMMAND BEGIN **********************
123258234-> data sent to printer:
123258234-> <2>VOI: ESF 0,50 EJE 0 CIL 0,00 ADD 2,25<3>
123258466-> data received from printer:
123258624-> <6>
123258625-> ********************** COMMAND BEGIN **********************
123258625-> data sent to printer:
123258625-> <2>V <3>
123258821-> data received from printer:
123258985-> <6>
123258986-> ********************** COMMAND BEGIN **********************
123258986-> data sent to printer:
123258986-> <2>VCondiciones legales en el Contrato<3>
123259213-> data received from printer:
123259377-> <6>
123259378-> ********************** COMMAND BEGIN **********************
123259378-> data sent to printer:
123259378-> <2>VSuscrito.<3>
123259582-> data received from printer:
123259737-> <6>
123259738-> ********************** COMMAND BEGIN **********************
123259738-> data sent to printer:
123259738-> <2>V <3>
123259935-> data received from printer:
123300114-> <6>
123300127-> ********************** COMMAND BEGIN **********************
123300127-> data sent to printer:
123300128-> <2>V<161><161><161>GRACIAS POR SU COMPRA!!!<3>
123300347-> data received from printer:
123300504-> <6>
123300505-> ********************** COMMAND BEGIN **********************
123300505-> data sent to printer:
123300505-> <2>VSolo se aceptaran devoluciones<3>
123300730-> data received from printer:
123300881-> <6>
123300882-> ********************** COMMAND BEGIN **********************
123300882-> data sent to printer:
123300882-> <2>Vpor defectos de fabrica, con la<3>
123301110-> data received from printer:
123301272-> <6>
123301273-> ********************** COMMAND BEGIN **********************
123301273-> data sent to printer:
123301273-> <2>Vpresentacion de esta factura (original),<3>
123301507-> data received from printer:
123301663-> <6>
123301663-> ********************** COMMAND BEGIN **********************
123301664-> data sent to printer:
123301664-> <2>Vdentro de los treinta (30) dias<3>
123301927-> data received from printer:
123302084-> <6>
123302084-> ********************** COMMAND BEGIN **********************
123302085-> data sent to printer:
123302085-> <2>Vsiguientes a la emision de la misma.<3>
123302314-> data received from printer:
123302475-> <6>
123302476-> ********************** COMMAND BEGIN **********************
123302476-> data sent to printer:
123302476-> <2>Y0<3>
123302526-> data received from printer:
123302806-> <2>SENIAT    J-316292649    1600*800*3100*2          Bs.0TIY1900001191020230218*300<3><6>
123302807-> ********************** COMMAND BEGIN **********************
123302807-> data sent to printer:
123302808-> <2>S<3>
123302815-> data received from printer:
123302972-> <21>
123302972-> ********************** COMMAND BEGIN **********************
123302973-> data sent to printer:
123302973-> <2>M<3>
123304288-> data received from printer:
123304442-> <6>
124046246-> OPEN PORT: COM1@9600
124046301-> ********************** COMMAND BEGIN **********************
124046301-> data sent to printer:
124046302-> <2>Q<3>
124046310-> data received from printer:
124046467-> <21>
124046468-> ********************** COMMAND BEGIN **********************
124046468-> data sent to printer:
124046469-> <2>M<3>
124046476-> data received from printer:
124046632-> <21>
125631753-> OPEN PORT: COM1@9600
125631794-> ********************** COMMAND BEGIN **********************
125631795-> data sent to printer:
125631795-> <2>Q<3>
125631802-> data received from printer:
125631957-> <21>
125631958-> ********************** COMMAND BEGIN **********************
125631958-> data sent to printer:
125631959-> <2>M<3>
125631966-> data received from printer:
125632122-> <21>
125635811-> OPEN PORT: COM1@9600
125635851-> OPEN PORT: COM1@9600
125635864-> ********************** COMMAND BEGIN **********************
125635865-> data sent to printer:
125635865-> <2>L&1<3>
125638181-> data received from printer:
125638333-> <2>2656*2643<3><6>
125638353-> ********************** COMMAND BEGIN **********************
125638353-> data sent to printer:
125638354-> <2>VRazon Social: Ethel Pineda<3>
125638574-> data received from printer:
125638739-> <6>
125638739-> ********************** COMMAND BEGIN **********************
125638740-> data sent to printer:
125638740-> <2>VCI/Rif: V-12659799<3>
125638948-> data received from printer:
125639099-> <6>
125639109-> ********************** COMMAND BEGIN **********************
125639109-> data sent to printer:
125639110-> <2>V----------------------------------------<3>
125639342-> data received from printer:
125639506-> <6>
125639509-> ********************** COMMAND BEGIN **********************
125639510-> data sent to printer:
125639510-> <2>VA000004 GARANTIA EXTENDIDA<3>
125639730-> data received from printer:
125639882-> <6>
125639883-> ********************** COMMAND BEGIN **********************
125639883-> data sent to printer:
125639884-> <2>N11,000xBs644,92      00000644921<3>
125640198-> data received from printer:
125640363-> <6>
125640363-> ********************** COMMAND BEGIN **********************
125640363-> data sent to printer:
125640363-> <2>VC000412 RLX ULTRA CR 39 <3>
125640583-> data received from printer:
125640737-> <6>
125640737-> ********************** COMMAND BEGIN **********************
125640738-> data sent to printer:
125640738-> <2>N12,000xBs1504,82     00003009640<3>
125641015-> data received from printer:
125641172-> <6>
125641173-> ********************** COMMAND BEGIN **********************
125641173-> data sent to printer:
125641173-> <2>VM179102 DMCGMW201053BS<3>
125641389-> data received from printer:
125641548-> <6>
125641548-> ********************** COMMAND BEGIN **********************
125641549-> data sent to printer:
125641549-> <2>N11,000xBs1083,90     00001083901<3>
125641832-> data received from printer:
125641998-> <6>
125644044-> ********************** COMMAND BEGIN **********************
125644045-> data sent to printer:
125644045-> <2>OT476495<0><0><0><0><0><0><192>t<3>
125645313-> data received from printer:
125645476-> <2>515802<3><6>
125647917-> ********************** COMMAND BEGIN **********************
125647918-> data sent to printer:
125647918-> <2>P109/03/2024 TRANSFERE000000025000<3>
125648187-> data received from printer:
125648344-> <6>
125648345-> ********************** COMMAND BEGIN **********************
125648345-> data sent to printer:
125648345-> <2>P1DIVISAS             000000476495<3>
125648616-> data received from printer:
125648781-> <6>
125649364-> ********************** COMMAND BEGIN **********************
125649365-> data sent to printer:
125649365-> <2>V<3>
125649556-> data received from printer:
125649714-> <6>
125649715-> ********************** COMMAND BEGIN **********************
125649715-> data sent to printer:
125649715-> <2>VNumero Orden: 0050777<3>
125649930-> data received from printer:
125650089-> <6>
125650090-> ********************** COMMAND BEGIN **********************
125650090-> data sent to printer:
125650090-> <2>V<3>
125650285-> data received from printer:
125650435-> <6>
125650475-> ********************** COMMAND BEGIN **********************
125650475-> data sent to printer:
125650476-> <2>V*Contrato de Garantia Extendida para<3>
125650704-> data received from printer:
125650858-> <6>
125650859-> ********************** COMMAND BEGIN **********************
125650859-> data sent to printer:
125650860-> <2>V      Cristales Formulados:<3>
125651081-> data received from printer:
125651235-> <6>
125651235-> ********************** COMMAND BEGIN **********************
125651235-> data sent to printer:
125651235-> <2>V <3>
125651431-> data received from printer:
125651595-> <6>
125651595-> ********************** COMMAND BEGIN **********************
125651597-> data sent to printer:
125651597-> <2>VOD: ESF 0,75 EJE 25 CIL -0,25 ADD 2,25<3>
125651828-> data received from printer:
125651986-> <6>
125651986-> ********************** COMMAND BEGIN **********************
125651986-> data sent to printer:
125651987-> <2>VOI: ESF 0,50 EJE 0 CIL 0,00 ADD 2,25<3>
125652217-> data received from printer:
125652376-> <6>
125652376-> ********************** COMMAND BEGIN **********************
125652377-> data sent to printer:
125652377-> <2>V <3>
125652573-> data received from printer:
125652737-> <6>
125652737-> ********************** COMMAND BEGIN **********************
125652738-> data sent to printer:
125652738-> <2>VCondiciones legales en el Contrato<3>
125653001-> data received from printer:
125653158-> <6>
125653159-> ********************** COMMAND BEGIN **********************
125653159-> data sent to printer:
125653159-> <2>VSuscrito.<3>
125653364-> data received from printer:
125653519-> <6>
125653519-> ********************** COMMAND BEGIN **********************
125653520-> data sent to printer:
125653520-> <2>V <3>
125653713-> data received from printer:
125653864-> <6>
125653886-> ********************** COMMAND BEGIN **********************
125653887-> data sent to printer:
125653887-> <2>V<161><161><161>GRACIAS POR SU COMPRA!!!<3>
125654109-> data received from printer:
125654272-> <6>
125654273-> ********************** COMMAND BEGIN **********************
125654273-> data sent to printer:
125654273-> <2>VSolo se aceptaran devoluciones<3>
125654500-> data received from printer:
125654663-> <6>
125654663-> ********************** COMMAND BEGIN **********************
125654664-> data sent to printer:
125654664-> <2>Vpor defectos de fabrica, con la<3>
125654888-> data received from printer:
125655053-> <6>
125655054-> ********************** COMMAND BEGIN **********************
125655054-> data sent to printer:
125655054-> <2>Vpresentacion de esta factura (original),<3>
125655289-> data received from printer:
125655443-> <6>
125655443-> ********************** COMMAND BEGIN **********************
125655444-> data sent to printer:
125655444-> <2>Vdentro de los treinta (30) dias<3>
125655671-> data received from printer:
125655833-> <6>
125655833-> ********************** COMMAND BEGIN **********************
125655834-> data sent to printer:
125655834-> <2>Vsiguientes a la emision de la misma.<3>
125656063-> data received from printer:
125656224-> <6>
125656226-> ********************** COMMAND BEGIN **********************
125656226-> data sent to printer:
125656226-> <2>Y0<3>
125656276-> data received from printer:
125656554-> <2>SENIAT    J-316292649    1600*800*3100*2          Bs.0TIY1900001191020230242*300<3><6>
125656567-> ********************** COMMAND BEGIN **********************
125656568-> data sent to printer:
125656568-> <2>S<3>
125656575-> data received from printer:
125656734-> <21>
125656735-> ********************** COMMAND BEGIN **********************
125656735-> data sent to printer:
125656736-> <2>M<3>
125658084-> data received from printer:
125658235-> <6>
131042569-> OPEN PORT: COM1@9600
131042610-> ********************** COMMAND BEGIN **********************
131042611-> data sent to printer:
131042612-> <2>Q<3>
131042619-> data received from printer:
131042777-> <21>
131042777-> ********************** COMMAND BEGIN **********************
131042778-> data sent to printer:
131042778-> <2>M<3>
131042786-> data received from printer:
131042942-> <21>
131113961-> OPEN PORT: COM1@9600
131114001-> ********************** COMMAND BEGIN **********************
131114002-> data sent to printer:
131114002-> <2>Q<3>
131114010-> data received from printer:
131114165-> <21>
131114166-> ********************** COMMAND BEGIN **********************
131114166-> data sent to printer:
131114166-> <2>M<3>
131114174-> data received from printer:
131114331-> <21>
131117439-> OPEN PORT: COM1@9600
131117479-> OPEN PORT: COM1@9600
131117480-> ********************** COMMAND BEGIN **********************
131117480-> data sent to printer:
131117481-> <2>L&1<3>
131119154-> data received from printer:
131119306-> <2>2657*2643<3><6>
131119307-> ********************** COMMAND BEGIN **********************
131119307-> data sent to printer:
131119307-> <2>VRazon Social: Diego Gonzalez<3>
131119528-> data received from printer:
131119681-> <6>
131119681-> ********************** COMMAND BEGIN **********************
131119682-> data sent to printer:
131119682-> <2>VCI/Rif: V-21012012<3>
131119895-> data received from printer:
131120056-> <6>
131120056-> ********************** COMMAND BEGIN **********************
131120057-> data sent to printer:
131120057-> <2>V----------------------------------------<3>
131120289-> data received from printer:
131120446-> <6>
131120447-> ********************** COMMAND BEGIN **********************
131120447-> data sent to printer:
131120447-> <2>VC000013 ULTRA DELGADO 1.60 ASFERICO <3>
131120676-> data received from printer:
131120837-> <6>
131120838-> ********************** COMMAND BEGIN **********************
131120838-> data sent to printer:
131120839-> <2>N12,000xBs2131,67     00004263340<3>
131121738-> data received from printer:
131121902-> <6>
131121903-> ********************** COMMAND BEGIN **********************
131121904-> data sent to printer:
131121904-> <2>VM176463 DPCGGLAM203556L<3>
131122119-> data received from printer:
131122278-> <6>
131122279-> ********************** COMMAND BEGIN **********************
131122279-> data sent to printer:
131122279-> <2>N11,000xBs1698,11     00001698111<3>
131122559-> data received from printer:
131122713-> <6>
131129648-> ********************** COMMAND BEGIN **********************
131129648-> data sent to printer:
131129648-> <2>P109/03/2024 TRANSFERE000000025000<3>
131129690-> data received from printer:
131129845-> <21>
131129846-> ********************** COMMAND BEGIN **********************
131129846-> data sent to printer:
131129847-> <2>P1DIVISAS             000000598300<3>
131129889-> data received from printer:
131130040-> <21>
131131010-> ********************** COMMAND BEGIN **********************
131131010-> data sent to printer:
131131011-> <2>Q<3>
131131402-> data received from printer:
131131565-> <6>
131131566-> ********************** COMMAND BEGIN **********************
131131566-> data sent to printer:
131131567-> <2>M<3>
131131574-> data received from printer:
131131731-> <21>
131532837-> OPEN PORT: COM1@9600
131532877-> ********************** COMMAND BEGIN **********************
131532878-> data sent to printer:
131532878-> <2>Q<3>
131532885-> data received from printer:
131533041-> <21>
131533041-> ********************** COMMAND BEGIN **********************
131533042-> data sent to printer:
131533042-> <2>M<3>
131533050-> data received from printer:
131533207-> <21>
131539012-> OPEN PORT: COM1@9600
131539052-> OPEN PORT: COM1@9600
131539052-> ********************** COMMAND BEGIN **********************
131539052-> data sent to printer:
131539052-> <2>L&1<3>
131540722-> data received from printer:
131540888-> <2>2658*2657<3><6>
131540889-> ********************** COMMAND BEGIN **********************
131540889-> data sent to printer:
131540889-> <2>VRazon Social: Diego Gonzalez<3>
131541108-> data received from printer:
131541264-> <6>
131541265-> ********************** COMMAND BEGIN **********************
131541265-> data sent to printer:
131541265-> <2>VCI/Rif: V-21012012<3>
131541475-> data received from printer:
131541640-> <6>
131541640-> ********************** COMMAND BEGIN **********************
131541641-> data sent to printer:
131541641-> <2>V----------------------------------------<3>
131541875-> data received from printer:
131542030-> <6>
131542031-> ********************** COMMAND BEGIN **********************
131542031-> data sent to printer:
131542032-> <2>VC000013 ULTRA DELGADO 1.60 ASFERICO <3>
131542294-> data received from printer:
131542451-> <6>
131542452-> ********************** COMMAND BEGIN **********************
131542452-> data sent to printer:
131542452-> <2>N12,000xBs2131,67     00004263340<3>
131542728-> data received from printer:
131542886-> <6>
131542887-> ********************** COMMAND BEGIN **********************
131542887-> data sent to printer:
131542887-> <2>VM176463 DPCGGLAM203556L<3>
131543102-> data received from printer:
131543261-> <6>
131543261-> ********************** COMMAND BEGIN **********************
131543262-> data sent to printer:
131543262-> <2>N11,000xBs1698,11     00001698111<3>
131543544-> data received from printer:
131543696-> <6>
131804865-> ********************** COMMAND BEGIN **********************
131804866-> data sent to printer:
131804866-> <2>P109/03/2024 TRANSFERE000000025000<3>
131804908-> data received from printer:
131805063-> <21>
131806079-> ********************** COMMAND BEGIN **********************
131806080-> data sent to printer:
131806080-> <2>P1DIVISAS             000000598300<3>
131806122-> data received from printer:
131806284-> <21>
131808394-> ********************** COMMAND BEGIN **********************
131808395-> data sent to printer:
131808395-> <2>Q<3>
131808786-> data received from printer:
131808941-> <6>
131809366-> ********************** COMMAND BEGIN **********************
131809366-> data sent to printer:
131809366-> <2>M<3>
131809374-> data received from printer:
131809529-> <21>
134103998-> OPEN PORT: COM1@9600
134104038-> ********************** COMMAND BEGIN **********************
134104039-> data sent to printer:
134104039-> <2>Q<3>
134104047-> data received from printer:
134104209-> <21>
134104209-> ********************** COMMAND BEGIN **********************
134104210-> data sent to printer:
134104210-> <2>M<3>
134104218-> data received from printer:
134104374-> <21>
134136916-> OPEN PORT: COM1@9600
134136956-> ********************** COMMAND BEGIN **********************
134136957-> data sent to printer:
134136957-> <2>Q<3>
134136964-> data received from printer:
134137121-> <21>
134137122-> ********************** COMMAND BEGIN **********************
134137122-> data sent to printer:
134137123-> <2>M<3>
134137130-> data received from printer:
134137286-> <21>
134140677-> OPEN PORT: COM1@9600
134140716-> OPEN PORT: COM1@9600
134140717-> ********************** COMMAND BEGIN **********************
134140718-> data sent to printer:
134140718-> <2>L&1<3>
134142388-> data received from printer:
134142548-> <2>2659*2658<3><6>
134142548-> ********************** COMMAND BEGIN **********************
134142549-> data sent to printer:
134142549-> <2>VRazon Social: Diego Gonzalez<3>
134142768-> data received from printer:
134142924-> <6>
134142925-> ********************** COMMAND BEGIN **********************
134142925-> data sent to printer:
134142925-> <2>VCI/Rif: V-21012012<3>
134143135-> data received from printer:
134143285-> <6>
134143286-> ********************** COMMAND BEGIN **********************
134143286-> data sent to printer:
134143286-> <2>V----------------------------------------<3>
134143521-> data received from printer:
134143675-> <6>
134143676-> ********************** COMMAND BEGIN **********************
134143676-> data sent to printer:
134143676-> <2>VC000013 ULTRA DELGADO 1.60 ASFERICO <3>
134143904-> data received from printer:
134144066-> <6>
134144067-> ********************** COMMAND BEGIN **********************
134144067-> data sent to printer:
134144067-> <2>N12,000xBs2131,67     00004263340<3>
134144342-> data received from printer:
134144502-> <6>
134144503-> ********************** COMMAND BEGIN **********************
134144503-> data sent to printer:
134144503-> <2>VM176463 DPCGGLAM203556L<3>
134144722-> data received from printer:
134144876-> <6>
134144877-> ********************** COMMAND BEGIN **********************
134144877-> data sent to printer:
134144877-> <2>N11,000xBs1698,11     00001698111<3>
134145156-> data received from printer:
134145312-> <6>
134200745-> ********************** COMMAND BEGIN **********************
134200746-> data sent to printer:
134200746-> <2>OT5982990000<0><0><230>t<3>
134202015-> data received from printer:
134202170-> <2>642014<3><6>
134205041-> ********************** COMMAND BEGIN **********************
134205042-> data sent to printer:
134205042-> <2>P109/03/2024 TRANSFERE000000025000<3>
134205312-> data received from printer:
134205472-> <6>
134205473-> ********************** COMMAND BEGIN **********************
134205473-> data sent to printer:
134205473-> <2>P1DIVISAS             000000598300<3>
134205740-> data received from printer:
134205892-> <6>
134206875-> ********************** COMMAND BEGIN **********************
134206875-> data sent to printer:
134206876-> <2>V<3>
134207068-> data received from printer:
134207221-> <6>
134207222-> ********************** COMMAND BEGIN **********************
134207222-> data sent to printer:
134207223-> <2>VNumero Orden: 0050780<3>
134207439-> data received from printer:
134207597-> <6>
134207598-> ********************** COMMAND BEGIN **********************
134207598-> data sent to printer:
134207598-> <2>V<3>
134207789-> data received from printer:
134207942-> <6>
134207998-> ********************** COMMAND BEGIN **********************
134208000-> data sent to printer:
134208001-> <2>V<161><161><161>GRACIAS POR SU COMPRA!!!<3>
134208223-> data received from printer:
134208378-> <6>
134208379-> ********************** COMMAND BEGIN **********************
134208379-> data sent to printer:
134208379-> <2>VSolo se aceptaran devoluciones<3>
134208638-> data received from printer:
134208798-> <6>
134208799-> ********************** COMMAND BEGIN **********************
134208799-> data sent to printer:
134208799-> <2>Vpor defectos de fabrica, con la<3>
134209024-> data received from printer:
134209174-> <6>
134209175-> ********************** COMMAND BEGIN **********************
134209175-> data sent to printer:
134209175-> <2>Vpresentacion de esta factura (original),<3>
134209412-> data received from printer:
134209565-> <6>
134209565-> ********************** COMMAND BEGIN **********************
134209566-> data sent to printer:
134209566-> <2>Vdentro de los treinta (30) dias<3>
134209789-> data received from printer:
134209940-> <6>
134209941-> ********************** COMMAND BEGIN **********************
134209941-> data sent to printer:
134209941-> <2>Vsiguientes a la emision de la misma.<3>
134210171-> data received from printer:
134210330-> <6>
134210331-> ********************** COMMAND BEGIN **********************
134210331-> data sent to printer:
134210332-> <2>Y0<3>
134210381-> data received from printer:
134210660-> <2>SENIAT    J-316292649    1600*800*3100*2          Bs.0TIY1900001191020230327*300<3><6>
134210660-> ********************** COMMAND BEGIN **********************
134210661-> data sent to printer:
134210661-> <2>S<3>
134210669-> data received from printer:
134210825-> <21>
134210825-> ********************** COMMAND BEGIN **********************
134210826-> data sent to printer:
134210826-> <2>M<3>
134212173-> data received from printer:
134212325-> <6>
134502175-> OPEN PORT: COM1@9600
134502215-> ********************** COMMAND BEGIN **********************
134502216-> data sent to printer:
134502216-> <2>Q<3>
134502223-> data received from printer:
134502376-> <21>
134502376-> ********************** COMMAND BEGIN **********************
134502377-> data sent to printer:
134502377-> <2>M<3>
134502385-> data received from printer:
134502541-> <21>
135207710-> OPEN PORT: COM1@9600
135207750-> ********************** COMMAND BEGIN **********************
135207751-> data sent to printer:
135207751-> <2>Q<3>
135207759-> data received from printer:
135207919-> <21>
135207920-> ********************** COMMAND BEGIN **********************
135207920-> data sent to printer:
135207920-> <2>M<3>
135207928-> data received from printer:
135208085-> <21>
135210195-> OPEN PORT: COM1@9600
135210235-> OPEN PORT: COM1@9600
135210236-> ********************** COMMAND BEGIN **********************
135210236-> data sent to printer:
135210236-> <2>L&1<3>
135211873-> data received from printer:
135212034-> <2>2660*2658<3><6>
135212035-> ********************** COMMAND BEGIN **********************
135212035-> data sent to printer:
135212035-> <2>VRazon Social: Diego Gonzalez<3>
135212256-> data received from printer:
135212409-> <6>
135212410-> ********************** COMMAND BEGIN **********************
135212410-> data sent to printer:
135212410-> <2>VCI/Rif: V-21012012<3>
135212655-> data received from printer:
135212814-> <6>
135212815-> ********************** COMMAND BEGIN **********************
135212815-> data sent to printer:
135212815-> <2>V----------------------------------------<3>
135213048-> data received from printer:
135213205-> <6>
135213206-> ********************** COMMAND BEGIN **********************
135213206-> data sent to printer:
135213206-> <2>VC000013 ULTRA DELGADO 1.60 ASFERICO <3>
135213437-> data received from printer:
135213595-> <6>
135213596-> ********************** COMMAND BEGIN **********************
135213596-> data sent to printer:
135213596-> <2>N12,000xBs2131,67     00004263340<3>
135213868-> data received from printer:
135214029-> <6>
135214030-> ********************** COMMAND BEGIN **********************
135214030-> data sent to printer:
135214030-> <2>VM176463 DPCGGLAM203556L<3>
135214247-> data received from printer:
135214406-> <6>
135214407-> ********************** COMMAND BEGIN **********************
135214407-> data sent to printer:
135214407-> <2>N11,000xBs1698,11     00001698111<3>
135214691-> data received from printer:
135214841-> <6>
135216119-> ********************** COMMAND BEGIN **********************
135216119-> data sent to printer:
135216120-> <2>OT5924990000<0><15><241><150><3>
135217386-> data received from printer:
135217542-> <2>642014<3><6>
135218863-> ********************** COMMAND BEGIN **********************
135218863-> data sent to printer:
135218864-> <2>P109/03/2024 TRANSFERE000000048558<3>
135219132-> data received from printer:
135219284-> <6>
135219285-> ********************** COMMAND BEGIN **********************
135219285-> data sent to printer:
135219286-> <2>P1DIVISAS             000000592500<3>
135219556-> data received from printer:
135219720-> <6>
135220302-> ********************** COMMAND BEGIN **********************
135220326-> data sent to printer:
135220327-> <2>V<3>
135220517-> data received from printer:
135220676-> <6>
135220676-> ********************** COMMAND BEGIN **********************
135220677-> data sent to printer:
135220677-> <2>VNumero Orden: 0050781<3>
135220892-> data received from printer:
135221052-> <6>
135221052-> ********************** COMMAND BEGIN **********************
135221053-> data sent to printer:
135221053-> <2>V<3>
135221247-> data received from printer:
135221398-> <6>
135221406-> ********************** COMMAND BEGIN **********************
135221407-> data sent to printer:
135221407-> <2>V<161><161><161>GRACIAS POR SU COMPRA!!!<3>
135221626-> data received from printer:
135221788-> <6>
135221789-> ********************** COMMAND BEGIN **********************
135221789-> data sent to printer:
135221789-> <2>VSolo se aceptaran devoluciones<3>
135222014-> data received from printer:
135222179-> <6>
135222179-> ********************** COMMAND BEGIN **********************
135222180-> data sent to printer:
135222180-> <2>Vpor defectos de fabrica, con la<3>
135222407-> data received from printer:
135222569-> <6>
135222570-> ********************** COMMAND BEGIN **********************
135222570-> data sent to printer:
135222570-> <2>Vpresentacion de esta factura (original),<3>
135222803-> data received from printer:
135222959-> <6>
135222959-> ********************** COMMAND BEGIN **********************
135222960-> data sent to printer:
135222960-> <2>Vdentro de los treinta (30) dias<3>
135223186-> data received from printer:
135223349-> <6>
135223349-> ********************** COMMAND BEGIN **********************
135223350-> data sent to printer:
135223350-> <2>Vsiguientes a la emision de la misma.<3>
135223616-> data received from printer:
135223768-> <6>
135223769-> ********************** COMMAND BEGIN **********************
135223769-> data sent to printer:
135223770-> <2>Y0<3>
135223819-> data received from printer:
135224099-> <2>SENIAT    J-316292649    1600*800*3100*2          Bs.0TIY1900001191020230337*300<3><6>
135224100-> ********************** COMMAND BEGIN **********************
135224100-> data sent to printer:
135224101-> <2>S<3>
135224108-> data received from printer:
135224264-> <21>
135224274-> ********************** COMMAND BEGIN **********************
135224274-> data sent to printer:
135224275-> <2>M<3>
135226214-> data received from printer:
135226365-> <6>
135300249-> OPEN PORT: COM1@9600
135300289-> ********************** COMMAND BEGIN **********************
135300289-> data sent to printer:
135300290-> <2>Q<3>
135300297-> data received from printer:
135300449-> <21>
135300449-> ********************** COMMAND BEGIN **********************
135300450-> data sent to printer:
135300450-> <2>M<3>
135300458-> data received from printer:
135300614-> <21>
135340901-> OPEN PORT: COM1@9600
135340941-> ********************** COMMAND BEGIN **********************
135340941-> data sent to printer:
135340942-> <2>Q<3>
135340949-> data received from printer:
135341101-> <21>
135341101-> ********************** COMMAND BEGIN **********************
135341102-> data sent to printer:
135341102-> <2>M<3>
135341110-> data received from printer:
135341267-> <21>
135345201-> OPEN PORT: COM1@9600
135345241-> OPEN PORT: COM1@9600
135345242-> ********************** COMMAND BEGIN **********************
135345242-> data sent to printer:
135345242-> <2>L&1<3>
135346915-> data received from printer:
135347072-> <2>2661*2658<3><6>
135347072-> ********************** COMMAND BEGIN **********************
135347073-> data sent to printer:
135347073-> <2>VRazon Social: Diego Gonzalez<3>
135347296-> data received from printer:
135347448-> <6>
135347448-> ********************** COMMAND BEGIN **********************
135347449-> data sent to printer:
135347449-> <2>VCI/Rif: V-21012012<3>
135347657-> data received from printer:
135347823-> <6>
135347824-> ********************** COMMAND BEGIN **********************
135347824-> data sent to printer:
135347824-> <2>V----------------------------------------<3>
135348693-> data received from printer:
135348843-> <6>
135348843-> ********************** COMMAND BEGIN **********************
135348844-> data sent to printer:
135348844-> <2>VC000013 ULTRA DELGADO 1.60 ASFERICO <3>
135349075-> data received from printer:
135349234-> <6>
135349235-> ********************** COMMAND BEGIN **********************
135349235-> data sent to printer:
135349235-> <2>N12,000xBs2131,67     00004263340<3>
135349508-> data received from printer:
135349669-> <6>
135349670-> ********************** COMMAND BEGIN **********************
135349670-> data sent to printer:
135349670-> <2>VM176463 DPCGGLAM203556L<3>
135349923-> data received from printer:
135350075-> <6>
135350076-> ********************** COMMAND BEGIN **********************
135350076-> data sent to printer:
135350077-> <2>N11,000xBs1698,11     00001698111<3>
135350355-> data received from printer:
135350511-> <6>
135353029-> ********************** COMMAND BEGIN **********************
135353030-> data sent to printer:
135353030-> <2>OT5732990000<0>:;<4><3>
135354263-> data received from printer:
135354414-> <2>642014<3><6>
135357108-> ********************** COMMAND BEGIN **********************
135357108-> data sent to printer:
135357108-> <2>P109/03/2024 TRANSFERE000000050000<3>
135357376-> data received from printer:
135357530-> <6>
135357531-> ********************** COMMAND BEGIN **********************
135357531-> data sent to printer:
135357531-> <2>P1DIVISAS             000000573300<3>
135357835-> data received from printer:
135357995-> <6>
135358615-> ********************** COMMAND BEGIN **********************
135358615-> data sent to printer:
135358615-> <2>V<3>
135358807-> data received from printer:
135358961-> <6>
135358961-> ********************** COMMAND BEGIN **********************
135358962-> data sent to printer:
135358962-> <2>VNumero Orden: 0050782<3>
135359179-> data received from printer:
135359337-> <6>
135359338-> ********************** COMMAND BEGIN **********************
135359338-> data sent to printer:
135359338-> <2>V<3>
135359529-> data received from printer:
135359683-> <6>
135359692-> ********************** COMMAND BEGIN **********************
135359693-> data sent to printer:
135359693-> <2>V<161><161><161>GRACIAS POR SU COMPRA!!!<3>
135359913-> data received from printer:
135400073-> <6>
135400073-> ********************** COMMAND BEGIN **********************
135400074-> data sent to printer:
135400074-> <2>VSolo se aceptaran devoluciones<3>
135400301-> data received from printer:
135400464-> <6>
135400465-> ********************** COMMAND BEGIN **********************
135400465-> data sent to printer:
135400465-> <2>Vpor defectos de fabrica, con la<3>
135400688-> data received from printer:
135400854-> <6>
135400855-> ********************** COMMAND BEGIN **********************
135400855-> data sent to printer:
135400855-> <2>Vpresentacion de esta factura (original),<3>
135401089-> data received from printer:
135401245-> <6>
135401245-> ********************** COMMAND BEGIN **********************
135401246-> data sent to printer:
135401246-> <2>Vdentro de los treinta (30) dias<3>
135401473-> data received from printer:
135401636-> <6>
135401637-> ********************** COMMAND BEGIN **********************
135401637-> data sent to printer:
135401637-> <2>Vsiguientes a la emision de la misma.<3>
135401866-> data received from printer:
135402026-> <6>
135402027-> ********************** COMMAND BEGIN **********************
135402027-> data sent to printer:
135402028-> <2>Y0<3>
135402077-> data received from printer:
135402357-> <2>SENIAT    J-316292649    1600*800*3100*2          Bs.0TIY1900001191020230339*300<3><6>
135402358-> ********************** COMMAND BEGIN **********************
135402358-> data sent to printer:
135402358-> <2>S<3>
135402366-> data received from printer:
135402522-> <21>
135402523-> ********************** COMMAND BEGIN **********************
135402523-> data sent to printer:
135402523-> <2>M<3>
135403868-> data received from printer:
135404022-> <6>
140107399-> OPEN PORT: COM1@9600
140107439-> ********************** COMMAND BEGIN **********************
140107440-> data sent to printer:
140107440-> <2>Q<3>
140107448-> data received from printer:
140107611-> <21>
140107612-> ********************** COMMAND BEGIN **********************
140107612-> data sent to printer:
140107612-> <2>M<3>
140107620-> data received from printer:
140107776-> <21>
140214354-> OPEN PORT: COM1@9600
140214393-> ********************** COMMAND BEGIN **********************
140214394-> data sent to printer:
140214394-> <2>Q<3>
140214402-> data received from printer:
140214553-> <21>
140214554-> ********************** COMMAND BEGIN **********************
140214554-> data sent to printer:
140214554-> <2>M<3>
140214562-> data received from printer:
140214718-> <21>
140217025-> OPEN PORT: COM1@9600
140217064-> OPEN PORT: COM1@9600
140217066-> ********************** COMMAND BEGIN **********************
140217066-> data sent to printer:
140217067-> <2>L&1<3>
140218738-> data received from printer:
140218896-> <2>2662*2658<3><6>
140218897-> ********************** COMMAND BEGIN **********************
140218898-> data sent to printer:
140218899-> <2>VRazon Social: Diego Gonzalez<3>
140219119-> data received from printer:
140219271-> <6>
140219272-> ********************** COMMAND BEGIN **********************
140219272-> data sent to printer:
140219273-> <2>VCI/Rif: V-21012012<3>
140219484-> data received from printer:
140219646-> <6>
140219646-> ********************** COMMAND BEGIN **********************
140219647-> data sent to printer:
140219647-> <2>V----------------------------------------<3>
140219878-> data received from printer:
140220037-> <6>
140220040-> ********************** COMMAND BEGIN **********************
140220040-> data sent to printer:
140220041-> <2>VC000013 ULTRA DELGADO 1.60 ASFERICO <3>
140220269-> data received from printer:
140220428-> <6>
140220429-> ********************** COMMAND BEGIN **********************
140220429-> data sent to printer:
140220429-> <2>N12,000xBs2131,67     00004263340<3>
140220705-> data received from printer:
140220863-> <6>
140220864-> ********************** COMMAND BEGIN **********************
140220865-> data sent to printer:
140220865-> <2>VM176463 DPCGGLAM203556L<3>
140221080-> data received from printer:
140221239-> <6>
140221239-> ********************** COMMAND BEGIN **********************
140221240-> data sent to printer:
140221240-> <2>N11,000xBs1698,11     00001698111<3>
140221521-> data received from printer:
140221675-> <6>
140251524-> ********************** COMMAND BEGIN **********************
140251525-> data sent to printer:
140251525-> <2>OT5744660000<0><0><249><138><3>
140252780-> data received from printer:
140252940-> <2>642014<3><6>
140254788-> ********************** COMMAND BEGIN **********************
140254788-> data sent to printer:
140254789-> <2>P109/03/2024 TRANSFERE000000048815<3>
140255059-> data received from printer:
140255209-> <6>
140255210-> ********************** COMMAND BEGIN **********************
140255210-> data sent to printer:
140255211-> <2>P1DIVISAS             000000574466<3>
140255477-> data received from printer:
140255629-> <6>
140256700-> ********************** COMMAND BEGIN **********************
140256701-> data sent to printer:
140256701-> <2>V<3>
140256893-> data received from printer:
140257055-> <6>
140257055-> ********************** COMMAND BEGIN **********************
140257056-> data sent to printer:
140257056-> <2>VNumero Orden: 0050783<3>
140257272-> data received from printer:
140257430-> <6>
140257431-> ********************** COMMAND BEGIN **********************
140257432-> data sent to printer:
140257432-> <2>V<3>
140257623-> data received from printer:
140257776-> <6>
140257785-> ********************** COMMAND BEGIN **********************
140257786-> data sent to printer:
140257786-> <2>V<161><161><161>GRACIAS POR SU COMPRA!!!<3>
140258045-> data received from printer:
140258196-> <6>
140258197-> ********************** COMMAND BEGIN **********************
140258197-> data sent to printer:
140258197-> <2>VSolo se aceptaran devoluciones<3>
140258419-> data received from printer:
140258572-> <6>
140258573-> ********************** COMMAND BEGIN **********************
140258573-> data sent to printer:
140258573-> <2>Vpor defectos de fabrica, con la<3>
140258798-> data received from printer:
140258963-> <6>
140258963-> ********************** COMMAND BEGIN **********************
140258964-> data sent to printer:
140258964-> <2>Vpresentacion de esta factura (original),<3>
140259201-> data received from printer:
140259354-> <6>
140259354-> ********************** COMMAND BEGIN **********************
140259355-> data sent to printer:
140259355-> <2>Vdentro de los treinta (30) dias<3>
140259579-> data received from printer:
140259730-> <6>
140259731-> ********************** COMMAND BEGIN **********************
140259731-> data sent to printer:
140259732-> <2>Vsiguientes a la emision de la misma.<3>
140259961-> data received from printer:
140300120-> <6>
140300122-> ********************** COMMAND BEGIN **********************
140300122-> data sent to printer:
140300122-> <2>Y0<3>
140300172-> data received from printer:
140300452-> <2>SENIAT    J-316292649    1600*800*3100*2          Bs.0TIY1900001191020230348*300<3><6>
140300460-> ********************** COMMAND BEGIN **********************
140300461-> data sent to printer:
140300461-> <2>S<3>
140300469-> data received from printer:
140300632-> <21>
140300633-> ********************** COMMAND BEGIN **********************
140300633-> data sent to printer:
140300633-> <2>M<3>
140301983-> data received from printer:
140302133-> <6>
