125836674-> OPEN PORT: COM1@9600
125836769-> ********************** COMMAND BEGIN **********************
125836770-> data sent to printer:
125836770-> <2>Q<3>
125836778-> data received from printer:
125836938-> <21>
125836939-> ********************** COMMAND BEGIN **********************
125836939-> data sent to printer:
125836940-> <2>M<3>
125836947-> data received from printer:
125837103-> <21>
125844309-> OPEN PORT: COM1@9600
125844349-> OPEN PORT: COM1@9600
125844351-> ********************** COMMAND BEGIN **********************
125844351-> data sent to printer:
125844352-> <2>L&1<3>
125846019-> data received from printer:
125846172-> <2>2613*2611<3><6>
125846173-> ********************** COMMAND BEGIN **********************
125846173-> data sent to printer:
125846174-> <2>VRazon Social: Ethel Pineda<3>
125846389-> data received from printer:
125846547-> <6>
125846547-> ********************** COMMAND BEGIN **********************
125846548-> data sent to printer:
125846548-> <2>VCI/Rif: V-12659799<3>
125846758-> data received from printer:
125846922-> <6>
125846923-> ********************** COMMAND BEGIN **********************
125846924-> data sent to printer:
125846924-> <2>V----------------------------------------<3>
125847158-> data received from printer:
125847312-> <6>
125847328-> ********************** COMMAND BEGIN **********************
125847329-> data sent to printer:
125847329-> <2>VA000004 GARANTIA EXTENDIDA<3>
125847545-> data received from printer:
125847703-> <6>
125847704-> ********************** COMMAND BEGIN **********************
125847704-> data sent to printer:
125847704-> <2>N11,000xBs644,92      00000644921<3>
125847985-> data received from printer:
125848139-> <6>
125848140-> ********************** COMMAND BEGIN **********************
125848140-> data sent to printer:
125848140-> <2>VC000412 RLX ULTRA CR 39 <3>
125848360-> data received from printer:
125848515-> <6>
125848516-> ********************** COMMAND BEGIN **********************
125848516-> data sent to printer:
125848517-> <2>N12,000xBs1504,82     00003009640<3>
125848792-> data received from printer:
125848951-> <6>
125848952-> ********************** COMMAND BEGIN **********************
125848952-> data sent to printer:
125848952-> <2>VM179102 DMCGMW201053BS<3>
125849167-> data received from printer:
125849326-> <6>
125849326-> ********************** COMMAND BEGIN **********************
125849327-> data sent to printer:
125849327-> <2>N11,000xBs1083,90     00001083901<3>
125849609-> data received from printer:
125849761-> <6>
125852776-> ********************** COMMAND BEGIN **********************
125852777-> data sent to printer:
125852777-> <2>Q<3>
125853165-> data received from printer:
125853321-> <6>
125853322-> ********************** COMMAND BEGIN **********************
125853322-> data sent to printer:
125853322-> <2>M<3>
125853330-> data received from printer:
125853487-> <21>
125916126-> OPEN PORT: COM1@9600
125916166-> ********************** COMMAND BEGIN **********************
125916166-> data sent to printer:
125916167-> <2>Q<3>
125916174-> data received from printer:
125916331-> <21>
125916332-> ********************** COMMAND BEGIN **********************
125916332-> data sent to printer:
125916333-> <2>M<3>
125916340-> data received from printer:
125916496-> <21>
125931283-> OPEN PORT: COM1@9600
125931325-> OPEN PORT: COM1@9600
125931326-> ********************** COMMAND BEGIN **********************
125931327-> data sent to printer:
125931328-> <2>L&1<3>
125933635-> data received from printer:
125933794-> <2>2614*2613<3><6>
125933794-> ********************** COMMAND BEGIN **********************
125933795-> data sent to printer:
125933795-> <2>VRazon Social: Ethel Pineda<3>
125934011-> data received from printer:
125934169-> <6>
125934170-> ********************** COMMAND BEGIN **********************
125934170-> data sent to printer:
125934171-> <2>VCI/Rif: V-12659799<3>
125934416-> data received from printer:
125934575-> <6>
125934576-> ********************** COMMAND BEGIN **********************
125934576-> data sent to printer:
125934577-> <2>V----------------------------------------<3>
125934807-> data received from printer:
125934965-> <6>
125934965-> ********************** COMMAND BEGIN **********************
125934966-> data sent to printer:
125934966-> <2>VA000004 GARANTIA EXTENDIDA<3>
125935184-> data received from printer:
125935341-> <6>
125935342-> ********************** COMMAND BEGIN **********************
125935342-> data sent to printer:
125935342-> <2>N11,000xBs644,92      00000644921<3>
125935625-> data received from printer:
125935776-> <6>
125935777-> ********************** COMMAND BEGIN **********************
125935777-> data sent to printer:
125935778-> <2>VC000412 RLX ULTRA CR 39 <3>
125935993-> data received from printer:
125936151-> <6>
125936151-> ********************** COMMAND BEGIN **********************
125936152-> data sent to printer:
125936152-> <2>N12,000xBs1504,82     00003009640<3>
125936430-> data received from printer:
125936586-> <6>
125936586-> ********************** COMMAND BEGIN **********************
125936587-> data sent to printer:
125936587-> <2>VM179102 DMCGMW201053BS<3>
125936804-> data received from printer:
125936961-> <6>
125936961-> ********************** COMMAND BEGIN **********************
125936962-> data sent to printer:
125936962-> <2>N11,000xBs1083,90     00001083901<3>
125937241-> data received from printer:
125937396-> <6>
130442923-> ********************** COMMAND BEGIN **********************
130442923-> data sent to printer:
130442924-> <2>Q<3>
130443946-> data received from printer:
130444106-> <6>
130444106-> ********************** COMMAND BEGIN **********************
130444107-> data sent to printer:
130444107-> <2>M<3>
130444115-> data received from printer:
130444271-> <21>
130620475-> OPEN PORT: COM1@9600
130620516-> ********************** COMMAND BEGIN **********************
130620516-> data sent to printer:
130620517-> <2>Q<3>
130620524-> data received from printer:
130620687-> <21>
130620688-> ********************** COMMAND BEGIN **********************
130620688-> data sent to printer:
130620689-> <2>M<3>
130620696-> data received from printer:
130620852-> <21>
131918852-> OPEN PORT: COM1@9600
131918893-> OPEN PORT: COM1@9600
131918896-> ********************** COMMAND BEGIN **********************
131918897-> data sent to printer:
131918897-> <2>L&1<3>
131920567-> data received from printer:
131920723-> <2>2615*2614<3><6>
131920724-> ********************** COMMAND BEGIN **********************
131920725-> data sent to printer:
131920725-> <2>VRazon Social: Ethel Pineda<3>
131920945-> data received from printer:
131921099-> <6>
131921100-> ********************** COMMAND BEGIN **********************
131921100-> data sent to printer:
131921100-> <2>VCI/Rif: V-12659799<3>
131921308-> data received from printer:
131921460-> <6>
131921461-> ********************** COMMAND BEGIN **********************
131921462-> data sent to printer:
131921462-> <2>V----------------------------------------<3>
131921694-> data received from printer:
131921849-> <6>
131921853-> ********************** COMMAND BEGIN **********************
131921853-> data sent to printer:
131921853-> <2>VA000004 GARANTIA EXTENDIDA<3>
131922072-> data received from printer:
131922224-> <6>
131922225-> ********************** COMMAND BEGIN **********************
131922225-> data sent to printer:
131922226-> <2>N11,000xBs644,92      00000644921<3>
131922504-> data received from printer:
131922659-> <6>
131922659-> ********************** COMMAND BEGIN **********************
131922660-> data sent to printer:
131922660-> <2>VC000412 RLX ULTRA CR 39 <3>
131922914-> data received from printer:
131923080-> <6>
131923080-> ********************** COMMAND BEGIN **********************
131923081-> data sent to printer:
131923081-> <2>N12,000xBs1504,82     00003009640<3>
131923357-> data received from printer:
131923515-> <6>
131923515-> ********************** COMMAND BEGIN **********************
131923516-> data sent to printer:
131923516-> <2>VM179102 DMCGMW201053BS<3>
131923730-> data received from printer:
131923891-> <6>
131923892-> ********************** COMMAND BEGIN **********************
131923892-> data sent to printer:
131923892-> <2>N11,000xBs1083,90     00001083901<3>
131924175-> data received from printer:
131924326-> <6>
131929456-> ********************** COMMAND BEGIN **********************
131929456-> data sent to printer:
131929456-> <2>Q<3>
131929844-> data received from printer:
131930002-> <6>
131930002-> ********************** COMMAND BEGIN **********************
131930003-> data sent to printer:
131930003-> <2>M<3>
131930011-> data received from printer:
131930167-> <21>
132033724-> OPEN PORT: COM1@9600
132033764-> ********************** COMMAND BEGIN **********************
132033764-> data sent to printer:
132033764-> <2>Q<3>
132033772-> data received from printer:
132033922-> <21>
132033923-> ********************** COMMAND BEGIN **********************
132033923-> data sent to printer:
132033924-> <2>M<3>
132033931-> data received from printer:
132034087-> <21>
132037846-> OPEN PORT: COM1@9600
132037887-> OPEN PORT: COM1@9600
132037888-> ********************** COMMAND BEGIN **********************
132037888-> data sent to printer:
132037888-> <2>L&1<3>
132039557-> data received from printer:
132039716-> <2>2616*2615<3><6>
132039717-> ********************** COMMAND BEGIN **********************
132039717-> data sent to printer:
132039717-> <2>VRazon Social: Ethel Pineda<3>
132039935-> data received from printer:
132040091-> <6>
132040092-> ********************** COMMAND BEGIN **********************
132040092-> data sent to printer:
132040092-> <2>VCI/Rif: V-12659799<3>
132040304-> data received from printer:
132040466-> <6>
132040467-> ********************** COMMAND BEGIN **********************
132040467-> data sent to printer:
132040467-> <2>V----------------------------------------<3>
132040697-> data received from printer:
132040856-> <6>
132040856-> ********************** COMMAND BEGIN **********************
132040857-> data sent to printer:
132040857-> <2>VA000004 GARANTIA EXTENDIDA<3>
132041075-> data received from printer:
132041233-> <6>
132041234-> ********************** COMMAND BEGIN **********************
132041234-> data sent to printer:
132041234-> <2>N11,000xBs644,92      00000644921<3>
132041517-> data received from printer:
132041669-> <6>
132041670-> ********************** COMMAND BEGIN **********************
132041670-> data sent to printer:
132041670-> <2>VC000412 RLX ULTRA CR 39 <3>
132041886-> data received from printer:
132042044-> <6>
132042044-> ********************** COMMAND BEGIN **********************
132042045-> data sent to printer:
132042045-> <2>N12,000xBs1504,82     00003009640<3>
132042323-> data received from printer:
132042480-> <6>
132042481-> ********************** COMMAND BEGIN **********************
132042481-> data sent to printer:
132042481-> <2>VM179102 DMCGMW201053BS<3>
132042699-> data received from printer:
132042855-> <6>
132042855-> ********************** COMMAND BEGIN **********************
132042856-> data sent to printer:
132042856-> <2>N11,000xBs1083,90     00001083901<3>
132043135-> data received from printer:
132043290-> <6>
132109656-> ********************** COMMAND BEGIN **********************
132109656-> data sent to printer:
132109657-> <2>OT490775<0><0>XDu<15><133><255><3>
132110924-> data received from printer:
132111082-> <2>516230<3><6>
132112800-> ********************** COMMAND BEGIN **********************
132112800-> data sent to printer:
132112801-> <2>P109/03/2024 DEBITO   000000010732<3>
132113071-> data received from printer:
132113223-> <6>
132113224-> ********************** COMMAND BEGIN **********************
132113224-> data sent to printer:
132113224-> <2>P1DIVISAS             000000490775<3>
132113491-> data received from printer:
132113643-> <6>
132114251-> ********************** COMMAND BEGIN **********************
132114252-> data sent to printer:
132114253-> <2>V<3>
132114445-> data received from printer:
132114609-> <6>
132114610-> ********************** COMMAND BEGIN **********************
132114610-> data sent to printer:
132114610-> <2>VNumero Orden: 0050750<3>
132114826-> data received from printer:
132114984-> <6>
132114984-> ********************** COMMAND BEGIN **********************
132114985-> data sent to printer:
132114985-> <2>V<3>
132115211-> data received from printer:
132115376-> <6>
132115509-> ********************** COMMAND BEGIN **********************
132115510-> data sent to printer:
132115510-> <2>V*Contrato de Garantia Extendida para<3>
132115742-> data received from printer:
132115908-> <6>
132115908-> ********************** COMMAND BEGIN **********************
132115909-> data sent to printer:
132115909-> <2>V      Cristales Formulados:<3>
132116127-> data received from printer:
132116283-> <6>
132116284-> ********************** COMMAND BEGIN **********************
132116284-> data sent to printer:
132116284-> <2>V <3>
132116478-> data received from printer:
132116643-> <6>
132116643-> ********************** COMMAND BEGIN **********************
132116644-> data sent to printer:
132116644-> <2>VOD: ESF 0,75 EJE 25 CIL -0,25 ADD 2,25<3>
132116879-> data received from printer:
132117034-> <6>
132117035-> ********************** COMMAND BEGIN **********************
132117035-> data sent to printer:
132117036-> <2>VOI: ESF 0,50 EJE 0 CIL 0,00 ADD 2,25<3>
132117263-> data received from printer:
132117424-> <6>
132117424-> ********************** COMMAND BEGIN **********************
132117424-> data sent to printer:
132117424-> <2>V <3>
132117617-> data received from printer:
132117769-> <6>
132117769-> ********************** COMMAND BEGIN **********************
132117770-> data sent to printer:
132117770-> <2>VCondiciones legales en el Contrato<3>
132118000-> data received from printer:
132118159-> <6>
132118159-> ********************** COMMAND BEGIN **********************
132118160-> data sent to printer:
132118160-> <2>VSuscrito.<3>
132118360-> data received from printer:
132118519-> <6>
132118519-> ********************** COMMAND BEGIN **********************
132118520-> data sent to printer:
132118520-> <2>V <3>
132118714-> data received from printer:
132118880-> <6>
132118890-> ********************** COMMAND BEGIN **********************
132118890-> data sent to printer:
132118891-> <2>V<161><161><161>GRACIAS POR SU COMPRA!!!<3>
132119114-> data received from printer:
132119270-> <6>
132119270-> ********************** COMMAND BEGIN **********************
132119271-> data sent to printer:
132119271-> <2>VSolo se aceptaran devoluciones<3>
132119492-> data received from printer:
132119645-> <6>
132119645-> ********************** COMMAND BEGIN **********************
132119646-> data sent to printer:
132119646-> <2>Vpor defectos de fabrica, con la<3>
132119907-> data received from printer:
132120066-> <6>
132120067-> ********************** COMMAND BEGIN **********************
132120067-> data sent to printer:
132120067-> <2>Vpresentacion de esta factura (original),<3>
132120300-> data received from printer:
132120457-> <6>
132120458-> ********************** COMMAND BEGIN **********************
132120458-> data sent to printer:
132120459-> <2>Vdentro de los treinta (30) dias<3>
132120683-> data received from printer:
132120847-> <6>
132120847-> ********************** COMMAND BEGIN **********************
132120848-> data sent to printer:
132120848-> <2>Vsiguientes a la emision de la misma.<3>
132121081-> data received from printer:
132121238-> <6>
132121247-> ********************** COMMAND BEGIN **********************
132121247-> data sent to printer:
132121247-> <2>Y0<3>
132121297-> data received from printer:
132121583-> <2>SENIAT    J-316292649    1600*800*3100*2          Bs.0TIY1900001121020230306*300<3><6>
132121595-> ********************** COMMAND BEGIN **********************
132121596-> data sent to printer:
132121596-> <2>S<3>
132121604-> data received from printer:
132121763-> <21>
132121764-> ********************** COMMAND BEGIN **********************
132121764-> data sent to printer:
132121764-> <2>M<3>
132123073-> data received from printer:
132123233-> <6>
132641882-> OPEN PORT: COM1@9600
132641922-> ********************** COMMAND BEGIN **********************
132641922-> data sent to printer:
132641923-> <2>Q<3>
132641930-> data received from printer:
132642081-> <21>
132642082-> ********************** COMMAND BEGIN **********************
132642082-> data sent to printer:
132642082-> <2>M<3>
132642090-> data received from printer:
132642247-> <21>
132727170-> OPEN PORT: COM1@9600
132727211-> ********************** COMMAND BEGIN **********************
132727212-> data sent to printer:
132727212-> <2>Q<3>
132727219-> data received from printer:
132727375-> <21>
132727376-> ********************** COMMAND BEGIN **********************
132727376-> data sent to printer:
132727377-> <2>M<3>
132727384-> data received from printer:
132727541-> <21>
132729416-> OPEN PORT: COM1@9600
132729457-> OPEN PORT: COM1@9600
132729458-> ********************** COMMAND BEGIN **********************
132729458-> data sent to printer:
132729458-> <2>L&1<3>
132731126-> data received from printer:
132731289-> <2>2617*2615<3><6>
132731289-> ********************** COMMAND BEGIN **********************
132731289-> data sent to printer:
132731289-> <2>VRazon Social: Ethel Pineda<3>
132731510-> data received from printer:
132731663-> <6>
132731664-> ********************** COMMAND BEGIN **********************
132731664-> data sent to printer:
132731664-> <2>VCI/Rif: V-12659799<3>
132731872-> data received from printer:
132732024-> <6>
132732024-> ********************** COMMAND BEGIN **********************
132732025-> data sent to printer:
132732025-> <2>V----------------------------------------<3>
132732295-> data received from printer:
132732459-> <6>
132732460-> ********************** COMMAND BEGIN **********************
132732460-> data sent to printer:
132732460-> <2>VA000004 GARANTIA EXTENDIDA<3>
132732676-> data received from printer:
132732835-> <6>
132732835-> ********************** COMMAND BEGIN **********************
132732836-> data sent to printer:
132732836-> <2>N11,000xBs644,92      00000644921<3>
132733116-> data received from printer:
132733270-> <6>
132733270-> ********************** COMMAND BEGIN **********************
132733271-> data sent to printer:
132733271-> <2>VC000412 RLX ULTRA CR 39 <3>
132733490-> data received from printer:
132733645-> <6>
132733646-> ********************** COMMAND BEGIN **********************
132733646-> data sent to printer:
132733646-> <2>N12,000xBs1504,82     00003009640<3>
132733922-> data received from printer:
132734081-> <6>
132734082-> ********************** COMMAND BEGIN **********************
132734082-> data sent to printer:
132734082-> <2>VM179102 DMCGMW201053BS<3>
132734298-> data received from printer:
132734456-> <6>
132734457-> ********************** COMMAND BEGIN **********************
132734457-> data sent to printer:
132734457-> <2>N11,000xBs1083,90     00001083901<3>
132734740-> data received from printer:
132734891-> <6>
132803887-> ********************** COMMAND BEGIN **********************
132803889-> data sent to printer:
132803890-> <2>Q<3>
132804279-> data received from printer:
132804435-> <6>
132806502-> ********************** COMMAND BEGIN **********************
132806502-> data sent to printer:
132806503-> <2>M<3>
132806511-> data received from printer:
132806672-> <21>
132827009-> OPEN PORT: COM1@9600
132827050-> ********************** COMMAND BEGIN **********************
132827050-> data sent to printer:
132827050-> <2>Q<3>
132827058-> data received from printer:
132827213-> <21>
132827214-> ********************** COMMAND BEGIN **********************
132827214-> data sent to printer:
132827215-> <2>M<3>
132827222-> data received from printer:
132827378-> <21>
