092807633-> OPEN PORT: COM1@9600
092807674-> OPEN PORT: COM1@9600
092807676-> ********************** COMMAND BEGIN **********************
092807676-> data sent to printer:
092807676-> <2>L&1<3>
092809348-> data received from printer:
092809502-> <2>2469*2462<3><6>
092809503-> ********************** COMMAND BEGIN **********************
092809503-> data sent to printer:
092809503-> <2>VRazon Social: Giuseppe Lazzaro<3>
092809727-> data received from printer:
092809892-> <6>
092809892-> ********************** COMMAND BEGIN **********************
092809893-> data sent to printer:
092809893-> <2>VCI/Rif: V-8375736<3>
092810100-> data received from printer:
092810252-> <6>
092810252-> ********************** COMMAND BEGIN **********************
092810253-> data sent to printer:
092810253-> <2>V----------------------------------------<3>
092810484-> data received from printer:
092810642-> <6>
092810644-> ********************** COMMAND BEGIN **********************
092810644-> data sent to printer:
092810645-> <2>VM175811 CPCCMWSG220454G<3>
092811548-> data received from printer:
092811707-> <6>
092811708-> ********************** COMMAND BEGIN **********************
092811708-> data sent to printer:
092811708-> <2>N11,000xBs798,00      00000798001<3>
092811987-> data received from printer:
092812142-> <6>
092812142-> ********************** COMMAND BEGIN **********************
092812143-> data sent to printer:
092812143-> <2>VC000187 LIFE FREE 2 CR-39 <3>
092812362-> data received from printer:
092812518-> <6>
092812518-> ********************** COMMAND BEGIN **********************
092812519-> data sent to printer:
092812519-> <2>N12,000xBs2766,40     00005532800<3>
092812798-> data received from printer:
092812953-> <6>
092813143-> ********************** COMMAND BEGIN **********************
092813144-> data sent to printer:
092813144-> <2>OT304980<0><0><0><0><0><0><28><213><3>
092814376-> data received from printer:
092814538-> <2>654997<3><6>
092814628-> ********************** COMMAND BEGIN **********************
092814628-> data sent to printer:
092814628-> <2>P120/06/2023 EFECTIVO 000000184793<3>
092814929-> data received from printer:
092815081-> <6>
092815081-> ********************** COMMAND BEGIN **********************
092815082-> data sent to printer:
092815082-> <2>P120/06/2023 NOTA CRED000000165224<3>
092815352-> data received from printer:
092815502-> <6>
092815503-> ********************** COMMAND BEGIN **********************
092815503-> data sent to printer:
092815503-> <2>P1DIVISAS             000000304980<3>
092815769-> data received from printer:
092815923-> <6>
092815924-> ********************** COMMAND BEGIN **********************
092815924-> data sent to printer:
092815924-> <2>V<3>
092816116-> data received from printer:
092816269-> <6>
092816270-> ********************** COMMAND BEGIN **********************
092816270-> data sent to printer:
092816270-> <2>VNumero Orden: 0069127<3>
092816486-> data received from printer:
092816644-> <6>
092816645-> ********************** COMMAND BEGIN **********************
092816645-> data sent to printer:
092816645-> <2>V<3>
092816836-> data received from printer:
092816990-> <6>
092817181-> ********************** COMMAND BEGIN **********************
092817182-> data sent to printer:
092817182-> <2>V<161><161><161>GRACIAS POR SU COMPRA!!!<3>
092817403-> data received from printer:
092817568-> <6>
092817569-> ********************** COMMAND BEGIN **********************
092817569-> data sent to printer:
092817569-> <2>VSolo se aceptaran devoluciones<3>
092817794-> data received from printer:
092817958-> <6>
092817958-> ********************** COMMAND BEGIN **********************
092817959-> data sent to printer:
092817959-> <2>Vpor defectos de fabrica, con la<3>
092818182-> data received from printer:
092818333-> <6>
092818333-> ********************** COMMAND BEGIN **********************
092818334-> data sent to printer:
092818334-> <2>Vpresentacion de esta factura (original),<3>
092818568-> data received from printer:
092818723-> <6>
092818723-> ********************** COMMAND BEGIN **********************
092818724-> data sent to printer:
092818724-> <2>Vdentro de los treinta (30) dias<3>
092818951-> data received from printer:
092819114-> <6>
092819115-> ********************** COMMAND BEGIN **********************
092819115-> data sent to printer:
092819115-> <2>Vsiguientes a la emision de la misma.<3>
092819343-> data received from printer:
092819505-> <6>
092819506-> ********************** COMMAND BEGIN **********************
092819507-> data sent to printer:
092819507-> <2>Y0<3>
092819556-> data received from printer:
092819836-> <2>SENIAT    J-316292649    1600*800*3100*2          Bs.0TIY1900001240320230407*300<3><6>
092819837-> ********************** COMMAND BEGIN **********************
092819838-> data sent to printer:
092819838-> <2>S<3>
092819845-> data received from printer:
092820001-> <21>
092820002-> ********************** COMMAND BEGIN **********************
092820002-> data sent to printer:
092820002-> <2>M<3>
092821348-> data received from printer:
092821501-> <6>
094335410-> OPEN PORT: COM1@9600
094335451-> ********************** COMMAND BEGIN **********************
094335452-> data sent to printer:
094335452-> <2>Q<3>
094335459-> data received from printer:
094335621-> <21>
094335622-> ********************** COMMAND BEGIN **********************
094335622-> data sent to printer:
094335622-> <2>M<3>
094335629-> data received from printer:
094335786-> <21>
094420542-> OPEN PORT: COM1@9600
094420583-> ********************** COMMAND BEGIN **********************
094420583-> data sent to printer:
094420583-> <2>Q<3>
094420591-> data received from printer:
094420749-> <21>
094420749-> ********************** COMMAND BEGIN **********************
094420750-> data sent to printer:
094420750-> <2>M<3>
094420757-> data received from printer:
094420915-> <21>
