094314039-> OPEN PORT: COM1@9600
094314114-> OPEN PORT: COM1@9600
094314147-> ********************** COMMAND BEGIN **********************
094314148-> data sent to printer:
094314148-> <2>L&1<3>
094315819-> data received from printer:
094315975-> <2>2334*2327<3><6>
094315976-> ********************** COMMAND BEGIN **********************
094315976-> data sent to printer:
094315976-> <2>VRazon Social: Angel Moran<3>
094316195-> data received from printer:
094316350-> <6>
094316350-> ********************** COMMAND BEGIN **********************
094316351-> data sent to printer:
094316351-> <2>VCI/Rif: V-1800368<3>
094316558-> data received from printer:
094316710-> <6>
094316710-> ********************** COMMAND BEGIN **********************
094316711-> data sent to printer:
094316711-> <2>V----------------------------------------<3>
094316944-> data received from printer:
094317101-> <6>
094317104-> ********************** COMMAND BEGIN **********************
094317104-> data sent to printer:
094317104-> <2>VC000013 ULTRA DELGADO 1.60 ASFERICO <3>
094317334-> data received from printer:
094317492-> <6>
094317493-> ********************** COMMAND BEGIN **********************
094317493-> data sent to printer:
094317493-> <2>N12,000xBs1426,03     00002852060<3>
094317766-> data received from printer:
094317927-> <6>
094317927-> ********************** COMMAND BEGIN **********************
094317928-> data sent to printer:
094317928-> <2>VM144902 NPCOCDES770743A<3>
094318144-> data received from printer:
094318303-> <6>
094318304-> ********************** COMMAND BEGIN **********************
094318304-> data sent to printer:
094318304-> <2>N11,000xBs193,36      00000193361<3>
094318586-> data received from printer:
094318738-> <6>
094319805-> ********************** COMMAND BEGIN **********************
094319806-> data sent to printer:
094319807-> <2>OT307636<0><9><128><167>j<9><165><142><3>
094321075-> data received from printer:
094321232-> <2>316865<3><6>
094321683-> ********************** COMMAND BEGIN **********************
094321684-> data sent to printer:
094321684-> <2>P120/04/2023 DIVISAS  000000316865<3>
094321953-> data received from printer:
094322117-> <6>
094322118-> ********************** COMMAND BEGIN **********************
094322118-> data sent to printer:
094322118-> <2>V<3>
094322312-> data received from printer:
094322477-> <6>
094322477-> ********************** COMMAND BEGIN **********************
094322478-> data sent to printer:
094322478-> <2>VNumero Orden: 0104594<3>
094322691-> data received from printer:
094322853-> <6>
094322853-> ********************** COMMAND BEGIN **********************
094322854-> data sent to printer:
094322854-> <2>V<3>
094323046-> data received from printer:
094323198-> <6>
094324969-> ********************** COMMAND BEGIN **********************
094324969-> data sent to printer:
094324969-> <2>V<161><161><161>GRACIAS POR SU COMPRA!!!<3>
094325192-> data received from printer:
094325344-> <6>
094325344-> ********************** COMMAND BEGIN **********************
094325345-> data sent to printer:
094325345-> <2>VSolo se aceptaran devoluciones<3>
094325567-> data received from printer:
094325720-> <6>
094325720-> ********************** COMMAND BEGIN **********************
094325721-> data sent to printer:
094325721-> <2>Vpor defectos de fabrica, con la<3>
094325946-> data received from printer:
094326110-> <6>
094326110-> ********************** COMMAND BEGIN **********************
094326111-> data sent to printer:
094326111-> <2>Vpresentacion de esta factura (original),<3>
094326381-> data received from printer:
094326546-> <6>
094326546-> ********************** COMMAND BEGIN **********************
094326546-> data sent to printer:
094326547-> <2>Vdentro de los treinta (30) dias<3>
094326772-> data received from printer:
094326936-> <6>
094326936-> ********************** COMMAND BEGIN **********************
094326937-> data sent to printer:
094326937-> <2>Vsiguientes a la emision de la misma.<3>
094327168-> data received from printer:
094327326-> <6>
094327328-> ********************** COMMAND BEGIN **********************
094327328-> data sent to printer:
094327328-> <2>Y0<3>
094327378-> data received from printer:
094327657-> <2>SENIAT    J-316292649    1600*800*3100*2          Bs.0TIY1900001140120230425*300<3><6>
094327658-> ********************** COMMAND BEGIN **********************
094327658-> data sent to printer:
094327658-> <2>S<3>
094327666-> data received from printer:
094327822-> <21>
094327823-> ********************** COMMAND BEGIN **********************
094327823-> data sent to printer:
094327823-> <2>M<3>
094329133-> data received from printer:
094329292-> <6>
