115934307-> OPEN PORT: COM1@9600
115934383-> ********************** COMMAND BEGIN **********************
115934384-> data sent to printer:
115934384-> <2>Q<3>
115940446-> No reponse from printer
115940447-> ********************** COMMAND BEGIN **********************
115940447-> data sent to printer:
115940448-> <2>M<3>
120025506-> No reponse from printer
120042216-> OPEN PORT: COM1@9600
120042256-> ********************** COMMAND BEGIN **********************
120042257-> data sent to printer:
120042257-> <2>Q<3>
120048311-> No reponse from printer
120048312-> ********************** COMMAND BEGIN **********************
120048312-> data sent to printer:
120048313-> <2>M<3>
120133369-> No reponse from printer
120217409-> OPEN PORT: COM1@9600
120217449-> ********************** COMMAND BEGIN **********************
120217450-> data sent to printer:
120217450-> <2>Q<3>
120223509-> No reponse from printer
120223510-> ********************** COMMAND BEGIN **********************
120223511-> data sent to printer:
120223511-> <2>M<3>
120308572-> No reponse from printer
131336080-> OPEN PORT: COM1@9600
131336125-> ********************** COMMAND BEGIN **********************
131336125-> data sent to printer:
131336125-> <2>Q<3>
131342179-> No reponse from printer
131342180-> ********************** COMMAND BEGIN **********************
131342180-> data sent to printer:
131342181-> <2>M<3>
131427234-> No reponse from printer
131510039-> OPEN PORT: COM1@9600
131510078-> ********************** COMMAND BEGIN **********************
131510079-> data sent to printer:
131510079-> <2>Q<3>
131516143-> No reponse from printer
131516144-> ********************** COMMAND BEGIN **********************
131516144-> data sent to printer:
131516144-> <2>M<3>
131601200-> No reponse from printer
131809515-> OPEN PORT: COM1@9600
131809557-> ********************** COMMAND BEGIN **********************
131809557-> data sent to printer:
131809557-> <2>Q<3>
131815621-> No reponse from printer
131815622-> ********************** COMMAND BEGIN **********************
131815622-> data sent to printer:
131815623-> <2>M<3>
131900679-> No reponse from printer
142107126-> OPEN PORT: COM1@9600
142107178-> ********************** COMMAND BEGIN **********************
142107178-> data sent to printer:
142107178-> <2>Q<3>
142113232-> No reponse from printer
142113233-> ********************** COMMAND BEGIN **********************
142113233-> data sent to printer:
142113234-> <2>M<3>
142158290-> No reponse from printer
142235056-> OPEN PORT: COM1@9600
142235095-> ********************** COMMAND BEGIN **********************
142235096-> data sent to printer:
142235096-> <2>Q<3>
142241159-> No reponse from printer
142241160-> ********************** COMMAND BEGIN **********************
142241160-> data sent to printer:
142241161-> <2>M<3>
142326213-> No reponse from printer
142850662-> OPEN PORT: COM1@9600
142850701-> ********************** COMMAND BEGIN **********************
142850702-> data sent to printer:
142850702-> <2>Q<3>
142856766-> No reponse from printer
142856767-> ********************** COMMAND BEGIN **********************
142856767-> data sent to printer:
142856768-> <2>M<3>
142941831-> No reponse from printer
