093711461-> OPEN PORT: COM1@9600
093711520-> ********************** COMMAND BEGIN **********************
093711521-> data sent to printer:
093711521-> <2>Q<3>
093711529-> data received from printer:
093711687-> <21>
093711688-> ********************** COMMAND BEGIN **********************
093711688-> data sent to printer:
093711689-> <2>M<3>
093711696-> data received from printer:
093711853-> <21>
094357329-> OPEN PORT: COM1@9600
094357370-> ********************** COMMAND BEGIN **********************
094357371-> data sent to printer:
094357371-> <2>Q<3>
094357379-> data received from printer:
094357534-> <21>
094357535-> ********************** COMMAND BEGIN **********************
094357535-> data sent to printer:
094357536-> <2>M<3>
094357543-> data received from printer:
094357699-> <21>
100027321-> OPEN PORT: COM1@9600
100027363-> ********************** COMMAND BEGIN **********************
100027363-> data sent to printer:
100027363-> <2>Q<3>
100027371-> data received from printer:
100027537-> <21>
100027538-> ********************** COMMAND BEGIN **********************
100027538-> data sent to printer:
100027538-> <2>M<3>
100027546-> data received from printer:
100027703-> <21>
101338783-> OPEN PORT: COM1@9600
101338825-> ********************** COMMAND BEGIN **********************
101338825-> data sent to printer:
101338825-> <2>Q<3>
101338833-> data received from printer:
101338992-> <21>
101338993-> ********************** COMMAND BEGIN **********************
101338993-> data sent to printer:
101338994-> <2>M<3>
101339002-> data received from printer:
101339158-> <21>
101510142-> OPEN PORT: COM1@9600
101510183-> ********************** COMMAND BEGIN **********************
101510183-> data sent to printer:
101510184-> <2>Q<3>
101510191-> data received from printer:
101510349-> <21>
101510350-> ********************** COMMAND BEGIN **********************
101510350-> data sent to printer:
101510351-> <2>M<3>
101510358-> data received from printer:
101510515-> <21>
113704371-> OPEN PORT: COM1@9600
113704495-> ********************** COMMAND BEGIN **********************
113704496-> data sent to printer:
113704496-> <2>Q<3>
113704504-> data received from printer:
113704654-> <21>
113704655-> ********************** COMMAND BEGIN **********************
113704655-> data sent to printer:
113704655-> <2>M<3>
113704663-> data received from printer:
113704820-> <21>
115850528-> OPEN PORT: COM1@9600
115850728-> ********************** COMMAND BEGIN **********************
115850730-> data sent to printer:
115850732-> <2>Q<3>
115850741-> data received from printer:
115850902-> <21>
115850903-> ********************** COMMAND BEGIN **********************
115850903-> data sent to printer:
115850904-> <2>M<3>
115850911-> data received from printer:
115851067-> <21>
120259184-> OPEN PORT: COM1@9600
120259224-> ********************** COMMAND BEGIN **********************
120259225-> data sent to printer:
120259225-> <2>Q<3>
120259233-> data received from printer:
120259391-> <21>
120259392-> ********************** COMMAND BEGIN **********************
120259392-> data sent to printer:
120259392-> <2>M<3>
120259400-> data received from printer:
120259556-> <21>
121216475-> OPEN PORT: COM1@9600
121216599-> ********************** COMMAND BEGIN **********************
121216599-> data sent to printer:
121216600-> <2>Q<3>
121216607-> data received from printer:
121216760-> <21>
121216761-> ********************** COMMAND BEGIN **********************
121216761-> data sent to printer:
121216762-> <2>M<3>
121216769-> data received from printer:
121216926-> <21>
122040367-> OPEN PORT: COM1@9600
122040408-> ********************** COMMAND BEGIN **********************
122040408-> data sent to printer:
122040409-> <2>Q<3>
122040416-> data received from printer:
122040578-> <21>
122040579-> ********************** COMMAND BEGIN **********************
122040579-> data sent to printer:
122040580-> <2>M<3>
122040587-> data received from printer:
122040743-> <21>
122712028-> OPEN PORT: COM1@9600
122712069-> ********************** COMMAND BEGIN **********************
122712069-> data sent to printer:
122712070-> <2>Q<3>
122712077-> data received from printer:
122712231-> <21>
122712232-> ********************** COMMAND BEGIN **********************
122712233-> data sent to printer:
122712233-> <2>M<3>
122712241-> data received from printer:
122712396-> <21>
123154687-> OPEN PORT: COM1@9600
123154728-> ********************** COMMAND BEGIN **********************
123154728-> data sent to printer:
123154728-> <2>Q<3>
123154736-> data received from printer:
123154889-> <21>
123154890-> ********************** COMMAND BEGIN **********************
123154890-> data sent to printer:
123154891-> <2>M<3>
123154898-> data received from printer:
123155055-> <21>
154430686-> OPEN PORT: COM1@9600
154430794-> ********************** COMMAND BEGIN **********************
154430794-> data sent to printer:
154430795-> <2>Q<3>
154430802-> data received from printer:
154430955-> <21>
154430956-> ********************** COMMAND BEGIN **********************
154430956-> data sent to printer:
154430957-> <2>M<3>
154430964-> data received from printer:
154431120-> <21>
