101728461-> OPEN PORT: COM1@9600
101728568-> ********************** COMMAND BEGIN **********************
101728569-> data sent to printer:
101728569-> <2>L&2<3>
101730205-> data received from printer:
101730361-> <2>134*110<3><6>
101730362-> ********************** COMMAND BEGIN **********************
101730362-> data sent to printer:
101730362-> <2>VRazon Social: ADRIAN HERNANDEZ<3>
101730621-> data received from printer:
101730782-> <6>
101730782-> ********************** COMMAND BEGIN **********************
101730783-> data sent to printer:
101730783-> <2>VCI/Rif: V28152090<3>
101730991-> data received from printer:
101731143-> <6>
101731143-> ********************** COMMAND BEGIN **********************
101731144-> data sent to printer:
101731144-> <2>VDatos del Documento Original:<3>
101731366-> data received from printer:
101731519-> <6>
101731520-> ********************** COMMAND BEGIN **********************
101731520-> data sent to printer:
101731520-> <2>VNumero: 0001334<3>
101732369-> data received from printer:
101732525-> <6>
101732525-> ********************** COMMAND BEGIN **********************
101732526-> data sent to printer:
101732526-> <2>VFecha: 26/05/2023<3>
101732733-> data received from printer:
101732886-> <6>
101732887-> ********************** COMMAND BEGIN **********************
101732887-> data sent to printer:
101732887-> <2>VSerial Fiscal: TIU2206171<3>
101733105-> data received from printer:
101733261-> <6>
101733261-> ********************** COMMAND BEGIN **********************
101733262-> data sent to printer:
101733262-> <2>V----------------------------------------<3>
101733496-> data received from printer:
101733651-> <6>
101734186-> ********************** COMMAND BEGIN **********************
101734186-> data sent to printer:
101734187-> <2>VM162256 DMSLRODET-228354BR<3>
101734403-> data received from printer:
101734561-> <6>
101734562-> ********************** COMMAND BEGIN **********************
101734562-> data sent to printer:
101734562-> <2>R11,000xBs1066,00     00001066001<3>
101734842-> data received from printer:
101734997-> <6>
101734997-> ********************** COMMAND BEGIN **********************
101734998-> data sent to printer:
101734998-> <2>VC000001 VISION SENCILLA TERMINADO <3>
101735228-> data received from printer:
101735387-> <6>
101735387-> ********************** COMMAND BEGIN **********************
101735388-> data sent to printer:
101735388-> <2>R12,000xBs247,00      00000494000<3>
101735663-> data received from printer:
101735822-> <6>
101735977-> ********************** COMMAND BEGIN **********************
101735977-> data sent to printer:
101735977-> <2>\Descuento           000000000000000000000000000000000000000000000000<3>
101736234-> data received from printer:
101736397-> <6>
101736398-> ********************** COMMAND BEGIN **********************
101736398-> data sent to printer:
101736399-> <2>O1<3>
101737529-> data received from printer:
101737687-> <2>173056<3><6>
101737688-> ********************** COMMAND BEGIN **********************
101737688-> data sent to printer:
101737688-> <2>VMonto Disponible:  1730,56<3>
101737910-> data received from printer:
101738062-> <6>
101738063-> ********************** COMMAND BEGIN **********************
101738064-> data sent to printer:
101738064-> <2>Y0<3>
101738113-> data received from printer:
101738394-> <2>SENIAT    J-316292649    1600*800*3100*2          Bs.0TIY1900001120220230459*300<3><6>
101738395-> ********************** COMMAND BEGIN **********************
101738395-> data sent to printer:
101738395-> <2>S<3>
101738403-> data received from printer:
101738560-> <21>
101738561-> ********************** COMMAND BEGIN **********************
101738561-> data sent to printer:
101738561-> <2>M<3>
101739880-> data received from printer:
101740045-> <6>
111306065-> OPEN PORT: COM1@9600
111306129-> ********************** COMMAND BEGIN **********************
111306130-> data sent to printer:
111306130-> <2>L&2<3>
111307801-> data received from printer:
111307962-> <2>135*110<3><6>
111307963-> ********************** COMMAND BEGIN **********************
111307963-> data sent to printer:
111307964-> <2>VRazon Social: DIANA RODRIGUEZ<3>
111308183-> data received from printer:
111308338-> <6>
111308338-> ********************** COMMAND BEGIN **********************
111308339-> data sent to printer:
111308339-> <2>VCI/Rif: V21281105<3>
111308548-> data received from printer:
111308713-> <6>
111308713-> ********************** COMMAND BEGIN **********************
111308714-> data sent to printer:
111308714-> <2>VDatos del Documento Original:<3>
111308937-> data received from printer:
111309088-> <6>
111309089-> ********************** COMMAND BEGIN **********************
111309089-> data sent to printer:
111309089-> <2>VNumero: 0002390<3>
111309294-> data received from printer:
111309448-> <6>
111309449-> ********************** COMMAND BEGIN **********************
111309449-> data sent to printer:
111309449-> <2>VFecha: 25/05/2023<3>
111309658-> data received from printer:
111309823-> <6>
111309823-> ********************** COMMAND BEGIN **********************
111309824-> data sent to printer:
111309824-> <2>VSerial Fiscal: TIY1900001<3>
111310043-> data received from printer:
111310198-> <6>
111310198-> ********************** COMMAND BEGIN **********************
111310199-> data sent to printer:
111310199-> <2>V----------------------------------------<3>
111310430-> data received from printer:
111310588-> <6>
111310898-> ********************** COMMAND BEGIN **********************
111310899-> data sent to printer:
111310900-> <2>VS000040 Naranja Varillas-Puentes Marcas<3>
111311134-> data received from printer:
111311291-> <6>
111311292-> ********************** COMMAND BEGIN **********************
111311292-> data sent to printer:
111311292-> <2>R11,000xBs990,00      00000990000<3>
111311569-> data received from printer:
111311727-> <6>
111311857-> ********************** COMMAND BEGIN **********************
111311857-> data sent to printer:
111311858-> <2>\Descuento           000000000000000000000000000000000000000000000000<3>
111312101-> data received from printer:
111312259-> <6>
111312260-> ********************** COMMAND BEGIN **********************
111312260-> data sent to printer:
111312261-> <2>O1<3>
111312905-> data received from printer:
111313069-> <2>99000<3><6>
111313070-> ********************** COMMAND BEGIN **********************
111313070-> data sent to printer:
111313070-> <2>VMonto Disponible:  1019,7<3>
111313288-> data received from printer:
111313445-> <6>
111313447-> ********************** COMMAND BEGIN **********************
111313447-> data sent to printer:
111313447-> <2>Y0<3>
111313497-> data received from printer:
111313775-> <2>SENIAT    J-316292649    1600*800*3100*2          Bs.0TIY1900001120220230554*300<3><6>
111313776-> ********************** COMMAND BEGIN **********************
111313776-> data sent to printer:
111313776-> <2>S<3>
111313784-> data received from printer:
111313940-> <21>
111313941-> ********************** COMMAND BEGIN **********************
111313941-> data sent to printer:
111313941-> <2>M<3>
111315237-> data received from printer:
111315395-> <6>
175459024-> OPEN PORT: COM1@9600
175459107-> ********************** COMMAND BEGIN **********************
175459108-> data sent to printer:
175459108-> <2>L&2<3>
175500744-> data received from printer:
175500904-> <2>136*110<3><6>
175500905-> ********************** COMMAND BEGIN **********************
175500905-> data sent to printer:
175500905-> <2>VRazon Social: DIANA RODRIGUEZ<3>
175501125-> data received from printer:
175501280-> <6>
175501281-> ********************** COMMAND BEGIN **********************
175501281-> data sent to printer:
175501281-> <2>VCI/Rif: V21281105<3>
175501527-> data received from printer:
175501686-> <6>
175501687-> ********************** COMMAND BEGIN **********************
175501687-> data sent to printer:
175501687-> <2>VDatos del Documento Original:<3>
175501907-> data received from printer:
175502062-> <6>
175502062-> ********************** COMMAND BEGIN **********************
175502063-> data sent to printer:
175502063-> <2>VNumero: 0002387<3>
175502269-> data received from printer:
175502422-> <6>
175502423-> ********************** COMMAND BEGIN **********************
175502423-> data sent to printer:
175502423-> <2>VFecha: 25/05/2023<3>
175502633-> data received from printer:
175502798-> <6>
175502798-> ********************** COMMAND BEGIN **********************
175502799-> data sent to printer:
175502799-> <2>VSerial Fiscal: TIY1900001<3>
175503014-> data received from printer:
175503173-> <6>
175503173-> ********************** COMMAND BEGIN **********************
175503174-> data sent to printer:
175503174-> <2>V----------------------------------------<3>
175503407-> data received from printer:
175503563-> <6>
175503670-> ********************** COMMAND BEGIN **********************
175503671-> data sent to printer:
175503672-> <2>VS000040 Naranja Varillas-Puentes Marcas<3>
175503905-> data received from printer:
175504060-> <6>
175504061-> ********************** COMMAND BEGIN **********************
175504061-> data sent to printer:
175504061-> <2>R11,000xBs990,00      00000990000<3>
175504334-> data received from printer:
175504496-> <6>
175504810-> ********************** COMMAND BEGIN **********************
175504812-> data sent to printer:
175504813-> <2>\Descuento           000000000000000000000000000000000000000000000000<3>
175505059-> data received from printer:
175505212-> <6>
175505214-> ********************** COMMAND BEGIN **********************
175505214-> data sent to printer:
175505214-> <2>O1<3>
175505854-> data received from printer:
175506008-> <2>99000<3><6>
175506009-> ********************** COMMAND BEGIN **********************
175506009-> data sent to printer:
175506009-> <2>VMonto Disponible:  1019,7<3>
175506228-> data received from printer:
175506383-> <6>
175506385-> ********************** COMMAND BEGIN **********************
175506385-> data sent to printer:
175506386-> <2>Y0<3>
175506435-> data received from printer:
175506713-> <2>SENIAT    J-316292649    1600*800*3100*2          Bs.0TIY1900001120220231236*300<3><6>
175506714-> ********************** COMMAND BEGIN **********************
175506714-> data sent to printer:
175506714-> <2>S<3>
175506722-> data received from printer:
175506878-> <21>
175506879-> ********************** COMMAND BEGIN **********************
175506879-> data sent to printer:
175506879-> <2>M<3>
175508134-> data received from printer:
175508288-> <6>
