123501134-> OPEN PORT: COM1@9600
123534198-> OPEN PORT: COM1@9600
123544911-> OPEN PORT: COM1@9600
123544940-> ********************** COMMAND BEGIN **********************
123544940-> data sent to printer:
123544941-> <2>L&1<3>
123546613-> data received from printer:
123546778-> <2>2094*2034<3><6>
123546779-> ********************** COMMAND BEGIN **********************
123546779-> data sent to printer:
123546779-> <2>VRazon Social: MILECETH CARABALLO<3>
123547002-> data received from printer:
123547154-> <6>
123547155-> ********************** COMMAND BEGIN **********************
123547155-> data sent to printer:
123547156-> <2>VCI/Rif: V010151960<3>
123547402-> data received from printer:
123547559-> <6>
123547560-> ********************** COMMAND BEGIN **********************
123547560-> data sent to printer:
123547560-> <2>V----------------------------------------<3>
123547791-> data received from printer:
123547949-> <6>
123547950-> ********************** COMMAND BEGIN **********************
123547950-> data sent to printer:
123547950-> <2>Vfarma D 1000UT X 30 TAB 9075 E: 9.00 7591821102<3>
123548190-> data received from printer:
123548341-> <6>
123548369-> ********************** COMMAND BEGIN **********************
123548369-> data sent to printer:
123548370-> <2>VE: 116.00<3>
123548571-> data received from printer:
123548733-> <6>
123548734-> ********************** COMMAND BEGIN **********************
123548734-> data sent to printer:
123548734-> <2>H11,000xBs9999999999,99999999999990<3>
123549009-> data received from printer:
123549168-> <6>
123549169-> ********************** COMMAND BEGIN **********************
123549169-> data sent to printer:
123549169-> <2>VPaticas de Cochino f<3>
123549383-> data received from printer:
123549543-> <6>
123549543-> ********************** COMMAND BEGIN **********************
123549544-> data sent to printer:
123549544-> <2>VServicio Exlusivo<3>
123549756-> data received from printer:
123549919-> <6>
123549919-> ********************** COMMAND BEGIN **********************
123549920-> data sent to printer:
123549920-> <2>H11,000xBs9999999999,99999999999990<3>
123550195-> data received from printer:
123550355-> <6>
123550356-> ********************** COMMAND BEGIN **********************
123550356-> data sent to printer:
123550356-> <2>VHuesos de Chocozuela<3>
123550570-> data received from printer:
123550731-> <6>
123550732-> ********************** COMMAND BEGIN **********************
123550732-> data sent to printer:
123550732-> <2>V x K 12950000X1690<3>
123551575-> data received from printer:
123551736-> <6>
123551736-> ********************** COMMAND BEGIN **********************
123551737-> data sent to printer:
123551737-> <2>H11,000xBs9999999999,99999999999990<3>
123552012-> data received from printer:
123552172-> <6>
123552173-> ********************** COMMAND BEGIN **********************
123552173-> data sent to printer:
123552173-> <2>VHarina Maiz SANTA LU<3>
123552386-> data received from printer:
123552547-> <6>
123552547-> ********************** COMMAND BEGIN **********************
123552548-> data sent to printer:
123552548-> <2>VCIA  31080000X3000<3>
123552761-> data received from printer:
123552923-> <6>
123552923-> ********************** COMMAND BEGIN **********************
123552924-> data sent to printer:
123552924-> <2>H11,000xBs9999999999,99999999999990<3>
123553234-> data received from printer:
123553388-> <6>
123553388-> ********************** COMMAND BEGIN **********************
123553389-> data sent to printer:
123553389-> <2>VArroz MARY Tradicion<3>
123553604-> data received from printer:
123553763-> <6>
123553763-> ********************** COMMAND BEGIN **********************
123553764-> data sent to printer:
123553764-> <2>Val 1 301920.00X1.000<3>
123553975-> data received from printer:
123554138-> <6>
123554138-> ********************** COMMAND BEGIN **********************
123554139-> data sent to printer:
123554139-> <2>H11,000xBs9999999999,99999999999990<3>
123554416-> data received from printer:
123554573-> <6>
123554573-> ********************** COMMAND BEGIN **********************
123554574-> data sent to printer:
123554574-> <2>VBolsa Camiseta x Uni<3>
123554789-> data received from printer:
123554949-> <6>
123554950-> ********************** COMMAND BEGIN **********************
123554950-> data sent to printer:
123554951-> <2>O1<3>
123555565-> data received from printer:
123555716-> <2>4999999999995<3><6>
123555717-> ********************** COMMAND BEGIN **********************
123555717-> data sent to printer:
123555718-> <2>a1Tarjeta de Debito   04999999999995<3>
123555989-> data received from printer:
123556152-> <6>
123556153-> ********************** COMMAND BEGIN **********************
123556153-> data sent to printer:
123556153-> <2>M<3>
123557446-> data received from printer:
123557607-> <6>
