073053156-> OPEN PORT: COM1@9600
073053235-> ********************** COMMAND BEGIN **********************
073053236-> data sent to printer:
073053236-> <2>Q<3>
073059293-> No reponse from printer
073059294-> ********************** COMMAND BEGIN **********************
073059294-> data sent to printer:
073059295-> <2>M<3>
073144351-> No reponse from printer
073453639-> OPEN PORT: COM1@9600
073453680-> ********************** COMMAND BEGIN **********************
073453680-> data sent to printer:
073453680-> <2>Q<3>
073459742-> No reponse from printer
073459743-> ********************** COMMAND BEGIN **********************
073459762-> data sent to printer:
073459763-> <2>M<3>
073544815-> No reponse from printer
073603373-> OPEN PORT: COM1@9600
073603412-> ********************** COMMAND BEGIN **********************
073603413-> data sent to printer:
073603413-> <2>Q<3>
073609477-> No reponse from printer
073609478-> ********************** COMMAND BEGIN **********************
073609478-> data sent to printer:
073609479-> <2>M<3>
073654535-> No reponse from printer
073959791-> OPEN PORT: COM1@9600
073959831-> ********************** COMMAND BEGIN **********************
073959832-> data sent to printer:
073959832-> <2>Q<3>
074005889-> No reponse from printer
074005890-> ********************** COMMAND BEGIN **********************
074005890-> data sent to printer:
074005891-> <2>M<3>
074050947-> No reponse from printer
074452649-> OPEN PORT: COM1@9600
074452689-> ********************** COMMAND BEGIN **********************
074452689-> data sent to printer:
074452690-> <2>Q<3>
074458748-> No reponse from printer
074458749-> ********************** COMMAND BEGIN **********************
074458749-> data sent to printer:
074458750-> <2>M<3>
074543806-> No reponse from printer
074849583-> OPEN PORT: COM1@9600
074849623-> ********************** COMMAND BEGIN **********************
074849623-> data sent to printer:
074849624-> <2>Q<3>
074855681-> No reponse from printer
074855682-> ********************** COMMAND BEGIN **********************
074855682-> data sent to printer:
074855682-> <2>M<3>
074940740-> No reponse from printer
075305747-> OPEN PORT: COM1@9600
075305788-> ********************** COMMAND BEGIN **********************
075305788-> data sent to printer:
075305789-> <2>Q<3>
075311850-> No reponse from printer
075311851-> ********************** COMMAND BEGIN **********************
075311851-> data sent to printer:
075311852-> <2>M<3>
075356910-> No reponse from printer
080059294-> OPEN PORT: COM1@9600
080059334-> ********************** COMMAND BEGIN **********************
080059334-> data sent to printer:
080059335-> <2>Q<3>
080105390-> No reponse from printer
080105391-> ********************** COMMAND BEGIN **********************
080105392-> data sent to printer:
080105392-> <2>M<3>
080150451-> No reponse from printer
080337566-> OPEN PORT: COM1@9600
080337605-> ********************** COMMAND BEGIN **********************
080337605-> data sent to printer:
080337605-> <2>Q<3>
080343657-> No reponse from printer
080343658-> ********************** COMMAND BEGIN **********************
080343658-> data sent to printer:
080343658-> <2>M<3>
080428715-> No reponse from printer
080740960-> OPEN PORT: COM1@9600
080741000-> ********************** COMMAND BEGIN **********************
080741001-> data sent to printer:
080741001-> <2>Q<3>
080747067-> No reponse from printer
080747068-> ********************** COMMAND BEGIN **********************
080747068-> data sent to printer:
080747069-> <2>M<3>
080832125-> No reponse from printer
115301717-> OPEN PORT: COM1@9600
115301784-> ********************** COMMAND BEGIN **********************
115301785-> data sent to printer:
115301785-> <2>Q<3>
115307837-> No reponse from printer
115307838-> ********************** COMMAND BEGIN **********************
115307838-> data sent to printer:
115307839-> <2>M<3>
115352895-> No reponse from printer
115510634-> OPEN PORT: COM1@9600
115510673-> OPEN PORT: COM1@9600
115516979-> ********************** COMMAND BEGIN **********************
115516979-> data sent to printer:
115516980-> <2>L&1<3>
115523032-> No reponse from printer
115523033-> ********************** COMMAND BEGIN **********************
115523033-> data sent to printer:
115523033-> <2>VRazon Social: ERIKA BENITEZ<3>
115527098-> No reponse from printer
121808013-> OPEN PORT: COM1@9600
121808052-> ********************** COMMAND BEGIN **********************
121808053-> data sent to printer:
121808053-> <2>Q<3>
121814108-> No reponse from printer
121814111-> ********************** COMMAND BEGIN **********************
121814111-> data sent to printer:
121814112-> <2>M<3>
121859167-> No reponse from printer
122033510-> OPEN PORT: COM1@9600
122033550-> ********************** COMMAND BEGIN **********************
122033550-> data sent to printer:
122033551-> <2>Q<3>
122039611-> No reponse from printer
122039612-> ********************** COMMAND BEGIN **********************
122039612-> data sent to printer:
122039613-> <2>M<3>
122124670-> No reponse from printer
123948368-> OPEN PORT: COM1@9600
123948419-> ********************** COMMAND BEGIN **********************
123948419-> data sent to printer:
123948419-> <2>Q<3>
123954484-> No reponse from printer
123954485-> ********************** COMMAND BEGIN **********************
123954485-> data sent to printer:
123954486-> <2>M<3>
124039543-> No reponse from printer
124616269-> OPEN PORT: COM1@9600
124616309-> ********************** COMMAND BEGIN **********************
124616309-> data sent to printer:
124616310-> <2>Q<3>
124622367-> No reponse from printer
124622368-> ********************** COMMAND BEGIN **********************
124622368-> data sent to printer:
124622369-> <2>M<3>
124707427-> No reponse from printer
125016769-> OPEN PORT: COM1@9600
125016809-> ********************** COMMAND BEGIN **********************
125016809-> data sent to printer:
125016810-> <2>Q<3>
125022871-> No reponse from printer
125022872-> ********************** COMMAND BEGIN **********************
125022872-> data sent to printer:
125022873-> <2>M<3>
125107929-> No reponse from printer
125717440-> OPEN PORT: COM1@9600
125717480-> ********************** COMMAND BEGIN **********************
125717480-> data sent to printer:
125717481-> <2>Q<3>
125723536-> No reponse from printer
125723537-> ********************** COMMAND BEGIN **********************
125723537-> data sent to printer:
125723538-> <2>M<3>
125808595-> No reponse from printer
142714575-> OPEN PORT: COM1@9600
142714633-> ********************** COMMAND BEGIN **********************
142714634-> data sent to printer:
142714634-> <2>Q<3>
142720699-> No reponse from printer
142720700-> ********************** COMMAND BEGIN **********************
142720701-> data sent to printer:
142720701-> <2>M<3>
142805756-> No reponse from printer
150736725-> OPEN PORT: COM1@9600
150736765-> ********************** COMMAND BEGIN **********************
150736765-> data sent to printer:
150736766-> <2>Q<3>
150742827-> No reponse from printer
150742828-> ********************** COMMAND BEGIN **********************
150742828-> data sent to printer:
150742829-> <2>M<3>
150827884-> No reponse from printer
153104968-> OPEN PORT: COM1@9600
153105008-> ********************** COMMAND BEGIN **********************
153105009-> data sent to printer:
153105009-> <2>Q<3>
153111073-> No reponse from printer
153111074-> ********************** COMMAND BEGIN **********************
153111086-> data sent to printer:
153111087-> <2>M<3>
153156145-> No reponse from printer
155217527-> OPEN PORT: COM1@9600
155217577-> ********************** COMMAND BEGIN **********************
155217577-> data sent to printer:
155217578-> <2>Q<3>
155223632-> No reponse from printer
155223633-> ********************** COMMAND BEGIN **********************
155223661-> data sent to printer:
155223662-> <2>M<3>
155308721-> No reponse from printer
160238430-> OPEN PORT: COM1@9600
160238470-> ********************** COMMAND BEGIN **********************
160238470-> data sent to printer:
160238471-> <2>Q<3>
160244531-> No reponse from printer
160244532-> ********************** COMMAND BEGIN **********************
160244532-> data sent to printer:
160244532-> <2>M<3>
160329590-> No reponse from printer
164553360-> OPEN PORT: COM1@9600
164553421-> OPEN PORT: COM1@9600
164642100-> ********************** COMMAND BEGIN **********************
164642101-> data sent to printer:
164642101-> <2>L&1<3>
164648162-> No reponse from printer
164648162-> ********************** COMMAND BEGIN **********************
164648163-> data sent to printer:
164648163-> <2>VRazon Social: PATRICIA  CARDOZA<3>
164652228-> No reponse from printer
