162654967-> OPEN PORT: COM1@9600
162655077-> ********************** COMMAND BEGIN **********************
162655077-> data sent to printer:
162655077-> <2>L&2<3>
162656743-> data received from printer:
162656902-> <2>184*157<3><6>
162656903-> ********************** COMMAND BEGIN **********************
162656903-> data sent to printer:
162656904-> <2>VRazon Social: HECTOR  AGUILAR <3>
162657124-> data received from printer:
162657277-> <6>
162657278-> ********************** COMMAND BEGIN **********************
162657278-> data sent to printer:
162657279-> <2>VCI/Rif: V20490081<3>
162657491-> data received from printer:
162657652-> <6>
162657668-> ********************** COMMAND BEGIN **********************
162657668-> data sent to printer:
162657669-> <2>VDatos del Documento Original:<3>
162657891-> data received from printer:
162658043-> <6>
162658044-> ********************** COMMAND BEGIN **********************
162658044-> data sent to printer:
162658044-> <2>VNumero: 0001632<3>
162658249-> data received from printer:
162658404-> <6>
162658404-> ********************** COMMAND BEGIN **********************
162658405-> data sent to printer:
162658405-> <2>VFecha: 02/10/2023<3>
162658614-> data received from printer:
162658779-> <6>
162658779-> ********************** COMMAND BEGIN **********************
162658780-> data sent to printer:
162658780-> <2>VSerial Fiscal: TIX2290065<3>
162658998-> data received from printer:
162659155-> <6>
162659155-> ********************** COMMAND BEGIN **********************
162659156-> data sent to printer:
162659156-> <2>V----------------------------------------<3>
162700010-> data received from printer:
162700175-> <6>
162700508-> ********************** COMMAND BEGIN **********************
162700509-> data sent to printer:
162700510-> <2>VM161286 DPCLCDES15153553MD<3>
162700726-> data received from printer:
162700890-> <6>
162700891-> ********************** COMMAND BEGIN **********************
162700891-> data sent to printer:
162700892-> <2>R11,000xBs0,01        00000000011<3>
162701171-> data received from printer:
162701325-> <6>
162701326-> ********************** COMMAND BEGIN **********************
162701326-> data sent to printer:
162701326-> <2>VC000001 VISION SENCILLA TERMINADO <3>
162701556-> data received from printer:
162701714-> <6>
162701714-> ********************** COMMAND BEGIN **********************
162701715-> data sent to printer:
162701715-> <2>R12,000xBs0,01        00000000020<3>
162701989-> data received from printer:
162702149-> <6>
162702427-> ********************** COMMAND BEGIN **********************
162702429-> data sent to printer:
162702430-> <2>O1<3>
162703549-> data received from printer:
162703703-> <2>3<3><6>
162703704-> ********************** COMMAND BEGIN **********************
162703704-> data sent to printer:
162703704-> <2>VMonto Disponible:  0,05<3>
162703921-> data received from printer:
162704078-> <6>
162704086-> ********************** COMMAND BEGIN **********************
162704086-> data sent to printer:
162704086-> <2>Y0<3>
162704136-> data received from printer:
162704409-> <2>SENIAT    J-316292649    1600*800*3100*2          Bs.0TIY1900001290620231104*300<3><6>
162704410-> ********************** COMMAND BEGIN **********************
162704410-> data sent to printer:
162704411-> <2>S<3>
162704418-> data received from printer:
162704575-> <21>
162704576-> ********************** COMMAND BEGIN **********************
162704577-> data sent to printer:
162704577-> <2>M<3>
162705895-> data received from printer:
162706046-> <6>
162814097-> OPEN PORT: COM1@9600
162814137-> ********************** COMMAND BEGIN **********************
162814138-> data sent to printer:
162814138-> <2>L&2<3>
162815806-> data received from printer:
162815961-> <2>185*157<3><6>
162815962-> ********************** COMMAND BEGIN **********************
162815962-> data sent to printer:
162815962-> <2>VRazon Social: HECTOR  AGUILAR <3>
162816818-> data received from printer:
162816983-> <6>
162816984-> ********************** COMMAND BEGIN **********************
162816984-> data sent to printer:
162816985-> <2>VCI/Rif: V20490081<3>
162817191-> data received from printer:
162817344-> <6>
162817345-> ********************** COMMAND BEGIN **********************
162817345-> data sent to printer:
162817345-> <2>VDatos del Documento Original:<3>
162817566-> data received from printer:
162817719-> <6>
162817720-> ********************** COMMAND BEGIN **********************
162817721-> data sent to printer:
162817721-> <2>VNumero: 0001631<3>
162817929-> data received from printer:
162818094-> <6>
162818095-> ********************** COMMAND BEGIN **********************
162818095-> data sent to printer:
162818095-> <2>VFecha: 02/10/2023<3>
162818302-> data received from printer:
162818455-> <6>
162818456-> ********************** COMMAND BEGIN **********************
162818456-> data sent to printer:
162818456-> <2>VSerial Fiscal: TIX2290065<3>
162818672-> data received from printer:
162818831-> <6>
162818832-> ********************** COMMAND BEGIN **********************
162818832-> data sent to printer:
162818832-> <2>V----------------------------------------<3>
162819067-> data received from printer:
162819220-> <6>
162819448-> ********************** COMMAND BEGIN **********************
162819449-> data sent to printer:
162819450-> <2>VM175899 NPCOHAPYDS300545RJ<3>
162819666-> data received from printer:
162819827-> <6>
162819828-> ********************** COMMAND BEGIN **********************
162819828-> data sent to printer:
162819829-> <2>R11,000xBs1032,90     00001032901<3>
162820109-> data received from printer:
162820262-> <6>
162820263-> ********************** COMMAND BEGIN **********************
162820263-> data sent to printer:
162820263-> <2>VC000882 MAXI DELGADO 1.56 TERM. AR BLUE<3>
162820532-> data received from printer:
162820683-> <6>
162820684-> ********************** COMMAND BEGIN **********************
162820684-> data sent to printer:
162820684-> <2>R12,000xBs654,17      00001308340<3>
162820961-> data received from printer:
162821119-> <6>
162821397-> ********************** COMMAND BEGIN **********************
162821398-> data sent to printer:
162821398-> <2>O1<3>
162822492-> data received from printer:
162822657-> <2>250650<3><6>
162822657-> ********************** COMMAND BEGIN **********************
162822658-> data sent to printer:
162822658-> <2>VMonto Disponible:  2506,5<3>
162822877-> data received from printer:
162823033-> <6>
162823033-> ********************** COMMAND BEGIN **********************
162823034-> data sent to printer:
162823034-> <2>Y0<3>
162823084-> data received from printer:
162823364-> <2>SENIAT    J-316292649    1600*800*3100*2          Bs.0TIY1900001290620231105*300<3><6>
162823364-> ********************** COMMAND BEGIN **********************
162823365-> data sent to printer:
162823365-> <2>S<3>
162823373-> data received from printer:
162823529-> <21>
162823529-> ********************** COMMAND BEGIN **********************
162823530-> data sent to printer:
162823530-> <2>M<3>
162824848-> data received from printer:
162824999-> <6>
163304434-> OPEN PORT: COM1@9600
163304475-> ********************** COMMAND BEGIN **********************
163304475-> data sent to printer:
163304475-> <2>L&2<3>
163306141-> data received from printer:
163306298-> <2>186*157<3><6>
163306299-> ********************** COMMAND BEGIN **********************
163306299-> data sent to printer:
163306299-> <2>VRazon Social: JOSE MONTERO<3>
163306519-> data received from printer:
163306674-> <6>
163306675-> ********************** COMMAND BEGIN **********************
163306675-> data sent to printer:
163306675-> <2>VCI/Rif: V6352432<3>
163306881-> data received from printer:
163307034-> <6>
163307035-> ********************** COMMAND BEGIN **********************
163307035-> data sent to printer:
163307035-> <2>VDatos del Documento Original:<3>
163307256-> data received from printer:
163307409-> <6>
163307409-> ********************** COMMAND BEGIN **********************
163307410-> data sent to printer:
163307410-> <2>VNumero: 0002768<3>
163307619-> data received from printer:
163307784-> <6>
163307784-> ********************** COMMAND BEGIN **********************
163307785-> data sent to printer:
163307785-> <2>VFecha: 24/08/2019<3>
163307991-> data received from printer:
163308144-> <6>
163308145-> ********************** COMMAND BEGIN **********************
163308145-> data sent to printer:
163308145-> <2>VSerial Fiscal: FACTMANUAL<3>
163308362-> data received from printer:
163308520-> <6>
163308521-> ********************** COMMAND BEGIN **********************
163308521-> data sent to printer:
163308522-> <2>V----------------------------------------<3>
163308756-> data received from printer:
163308910-> <6>
163309442-> ********************** COMMAND BEGIN **********************
163309444-> data sent to printer:
163309446-> <2>VM172059 CPCCMW404353M<3>
163309658-> data received from printer:
163309810-> <6>
163309811-> ********************** COMMAND BEGIN **********************
163309811-> data sent to printer:
163309812-> <2>R11,000xBs0,43        00000000431<3>
163310128-> data received from printer:
163310290-> <6>
163310291-> ********************** COMMAND BEGIN **********************
163310291-> data sent to printer:
163310291-> <2>VC000191 MULTIGRESSIV   MY VIEW CR-39 <3>
163310520-> data received from printer:
163310680-> <6>
163310681-> ********************** COMMAND BEGIN **********************
163310681-> data sent to printer:
163310681-> <2>R12,000xBs1,24        00000002480<3>
163310958-> data received from printer:
163311115-> <6>
163311391-> ********************** COMMAND BEGIN **********************
163311391-> data sent to printer:
163311392-> <2>O1<3>
163312479-> data received from printer:
163312640-> <2>298<3><6>
163312640-> ********************** COMMAND BEGIN **********************
163312641-> data sent to printer:
163312641-> <2>VMonto Disponible:  2,98<3>
163312858-> data received from printer:
163313015-> <6>
163313015-> ********************** COMMAND BEGIN **********************
163313016-> data sent to printer:
163313016-> <2>Y0<3>
163313066-> data received from printer:
163313346-> <2>SENIAT    J-316292649    1600*800*3100*2          Bs.0TIY1900001290620231110*300<3><6>
163313347-> ********************** COMMAND BEGIN **********************
163313347-> data sent to printer:
163313347-> <2>S<3>
163313355-> data received from printer:
163313511-> <21>
163313512-> ********************** COMMAND BEGIN **********************
163313512-> data sent to printer:
163313512-> <2>M<3>
163314830-> data received from printer:
163314982-> <6>
