073833195-> OPEN PORT: COM1@9600
073833236-> OPEN PORT: COM1@9600
073833237-> ********************** COMMAND BEGIN **********************
073833237-> data sent to printer:
073833237-> <2>L&1<3>
073834907-> data received from printer:
073835064-> <2>2156*2155<3><6>
073835065-> ********************** COMMAND BEGIN **********************
073835065-> data sent to printer:
073835065-> <2>VRazon Social: MARIA PENA<3>
073835283-> data received from printer:
073835439-> <6>
073835439-> ********************** COMMAND BEGIN **********************
073835440-> data sent to printer:
073835440-> <2>VCI/Rif: V-18001525<3>
073835648-> data received from printer:
073835799-> <6>
073835800-> ********************** COMMAND BEGIN **********************
073835800-> data sent to printer:
073835800-> <2>V----------------------------------------<3>
073836033-> data received from printer:
073836190-> <6>
073836190-> ********************** COMMAND BEGIN **********************
073836191-> data sent to printer:
073836191-> <2>VM171902 CPSCDIES526151MJ<3>
073836408-> data received from printer:
073836565-> <6>
073836566-> ********************** COMMAND BEGIN **********************
073836566-> data sent to printer:
073836566-> <2>N11,000xBs1046,50     00001046501<3>
073836845-> data received from printer:
073837000-> <6>
074645191-> ********************** COMMAND BEGIN **********************
074645192-> data sent to printer:
074645192-> <2>Q<3>
074645557-> data received from printer:
074645717-> <6>
074645717-> ********************** COMMAND BEGIN **********************
074645718-> data sent to printer:
074645718-> <2>M<3>
074645725-> data received from printer:
074645883-> <21>
074700459-> OPEN PORT: COM1@9600
074700500-> OPEN PORT: COM1@9600
074700500-> ********************** COMMAND BEGIN **********************
074700501-> data sent to printer:
074700501-> <2>L&1<3>
074702174-> data received from printer:
074702330-> <2>2157*2156<3><6>
074702330-> ********************** COMMAND BEGIN **********************
074702331-> data sent to printer:
074702331-> <2>VRazon Social: MARIA PENA<3>
074702549-> data received from printer:
074702706-> <6>
074702707-> ********************** COMMAND BEGIN **********************
074702708-> data sent to printer:
074702708-> <2>VCI/Rif: V-18001525<3>
074702916-> data received from printer:
074703081-> <6>
074703081-> ********************** COMMAND BEGIN **********************
074703082-> data sent to printer:
074703082-> <2>V----------------------------------------<3>
074703352-> data received from printer:
074703516-> <6>
074703516-> ********************** COMMAND BEGIN **********************
074703517-> data sent to printer:
074703517-> <2>VM171902 CPSCDIES526151MJ<3>
074703731-> data received from printer:
074703891-> <6>
074703891-> ********************** COMMAND BEGIN **********************
074703892-> data sent to printer:
074703892-> <2>N11,000xBs1046,50     00001046501<3>
074704173-> data received from printer:
074704327-> <6>
074832492-> ********************** COMMAND BEGIN **********************
074832492-> data sent to printer:
074832492-> <2>Q<3>
074832860-> data received from printer:
074833016-> <6>
074833016-> ********************** COMMAND BEGIN **********************
074833017-> data sent to printer:
074833017-> <2>M<3>
074833025-> data received from printer:
074833182-> <21>
075048516-> OPEN PORT: COM1@9600
075048558-> OPEN PORT: COM1@9600
075048559-> ********************** COMMAND BEGIN **********************
075048560-> data sent to printer:
075048561-> <2>L&1<3>
075050235-> data received from printer:
075050400-> <2>2158*2157<3><6>
075050400-> ********************** COMMAND BEGIN **********************
075050401-> data sent to printer:
075050401-> <2>VRazon Social: MARIA PENA<3>
075050615-> data received from printer:
075050776-> <6>
075050776-> ********************** COMMAND BEGIN **********************
075050777-> data sent to printer:
075050777-> <2>VCI/Rif: V-18001525<3>
075051629-> data received from printer:
075051781-> <6>
075051781-> ********************** COMMAND BEGIN **********************
075051782-> data sent to printer:
075051782-> <2>V----------------------------------------<3>
075052016-> data received from printer:
075052172-> <6>
075052173-> ********************** COMMAND BEGIN **********************
075052173-> data sent to printer:
075052173-> <2>VM171902 CPSCDIES526151MJ<3>
075052387-> data received from printer:
075052548-> <6>
075052548-> ********************** COMMAND BEGIN **********************
075052549-> data sent to printer:
075052549-> <2>N11,000xBs1046,50     00001046501<3>
075052829-> data received from printer:
075052984-> <6>
075144956-> ********************** COMMAND BEGIN **********************
075144957-> data sent to printer:
075144957-> <2>OT125036<0><0><0><0><0><128>+?<3>
075146104-> data received from printer:
075146261-> <2>125036<3><6>
075200582-> ********************** COMMAND BEGIN **********************
075200583-> data sent to printer:
075200583-> <2>Q<3>
075200950-> data received from printer:
075201108-> <6>
075201109-> ********************** COMMAND BEGIN **********************
075201109-> data sent to printer:
075201109-> <2>M<3>
075201117-> data received from printer:
075201273-> <21>
075651300-> OPEN PORT: COM1@9600
075651340-> OPEN PORT: COM1@9600
075651341-> ********************** COMMAND BEGIN **********************
075651341-> data sent to printer:
075651341-> <2>L&1<3>
075653007-> data received from printer:
075653166-> <2>2159*2158<3><6>
075653167-> ********************** COMMAND BEGIN **********************
075653167-> data sent to printer:
075653167-> <2>VRazon Social: MARIA PENA<3>
075653381-> data received from printer:
075653541-> <6>
075653542-> ********************** COMMAND BEGIN **********************
075653542-> data sent to printer:
075653542-> <2>VCI/Rif: V-18001525<3>
075653751-> data received from printer:
075653917-> <6>
075653917-> ********************** COMMAND BEGIN **********************
075653918-> data sent to printer:
075653918-> <2>V----------------------------------------<3>
075654152-> data received from printer:
075654308-> <6>
075654308-> ********************** COMMAND BEGIN **********************
075654309-> data sent to printer:
075654309-> <2>VM171902 CPSCDIES526151MJ<3>
075654523-> data received from printer:
075654684-> <6>
075654684-> ********************** COMMAND BEGIN **********************
075654685-> data sent to printer:
075654685-> <2>N11,000xBs1046,50     00001046501<3>
075654965-> data received from printer:
075655119-> <6>
075717643-> ********************** COMMAND BEGIN **********************
075717643-> data sent to printer:
075717643-> <2>Q<3>
075718011-> data received from printer:
075718169-> <6>
075718169-> ********************** COMMAND BEGIN **********************
075718170-> data sent to printer:
075718170-> <2>M<3>
075718177-> data received from printer:
075718335-> <21>
075722098-> OPEN PORT: COM1@9600
075722139-> OPEN PORT: COM1@9600
075722139-> ********************** COMMAND BEGIN **********************
075722140-> data sent to printer:
075722140-> <2>L&1<3>
075723808-> data received from printer:
075723965-> <2>2160*2159<3><6>
075723965-> ********************** COMMAND BEGIN **********************
075723966-> data sent to printer:
075723966-> <2>VRazon Social: MARIA PENA<3>
075724180-> data received from printer:
075724340-> <6>
075724340-> ********************** COMMAND BEGIN **********************
075724341-> data sent to printer:
075724341-> <2>VCI/Rif: V-18001525<3>
075724550-> data received from printer:
075724715-> <6>
075724715-> ********************** COMMAND BEGIN **********************
075724716-> data sent to printer:
075724716-> <2>V----------------------------------------<3>
075724950-> data received from printer:
075725106-> <6>
075725106-> ********************** COMMAND BEGIN **********************
075725107-> data sent to printer:
075725107-> <2>VM171902 CPSCDIES526151MJ<3>
075725321-> data received from printer:
075725481-> <6>
075725482-> ********************** COMMAND BEGIN **********************
075725482-> data sent to printer:
075725482-> <2>N11,000xBs1046,50     00001046501<3>
075725762-> data received from printer:
075725917-> <6>
075754005-> ********************** COMMAND BEGIN **********************
075754006-> data sent to printer:
075754006-> <2>OT125036<0><0><0><0><0><128><2><171><3>
075755027-> data received from printer:
075755178-> <2>121394<3><6>
080104277-> ********************** COMMAND BEGIN **********************
080104278-> data sent to printer:
080104278-> <2>V<3>
080104470-> data received from printer:
080104629-> <6>
080104630-> ********************** COMMAND BEGIN **********************
080104630-> data sent to printer:
080104630-> <2>VNumero Orden: 0000241<3>
080104846-> data received from printer:
080105004-> <6>
080105004-> ********************** COMMAND BEGIN **********************
080105005-> data sent to printer:
080105005-> <2>V<3>
080105195-> data received from printer:
080105349-> <6>
080113275-> ********************** COMMAND BEGIN **********************
080113276-> data sent to printer:
080113277-> <2>V<161><161><161>GRACIAS POR SU COMPRA!!!<3>
080113498-> data received from printer:
080113654-> <6>
080113654-> ********************** COMMAND BEGIN **********************
080113654-> data sent to printer:
080113654-> <2>VSolo se aceptaran devoluciones<3>
080113879-> data received from printer:
080114043-> <6>
080114044-> ********************** COMMAND BEGIN **********************
080114044-> data sent to printer:
080114044-> <2>Vpor defectos de fabrica, con la<3>
080114267-> data received from printer:
080114433-> <6>
080114434-> ********************** COMMAND BEGIN **********************
080114434-> data sent to printer:
080114434-> <2>Vpresentacion de esta factura (original),<3>
080114706-> data received from printer:
080114869-> <6>
080114870-> ********************** COMMAND BEGIN **********************
080114870-> data sent to printer:
080114870-> <2>Vdentro de los treinta (30) dias<3>
080115093-> data received from printer:
080115245-> <6>
080115246-> ********************** COMMAND BEGIN **********************
080115246-> data sent to printer:
080115246-> <2>Vsiguientes a la emision de la misma.<3>
080115477-> data received from printer:
080115635-> <6>
080118411-> ********************** COMMAND BEGIN **********************
080118411-> data sent to printer:
080118411-> <2>Y0<3>
080118461-> data received from printer:
080118743-> <2>SENIAT    J-316292649    1600*800*3100*2          Bs.0TIY1900001271120220245*300<3><6>
080118744-> ********************** COMMAND BEGIN **********************
080118745-> data sent to printer:
080118745-> <2>S<3>
080118752-> data received from printer:
080118909-> <21>
080118910-> ********************** COMMAND BEGIN **********************
080118910-> data sent to printer:
080118910-> <2>M<3>
080120169-> data received from printer:
080120334-> <6>
080515338-> OPEN PORT: COM1@9600
080515378-> OPEN PORT: COM1@9600
080515379-> ********************** COMMAND BEGIN **********************
080515379-> data sent to printer:
080515379-> <2>L&1<3>
080517691-> data received from printer:
080517856-> <2>2161*2159<3><6>
080517856-> ********************** COMMAND BEGIN **********************
080517857-> data sent to printer:
080517857-> <2>VRazon Social: MARIA PENA<3>
080518071-> data received from printer:
080518231-> <6>
080518232-> ********************** COMMAND BEGIN **********************
080518232-> data sent to printer:
080518232-> <2>VCI/Rif: V-18001525<3>
080518442-> data received from printer:
080518607-> <6>
080518607-> ********************** COMMAND BEGIN **********************
080518608-> data sent to printer:
080518608-> <2>V----------------------------------------<3>
080518842-> data received from printer:
080518998-> <6>
080518998-> ********************** COMMAND BEGIN **********************
080518999-> data sent to printer:
080518999-> <2>VM171902 CPSCDIES526151MJ<3>
080519248-> data received from printer:
080519403-> <6>
080519403-> ********************** COMMAND BEGIN **********************
080519404-> data sent to printer:
080519404-> <2>N11,000xBs1046,50     00001046501<3>
080519686-> data received from printer:
080519838-> <6>
080526178-> ********************** COMMAND BEGIN **********************
080526179-> data sent to printer:
080526179-> <2>Q<3>
080526543-> data received from printer:
080526703-> <6>
080526703-> ********************** COMMAND BEGIN **********************
080526704-> data sent to printer:
080526704-> <2>M<3>
080526711-> data received from printer:
080526868-> <21>
080557914-> OPEN PORT: COM1@9600
080557954-> OPEN PORT: COM1@9600
080557955-> ********************** COMMAND BEGIN **********************
080557955-> data sent to printer:
080557955-> <2>L&1<3>
080559624-> data received from printer:
080559778-> <2>2162*2161<3><6>
080559778-> ********************** COMMAND BEGIN **********************
080559779-> data sent to printer:
080559779-> <2>VRazon Social: MARIA PENA<3>
080559995-> data received from printer:
080600153-> <6>
080600153-> ********************** COMMAND BEGIN **********************
080600154-> data sent to printer:
080600154-> <2>VCI/Rif: V-18001525<3>
080600366-> data received from printer:
080600528-> <6>
080600528-> ********************** COMMAND BEGIN **********************
080600529-> data sent to printer:
080600529-> <2>V----------------------------------------<3>
080600759-> data received from printer:
080600917-> <6>
080600918-> ********************** COMMAND BEGIN **********************
080600918-> data sent to printer:
080600918-> <2>VM171902 CPSCDIES526151MJ<3>
080601134-> data received from printer:
080601293-> <6>
080601293-> ********************** COMMAND BEGIN **********************
080601294-> data sent to printer:
080601294-> <2>N11,000xBs1046,50     00001046501<3>
080601576-> data received from printer:
080601729-> <6>
080607393-> ********************** COMMAND BEGIN **********************
080607393-> data sent to printer:
080607394-> <2>Q<3>
080607758-> data received from printer:
080607919-> <6>
080607919-> ********************** COMMAND BEGIN **********************
080607920-> data sent to printer:
080607920-> <2>M<3>
080607927-> data received from printer:
080608085-> <21>
080612002-> OPEN PORT: COM1@9600
080612042-> OPEN PORT: COM1@9600
080612042-> ********************** COMMAND BEGIN **********************
080612043-> data sent to printer:
080612043-> <2>L&1<3>
080613711-> data received from printer:
080613866-> <2>2163*2162<3><6>
080613867-> ********************** COMMAND BEGIN **********************
080613867-> data sent to printer:
080613867-> <2>VRazon Social: MARIA PENA<3>
080614083-> data received from printer:
080614242-> <6>
080614242-> ********************** COMMAND BEGIN **********************
080614243-> data sent to printer:
080614243-> <2>VCI/Rif: V-18001525<3>
080614455-> data received from printer:
080614618-> <6>
080614618-> ********************** COMMAND BEGIN **********************
080614619-> data sent to printer:
080614619-> <2>V----------------------------------------<3>
080614850-> data received from printer:
080615009-> <6>
080615010-> ********************** COMMAND BEGIN **********************
080615010-> data sent to printer:
080615010-> <2>VM171902 CPSCDIES526151MJ<3>
080615227-> data received from printer:
080615387-> <6>
080615387-> ********************** COMMAND BEGIN **********************
080615388-> data sent to printer:
080615388-> <2>N11,000xBs1046,50     00001046501<3>
080615670-> data received from printer:
080615823-> <6>
080628282-> ********************** COMMAND BEGIN **********************
080628283-> data sent to printer:
080628283-> <2>OT125036<0><0>r<0><0><0><177><195><3>
080629430-> data received from printer:
080629589-> <2>125036<3><6>
080654424-> ********************** COMMAND BEGIN **********************
080654424-> data sent to printer:
080654425-> <2>Q<3>
080654788-> data received from printer:
080654953-> <6>
080654954-> ********************** COMMAND BEGIN **********************
080654954-> data sent to printer:
080654954-> <2>M<3>
080654961-> data received from printer:
080655118-> <21>
080700877-> OPEN PORT: COM1@9600
080700919-> OPEN PORT: COM1@9600
080700920-> ********************** COMMAND BEGIN **********************
080700920-> data sent to printer:
080700921-> <2>L&1<3>
080703234-> data received from printer:
080703397-> <2>2164*2163<3><6>
080703397-> ********************** COMMAND BEGIN **********************
080703398-> data sent to printer:
080703398-> <2>VRazon Social: MARIA PENA<3>
080703613-> data received from printer:
080703773-> <6>
080703774-> ********************** COMMAND BEGIN **********************
080703774-> data sent to printer:
080703774-> <2>VCI/Rif: V-18001525<3>
080703986-> data received from printer:
080704148-> <6>
080704148-> ********************** COMMAND BEGIN **********************
080704149-> data sent to printer:
080704149-> <2>V----------------------------------------<3>
080704380-> data received from printer:
080704539-> <6>
080704539-> ********************** COMMAND BEGIN **********************
080704540-> data sent to printer:
080704540-> <2>VM171902 CPSCDIES526151MJ<3>
080704756-> data received from printer:
080704914-> <6>
080704914-> ********************** COMMAND BEGIN **********************
080704915-> data sent to printer:
080704915-> <2>N11,000xBs1046,50     00001046501<3>
080705197-> data received from printer:
080705349-> <6>
080721093-> ********************** COMMAND BEGIN **********************
080721093-> data sent to printer:
080721094-> <2>OT125036<0><0><0><0><0><128>+?<3>
080722241-> data received from printer:
080722398-> <2>125036<3><6>
080904179-> ********************** COMMAND BEGIN **********************
080904179-> data sent to printer:
080904180-> <2>P1DIVISAS             000001250,36<3>
080904446-> data received from printer:
080904611-> <6>
080918996-> ********************** COMMAND BEGIN **********************
080918996-> data sent to printer:
080918997-> <2>V<3>
080919189-> data received from printer:
080919347-> <6>
080919779-> ********************** COMMAND BEGIN **********************
080919780-> data sent to printer:
080919780-> <2>VNumero Orden: 0000241<3>
080919996-> data received from printer:
080920147-> <6>
080921328-> ********************** COMMAND BEGIN **********************
080921329-> data sent to printer:
080921330-> <2>V<3>
080921521-> data received from printer:
080921675-> <6>
080921682-> ********************** COMMAND BEGIN **********************
080921682-> data sent to printer:
080921682-> <2>V<161><161><161>GRACIAS POR SU COMPRA!!!<3>
080921903-> data received from printer:
080922066-> <6>
080922067-> ********************** COMMAND BEGIN **********************
080922067-> data sent to printer:
080922067-> <2>VSolo se aceptaran devoluciones<3>
080922292-> data received from printer:
080922456-> <6>
080922456-> ********************** COMMAND BEGIN **********************
080922457-> data sent to printer:
080922457-> <2>Vpor defectos de fabrica, con la<3>
080922715-> data received from printer:
080922876-> <6>
080922876-> ********************** COMMAND BEGIN **********************
080922877-> data sent to printer:
080922877-> <2>Vpresentacion de esta factura (original),<3>
080923113-> data received from printer:
080923267-> <6>
080923268-> ********************** COMMAND BEGIN **********************
080923268-> data sent to printer:
080923268-> <2>Vdentro de los treinta (30) dias<3>
080923491-> data received from printer:
080923643-> <6>
080923643-> ********************** COMMAND BEGIN **********************
080923644-> data sent to printer:
080923644-> <2>Vsiguientes a la emision de la misma.<3>
080923874-> data received from printer:
080924034-> <6>
080925510-> ********************** COMMAND BEGIN **********************
080925511-> data sent to printer:
080925511-> <2>Y0<3>
080925561-> data received from printer:
080925844-> <2>SENIAT    J-316292649    1600*800*3100*2          Bs.0TIY1900001271120220253*300<3><6>
080925845-> ********************** COMMAND BEGIN **********************
080925845-> data sent to printer:
080925845-> <2>S<3>
080925853-> data received from printer:
080926010-> <21>
080926011-> ********************** COMMAND BEGIN **********************
080926011-> data sent to printer:
080926011-> <2>M<3>
080927298-> data received from printer:
080927451-> <6>
083455710-> OPEN PORT: COM1@9600
083455767-> OPEN PORT: COM1@9600
083455768-> ********************** COMMAND BEGIN **********************
083455768-> data sent to printer:
083455769-> <2>L&1<3>
083457402-> data received from printer:
083457553-> <2>2166*2163<3><6>
083457553-> ********************** COMMAND BEGIN **********************
083457554-> data sent to printer:
083457554-> <2>VRazon Social: MARIA PENA<3>
083457803-> data received from printer:
083457958-> <6>
083457958-> ********************** COMMAND BEGIN **********************
083457959-> data sent to printer:
083457959-> <2>VCI/Rif: V-18001525<3>
083458170-> data received from printer:
083458334-> <6>
083458334-> ********************** COMMAND BEGIN **********************
083458335-> data sent to printer:
083458335-> <2>V----------------------------------------<3>
083458565-> data received from printer:
083458726-> <6>
083458726-> ********************** COMMAND BEGIN **********************
083458727-> data sent to printer:
083458727-> <2>VM171902 CPSCDIES526151MJ<3>
083458942-> data received from printer:
083459102-> <6>
083459103-> ********************** COMMAND BEGIN **********************
083459103-> data sent to printer:
083459103-> <2>N11,000xBs1046,50     00001046501<3>
083459385-> data received from printer:
083459538-> <6>
083505575-> ********************** COMMAND BEGIN **********************
083505576-> data sent to printer:
083505576-> <2>P1DIVISAS             000001250,36<3>
083505618-> data received from printer:
083505778-> <21>
083521515-> OPEN PORT: COM1@9600
083653217-> OPEN PORT: COM1@9600
083653256-> OPEN PORT: COM1@9600
083653256-> ********************** COMMAND BEGIN **********************
083653257-> data sent to printer:
083653257-> <2>L&1<3>
083654928-> data received from printer:
083655086-> <2>2167*2166<3><6>
083655086-> ********************** COMMAND BEGIN **********************
083655086-> data sent to printer:
083655087-> <2>VRazon Social: MARIA PENA<3>
083655305-> data received from printer:
083655462-> <6>
083655462-> ********************** COMMAND BEGIN **********************
083655463-> data sent to printer:
083655463-> <2>VCI/Rif: V-18001525<3>
083655671-> data received from printer:
083655823-> <6>
083655823-> ********************** COMMAND BEGIN **********************
083655824-> data sent to printer:
083655824-> <2>V----------------------------------------<3>
083656056-> data received from printer:
083656213-> <6>
083656214-> ********************** COMMAND BEGIN **********************
083656214-> data sent to printer:
083656214-> <2>VM171902 CPSCDIES526151MJ<3>
083656432-> data received from printer:
083656588-> <6>
083656589-> ********************** COMMAND BEGIN **********************
083656589-> data sent to printer:
083656589-> <2>N11,000xBs1046,50     00001046501<3>
083656868-> data received from printer:
083657023-> <6>
083702836-> ********************** COMMAND BEGIN **********************
083702836-> data sent to printer:
083702837-> <2>P1DIVISAS             000001250,36<3>
083702879-> data received from printer:
083703044-> <21>
083711186-> OPEN PORT: COM1@9600
083734481-> OPEN PORT: COM1@9600
083738829-> OPEN PORT: COM1@9600
083741046-> ********************** COMMAND BEGIN **********************
083741047-> data sent to printer:
083741047-> <2>L&1<3>
083741056-> data received from printer:
083741210-> <21>
083741210-> ********************** COMMAND BEGIN **********************
083741211-> data sent to printer:
083741211-> <2>VRazon Social: MARIA PENA<3>
083741428-> data received from printer:
083741585-> <6>
083741585-> ********************** COMMAND BEGIN **********************
083741586-> data sent to printer:
083741586-> <2>VCI/Rif: V-18001525<3>
083741799-> data received from printer:
083741961-> <6>
083741961-> ********************** COMMAND BEGIN **********************
083741962-> data sent to printer:
083741962-> <2>V----------------------------------------<3>
083742230-> data received from printer:
083742382-> <6>
083747316-> ********************** COMMAND BEGIN **********************
083747317-> data sent to printer:
083747317-> <2>VM171902 CPSCDIES526151MJ<3>
083747537-> data received from printer:
083747693-> <6>
083747693-> ********************** COMMAND BEGIN **********************
083747694-> data sent to printer:
083747694-> <2>N11,000xBs1046,50     00001046501<3>
083747973-> data received from printer:
083748128-> <6>
083816419-> ********************** COMMAND BEGIN **********************
083816420-> data sent to printer:
083816420-> <2>OT125036<0><0><0><0><0><128><162><195><3>
083817535-> data received from printer:
083817690-> <2>246539<3><6>
083909118-> ********************** COMMAND BEGIN **********************
083909119-> data sent to printer:
083909119-> <2>P1DIVISAS             000001250,36<3>
083910008-> data received from printer:
083910167-> <6>
084020511-> ********************** COMMAND BEGIN **********************
084020511-> data sent to printer:
084020511-> <2>V<3>
084020702-> data received from printer:
084020865-> <6>
084020865-> ********************** COMMAND BEGIN **********************
084020866-> data sent to printer:
084020866-> <2>VNumero Orden: 0000241<3>
084021738-> data received from printer:
084021900-> <6>
084021900-> ********************** COMMAND BEGIN **********************
084021901-> data sent to printer:
084021901-> <2>V<3>
084022091-> data received from printer:
084022245-> <6>
084022277-> ********************** COMMAND BEGIN **********************
084022277-> data sent to printer:
084022278-> <2>V<161><161><161>GRACIAS POR SU COMPRA!!!<3>
084022498-> data received from printer:
084022651-> <6>
084022651-> ********************** COMMAND BEGIN **********************
084022652-> data sent to printer:
084022652-> <2>VSolo se aceptaran devoluciones<3>
084022877-> data received from printer:
084023042-> <6>
084023042-> ********************** COMMAND BEGIN **********************
084023043-> data sent to printer:
084023043-> <2>Vpor defectos de fabrica, con la<3>
084023266-> data received from printer:
084023418-> <6>
084023419-> ********************** COMMAND BEGIN **********************
084023419-> data sent to printer:
084023419-> <2>Vpresentacion de esta factura (original),<3>
084023652-> data received from printer:
084023808-> <6>
084023808-> ********************** COMMAND BEGIN **********************
084023809-> data sent to printer:
084023809-> <2>Vdentro de los treinta (30) dias<3>
084024035-> data received from printer:
084024199-> <6>
084024199-> ********************** COMMAND BEGIN **********************
084024200-> data sent to printer:
084024200-> <2>Vsiguientes a la emision de la misma.<3>
084024428-> data received from printer:
084024590-> <6>
084040896-> ********************** COMMAND BEGIN **********************
084040896-> data sent to printer:
084040896-> <2>Y0<3>
084040946-> data received from printer:
084041225-> <2>SENIAT    J-316292649    1600*800*3100*2          Bs.0TIY1900001271120220324*300<3><6>
084041226-> ********************** COMMAND BEGIN **********************
084041226-> data sent to printer:
084041226-> <2>S<3>
084041234-> data received from printer:
084041390-> <21>
084041390-> ********************** COMMAND BEGIN **********************
084041391-> data sent to printer:
084041391-> <2>M<3>
084042715-> data received from printer:
084042876-> <6>
090309282-> OPEN PORT: COM1@9600
090309322-> OPEN PORT: COM1@9600
090309326-> ********************** COMMAND BEGIN **********************
090309327-> data sent to printer:
090309327-> <2>L&1<3>
090310997-> data received from printer:
090311151-> <2>2171*2166<3><6>
090311152-> ********************** COMMAND BEGIN **********************
090311152-> data sent to printer:
090311152-> <2>VRazon Social: MARIA PENA<3>
090311366-> data received from printer:
090311528-> <6>
090311528-> ********************** COMMAND BEGIN **********************
090311529-> data sent to printer:
090311529-> <2>VCI/Rif: V-18001525<3>
090311739-> data received from printer:
090311904-> <6>
090311904-> ********************** COMMAND BEGIN **********************
090311905-> data sent to printer:
090311905-> <2>V----------------------------------------<3>
090312772-> data received from printer:
090312924-> <6>
090312928-> ********************** COMMAND BEGIN **********************
090312928-> data sent to printer:
090312928-> <2>VM171902 CPSCDIES526151MJ<3>
090313142-> data received from printer:
090313300-> <6>
090313300-> ********************** COMMAND BEGIN **********************
090313301-> data sent to printer:
090313301-> <2>N11,000xBs1046,50     00001046501<3>
090313582-> data received from printer:
090313735-> <6>
090316944-> ********************** COMMAND BEGIN **********************
090316944-> data sent to printer:
090316945-> <2>OT121395<0><0><0><0><0><128><146>S<3>
090318093-> data received from printer:
090318248-> <2>125036<3><6>
090320560-> ********************** COMMAND BEGIN **********************
090320560-> data sent to printer:
090320560-> <2>P1DIVISAS             000001213,95<3>
090320830-> data received from printer:
090320992-> <6>
090320993-> ********************** COMMAND BEGIN **********************
090320993-> data sent to printer:
090320993-> <2>V<3>
090321184-> data received from printer:
090321338-> <6>
090321339-> ********************** COMMAND BEGIN **********************
090321339-> data sent to printer:
090321339-> <2>VNumero Orden: 0000241<3>
090321553-> data received from printer:
090321714-> <6>
090321714-> ********************** COMMAND BEGIN **********************
090321715-> data sent to printer:
090321715-> <2>V<3>
090321909-> data received from printer:
090322074-> <6>
090322081-> ********************** COMMAND BEGIN **********************
090322081-> data sent to printer:
090322081-> <2>V<161><161><161>GRACIAS POR SU COMPRA!!!<3>
090322300-> data received from printer:
090322464-> <6>
090322464-> ********************** COMMAND BEGIN **********************
090322465-> data sent to printer:
090322465-> <2>VSolo se aceptaran devoluciones<3>
090322727-> data received from printer:
090322884-> <6>
090322884-> ********************** COMMAND BEGIN **********************
090322885-> data sent to printer:
090322885-> <2>Vpor defectos de fabrica, con la<3>
090323108-> data received from printer:
090323259-> <6>
090323259-> ********************** COMMAND BEGIN **********************
090323260-> data sent to printer:
090323260-> <2>Vpresentacion de esta factura (original),<3>
090323494-> data received from printer:
090323649-> <6>
090323649-> ********************** COMMAND BEGIN **********************
090323650-> data sent to printer:
090323650-> <2>Vdentro de los treinta (30) dias<3>
090323877-> data received from printer:
090324040-> <6>
090324040-> ********************** COMMAND BEGIN **********************
090324041-> data sent to printer:
090324041-> <2>Vsiguientes a la emision de la misma.<3>
090324269-> data received from printer:
090324430-> <6>
090325440-> ********************** COMMAND BEGIN **********************
090325440-> data sent to printer:
090325441-> <2>Y0<3>
090325490-> data received from printer:
090325764-> <2>SENIAT    J-316292649    1600*800*3100*2          Bs.0TIY1900001271120220347*300<3><6>
090325765-> ********************** COMMAND BEGIN **********************
090325765-> data sent to printer:
090325765-> <2>S<3>
090325773-> data received from printer:
090325930-> <21>
090325931-> ********************** COMMAND BEGIN **********************
090325931-> data sent to printer:
090325932-> <2>M<3>
090327254-> data received from printer:
090327415-> <6>
090903825-> OPEN PORT: COM1@9600
090903864-> OPEN PORT: COM1@9600
090903865-> ********************** COMMAND BEGIN **********************
090903865-> data sent to printer:
090903866-> <2>L&1<3>
090905500-> data received from printer:
090905660-> <2>2172*2166<3><6>
090905660-> ********************** COMMAND BEGIN **********************
090905661-> data sent to printer:
090905661-> <2>VRazon Social: MARIA PENA<3>
090906508-> data received from printer:
090906666-> <6>
090906666-> ********************** COMMAND BEGIN **********************
090906667-> data sent to printer:
090906667-> <2>VCI/Rif: V-18001525<3>
090906910-> data received from printer:
090907071-> <6>
090907071-> ********************** COMMAND BEGIN **********************
090907072-> data sent to printer:
090907072-> <2>V----------------------------------------<3>
090907307-> data received from printer:
090907461-> <6>
090907462-> ********************** COMMAND BEGIN **********************
090907462-> data sent to printer:
090907462-> <2>VM171902 CPSCDIES526151MJ<3>
090907676-> data received from printer:
090907837-> <6>
090907838-> ********************** COMMAND BEGIN **********************
090907838-> data sent to printer:
090907838-> <2>N11,000xBs1046,50     00001046501<3>
090908118-> data received from printer:
090908272-> <6>
090910781-> ********************** COMMAND BEGIN **********************
090910782-> data sent to printer:
090910782-> <2>OT121395<0><0><0><0><0><128><6>S<3>
090911894-> data received from printer:
090912049-> <2>125036<3><6>
090913721-> ********************** COMMAND BEGIN **********************
090913721-> data sent to printer:
090913721-> <2>V<3>
090913952-> data received from printer:
090914113-> <6>
090914114-> ********************** COMMAND BEGIN **********************
090914114-> data sent to printer:
090914114-> <2>VNumero Orden: 0000241<3>
090914327-> data received from printer:
090914489-> <6>
090914489-> ********************** COMMAND BEGIN **********************
090914490-> data sent to printer:
090914490-> <2>V<3>
090914683-> data received from printer:
090914835-> <6>
090914869-> ********************** COMMAND BEGIN **********************
090914869-> data sent to printer:
090914870-> <2>V<161><161><161>GRACIAS POR SU COMPRA!!!<3>
090915093-> data received from printer:
090915257-> <6>
090915257-> ********************** COMMAND BEGIN **********************
090915258-> data sent to printer:
090915258-> <2>VSolo se aceptaran devoluciones<3>
090915480-> data received from printer:
090915633-> <6>
090915633-> ********************** COMMAND BEGIN **********************
090915634-> data sent to printer:
090915634-> <2>Vpor defectos de fabrica, con la<3>
090915859-> data received from printer:
090916024-> <6>
090916025-> ********************** COMMAND BEGIN **********************
090916025-> data sent to printer:
090916025-> <2>Vpresentacion de esta factura (original),<3>
090916262-> data received from printer:
090916415-> <6>
090916415-> ********************** COMMAND BEGIN **********************
090916416-> data sent to printer:
090916416-> <2>Vdentro de los treinta (30) dias<3>
090916639-> data received from printer:
090916790-> <6>
090916790-> ********************** COMMAND BEGIN **********************
090916791-> data sent to printer:
090916791-> <2>Vsiguientes a la emision de la misma.<3>
090917020-> data received from printer:
090917181-> <6>
090918480-> ********************** COMMAND BEGIN **********************
090918480-> data sent to printer:
090918480-> <2>Y0<3>
090918530-> data received from printer:
090918811-> <2>SENIAT    J-316292649    1600*800*3100*2          Bs.0TIY1900001271120220353*300<3><6>
090918812-> ********************** COMMAND BEGIN **********************
090918812-> data sent to printer:
090918812-> <2>S<3>
090918819-> data received from printer:
090918976-> <21>
090918976-> ********************** COMMAND BEGIN **********************
090918977-> data sent to printer:
090918977-> <2>M<3>
090920301-> data received from printer:
090920463-> <6>
091915487-> OPEN PORT: COM1@9600
091915527-> OPEN PORT: COM1@9600
091915538-> ********************** COMMAND BEGIN **********************
091915538-> data sent to printer:
091915538-> <2>L&1<3>
091917209-> data received from printer:
091917372-> <2>2173*2166<3><6>
091917373-> ********************** COMMAND BEGIN **********************
091917373-> data sent to printer:
091917373-> <2>VRazon Social: MARIA PENA<3>
091917591-> data received from printer:
091917747-> <6>
091917749-> ********************** COMMAND BEGIN **********************
091917749-> data sent to printer:
091917750-> <2>VCI/Rif: V-18001525<3>
091917958-> data received from printer:
091918123-> <6>
091918124-> ********************** COMMAND BEGIN **********************
091918124-> data sent to printer:
091918124-> <2>V----------------------------------------<3>
091918356-> data received from printer:
091918515-> <6>
091918517-> ********************** COMMAND BEGIN **********************
091918518-> data sent to printer:
091918518-> <2>VM171902 CPSCDIES526151MJ<3>
091918736-> data received from printer:
091918891-> <6>
091918891-> ********************** COMMAND BEGIN **********************
091918891-> data sent to printer:
091918891-> <2>N11,000xBs1046,50     00001046501<3>
091919170-> data received from printer:
091919325-> <6>
091921873-> ********************** COMMAND BEGIN **********************
091921874-> data sent to printer:
091921874-> <2>OT121395<0><0>0<2><0><0><218><28><3>
091922899-> data received from printer:
091923057-> <2>121394<3><6>
091923624-> ********************** COMMAND BEGIN **********************
091923624-> data sent to printer:
091923624-> <2>V<3>
091923815-> data received from printer:
091923967-> <6>
091923968-> ********************** COMMAND BEGIN **********************
091923968-> data sent to printer:
091923968-> <2>VNumero Orden: 0000241<3>
091924182-> data received from printer:
091924343-> <6>
091924343-> ********************** COMMAND BEGIN **********************
091924344-> data sent to printer:
091924344-> <2>V<3>
091924538-> data received from printer:
091924689-> <6>
091924723-> ********************** COMMAND BEGIN **********************
091924723-> data sent to printer:
091924724-> <2>V<161><161><161>GRACIAS POR SU COMPRA!!!<3>
091924942-> data received from printer:
091925096-> <6>
091925096-> ********************** COMMAND BEGIN **********************
091925097-> data sent to printer:
091925097-> <2>VSolo se aceptaran devoluciones<3>
091925321-> data received from printer:
091925472-> <6>
091925473-> ********************** COMMAND BEGIN **********************
091925473-> data sent to printer:
091925473-> <2>Vpor defectos de fabrica, con la<3>
091925700-> data received from printer:
091925864-> <6>
091925864-> ********************** COMMAND BEGIN **********************
091925865-> data sent to printer:
091925865-> <2>Vpresentacion de esta factura (original),<3>
091926097-> data received from printer:
091926255-> <6>
091926255-> ********************** COMMAND BEGIN **********************
091926256-> data sent to printer:
091926256-> <2>Vdentro de los treinta (30) dias<3>
091926481-> data received from printer:
091926646-> <6>
091926646-> ********************** COMMAND BEGIN **********************
091926647-> data sent to printer:
091926647-> <2>Vsiguientes a la emision de la misma.<3>
091926878-> data received from printer:
091927036-> <6>
091928980-> ********************** COMMAND BEGIN **********************
091928981-> data sent to printer:
091928983-> <2>Y0<3>
091929034-> data received from printer:
091929319-> <2>SENIAT    J-316292649    1600*800*3100*2          Bs.0TIY1900001271120220403*300<3><6>
091929320-> ********************** COMMAND BEGIN **********************
091929320-> data sent to printer:
091929320-> <2>S<3>
091929328-> data received from printer:
091929484-> <21>
091929485-> ********************** COMMAND BEGIN **********************
091929485-> data sent to printer:
091929485-> <2>M<3>
091930783-> data received from printer:
091930939-> <6>
112756222-> OPEN PORT: COM1@9600
112756262-> OPEN PORT: COM1@9600
112756262-> ********************** COMMAND BEGIN **********************
112756263-> data sent to printer:
112756263-> <2>L&1<3>
112757935-> data received from printer:
112758090-> <2>2174*2166<3><6>
112758090-> ********************** COMMAND BEGIN **********************
112758091-> data sent to printer:
112758091-> <2>VRazon Social: MARIA PENA<3>
112758305-> data received from printer:
112758466-> <6>
112758466-> ********************** COMMAND BEGIN **********************
112758467-> data sent to printer:
112758467-> <2>VCI/Rif: V-18001525<3>
112758677-> data received from printer:
112758843-> <6>
112758843-> ********************** COMMAND BEGIN **********************
112758844-> data sent to printer:
112758844-> <2>V----------------------------------------<3>
112759079-> data received from printer:
112759234-> <6>
112759234-> ********************** COMMAND BEGIN **********************
112759235-> data sent to printer:
112759235-> <2>VM171902 CPSCDIES526151MJ<3>
112759449-> data received from printer:
112759610-> <6>
112759611-> ********************** COMMAND BEGIN **********************
112759611-> data sent to printer:
112759611-> <2>N11,000xBs1046,50     00001046501<3>
112759891-> data received from printer:
112800046-> <6>
112814851-> ********************** COMMAND BEGIN **********************
112814852-> data sent to printer:
112814852-> <2>OT121395<0><0><0><0><0><0>@E<3>
112816633-> data received from printer:
112816790-> <2>125036<3><6>
113151216-> ********************** COMMAND BEGIN **********************
113151217-> data sent to printer:
113151218-> <2>P1DIVISAS             000000121395<3>
113151488-> data received from printer:
113151645-> <6>
113201097-> ********************** COMMAND BEGIN **********************
113201097-> data sent to printer:
113201098-> <2>V<3>
113201288-> data received from printer:
113201444-> <6>
113201499-> ********************** COMMAND BEGIN **********************
113201499-> data sent to printer:
113201499-> <2>VNumero Orden: 0000241<3>
113201714-> data received from printer:
113201865-> <6>
113202719-> ********************** COMMAND BEGIN **********************
113202720-> data sent to printer:
113202721-> <2>V<3>
113202916-> data received from printer:
113203072-> <6>
113203091-> ********************** COMMAND BEGIN **********************
113203091-> data sent to printer:
113203092-> <2>V<161><161><161>GRACIAS POR SU COMPRA!!!<3>
113203310-> data received from printer:
113203464-> <6>
113203464-> ********************** COMMAND BEGIN **********************
113203465-> data sent to printer:
113203465-> <2>VSolo se aceptaran devoluciones<3>
113203689-> data received from printer:
113203839-> <6>
113203840-> ********************** COMMAND BEGIN **********************
113203840-> data sent to printer:
113203840-> <2>Vpor defectos de fabrica, con la<3>
113204067-> data received from printer:
113204229-> <6>
113204229-> ********************** COMMAND BEGIN **********************
113204230-> data sent to printer:
113204230-> <2>Vpresentacion de esta factura (original),<3>
113204497-> data received from printer:
113204650-> <6>
113204651-> ********************** COMMAND BEGIN **********************
113204651-> data sent to printer:
113204651-> <2>Vdentro de los treinta (30) dias<3>
113204878-> data received from printer:
113205042-> <6>
113205042-> ********************** COMMAND BEGIN **********************
113205043-> data sent to printer:
113205043-> <2>Vsiguientes a la emision de la misma.<3>
113205271-> data received from printer:
113205434-> <6>
113208253-> ********************** COMMAND BEGIN **********************
113208254-> data sent to printer:
113208255-> <2>Y0<3>
113208306-> data received from printer:
113208582-> <2>SENIAT    J-316292649    1600*800*3100*2          Bs.0TIY1900001271120220615*300<3><6>
113208582-> ********************** COMMAND BEGIN **********************
113208583-> data sent to printer:
113208583-> <2>S<3>
113208590-> data received from printer:
113208748-> <21>
113208749-> ********************** COMMAND BEGIN **********************
113208749-> data sent to printer:
113208749-> <2>M<3>
113210038-> data received from printer:
113210203-> <6>
113634358-> OPEN PORT: COM1@9600
113634397-> OPEN PORT: COM1@9600
113634398-> ********************** COMMAND BEGIN **********************
113634398-> data sent to printer:
113634398-> <2>L&1<3>
113636070-> data received from printer:
113636221-> <2>2175*2166<3><6>
113636221-> ********************** COMMAND BEGIN **********************
113636222-> data sent to printer:
113636222-> <2>VRazon Social: MARIA PENA<3>
113636436-> data received from printer:
113636596-> <6>
113636596-> ********************** COMMAND BEGIN **********************
113636597-> data sent to printer:
113636597-> <2>VCI/Rif: V-18001525<3>
113636807-> data received from printer:
113636971-> <6>
113636971-> ********************** COMMAND BEGIN **********************
113636972-> data sent to printer:
113636972-> <2>V----------------------------------------<3>
113637206-> data received from printer:
113637361-> <6>
113637362-> ********************** COMMAND BEGIN **********************
113637362-> data sent to printer:
113637362-> <2>VM171902 CPSCDIES526151MJ<3>
113637611-> data received from printer:
113637766-> <6>
113637766-> ********************** COMMAND BEGIN **********************
113637767-> data sent to printer:
113637767-> <2>N11,000xBs1046,50     00001046501<3>
113638049-> data received from printer:
113638202-> <6>
113643461-> ********************** COMMAND BEGIN **********************
113643462-> data sent to printer:
113643462-> <2>OT121395<0><0><0><0><0><128><130><29><3>
113644572-> data received from printer:
113644733-> <2>125036<3><6>
113645690-> ********************** COMMAND BEGIN **********************
113645690-> data sent to printer:
113645691-> <2>V<3>
113645885-> data received from printer:
113646037-> <6>
113646037-> ********************** COMMAND BEGIN **********************
113646038-> data sent to printer:
113646038-> <2>VNumero Orden: 0000241<3>
113646250-> data received from printer:
113646413-> <6>
113646414-> ********************** COMMAND BEGIN **********************
113646414-> data sent to printer:
113646414-> <2>V<3>
113646644-> data received from printer:
113646803-> <6>
113646808-> ********************** COMMAND BEGIN **********************
113646809-> data sent to printer:
113646809-> <2>V<161><161><161>GRACIAS POR SU COMPRA!!!<3>
113647028-> data received from printer:
113647179-> <6>
113647179-> ********************** COMMAND BEGIN **********************
113647180-> data sent to printer:
113647180-> <2>VSolo se aceptaran devoluciones<3>
113647403-> data received from printer:
113647555-> <6>
113647555-> ********************** COMMAND BEGIN **********************
113647556-> data sent to printer:
113647556-> <2>Vpor defectos de fabrica, con la<3>
113647782-> data received from printer:
113647946-> <6>
113647946-> ********************** COMMAND BEGIN **********************
113647947-> data sent to printer:
113647947-> <2>Vpresentacion de esta factura (original),<3>
113648179-> data received from printer:
113648337-> <6>
113648337-> ********************** COMMAND BEGIN **********************
113648338-> data sent to printer:
113648338-> <2>Vdentro de los treinta (30) dias<3>
113648563-> data received from printer:
113648727-> <6>
113648727-> ********************** COMMAND BEGIN **********************
113648728-> data sent to printer:
113648728-> <2>Vsiguientes a la emision de la misma.<3>
113648960-> data received from printer:
113649117-> <6>
113649117-> ********************** COMMAND BEGIN **********************
113649118-> data sent to printer:
113649118-> <2>Y0<3>
113649168-> data received from printer:
113649449-> <2>SENIAT    J-316292649    1600*800*3100*2          Bs.0TIY1900001271120220620*300<3><6>
113649450-> ********************** COMMAND BEGIN **********************
113649450-> data sent to printer:
113649450-> <2>S<3>
113649458-> data received from printer:
113649614-> <21>
113649614-> ********************** COMMAND BEGIN **********************
113649615-> data sent to printer:
113649615-> <2>M<3>
113650940-> data received from printer:
113651099-> <6>
113845326-> OPEN PORT: COM1@9600
113845366-> OPEN PORT: COM1@9600
113845366-> ********************** COMMAND BEGIN **********************
113845367-> data sent to printer:
113845367-> <2>L&1<3>
113847040-> data received from printer:
113847196-> <2>2176*2166<3><6>
113847197-> ********************** COMMAND BEGIN **********************
113847197-> data sent to printer:
113847197-> <2>VRazon Social: MARIA PENA<3>
113847411-> data received from printer:
113847571-> <6>
113847571-> ********************** COMMAND BEGIN **********************
113847572-> data sent to printer:
113847572-> <2>VCI/Rif: V-18001525<3>
113847781-> data received from printer:
113847946-> <6>
113847946-> ********************** COMMAND BEGIN **********************
113847947-> data sent to printer:
113847947-> <2>V----------------------------------------<3>
113848181-> data received from printer:
113848336-> <6>
113848336-> ********************** COMMAND BEGIN **********************
113848337-> data sent to printer:
113848337-> <2>VM171902 CPSCDIES526151MJ<3>
113848551-> data received from printer:
113848711-> <6>
113848711-> ********************** COMMAND BEGIN **********************
113848712-> data sent to printer:
113848712-> <2>N11,000xBs1046,50     00001046501<3>
113848992-> data received from printer:
113849146-> <6>
113854085-> ********************** COMMAND BEGIN **********************
113854086-> data sent to printer:
113854086-> <2>OT121395<0><0><232><193><205><7><158><28><3>
113855869-> data received from printer:
113856031-> <2>125036<3><6>
120023133-> ********************** COMMAND BEGIN **********************
120023133-> data sent to printer:
120023134-> <2>P1DIVISAS             000000121395<3>
120023402-> data received from printer:
120023559-> <6>
120028083-> ********************** COMMAND BEGIN **********************
120028085-> data sent to printer:
120028086-> <2>V<3>
120028281-> data received from printer:
120028438-> <6>
120028439-> ********************** COMMAND BEGIN **********************
120028439-> data sent to printer:
120028439-> <2>VNumero Orden: 0000241<3>
120028652-> data received from printer:
120028814-> <6>
120028814-> ********************** COMMAND BEGIN **********************
120028815-> data sent to printer:
120028815-> <2>V<3>
120029007-> data received from printer:
120029159-> <6>
120029176-> ********************** COMMAND BEGIN **********************
120029176-> data sent to printer:
120029176-> <2>Y0<3>
120029226-> data received from printer:
120029505-> <2>SENIAT    J-316292649    1600*800*3100*2          Bs.0TIY1900001271120220644*300<3><6>
120029505-> ********************** COMMAND BEGIN **********************
120029506-> data sent to printer:
120029506-> <2>S<3>
120029513-> data received from printer:
120029671-> <21>
120029671-> ********************** COMMAND BEGIN **********************
120029672-> data sent to printer:
120029672-> <2>M<3>
120030995-> data received from printer:
120031156-> <6>
120205327-> OPEN PORT: COM1@9600
120205367-> OPEN PORT: COM1@9600
120205368-> ********************** COMMAND BEGIN **********************
120205368-> data sent to printer:
120205368-> <2>L&1<3>
120207002-> data received from printer:
120207157-> <2>2177*2166<3><6>
120207158-> ********************** COMMAND BEGIN **********************
120207158-> data sent to printer:
120207158-> <2>VRazon Social: MARIA PENA<3>
120207374-> data received from printer:
120207532-> <6>
120207532-> ********************** COMMAND BEGIN **********************
120207533-> data sent to printer:
120207533-> <2>VCI/Rif: V-18001525<3>
120207778-> data received from printer:
120207937-> <6>
120207937-> ********************** COMMAND BEGIN **********************
120207938-> data sent to printer:
120207938-> <2>V----------------------------------------<3>
120208171-> data received from printer:
120208327-> <6>
120208327-> ********************** COMMAND BEGIN **********************
120208328-> data sent to printer:
120208328-> <2>VM171902 CPSCDIES526151MJ<3>
120208546-> data received from printer:
120208702-> <6>
120208702-> ********************** COMMAND BEGIN **********************
120208703-> data sent to printer:
120208703-> <2>N11,000xBs1046,50     00001046501<3>
120208982-> data received from printer:
120209138-> <6>
120250167-> ********************** COMMAND BEGIN **********************
120250168-> data sent to printer:
120250168-> <2>OT121395<0><0><0><0><0><128><158><28><3>
120251284-> data received from printer:
120251436-> <2>125036<3><6>
120503220-> ********************** COMMAND BEGIN **********************
120503220-> data sent to printer:
120503221-> <2>P1DIVISAS             000000125036<3>
120503523-> data received from printer:
120503685-> <6>
120504818-> ********************** COMMAND BEGIN **********************
120504819-> data sent to printer:
120504820-> <2>V<3>
120505015-> data received from printer:
120505172-> <6>
120505172-> ********************** COMMAND BEGIN **********************
120505173-> data sent to printer:
120505173-> <2>VNumero Orden: 0000241<3>
120505385-> data received from printer:
120505547-> <6>
120505547-> ********************** COMMAND BEGIN **********************
120505548-> data sent to printer:
120505548-> <2>V<3>
120505740-> data received from printer:
120505892-> <6>
120505911-> ********************** COMMAND BEGIN **********************
120505911-> data sent to printer:
120505911-> <2>Y0<3>
120505961-> data received from printer:
120506239-> <2>SENIAT    J-316292649    1600*800*3100*2          Bs.0TIY1900001271120220648*300<3><6>
120506239-> ********************** COMMAND BEGIN **********************
120506240-> data sent to printer:
120506240-> <2>S<3>
120506247-> data received from printer:
120506405-> <21>
120506405-> ********************** COMMAND BEGIN **********************
120506406-> data sent to printer:
120506406-> <2>M<3>
120507693-> data received from printer:
120507845-> <6>
121826046-> OPEN PORT: COM1@9600
121826087-> OPEN PORT: COM1@9600
121826087-> ********************** COMMAND BEGIN **********************
121826088-> data sent to printer:
121826088-> <2>L&1<3>
121828395-> data received from printer:
121828558-> <2>2178*2166<3><6>
121828559-> ********************** COMMAND BEGIN **********************
121828559-> data sent to printer:
121828559-> <2>VRazon Social: MARIA PENA<3>
121828775-> data received from printer:
121828934-> <6>
121828934-> ********************** COMMAND BEGIN **********************
121828935-> data sent to printer:
121828935-> <2>VCI/Rif: V-18001525<3>
121829146-> data received from printer:
121829309-> <6>
121829309-> ********************** COMMAND BEGIN **********************
121829309-> data sent to printer:
121829309-> <2>V----------------------------------------<3>
121829575-> data received from printer:
121829729-> <6>
121829729-> ********************** COMMAND BEGIN **********************
121829730-> data sent to printer:
121829730-> <2>VM171902 CPSCDIES526151MJ<3>
121829948-> data received from printer:
121830104-> <6>
121830105-> ********************** COMMAND BEGIN **********************
121830105-> data sent to printer:
121830105-> <2>N11,000xBs1046,50     00001046501<3>
121830384-> data received from printer:
121830540-> <6>
121836110-> ********************** COMMAND BEGIN **********************
121836110-> data sent to printer:
121836110-> <2>Q<3>
121836476-> data received from printer:
121836633-> <6>
121836634-> ********************** COMMAND BEGIN **********************
121836634-> data sent to printer:
121836634-> <2>M<3>
121836642-> data received from printer:
121836798-> <21>
121908910-> OPEN PORT: COM1@9600
121908950-> OPEN PORT: COM1@9600
121908950-> ********************** COMMAND BEGIN **********************
121908951-> data sent to printer:
121908951-> <2>L&1<3>
121910624-> data received from printer:
121910787-> <2>2179*2178<3><6>
121910788-> ********************** COMMAND BEGIN **********************
121910788-> data sent to printer:
121910788-> <2>VRazon Social: MARIA PENA<3>
121911007-> data received from printer:
121911163-> <6>
121911163-> ********************** COMMAND BEGIN **********************
121911164-> data sent to printer:
121911164-> <2>VCI/Rif: V-18001525<3>
121911371-> data received from printer:
121911524-> <6>
121911525-> ********************** COMMAND BEGIN **********************
121911525-> data sent to printer:
121911525-> <2>V----------------------------------------<3>
121911757-> data received from printer:
121911915-> <6>
121911915-> ********************** COMMAND BEGIN **********************
121911916-> data sent to printer:
121911916-> <2>VM171902 CPSCDIES526151MJ<3>
121912134-> data received from printer:
121912291-> <6>
121912292-> ********************** COMMAND BEGIN **********************
121912292-> data sent to printer:
121912292-> <2>N11,000xBs1046,50     00001046501<3>
121912570-> data received from printer:
121912726-> <6>
121920070-> ********************** COMMAND BEGIN **********************
121920070-> data sent to printer:
121920070-> <2>Q<3>
121920437-> data received from printer:
121920598-> <6>
121920598-> ********************** COMMAND BEGIN **********************
121920599-> data sent to printer:
121920599-> <2>M<3>
121920606-> data received from printer:
121920763-> <21>
122125213-> OPEN PORT: COM1@9600
122125254-> OPEN PORT: COM1@9600
122125254-> ********************** COMMAND BEGIN **********************
122125255-> data sent to printer:
122125255-> <2>L&1<3>
122126927-> data received from printer:
122127087-> <2>2180*2179<3><6>
122127088-> ********************** COMMAND BEGIN **********************
122127088-> data sent to printer:
122127088-> <2>VRazon Social: MARIA PENA<3>
122127306-> data received from printer:
122127463-> <6>
122127463-> ********************** COMMAND BEGIN **********************
122127464-> data sent to printer:
122127464-> <2>VCI/Rif: V-18001525<3>
122127672-> data received from printer:
122127823-> <6>
122127823-> ********************** COMMAND BEGIN **********************
122127824-> data sent to printer:
122127824-> <2>V----------------------------------------<3>
122128056-> data received from printer:
122128246-> <6>
122128246-> ********************** COMMAND BEGIN **********************
122128247-> data sent to printer:
122128247-> <2>VM171902 CPSCDIES526151MJ<3>
122128465-> data received from printer:
122128621-> <6>
122128621-> ********************** COMMAND BEGIN **********************
122128622-> data sent to printer:
122128622-> <2>N11,000xBs1046,50     00001046501<3>
122128900-> data received from printer:
122129057-> <6>
123001829-> ********************** COMMAND BEGIN **********************
123001830-> data sent to printer:
123001830-> <2>Q<3>
123002196-> data received from printer:
123002352-> <6>
123002352-> ********************** COMMAND BEGIN **********************
123002353-> data sent to printer:
123002353-> <2>M<3>
123002360-> data received from printer:
123002517-> <21>
123055728-> OPEN PORT: COM1@9600
123055768-> OPEN PORT: COM1@9600
123055768-> ********************** COMMAND BEGIN **********************
123055769-> data sent to printer:
123055769-> <2>L&1<3>
123057405-> data received from printer:
123057569-> <2>2181*2180<3><6>
123057569-> ********************** COMMAND BEGIN **********************
123057570-> data sent to printer:
123057570-> <2>VRazon Social: MARIA PENA<3>
123057786-> data received from printer:
123057945-> <6>
123057945-> ********************** COMMAND BEGIN **********************
123057945-> data sent to printer:
123057946-> <2>VCI/Rif: V-18001525<3>
123058190-> data received from printer:
123058351-> <6>
123058351-> ********************** COMMAND BEGIN **********************
123058352-> data sent to printer:
123058352-> <2>V----------------------------------------<3>
123058584-> data received from printer:
123058741-> <6>
123058741-> ********************** COMMAND BEGIN **********************
123058742-> data sent to printer:
123058742-> <2>VM171902 CPSCDIES526151MJ<3>
123058960-> data received from printer:
123059116-> <6>
123059116-> ********************** COMMAND BEGIN **********************
123059117-> data sent to printer:
123059117-> <2>N11,000xBs1046,50     00001046501<3>
123059396-> data received from printer:
123059552-> <6>
123314159-> ********************** COMMAND BEGIN **********************
123314159-> data sent to printer:
123314160-> <2>OT121394<0>i<24><28><231><10>B<214><3>
123315274-> data received from printer:
123315433-> <2>125036<3><6>
123318533-> ********************** COMMAND BEGIN **********************
123318535-> data sent to printer:
123318536-> <2>P1DIVISAS             000000125036<3>
123318839-> data received from printer:
123318999-> <6>
123319000-> ********************** COMMAND BEGIN **********************
123319000-> data sent to printer:
123319000-> <2>V<3>
123319194-> data received from printer:
123319345-> <6>
123319345-> ********************** COMMAND BEGIN **********************
123319346-> data sent to printer:
123319346-> <2>VNumero Orden: 0000241<3>
123319558-> data received from printer:
123319720-> <6>
123319720-> ********************** COMMAND BEGIN **********************
123319721-> data sent to printer:
123319721-> <2>V<3>
123319914-> data received from printer:
123320066-> <6>
123320072-> ********************** COMMAND BEGIN **********************
123320072-> data sent to printer:
123320072-> <2>Y0<3>
123320122-> data received from printer:
123320397-> <2>SENIAT    J-316292649    1600*800*3100*2          Bs.0TIY1900001271120220717*300<3><6>
123320397-> ********************** COMMAND BEGIN **********************
123320398-> data sent to printer:
123320398-> <2>S<3>
123320405-> data received from printer:
123320563-> <21>
123320563-> ********************** COMMAND BEGIN **********************
123320564-> data sent to printer:
123320564-> <2>M<3>
123321851-> data received from printer:
123322003-> <6>
123419757-> OPEN PORT: COM1@9600
123419797-> OPEN PORT: COM1@9600
123419798-> ********************** COMMAND BEGIN **********************
123419798-> data sent to printer:
123419799-> <2>L&1<3>
123421470-> data received from printer:
123421632-> <2>2182*2180<3><6>
123421633-> ********************** COMMAND BEGIN **********************
123421633-> data sent to printer:
123421633-> <2>VRazon Social: MARIA PENA<3>
123421849-> data received from printer:
123422007-> <6>
123422007-> ********************** COMMAND BEGIN **********************
123422008-> data sent to printer:
123422008-> <2>VCI/Rif: V-18001525<3>
123422220-> data received from printer:
123422384-> <6>
123422384-> ********************** COMMAND BEGIN **********************
123422385-> data sent to printer:
123422385-> <2>V----------------------------------------<3>
123422651-> data received from printer:
123422804-> <6>
123422804-> ********************** COMMAND BEGIN **********************
123422805-> data sent to printer:
123422805-> <2>VM171902 CPSCDIES526151MJ<3>
123423023-> data received from printer:
123423179-> <6>
123423179-> ********************** COMMAND BEGIN **********************
123423180-> data sent to printer:
123423180-> <2>N11,000xBs1046,50     00001046501<3>
123423458-> data received from printer:
123423615-> <6>
123425580-> ********************** COMMAND BEGIN **********************
123425580-> data sent to printer:
123425580-> <2>OT121394<0><0><160><165><202><7><128>A<3>
123426695-> data received from printer:
123426850-> <2>125036<3><6>
123429458-> ********************** COMMAND BEGIN **********************
123429459-> data sent to printer:
123429459-> <2>P1DIVISAS             000000125036<3>
123429725-> data received from printer:
123429889-> <6>
123429889-> ********************** COMMAND BEGIN **********************
123429890-> data sent to printer:
123429890-> <2>V<3>
123430082-> data received from printer:
123430235-> <6>
123430235-> ********************** COMMAND BEGIN **********************
123430236-> data sent to printer:
123430236-> <2>VNumero Orden: 0000241<3>
123430486-> data received from printer:
123430640-> <6>
123430640-> ********************** COMMAND BEGIN **********************
123430641-> data sent to printer:
123430641-> <2>V<3>
123430834-> data received from printer:
123430986-> <6>
123431024-> ********************** COMMAND BEGIN **********************
123431024-> data sent to printer:
123431025-> <2>Y0<3>
123431075-> data received from printer:
123431349-> <2>SENIAT    J-316292649    1600*800*3100*2          Bs.0TIY1900001271120220718*300<3><6>
123431349-> ********************** COMMAND BEGIN **********************
123431350-> data sent to printer:
123431350-> <2>S<3>
123431358-> data received from printer:
123431514-> <21>
123431515-> ********************** COMMAND BEGIN **********************
123431515-> data sent to printer:
123431515-> <2>M<3>
123432804-> data received from printer:
123432955-> <6>
141505064-> OPEN PORT: COM1@9600
141505104-> OPEN PORT: COM1@9600
141505106-> ********************** COMMAND BEGIN **********************
141505107-> data sent to printer:
141505107-> <2>L&1<3>
141507438-> data received from printer:
141507601-> <2>2183*2180<3><6>
141507602-> ********************** COMMAND BEGIN **********************
141507602-> data sent to printer:
141507602-> <2>VRazon Social: MARIA PENA<3>
141507817-> data received from printer:
141507976-> <6>
141507976-> ********************** COMMAND BEGIN **********************
141507977-> data sent to printer:
141507977-> <2>VCI/Rif: V-18001525<3>
141508187-> data received from printer:
141508337-> <6>
141508338-> ********************** COMMAND BEGIN **********************
141508338-> data sent to printer:
141508338-> <2>V----------------------------------------<3>
141509230-> data received from printer:
141509388-> <6>
141509390-> ********************** COMMAND BEGIN **********************
141509391-> data sent to printer:
141509391-> <2>VM171902 CPSCDIES526151MJ<3>
141509605-> data received from printer:
141509764-> <6>
141509764-> ********************** COMMAND BEGIN **********************
141509765-> data sent to printer:
141509765-> <2>N11,000xBs1046,50     00001046501<3>
141510083-> data received from printer:
141510245-> <6>
141511150-> ********************** COMMAND BEGIN **********************
141511150-> data sent to printer:
141511150-> <2>Q<3>
141511514-> data received from printer:
141511671-> <6>
141511672-> ********************** COMMAND BEGIN **********************
141511672-> data sent to printer:
141511672-> <2>M<3>
141511680-> data received from printer:
141511836-> <21>
141847504-> OPEN PORT: COM1@9600
141847544-> OPEN PORT: COM1@9600
141847544-> ********************** COMMAND BEGIN **********************
141847545-> data sent to printer:
141847545-> <2>L&1<3>
141849216-> data received from printer:
141849372-> <2>2184*2183<3><6>
141849373-> ********************** COMMAND BEGIN **********************
141849373-> data sent to printer:
141849373-> <2>VRazon Social: MARIA PENA<3>
141849589-> data received from printer:
141849748-> <6>
141849748-> ********************** COMMAND BEGIN **********************
141849749-> data sent to printer:
141849749-> <2>VCI/Rif: V-18001525<3>
141849960-> data received from printer:
141850124-> <6>
141850124-> ********************** COMMAND BEGIN **********************
141850125-> data sent to printer:
141850125-> <2>V----------------------------------------<3>
141850355-> data received from printer:
141850515-> <6>
141850515-> ********************** COMMAND BEGIN **********************
141850516-> data sent to printer:
141850516-> <2>VM171902 CPSCDIES526151MJ<3>
141850732-> data received from printer:
141850890-> <6>
141850890-> ********************** COMMAND BEGIN **********************
141850891-> data sent to printer:
141850891-> <2>N11,000xBs1046,50     00001046501<3>
141851173-> data received from printer:
141851326-> <6>
141911577-> ********************** COMMAND BEGIN **********************
141911578-> data sent to printer:
141911578-> <2>P1DIVISAS             000000125036<3>
141911620-> data received from printer:
141911774-> <21>
142135381-> OPEN PORT: COM1@9600
142200981-> OPEN PORT: COM1@9600
142201169-> OPEN PORT: COM1@9600
142201273-> ********************** COMMAND BEGIN **********************
142201273-> data sent to printer:
142201274-> <2>L&1<3>
142202942-> data received from printer:
142203093-> <2>2185*2184<3><6>
142203094-> ********************** COMMAND BEGIN **********************
142203094-> data sent to printer:
142203094-> <2>VRazon Social: MARIA PENA<3>
142203312-> data received from printer:
142203468-> <6>
142203468-> ********************** COMMAND BEGIN **********************
142203469-> data sent to printer:
142203469-> <2>VCI/Rif: V-18001525<3>
142203677-> data received from printer:
142203829-> <6>
142203830-> ********************** COMMAND BEGIN **********************
142203830-> data sent to printer:
142203830-> <2>V----------------------------------------<3>
142204063-> data received from printer:
142204218-> <6>
142204796-> ********************** COMMAND BEGIN **********************
142204796-> data sent to printer:
142204797-> <2>VM171902 CPSCDIES526151MJ<3>
142205014-> data received from printer:
142205176-> <6>
142205176-> ********************** COMMAND BEGIN **********************
142205177-> data sent to printer:
142205177-> <2>N11,000xBs1046,50     00001046501<3>
142205455-> data received from printer:
142205611-> <6>
142209292-> ********************** COMMAND BEGIN **********************
142209292-> data sent to printer:
142209293-> <2>Q<3>
142209659-> data received from printer:
142209819-> <6>
142209820-> ********************** COMMAND BEGIN **********************
142209820-> data sent to printer:
142209820-> <2>M<3>
142209827-> data received from printer:
142209985-> <21>
142920396-> OPEN PORT: COM1@9600
142920437-> OPEN PORT: COM1@9600
142920437-> ********************** COMMAND BEGIN **********************
142920438-> data sent to printer:
142920438-> <2>L&1<3>
142922109-> data received from printer:
142922262-> <2>2186*2185<3><6>
142922263-> ********************** COMMAND BEGIN **********************
142922263-> data sent to printer:
142922263-> <2>VRazon Social: MARIA PENA<3>
142922481-> data received from printer:
142922637-> <6>
142922638-> ********************** COMMAND BEGIN **********************
142922638-> data sent to printer:
142922638-> <2>VCI/Rif: V-18001525<3>
142922846-> data received from printer:
142922998-> <6>
142922998-> ********************** COMMAND BEGIN **********************
142922999-> data sent to printer:
142922999-> <2>V----------------------------------------<3>
142923269-> data received from printer:
142923434-> <6>
142923434-> ********************** COMMAND BEGIN **********************
142923435-> data sent to printer:
142923435-> <2>VM171902 CPSCDIES526151MJ<3>
142923649-> data received from printer:
142923810-> <6>
142923811-> ********************** COMMAND BEGIN **********************
142923811-> data sent to printer:
142923811-> <2>N11,000xBs1046,50     00001046501<3>
142924091-> data received from printer:
142924246-> <6>
143131591-> ********************** COMMAND BEGIN **********************
143131592-> data sent to printer:
143131594-> <2>P1DIVISAS             000000125036<3>
143131636-> data received from printer:
143131793-> <21>
143821978-> OPEN PORT: COM1@9600
144801916-> OPEN PORT: COM1@9600
144801957-> OPEN PORT: COM1@9600
144801957-> ********************** COMMAND BEGIN **********************
144801958-> data sent to printer:
144801958-> <2>L&1<3>
144801968-> data received from printer:
144802131-> <21>
144802132-> ********************** COMMAND BEGIN **********************
144802132-> data sent to printer:
144802132-> <2>VRazon Social: MARIA PENA<3>
144802351-> data received from printer:
144802507-> <6>
144802507-> ********************** COMMAND BEGIN **********************
144802508-> data sent to printer:
144802508-> <2>VCI/Rif: V-18001525<3>
144802717-> data received from printer:
144802882-> <6>
144802882-> ********************** COMMAND BEGIN **********************
144802883-> data sent to printer:
144802883-> <2>V----------------------------------------<3>
144803117-> data received from printer:
144803272-> <6>
144803273-> ********************** COMMAND BEGIN **********************
144803273-> data sent to printer:
144803273-> <2>VM171902 CPSCDIES526151MJ<3>
144803492-> data received from printer:
144803648-> <6>
144803648-> ********************** COMMAND BEGIN **********************
144803649-> data sent to printer:
144803649-> <2>N11,000xBs1046,50     00001046501<3>
144803927-> data received from printer:
144804083-> <6>
144806819-> ********************** COMMAND BEGIN **********************
144806820-> data sent to printer:
144806820-> <2>OT121394<0><0><0><0><0><128>-J<3>
144807968-> data received from printer:
144808132-> <2>246430<3><6>
144811342-> ********************** COMMAND BEGIN **********************
144811343-> data sent to printer:
144811345-> <2>P1DIVISAS             000000125036<3>
144811614-> data received from printer:
144811768-> <6>
144811769-> ********************** COMMAND BEGIN **********************
144811769-> data sent to printer:
144811770-> <2>V<3>
144811964-> data received from printer:
144812128-> <6>
144812129-> ********************** COMMAND BEGIN **********************
144812129-> data sent to printer:
144812129-> <2>VNumero Orden: 0000244<3>
144812342-> data received from printer:
144812503-> <6>
144812503-> ********************** COMMAND BEGIN **********************
144812504-> data sent to printer:
144812504-> <2>V<3>
144812696-> data received from printer:
144812849-> <6>
144812856-> ********************** COMMAND BEGIN **********************
144812856-> data sent to printer:
144812856-> <2>Y0<3>
144812906-> data received from printer:
144813179-> <2>SENIAT    J-316292649    1600*800*3100*2          Bs.0TIY1900001271120220932*300<3><6>
144813180-> ********************** COMMAND BEGIN **********************
144813180-> data sent to printer:
144813180-> <2>S<3>
144813187-> data received from printer:
144813344-> <21>
144813345-> ********************** COMMAND BEGIN **********************
144813345-> data sent to printer:
144813345-> <2>M<3>
144814667-> data received from printer:
144814830-> <6>
145020821-> OPEN PORT: COM1@9600
145020861-> OPEN PORT: COM1@9600
145020862-> ********************** COMMAND BEGIN **********************
145020863-> data sent to printer:
145020863-> <2>L&1<3>
145022533-> data received from printer:
145022688-> <2>2187*2185<3><6>
145022689-> ********************** COMMAND BEGIN **********************
145022689-> data sent to printer:
145022689-> <2>VRazon Social: MARIA PENA<3>
145022907-> data received from printer:
145023063-> <6>
145023063-> ********************** COMMAND BEGIN **********************
145023064-> data sent to printer:
145023064-> <2>VCI/Rif: V-18001525<3>
145023272-> data received from printer:
145023423-> <6>
145023423-> ********************** COMMAND BEGIN **********************
145023424-> data sent to printer:
145023424-> <2>V----------------------------------------<3>
145023657-> data received from printer:
145023814-> <6>
145023814-> ********************** COMMAND BEGIN **********************
145023815-> data sent to printer:
145023815-> <2>VM171902 CPSCDIES526151MJ<3>
145024032-> data received from printer:
145024189-> <6>
145024189-> ********************** COMMAND BEGIN **********************
145024190-> data sent to printer:
145024190-> <2>N11,000xBs1046,50     00001046501<3>
145024468-> data received from printer:
145024624-> <6>
145035323-> ********************** COMMAND BEGIN **********************
145035324-> data sent to printer:
145035325-> <2>P1DIVISAS             000000125036<3>
145035367-> data received from printer:
145035519-> <21>
145222954-> OPEN PORT: COM1@9600
145325683-> OPEN PORT: COM1@9600
145325723-> OPEN PORT: COM1@9600
145325723-> ********************** COMMAND BEGIN **********************
145325724-> data sent to printer:
145325724-> <2>L&1<3>
145327395-> data received from printer:
145327551-> <2>2188*2187<3><6>
145327551-> ********************** COMMAND BEGIN **********************
145327552-> data sent to printer:
145327552-> <2>VRazon Social: MARIA PENA<3>
145327766-> data received from printer:
145327926-> <6>
145327927-> ********************** COMMAND BEGIN **********************
145327927-> data sent to printer:
145327927-> <2>VCI/Rif: V-18001525<3>
145328137-> data received from printer:
145328301-> <6>
145328302-> ********************** COMMAND BEGIN **********************
145328302-> data sent to printer:
145328302-> <2>V----------------------------------------<3>
145328537-> data received from printer:
145328692-> <6>
145328693-> ********************** COMMAND BEGIN **********************
145328693-> data sent to printer:
145328693-> <2>VM171902 CPSCDIES526151MJ<3>
145328907-> data received from printer:
145329067-> <6>
145329067-> ********************** COMMAND BEGIN **********************
145329068-> data sent to printer:
145329068-> <2>N11,000xBs1046,50     00001046501<3>
145329348-> data received from printer:
145329502-> <6>
145404740-> ********************** COMMAND BEGIN **********************
145404741-> data sent to printer:
145404741-> <2>P1DIVISAS             000000125036<3>
145404783-> data received from printer:
145404935-> <21>
145458760-> OPEN PORT: COM1@9600
145749251-> OPEN PORT: COM1@9600
145749293-> OPEN PORT: COM1@9600
145749293-> ********************** COMMAND BEGIN **********************
145749294-> data sent to printer:
145749294-> <2>L&1<3>
145750929-> data received from printer:
145751082-> <2>2189*2188<3><6>
145751082-> ********************** COMMAND BEGIN **********************
145751083-> data sent to printer:
145751083-> <2>VRazon Social: MARIA PENA<3>
145751336-> data received from printer:
145751488-> <6>
145751489-> ********************** COMMAND BEGIN **********************
145751489-> data sent to printer:
145751489-> <2>VCI/Rif: V-18001525<3>
145752311-> data received from printer:
145752464-> <6>
145752464-> ********************** COMMAND BEGIN **********************
145752465-> data sent to printer:
145752465-> <2>V----------------------------------------<3>
145752697-> data received from printer:
145752854-> <6>
145752854-> ********************** COMMAND BEGIN **********************
145752855-> data sent to printer:
145752855-> <2>VM171902 CPSCDIES526151MJ<3>
145753073-> data received from printer:
145753229-> <6>
145753230-> ********************** COMMAND BEGIN **********************
145753230-> data sent to printer:
145753230-> <2>N11,000xBs1046,50     00001046501<3>
145753508-> data received from printer:
145753664-> <6>
145755875-> ********************** COMMAND BEGIN **********************
145755875-> data sent to printer:
145755876-> <2>OT121394<0><0><0><0><0><128><164><180><3>
145757023-> data received from printer:
145757182-> <2>125036<3><6>
145759259-> ********************** COMMAND BEGIN **********************
145759259-> data sent to printer:
145759259-> <2>P1DIVISAS             000000125036<3>
145759527-> data received from printer:
145759682-> <6>
145759682-> ********************** COMMAND BEGIN **********************
145759683-> data sent to printer:
145759683-> <2>V<3>
145759877-> data received from printer:
145800042-> <6>
145800042-> ********************** COMMAND BEGIN **********************
145800043-> data sent to printer:
145800043-> <2>VNumero Orden: 0000244<3>
145800255-> data received from printer:
145800418-> <6>
145800419-> ********************** COMMAND BEGIN **********************
145800419-> data sent to printer:
145800419-> <2>V<3>
145800611-> data received from printer:
145800763-> <6>
145800768-> ********************** COMMAND BEGIN **********************
145800769-> data sent to printer:
145800769-> <2>Y0<3>
145800819-> data received from printer:
145801093-> <2>SENIAT    J-316292649    1600*800*3100*2          Bs.0TIY1900001271120220941*300<3><6>
145801094-> ********************** COMMAND BEGIN **********************
145801094-> data sent to printer:
145801094-> <2>S<3>
145801102-> data received from printer:
145801259-> <21>
145801259-> ********************** COMMAND BEGIN **********************
145801260-> data sent to printer:
145801260-> <2>M<3>
145802547-> data received from printer:
145802700-> <6>
150653465-> OPEN PORT: COM1@9600
150653505-> OPEN PORT: COM1@9600
150653506-> ********************** COMMAND BEGIN **********************
150653506-> data sent to printer:
150653507-> <2>L&1<3>
150655176-> data received from printer:
150655332-> <2>2190*2188<3><6>
150655333-> ********************** COMMAND BEGIN **********************
150655333-> data sent to printer:
150655333-> <2>VRazon Social: MARIA PENA<3>
150655549-> data received from printer:
150655707-> <6>
150655708-> ********************** COMMAND BEGIN **********************
150655708-> data sent to printer:
150655708-> <2>VCI/Rif: V-18001525<3>
150655952-> data received from printer:
150656112-> <6>
150656112-> ********************** COMMAND BEGIN **********************
150656113-> data sent to printer:
150656113-> <2>V----------------------------------------<3>
150656345-> data received from printer:
150656502-> <6>
150656503-> ********************** COMMAND BEGIN **********************
150656503-> data sent to printer:
150656503-> <2>VM171902 CPSCDIES526151MJ<3>
150656720-> data received from printer:
150656877-> <6>
150656878-> ********************** COMMAND BEGIN **********************
150656878-> data sent to printer:
150656878-> <2>N11,000xBs1046,50     00001046501<3>
150657775-> data received from printer:
150657928-> <6>
151037239-> ********************** COMMAND BEGIN **********************
151037240-> data sent to printer:
151037240-> <2>Q<3>
151037605-> data received from printer:
151037761-> <6>
151135919-> ********************** COMMAND BEGIN **********************
151135921-> data sent to printer:
151135922-> <2>M<3>
151135931-> data received from printer:
151136086-> <21>
