114208207-> OPEN PORT: COM1@9600
114208651-> ********************** COMMAND BEGIN **********************
114208652-> data sent to printer:
114208652-> <2>Q<3>
114208657-> data received from printer:
114208813-> <21>
114208814-> ********************** COMMAND BEGIN **********************
114208814-> data sent to printer:
114208815-> <2>M<3>
114208819-> data received from printer:
114208979-> <21>
114214820-> OPEN PORT: COM1@9600
114214885-> OPEN PORT: COM1@9600
114214954-> ********************** COMMAND BEGIN **********************
114214955-> data sent to printer:
114214967-> <2>L&1<3>
114215628-> data received from printer:
114215804-> <2>6137*6126<3><6>
114215805-> ********************** COMMAND BEGIN **********************
114215805-> data sent to printer:
114215806-> <2>VRazon Social: GABRIELA CARIMA<3>
114215893-> data received from printer:
114216059-> <6>
114216060-> ********************** COMMAND BEGIN **********************
114216060-> data sent to printer:
114216061-> <2>VCI/Rif: V-19481798<3>
114216137-> data received from printer:
114216300-> <6>
114216301-> ********************** COMMAND BEGIN **********************
114216301-> data sent to printer:
114216302-> <2>V----------------------------------------<3>
114216401-> data received from printer:
114216555-> <6>
114216557-> ********************** COMMAND BEGIN **********************
114216557-> data sent to printer:
114216557-> <2>Y0<3>
114216565-> data received from printer:
114216816-> <2>SENIAT    J-00000000000001600*0800*3100*2          Bs.0TIS0900049100420251135<3><6>
114216848-> ********************** COMMAND BEGIN **********************
114216848-> data sent to printer:
114216849-> <2>VC000899 Maxi Delgado ChromActive BlueCut<3>
114216948-> data received from printer:
114217103-> <6>
114217104-> ********************** COMMAND BEGIN **********************
114217104-> data sent to printer:
114217104-> <2>V <3>
114217162-> data received from printer:
114217328-> <6>
114217347-> ********************** COMMAND BEGIN **********************
114217348-> data sent to printer:
114217348-> <2>N12,000xBs0,27        00000000540<3>
114217490-> data received from printer:
114217644-> <6>
114217645-> ********************** COMMAND BEGIN **********************
114217645-> data sent to printer:
114217645-> <2>VL075105 UMCRGFACES-GF0305-S51MG<3>
114217735-> data received from printer:
114217900-> <6>
114217900-> ********************** COMMAND BEGIN **********************
114217901-> data sent to printer:
114217901-> <2>N11,000xBs0,69        00000000691<3>
114218043-> data received from printer:
114218201-> <6>
114218681-> ********************** COMMAND BEGIN **********************
114218681-> data sent to printer:
114218681-> <2>O1<3>
114219229-> data received from printer:
114219388-> <2>0134<3><6>
114219448-> ********************** COMMAND BEGIN **********************
114219448-> data sent to printer:
114219448-> <2>P110/04/2025 EFECTIVO 000000000133<3>
114219592-> data received from printer:
114219750-> <6>
114229248-> ********************** COMMAND BEGIN **********************
114229248-> data sent to printer:
114229249-> <2>P1EFECTIVO            000000000001<3>
114229444-> data received from printer:
114229595-> <6>
114300985-> ********************** COMMAND BEGIN **********************
114300986-> data sent to printer:
114300986-> <2>V<3>
114301043-> data received from printer:
114301207-> <6>
114301324-> ********************** COMMAND BEGIN **********************
114301325-> data sent to printer:
114301325-> <2>VNumero Orden: 0035273<3>
114301404-> data received from printer:
114301557-> <6>
114303279-> ********************** COMMAND BEGIN **********************
114303280-> data sent to printer:
114303282-> <2>V<3>
114303339-> data received from printer:
114303492-> <6>
114408735-> OPEN PORT: COM1@9600
114408736-> ********************** COMMAND BEGIN **********************
114408736-> data sent to printer:
114408736-> <2>Q<3>
114408741-> data received from printer:
114408902-> <21>
114408903-> ********************** COMMAND BEGIN **********************
114408903-> data sent to printer:
114408904-> <2>M<3>
114408909-> data received from printer:
114409067-> <21>
114438786-> OPEN PORT: COM1@9600
114438850-> ********************** COMMAND BEGIN **********************
114438851-> data sent to printer:
114438851-> <2>Q<3>
114438856-> data received from printer:
114439021-> <21>
114439021-> ********************** COMMAND BEGIN **********************
114439022-> data sent to printer:
114439022-> <2>M<3>
114439027-> data received from printer:
114439186-> <21>
114441250-> OPEN PORT: COM1@9600
114441314-> OPEN PORT: COM1@9600
114441315-> ********************** COMMAND BEGIN **********************
114441315-> data sent to printer:
114441315-> <2>L&1<3>
114441976-> data received from printer:
114442143-> <2>6138*6137<3><6>
114442144-> ********************** COMMAND BEGIN **********************
114442144-> data sent to printer:
114442144-> <2>VRazon Social: GABRIELA CARIMA<3>
114442232-> data received from printer:
114442398-> <6>
114442399-> ********************** COMMAND BEGIN **********************
114442399-> data sent to printer:
114442399-> <2>VCI/Rif: V-19481798<3>
114442475-> data received from printer:
114442639-> <6>
114442639-> ********************** COMMAND BEGIN **********************
114442640-> data sent to printer:
114442640-> <2>V----------------------------------------<3>
114442740-> data received from printer:
114442895-> <6>
114442896-> ********************** COMMAND BEGIN **********************
114442896-> data sent to printer:
114442897-> <2>Y0<3>
114442905-> data received from printer:
114443153-> <2>SENIAT    J-00000000000001600*0800*3100*2          Bs.0TIS0900049100420251137<3><6>
114443154-> ********************** COMMAND BEGIN **********************
114443155-> data sent to printer:
114443155-> <2>VC000899 Maxi Delgado ChromActive BlueCut<3>
114443254-> data received from printer:
114443408-> <6>
114443409-> ********************** COMMAND BEGIN **********************
114443409-> data sent to printer:
114443409-> <2>V <3>
114443467-> data received from printer:
114443618-> <6>
114443619-> ********************** COMMAND BEGIN **********************
114443619-> data sent to printer:
114443619-> <2>N12,000xBs0,27        00000000540<3>
114443761-> data received from printer:
114443918-> <6>
114443918-> ********************** COMMAND BEGIN **********************
114443919-> data sent to printer:
114443919-> <2>VL075105 UMCRGFACES-GF0305-S51MG<3>
114444009-> data received from printer:
114444173-> <6>
114444174-> ********************** COMMAND BEGIN **********************
114444174-> data sent to printer:
114444175-> <2>N11,000xBs0,69        00000000691<3>
114444316-> data received from printer:
114444473-> <6>
114444573-> ********************** COMMAND BEGIN **********************
114444574-> data sent to printer:
114444574-> <2>O1<3>
114445122-> data received from printer:
114445289-> <2>0134<3><6>
114445301-> ********************** COMMAND BEGIN **********************
114445302-> data sent to printer:
114445302-> <2>P110/04/2025 EFECTIVO 000000000133<3>
114445445-> data received from printer:
114445604-> <6>
114450707-> ********************** COMMAND BEGIN **********************
114450708-> data sent to printer:
114450709-> <2>P1EFECTIVO            000000000001<3>
114450904-> data received from printer:
114451056-> <6>
114457841-> ********************** COMMAND BEGIN **********************
114457842-> data sent to printer:
114457842-> <2>V<3>
114457899-> data received from printer:
114458055-> <6>
114458174-> ********************** COMMAND BEGIN **********************
114458175-> data sent to printer:
114458175-> <2>VNumero Orden: 0035273<3>
114458254-> data received from printer:
114458406-> <6>
114458512-> ********************** COMMAND BEGIN **********************
114458514-> data sent to printer:
114458515-> <2>V<3>
114458572-> data received from printer:
114458727-> <6>
114521013-> OPEN PORT: COM1@9600
114521014-> ********************** COMMAND BEGIN **********************
114521014-> data sent to printer:
114521014-> <2>Q<3>
114521019-> data received from printer:
114521181-> <21>
114521182-> ********************** COMMAND BEGIN **********************
114521183-> data sent to printer:
114521183-> <2>M<3>
114522481-> data received from printer:
114522636-> <6>
114545114-> OPEN PORT: COM1@9600
114545178-> ********************** COMMAND BEGIN **********************
114545178-> data sent to printer:
114545178-> <2>Q<3>
114545183-> data received from printer:
114545334-> <21>
114545334-> ********************** COMMAND BEGIN **********************
114545335-> data sent to printer:
114545335-> <2>M<3>
114545340-> data received from printer:
114545499-> <21>
114547624-> OPEN PORT: COM1@9600
114547688-> OPEN PORT: COM1@9600
114547689-> ********************** COMMAND BEGIN **********************
114547690-> data sent to printer:
114547690-> <2>L&1<3>
114548351-> data received from printer:
114548525-> <2>6139*6137<3><6>
114548526-> ********************** COMMAND BEGIN **********************
114548526-> data sent to printer:
114548546-> <2>VRazon Social: GABRIELA CARIMA<3>
114548634-> data received from printer:
114548795-> <6>
114548796-> ********************** COMMAND BEGIN **********************
114548796-> data sent to printer:
114548796-> <2>VCI/Rif: V-19481798<3>
114548872-> data received from printer:
114549035-> <6>
114549040-> ********************** COMMAND BEGIN **********************
114549040-> data sent to printer:
114549041-> <2>V----------------------------------------<3>
114549140-> data received from printer:
114549305-> <6>
114549305-> ********************** COMMAND BEGIN **********************
114549306-> data sent to printer:
114549306-> <2>Y0<3>
114549314-> data received from printer:
114549564-> <2>SENIAT    J-00000000000001600*0800*3100*2          Bs.0TIS0900049100420251138<3><6>
114549565-> ********************** COMMAND BEGIN **********************
114549565-> data sent to printer:
114549566-> <2>VC000899 Maxi Delgado ChromActive BlueCut<3>
114549665-> data received from printer:
114549820-> <6>
114549821-> ********************** COMMAND BEGIN **********************
114549821-> data sent to printer:
114549821-> <2>V <3>
114549879-> data received from printer:
114550045-> <6>
114550046-> ********************** COMMAND BEGIN **********************
114550046-> data sent to printer:
114550046-> <2>N12,000xBs0,27        00000000540<3>
114550188-> data received from printer:
114550345-> <6>
114550346-> ********************** COMMAND BEGIN **********************
114550347-> data sent to printer:
114550347-> <2>VL075105 UMCRGFACES-GF0305-S51MG<3>
114550437-> data received from printer:
114550601-> <6>
114550602-> ********************** COMMAND BEGIN **********************
114550602-> data sent to printer:
114550603-> <2>N11,000xBs0,69        00000000691<3>
114550745-> data received from printer:
114550902-> <6>
114550996-> ********************** COMMAND BEGIN **********************
114550996-> data sent to printer:
114550997-> <2>O1<3>
114551544-> data received from printer:
114551716-> <2>0134<3><6>
114551741-> ********************** COMMAND BEGIN **********************
114551741-> data sent to printer:
114551742-> <2>P110/04/2025 EFECTIVO 000000000133<3>
114551885-> data received from printer:
114552046-> <6>
114555167-> ********************** COMMAND BEGIN **********************
114555167-> data sent to printer:
114555168-> <2>P1EFECTIVO            000000000001<3>
114555363-> data received from printer:
114555525-> <6>
114821359-> ********************** COMMAND BEGIN **********************
114821360-> data sent to printer:
114821361-> <2>V<3>
114821419-> data received from printer:
114821593-> <6>
114823224-> ********************** COMMAND BEGIN **********************
114823226-> data sent to printer:
114823227-> <2>VNumero Orden: 0035273<3>
114823306-> data received from printer:
114823468-> <6>
114824326-> ********************** COMMAND BEGIN **********************
114824326-> data sent to printer:
114824327-> <2>V<3>
114824383-> data received from printer:
114824540-> <6>
115006273-> ********************** COMMAND BEGIN **********************
115006274-> data sent to printer:
115006274-> <2>M<3>
115007572-> data received from printer:
115007728-> <6>
115052757-> OPEN PORT: COM1@9600
115052821-> ********************** COMMAND BEGIN **********************
115052821-> data sent to printer:
115052822-> <2>Q<3>
115052826-> data received from printer:
115052981-> <21>
115052982-> ********************** COMMAND BEGIN **********************
115052982-> data sent to printer:
115052982-> <2>M<3>
115052987-> data received from printer:
115053146-> <21>
115054927-> OPEN PORT: COM1@9600
115054991-> OPEN PORT: COM1@9600
115054992-> ********************** COMMAND BEGIN **********************
115054992-> data sent to printer:
115054994-> <2>L&1<3>
115055654-> data received from printer:
115055819-> <2>6140*6137<3><6>
115055820-> ********************** COMMAND BEGIN **********************
115055820-> data sent to printer:
115055821-> <2>VRazon Social: GABRIELA CARIMA<3>
115055908-> data received from printer:
115056059-> <6>
115056060-> ********************** COMMAND BEGIN **********************
115056060-> data sent to printer:
115056061-> <2>VCI/Rif: V-19481798<3>
115056137-> data received from printer:
115056300-> <6>
115056301-> ********************** COMMAND BEGIN **********************
115056301-> data sent to printer:
115056302-> <2>V----------------------------------------<3>
115056401-> data received from printer:
115056556-> <6>
115056557-> ********************** COMMAND BEGIN **********************
115056558-> data sent to printer:
115056558-> <2>Y0<3>
115056566-> data received from printer:
115056828-> <2>SENIAT    J-00000000000001600*0800*3100*2          Bs.0TIS0900049100420251143<3><6>
115056829-> ********************** COMMAND BEGIN **********************
115056829-> data sent to printer:
115056829-> <2>VC000899 Maxi Delgado ChromActive BlueCut<3>
115056929-> data received from printer:
115057083-> <6>
115057083-> ********************** COMMAND BEGIN **********************
115057084-> data sent to printer:
115057084-> <2>V <3>
115057142-> data received from printer:
115057294-> <6>
115057294-> ********************** COMMAND BEGIN **********************
115057294-> data sent to printer:
115057294-> <2>N12,000xBs0,27        00000000540<3>
115057436-> data received from printer:
115057593-> <6>
115057594-> ********************** COMMAND BEGIN **********************
115057594-> data sent to printer:
115057594-> <2>VL075105 UMCRGFACES-GF0305-S51MG<3>
115057684-> data received from printer:
115057848-> <6>
115057849-> ********************** COMMAND BEGIN **********************
115057849-> data sent to printer:
115057850-> <2>N11,000xBs0,69        00000000691<3>
115057992-> data received from printer:
115058148-> <6>
115058244-> ********************** COMMAND BEGIN **********************
115058245-> data sent to printer:
115058246-> <2>O1<3>
115058794-> data received from printer:
115058960-> <2>0134<3><6>
115058972-> ********************** COMMAND BEGIN **********************
115058973-> data sent to printer:
115058973-> <2>P110/04/2025 EFECTIVO 000000000133<3>
115059116-> data received from printer:
115059276-> <6>
115103556-> ********************** COMMAND BEGIN **********************
115103556-> data sent to printer:
115103557-> <2>P1EFECTIVO            000000000001<3>
115103752-> data received from printer:
115103907-> <6>
115108498-> ********************** COMMAND BEGIN **********************
115108499-> data sent to printer:
115108499-> <2>V<3>
115108556-> data received from printer:
115108716-> <6>
115109020-> ********************** COMMAND BEGIN **********************
115109020-> data sent to printer:
115109021-> <2>VNumero Orden: 0035273<3>
115109100-> data received from printer:
115109253-> <6>
115110729-> ********************** COMMAND BEGIN **********************
115110730-> data sent to printer:
115110731-> <2>V<3>
115110788-> data received from printer:
115110945-> <6>
115124309-> ********************** COMMAND BEGIN **********************
115124310-> data sent to printer:
115124310-> <2>V<161><161><161>GRACIAS POR SU COMPRA!!!<3>
115124395-> data received from printer:
115124547-> <6>
115126885-> ********************** COMMAND BEGIN **********************
115126887-> data sent to printer:
115126887-> <2>VSolo se aceptaran devoluciones<3>
115126976-> data received from printer:
115127138-> <6>
115129283-> ********************** COMMAND BEGIN **********************
115129284-> data sent to printer:
115129285-> <2>Vpor defectos de fabrica, con la<3>
115129375-> data received from printer:
115129530-> <6>
115130939-> ********************** COMMAND BEGIN **********************
115130939-> data sent to printer:
115130940-> <2>Vpresentacion de esta factura (original),<3>
115131039-> data received from printer:
115131196-> <6>
115135706-> ********************** COMMAND BEGIN **********************
115135707-> data sent to printer:
115135707-> <2>Vdentro de los treinta (30) dias<3>
115135797-> data received from printer:
115135954-> <6>
115141415-> ********************** COMMAND BEGIN **********************
115141415-> data sent to printer:
115141416-> <2>Vsiguientes a la emision de la misma.<3>
115141511-> data received from printer:
115141669-> <6>
115141670-> ********************** COMMAND BEGIN **********************
115141670-> data sent to printer:
115141670-> <2>Y0<3>
115141678-> data received from printer:
115141931-> <2>SENIAT    J-00000000000001600*0800*3100*2          Bs.0TIS0900049100420251144<3><6>
115144869-> ********************** COMMAND BEGIN **********************
115144870-> data sent to printer:
115144870-> <2>M<3>
115146168-> data received from printer:
115146321-> <6>
115207272-> OPEN PORT: COM1@9600
115207391-> ********************** COMMAND BEGIN **********************
115207392-> data sent to printer:
115207392-> <2>Y3<3>
115207400-> data received from printer:
115207580-> <2>6140*6137*911*0*<3><6>
