121011875-> OPEN PORT: COM1@9600
121011973-> ********************** COMMAND BEGIN **********************
121011974-> data sent to printer:
121011975-> <2>Q<3>
121011979-> data received from printer:
121012145-> <21>
121012146-> ********************** COMMAND BEGIN **********************
121012146-> data sent to printer:
121012147-> <2>M<3>
121012151-> data received from printer:
121012311-> <21>
121013233-> OPEN PORT: COM1@9600
121013298-> OPEN PORT: COM1@9600
121013328-> ********************** COMMAND BEGIN **********************
121013328-> data sent to printer:
121013345-> <2>L&1<3>
121014005-> data received from printer:
121014170-> <2>6132*6126<3><6>
121014171-> ********************** COMMAND BEGIN **********************
121014171-> data sent to printer:
121014171-> <2>VRazon Social: JOSE GOMEZ<3>
121014254-> data received from printer:
121014410-> <6>
121014411-> ********************** COMMAND BEGIN **********************
121014411-> data sent to printer:
121014412-> <2>VCI/Rif: V-6160130<3>
121014487-> data received from printer:
121014651-> <6>
121014652-> ********************** COMMAND BEGIN **********************
121014652-> data sent to printer:
121014653-> <2>V----------------------------------------<3>
121014752-> data received from printer:
121014906-> <6>
121014909-> ********************** COMMAND BEGIN **********************
121014909-> data sent to printer:
121014909-> <2>Y0<3>
121014917-> data received from printer:
121015164-> <2>SENIAT    J-00000000000001600*0800*3100*2          Bs.0TIS0900049250220251202<3><6>
121015167-> ********************** COMMAND BEGIN **********************
121015167-> data sent to printer:
121015168-> <2>VA000004 GARANTIA EXTENDIDA<3>
121015253-> data received from printer:
121015405-> <6>
121015406-> ********************** COMMAND BEGIN **********************
121015407-> data sent to printer:
121015407-> <2>N11,000xBs589,71      00000589711<3>
121015549-> data received from printer:
121015706-> <6>
121015707-> ********************** COMMAND BEGIN **********************
121015707-> data sent to printer:
121015708-> <2>VC000004 KRIPTOK INVISIBLE <3>
121015792-> data received from printer:
121015947-> <6>
121015948-> ********************** COMMAND BEGIN **********************
121015948-> data sent to printer:
121015948-> <2>N12,000xBs1965,71     00003931420<3>
121016090-> data received from printer:
121016247-> <6>
121016248-> ********************** COMMAND BEGIN **********************
121016248-> data sent to printer:
121016249-> <2>VM178517 CMCPALFABV100757N<3>
121016332-> data received from printer:
121016488-> <6>
121016490-> ********************** COMMAND BEGIN **********************
121016491-> data sent to printer:
121016491-> <2>N11,000xBs5009,39     00005009391<3>
121016633-> data received from printer:
121016788-> <6>
121016881-> ********************** COMMAND BEGIN **********************
121016882-> data sent to printer:
121016883-> <2>O1<3>
121017433-> data received from printer:
121017600-> <2>01042638<3><6>
121017644-> ********************** COMMAND BEGIN **********************
121017645-> data sent to printer:
121017645-> <2>P124/02/2025 TRANSFERE000000850000<3>
121017788-> data received from printer:
121017947-> <6>
121017948-> ********************** COMMAND BEGIN **********************
121017948-> data sent to printer:
121017949-> <2>P124/02/2025 DEBITO   000000192637<3>
121018092-> data received from printer:
121018248-> <6>
121550797-> ********************** COMMAND BEGIN **********************
121550826-> data sent to printer:
121550827-> <2>P1EFECTIVO            000000000001<3>
121551022-> data received from printer:
121551182-> <6>
121608679-> ********************** COMMAND BEGIN **********************
121608680-> data sent to printer:
121608681-> <2>Q<3>
121608686-> data received from printer:
121608846-> <21>
121610346-> ********************** COMMAND BEGIN **********************
121610349-> data sent to printer:
121610351-> <2>M<3>
121611650-> data received from printer:
121611809-> <6>
