173615413-> OPEN PORT: COM1@9600
173615532-> ********************** COMMAND BEGIN **********************
173615533-> data sent to printer:
173615533-> <2>Q<3>
173615541-> data received from printer:
173615706-> <21>
173615707-> ********************** COMMAND BEGIN **********************
173615707-> data sent to printer:
173615708-> <2>M<3>
173615716-> data received from printer:
173615871-> <21>
173622021-> OPEN PORT: COM1@9600
173622062-> OPEN PORT: COM1@9600
173622064-> ********************** COMMAND BEGIN **********************
173622064-> data sent to printer:
173622073-> <2>L&1<3>
173623744-> data received from printer:
173623908-> <2>2535*2528<3><6>
173623909-> ********************** COMMAND BEGIN **********************
173623910-> data sent to printer:
173623910-> <2>VRazon Social: Hector Bottini<3>
173624132-> data received from printer:
173624283-> <6>
173624284-> ********************** COMMAND BEGIN **********************
173624284-> data sent to printer:
173624285-> <2>VCI/Rif: V-21471405<3>
173624493-> data received from printer:
173624644-> <6>
173624645-> ********************** COMMAND BEGIN **********************
173624646-> data sent to printer:
173624646-> <2>V----------------------------------------<3>
173624879-> data received from printer:
173625034-> <6>
173625045-> ********************** COMMAND BEGIN **********************
173625045-> data sent to printer:
173625045-> <2>VW000094 BIOMEDICS TORIC (Reemplazo Mensu<3>
173625280-> data received from printer:
173625439-> <6>
173625440-> ********************** COMMAND BEGIN **********************
173625440-> data sent to printer:
173625441-> <2>VW000094 BIOMEDICS TORIC (Reemplazo Mensu<3>
173625671-> data received from printer:
173625829-> <6>
173625830-> ********************** COMMAND BEGIN **********************
173625830-> data sent to printer:
173625831-> <2>N12,000xBs2033,25     00004066500<3>
173626105-> data received from printer:
173626265-> <6>
173626539-> ********************** COMMAND BEGIN **********************
173626539-> data sent to printer:
173626540-> <2>OT380874<0><0><0><0><0><128><18><190><3>
173627323-> data received from printer:
173627489-> <2>418076<3><6>
173627497-> ********************** COMMAND BEGIN **********************
173627497-> data sent to printer:
173627497-> <2>P115/06/2023 ISLR RETE000000037202<3>
173627768-> data received from printer:
173627924-> <6>
173627925-> ********************** COMMAND BEGIN **********************
173627926-> data sent to printer:
173627927-> <2>P1DIVISAS             000000380874<3>
173628193-> data received from printer:
173628345-> <6>
173628346-> ********************** COMMAND BEGIN **********************
173628346-> data sent to printer:
173628346-> <2>V<3>
173628539-> data received from printer:
173628705-> <6>
173628706-> ********************** COMMAND BEGIN **********************
173628706-> data sent to printer:
173628706-> <2>VNumero Orden: 0069163<3>
173628923-> data received from printer:
173629080-> <6>
173629080-> ********************** COMMAND BEGIN **********************
173629081-> data sent to printer:
173629081-> <2>V<3>
173629272-> data received from printer:
173629425-> <6>
173629432-> ********************** COMMAND BEGIN **********************
173629433-> data sent to printer:
173629433-> <2>V<161><161><161>GRACIAS POR SU COMPRA!!!<3>
173629654-> data received from printer:
173629816-> <6>
173629817-> ********************** COMMAND BEGIN **********************
173629817-> data sent to printer:
173629818-> <2>VSolo se aceptaran devoluciones<3>
173630044-> data received from printer:
173630207-> <6>
173630208-> ********************** COMMAND BEGIN **********************
173630208-> data sent to printer:
173630208-> <2>Vpor defectos de fabrica, con la<3>
173630432-> data received from printer:
173630597-> <6>
173630598-> ********************** COMMAND BEGIN **********************
173630598-> data sent to printer:
173630598-> <2>Vpresentacion de esta factura (original),<3>
173630870-> data received from printer:
173631033-> <6>
173631034-> ********************** COMMAND BEGIN **********************
173631034-> data sent to printer:
173631034-> <2>Vdentro de los treinta (30) dias<3>
173631258-> data received from printer:
173631423-> <6>
173631424-> ********************** COMMAND BEGIN **********************
173631424-> data sent to printer:
173631424-> <2>Vsiguientes a la emision de la misma.<3>
173631655-> data received from printer:
173631814-> <6>
173631816-> ********************** COMMAND BEGIN **********************
173631816-> data sent to printer:
173631817-> <2>Y0<3>
173631866-> data received from printer:
173632144-> <2>SENIAT    J-316292649    1600*800*3100*2          Bs.0TIY1900001150520231215*300<3><6>
173632169-> ********************** COMMAND BEGIN **********************
173632169-> data sent to printer:
173632170-> <2>S<3>
173632177-> data received from printer:
173632340-> <21>
173632341-> ********************** COMMAND BEGIN **********************
173632341-> data sent to printer:
173632341-> <2>M<3>
173633627-> data received from printer:
173633780-> <6>
200355028-> OPEN PORT: COM1@9600
200355094-> ********************** COMMAND BEGIN **********************
200355095-> data sent to printer:
200355095-> <2>Q<3>
200355103-> data received from printer:
200355257-> <21>
200355258-> ********************** COMMAND BEGIN **********************
200355258-> data sent to printer:
200355259-> <2>M<3>
200355266-> data received from printer:
200355423-> <21>
200357893-> OPEN PORT: COM1@9600
200357935-> OPEN PORT: COM1@9600
200357937-> ********************** COMMAND BEGIN **********************
200357938-> data sent to printer:
200357938-> <2>L&1<3>
200359611-> data received from printer:
200359774-> <2>2536*2528<3><6>
200359775-> ********************** COMMAND BEGIN **********************
200359776-> data sent to printer:
200359776-> <2>VRazon Social: Luis Blanco<3>
200359993-> data received from printer:
200400149-> <6>
200400149-> ********************** COMMAND BEGIN **********************
200400150-> data sent to printer:
200400150-> <2>VCI/Rif: V-32226987<3>
200400362-> data received from printer:
200400525-> <6>
200400526-> ********************** COMMAND BEGIN **********************
200400527-> data sent to printer:
200400527-> <2>V----------------------------------------<3>
200400758-> data received from printer:
200400916-> <6>
200400918-> ********************** COMMAND BEGIN **********************
200400919-> data sent to printer:
200400919-> <2>VM176722 UPCRCOYTALPHA46AM<3>
200401174-> data received from printer:
200401336-> <6>
200401337-> ********************** COMMAND BEGIN **********************
200401337-> data sent to printer:
200401338-> <2>N11,000xBs850,56      00000850561<3>
200401616-> data received from printer:
200401771-> <6>
200401772-> ********************** COMMAND BEGIN **********************
200401772-> data sent to printer:
200401772-> <2>VC000106 MAXI DELGADO 1.56 TERMINADO AR P<3>
200402006-> data received from printer:
200402161-> <6>
200402161-> ********************** COMMAND BEGIN **********************
200402161-> data sent to printer:
200402161-> <2>V <3>
200402357-> data received from printer:
200402521-> <6>
200402521-> ********************** COMMAND BEGIN **********************
200402522-> data sent to printer:
200402522-> <2>N12,000xBs198,46      00000396920<3>
200402798-> data received from printer:
200402956-> <6>
200402957-> ********************** COMMAND BEGIN **********************
200402957-> data sent to printer:
200402957-> <2>VA000004 GARANTIA EXTENDIDA<3>
200403177-> data received from printer:
200403331-> <6>
200403332-> ********************** COMMAND BEGIN **********************
200403332-> data sent to printer:
200403333-> <2>N11,000xBs140,35      00000140351<3>
200403615-> data received from printer:
200403766-> <6>
200404118-> ********************** COMMAND BEGIN **********************
200404120-> data sent to printer:
200404121-> <2>OT28365<0><0><0><0><0><0><128><151>F<3>
200405391-> data received from printer:
200405547-> <2>155489<3><6>
200405601-> ********************** COMMAND BEGIN **********************
200405602-> data sent to printer:
200405603-> <2>P112/07/2023 EFECTIVO 000000044416<3>
200405871-> data received from printer:
200406028-> <6>
200406029-> ********************** COMMAND BEGIN **********************
200406029-> data sent to printer:
200406030-> <2>P112/07/2023 IVA RETEN000000003964<3>
200406944-> data received from printer:
200407094-> <6>
200407094-> ********************** COMMAND BEGIN **********************
200407095-> data sent to printer:
200407095-> <2>P112/07/2023 TRANSFERE000000078744<3>
200407362-> data received from printer:
200407515-> <6>
200407516-> ********************** COMMAND BEGIN **********************
200407516-> data sent to printer:
200407517-> <2>P1DIVISAS             000000028365<3>
200407784-> data received from printer:
200407936-> <6>
200407937-> ********************** COMMAND BEGIN **********************
200407937-> data sent to printer:
200407937-> <2>V<3>
200408132-> data received from printer:
200408296-> <6>
200408297-> ********************** COMMAND BEGIN **********************
200408297-> data sent to printer:
200408297-> <2>VNumero Orden: 0069202<3>
200408510-> data received from printer:
200408671-> <6>
200408672-> ********************** COMMAND BEGIN **********************
200408672-> data sent to printer:
200408672-> <2>V<3>
200408864-> data received from printer:
200409017-> <6>
200409033-> ********************** COMMAND BEGIN **********************
200409034-> data sent to printer:
200409034-> <2>V*Contrato de Garantia Extendida para<3>
200409267-> data received from printer:
200409423-> <6>
200409424-> ********************** COMMAND BEGIN **********************
200409424-> data sent to printer:
200409425-> <2>V      Cristales Formulados:<3>
200409643-> data received from printer:
200409799-> <6>
200409800-> ********************** COMMAND BEGIN **********************
200409800-> data sent to printer:
200409800-> <2>V <3>
200410031-> data received from printer:
200410189-> <6>
200410190-> ********************** COMMAND BEGIN **********************
200410190-> data sent to printer:
200410190-> <2>VOD: ESF -4,00 EJE 0 CIL 0,00 ADD 0,00<3>
200410420-> data received from printer:
200410580-> <6>
200410581-> ********************** COMMAND BEGIN **********************
200410581-> data sent to printer:
200410581-> <2>VOI: ESF -4,00 EJE 0 CIL 0,00 ADD 0,00<3>
200410813-> data received from printer:
200410970-> <6>
200410971-> ********************** COMMAND BEGIN **********************
200410971-> data sent to printer:
200410971-> <2>V <3>
200411168-> data received from printer:
200411332-> <6>
200411333-> ********************** COMMAND BEGIN **********************
200411333-> data sent to printer:
200411333-> <2>VCondiciones legales en el Contrato<3>
200411560-> data received from printer:
200411722-> <6>
200411723-> ********************** COMMAND BEGIN **********************
200411723-> data sent to printer:
200411723-> <2>VSuscrito.<3>
200411926-> data received from printer:
200412083-> <6>
200412083-> ********************** COMMAND BEGIN **********************
200412084-> data sent to printer:
200412084-> <2>V <3>
200412280-> data received from printer:
200412430-> <6>
200412437-> ********************** COMMAND BEGIN **********************
200412438-> data sent to printer:
200412438-> <2>V<161><161><161>GRACIAS POR SU COMPRA!!!<3>
200412657-> data received from printer:
200412821-> <6>
200412822-> ********************** COMMAND BEGIN **********************
200412822-> data sent to printer:
200412822-> <2>VSolo se aceptaran devoluciones<3>
200413047-> data received from printer:
200413212-> <6>
200413213-> ********************** COMMAND BEGIN **********************
200413213-> data sent to printer:
200413213-> <2>Vpor defectos de fabrica, con la<3>
200413440-> data received from printer:
200413602-> <6>
200413603-> ********************** COMMAND BEGIN **********************
200413603-> data sent to printer:
200413604-> <2>Vpresentacion de esta factura (original),<3>
200413836-> data received from printer:
200413993-> <6>
200413993-> ********************** COMMAND BEGIN **********************
200413994-> data sent to printer:
200413994-> <2>Vdentro de los treinta (30) dias<3>
200414219-> data received from printer:
200414384-> <6>
200414385-> ********************** COMMAND BEGIN **********************
200414385-> data sent to printer:
200414385-> <2>Vsiguientes a la emision de la misma.<3>
200414651-> data received from printer:
200414804-> <6>
200414805-> ********************** COMMAND BEGIN **********************
200414806-> data sent to printer:
200414806-> <2>Y0<3>
200414856-> data received from printer:
200415135-> <2>SENIAT    J-316292649    1600*800*3100*2          Bs.0TIY1900001150520231442*300<3><6>
200415136-> ********************** COMMAND BEGIN **********************
200415137-> data sent to printer:
200415137-> <2>S<3>
200415145-> data received from printer:
200415301-> <21>
200415302-> ********************** COMMAND BEGIN **********************
200415302-> data sent to printer:
200415302-> <2>M<3>
200416618-> data received from printer:
200416771-> <6>
200630449-> OPEN PORT: COM1@9600
200630492-> ********************** COMMAND BEGIN **********************
200630493-> data sent to printer:
200630494-> <2>Q<3>
200630501-> data received from printer:
200630659-> <21>
200630660-> ********************** COMMAND BEGIN **********************
200630660-> data sent to printer:
200630660-> <2>M<3>
200630668-> data received from printer:
200630824-> <21>
200910166-> OPEN PORT: COM1@9600
200910208-> ********************** COMMAND BEGIN **********************
200910209-> data sent to printer:
200910209-> <2>Q<3>
200910216-> data received from printer:
200910371-> <21>
200910372-> ********************** COMMAND BEGIN **********************
200910372-> data sent to printer:
200910373-> <2>M<3>
200910380-> data received from printer:
200910537-> <21>
201004708-> OPEN PORT: COM1@9600
201004751-> ********************** COMMAND BEGIN **********************
201004752-> data sent to printer:
201004752-> <2>Q<3>
201004760-> data received from printer:
201004926-> <21>
201004927-> ********************** COMMAND BEGIN **********************
201004927-> data sent to printer:
201004928-> <2>M<3>
201004935-> data received from printer:
201005091-> <21>
201006643-> OPEN PORT: COM1@9600
201006684-> OPEN PORT: COM1@9600
201006685-> ********************** COMMAND BEGIN **********************
201006686-> data sent to printer:
201006687-> <2>L&1<3>
201008358-> data received from printer:
201008516-> <2>2537*2528<3><6>
201008517-> ********************** COMMAND BEGIN **********************
201008517-> data sent to printer:
201008517-> <2>VRazon Social: Luis Blanco<3>
201008732-> data received from printer:
201008891-> <6>
201008892-> ********************** COMMAND BEGIN **********************
201008892-> data sent to printer:
201008892-> <2>VCI/Rif: V-32226987<3>
201009103-> data received from printer:
201009266-> <6>
201009267-> ********************** COMMAND BEGIN **********************
201009267-> data sent to printer:
201009268-> <2>V----------------------------------------<3>
201009503-> data received from printer:
201009657-> <6>
201009658-> ********************** COMMAND BEGIN **********************
201009658-> data sent to printer:
201009659-> <2>VM176722 UPCRCOYTALPHA46AM<3>
201009874-> data received from printer:
201010033-> <6>
201010033-> ********************** COMMAND BEGIN **********************
201010034-> data sent to printer:
201010034-> <2>N11,000xBs850,56      00000850561<3>
201010315-> data received from printer:
201010469-> <6>
201010470-> ********************** COMMAND BEGIN **********************
201010470-> data sent to printer:
201010470-> <2>VC000106 MAXI DELGADO 1.56 TERMINADO AR P<3>
201010740-> data received from printer:
201010905-> <6>
201010906-> ********************** COMMAND BEGIN **********************
201010906-> data sent to printer:
201010906-> <2>V <3>
201011100-> data received from printer:
201011251-> <6>
201011251-> ********************** COMMAND BEGIN **********************
201011252-> data sent to printer:
201011252-> <2>N12,000xBs198,46      00000396920<3>
201011531-> data received from printer:
201011686-> <6>
201011687-> ********************** COMMAND BEGIN **********************
201011687-> data sent to printer:
201011687-> <2>VA000004 GARANTIA EXTENDIDA<3>
201011905-> data received from printer:
201012061-> <6>
201012062-> ********************** COMMAND BEGIN **********************
201012062-> data sent to printer:
201012062-> <2>N11,000xBs140,35      00000140351<3>
201012342-> data received from printer:
201012496-> <6>
201012783-> ********************** COMMAND BEGIN **********************
201012785-> data sent to printer:
201012786-> <2>O1<3>
201014526-> data received from printer:
201014679-> <2>154638<3><6>
201014716-> ********************** COMMAND BEGIN **********************
201014716-> data sent to printer:
201014717-> <2>P112/07/2023 ISLR RETE000000049355<3>
201015019-> data received from printer:
201015175-> <6>
201015176-> ********************** COMMAND BEGIN **********************
201015176-> data sent to printer:
201015176-> <2>P112/07/2023 TRANSFERE000000077319<3>
201015446-> data received from printer:
201015612-> <6>
201015613-> ********************** COMMAND BEGIN **********************
201015613-> data sent to printer:
201015613-> <2>P112/07/2023 IVA RETEN000000003964<3>
201015880-> data received from printer:
201016032-> <6>
201016033-> ********************** COMMAND BEGIN **********************
201016033-> data sent to printer:
201016033-> <2>P112/07/2023 EFECTIVO 000000020000<3>
201016302-> data received from printer:
201016452-> <6>
201016453-> ********************** COMMAND BEGIN **********************
201016453-> data sent to printer:
201016453-> <2>P112/07/2023 EFECTIVO 000000004000<3>
201016724-> data received from printer:
201016887-> <6>
201016888-> ********************** COMMAND BEGIN **********************
201016888-> data sent to printer:
201016888-> <2>V<3>
201017079-> data received from printer:
201017232-> <6>
201017232-> ********************** COMMAND BEGIN **********************
201017233-> data sent to printer:
201017233-> <2>VNumero Orden: 0069206<3>
201017448-> data received from printer:
201017607-> <6>
201017608-> ********************** COMMAND BEGIN **********************
201017608-> data sent to printer:
201017609-> <2>V<3>
201017803-> data received from printer:
201017967-> <6>
201017975-> ********************** COMMAND BEGIN **********************
201017976-> data sent to printer:
201017976-> <2>V*Contrato de Garantia Extendida para<3>
201018204-> data received from printer:
201018357-> <6>
201018358-> ********************** COMMAND BEGIN **********************
201018358-> data sent to printer:
201018358-> <2>V      Cristales Formulados:<3>
201018579-> data received from printer:
201018732-> <6>
201018733-> ********************** COMMAND BEGIN **********************
201018733-> data sent to printer:
201018734-> <2>V <3>
201018929-> data received from printer:
201019093-> <6>
201019094-> ********************** COMMAND BEGIN **********************
201019094-> data sent to printer:
201019094-> <2>VOD: ESF -4,00 EJE 0 CIL 0,00 ADD 0,00<3>
201019324-> data received from printer:
201019484-> <6>
201019485-> ********************** COMMAND BEGIN **********************
201019485-> data sent to printer:
201019485-> <2>VOI: ESF -4,00 EJE 0 CIL 0,00 ADD 0,00<3>
201019754-> data received from printer:
201019920-> <6>
201019921-> ********************** COMMAND BEGIN **********************
201019921-> data sent to printer:
201019921-> <2>V <3>
201020114-> data received from printer:
201020266-> <6>
201020267-> ********************** COMMAND BEGIN **********************
201020267-> data sent to printer:
201020268-> <2>VCondiciones legales en el Contrato<3>
201020496-> data received from printer:
201020656-> <6>
201020657-> ********************** COMMAND BEGIN **********************
201020657-> data sent to printer:
201020657-> <2>VSuscrito.<3>
201020862-> data received from printer:
201021017-> <6>
201021018-> ********************** COMMAND BEGIN **********************
201021018-> data sent to printer:
201021018-> <2>V <3>
201021211-> data received from printer:
201021363-> <6>
201021367-> ********************** COMMAND BEGIN **********************
201021367-> data sent to printer:
201021368-> <2>V<161><161><161>GRACIAS POR SU COMPRA!!!<3>
201021589-> data received from printer:
201021754-> <6>
201021754-> ********************** COMMAND BEGIN **********************
201021755-> data sent to printer:
201021755-> <2>VSolo se aceptaran devoluciones<3>
201021982-> data received from printer:
201022144-> <6>
201022145-> ********************** COMMAND BEGIN **********************
201022145-> data sent to printer:
201022145-> <2>Vpor defectos de fabrica, con la<3>
201022369-> data received from printer:
201022520-> <6>
201022521-> ********************** COMMAND BEGIN **********************
201022521-> data sent to printer:
201022522-> <2>Vpresentacion de esta factura (original),<3>
201022756-> data received from printer:
201022911-> <6>
201022911-> ********************** COMMAND BEGIN **********************
201022912-> data sent to printer:
201022912-> <2>Vdentro de los treinta (30) dias<3>
201023139-> data received from printer:
201023301-> <6>
201023302-> ********************** COMMAND BEGIN **********************
201023302-> data sent to printer:
201023303-> <2>Vsiguientes a la emision de la misma.<3>
201023531-> data received from printer:
201023693-> <6>
201023694-> ********************** COMMAND BEGIN **********************
201023694-> data sent to printer:
201023694-> <2>Y0<3>
201023744-> data received from printer:
201024023-> <2>SENIAT    J-316292649    1600*800*3100*2          Bs.0TIY1900001150520231449*300<3><6>
201024024-> ********************** COMMAND BEGIN **********************
201024024-> data sent to printer:
201024025-> <2>S<3>
201024032-> data received from printer:
201024189-> <21>
201024190-> ********************** COMMAND BEGIN **********************
201024190-> data sent to printer:
201024190-> <2>M<3>
201025514-> data received from printer:
201025674-> <6>
