094931888-> OPEN PORT: COM1@9600
094932000-> ********************** COMMAND BEGIN **********************
094932001-> data sent to printer:
094932001-> <2>Q<3>
094932006-> data received from printer:
094932167-> <21>
094932168-> ********************** COMMAND BEGIN **********************
094932169-> data sent to printer:
094932169-> <2>M<3>
094932174-> data received from printer:
094932333-> <21>
094936301-> OPEN PORT: COM1@9600
094936365-> OPEN PORT: COM1@9600
094936367-> ********************** COMMAND BEGIN **********************
094936368-> data sent to printer:
094936368-> <2>L&1<3>
094937029-> data received from printer:
094937205-> <2>6036*6035<3><6>
094937206-> ********************** COMMAND BEGIN **********************
094937207-> data sent to printer:
094937207-> <2>VRazon Social: WILLIAM  COLMENARES<3>
094937299-> data received from printer:
094937460-> <6>
094937460-> ********************** COMMAND BEGIN **********************
094937461-> data sent to printer:
094937461-> <2>VCI/Rif: V-21002617<3>
094937537-> data received from printer:
094937700-> <6>
094937701-> ********************** COMMAND BEGIN **********************
094937702-> data sent to printer:
094937702-> <2>V----------------------------------------<3>
094937802-> data received from printer:
094937955-> <6>
094937974-> ********************** COMMAND BEGIN **********************
094937974-> data sent to printer:
094937975-> <2>Y0<3>
094937982-> data received from printer:
094938244-> <2>SENIAT    J-00000000000001600*0800*3100*2          Bs.0TIS0900049080120250935<3><6>
094938247-> ********************** COMMAND BEGIN **********************
094938247-> data sent to printer:
094938248-> <2>VC000001 VISION SENCILLA TERMINADO <3>
094938341-> data received from printer:
094938499-> <6>
094938500-> ********************** COMMAND BEGIN **********************
094938500-> data sent to printer:
094938500-> <2>N12,000xBs595,00      00001190000<3>
094938642-> data received from printer:
094938800-> <6>
094938801-> ********************** COMMAND BEGIN **********************
094938801-> data sent to printer:
094938802-> <2>VM145364 CMSLSTYL3435754BR<3>
094938885-> data received from printer:
094939040-> <6>
094939041-> ********************** COMMAND BEGIN **********************
094939041-> data sent to printer:
094939042-> <2>N11,000xBs1495,00     00001495000<3>
094939183-> data received from printer:
094939340-> <6>
094939412-> ********************** COMMAND BEGIN **********************
094939412-> data sent to printer:
094939413-> <2>O1<3>
094939961-> data received from printer:
094940122-> <2>268500<3><6>
094940147-> ********************** COMMAND BEGIN **********************
094940147-> data sent to printer:
094940147-> <2>P123/12/2024 EFECTIVO 000000268500<3>
094940342-> data received from printer:
094940498-> <6>
094940499-> ********************** COMMAND BEGIN **********************
094940499-> data sent to printer:
094940500-> <2>V<3>
094940556-> data received from printer:
094940709-> <6>
094940710-> ********************** COMMAND BEGIN **********************
094940710-> data sent to printer:
094940710-> <2>VNumero Orden: 0060597<3>
094940790-> data received from printer:
094940949-> <6>
094940950-> ********************** COMMAND BEGIN **********************
094940950-> data sent to printer:
094940951-> <2>V<3>
094941007-> data received from printer:
094941160-> <6>
094941198-> ********************** COMMAND BEGIN **********************
094941198-> data sent to printer:
094941199-> <2>V<161><161><161>GRACIAS POR SU COMPRA!!!<3>
094941284-> data received from printer:
094941447-> <6>
094941448-> ********************** COMMAND BEGIN **********************
094941448-> data sent to printer:
094941449-> <2>VSolo se aceptaran devoluciones<3>
094941538-> data received from printer:
094941703-> <6>
094941704-> ********************** COMMAND BEGIN **********************
094941704-> data sent to printer:
094941705-> <2>Vpor defectos de fabrica, con la<3>
094941794-> data received from printer:
094941958-> <6>
094941958-> ********************** COMMAND BEGIN **********************
094941959-> data sent to printer:
094941959-> <2>Vpresentacion de esta factura (original),<3>
094942059-> data received from printer:
094942214-> <6>
094942215-> ********************** COMMAND BEGIN **********************
094942215-> data sent to printer:
094942216-> <2>Vdentro de los treinta (30) dias<3>
094942306-> data received from printer:
094942471-> <6>
094942472-> ********************** COMMAND BEGIN **********************
094942472-> data sent to printer:
094942473-> <2>Vsiguientes a la emision de la misma.<3>
094942568-> data received from printer:
094942727-> <6>
094942728-> ********************** COMMAND BEGIN **********************
094942728-> data sent to printer:
094942728-> <2>V <3>
094942786-> data received from printer:
094942937-> <6>
094942938-> ********************** COMMAND BEGIN **********************
094942939-> data sent to printer:
094942939-> <2>V   * * * CONTRIBUYENTE FORMAL * * * <3>
094943034-> data received from printer:
094943193-> <6>
094943193-> ********************** COMMAND BEGIN **********************
094943194-> data sent to printer:
094943194-> <2>V <3>
094943252-> data received from printer:
094943403-> <6>
094943404-> ********************** COMMAND BEGIN **********************
094943404-> data sent to printer:
094943405-> <2>V          CZL-0736194-0196<3>
094943489-> data received from printer:
094943643-> <6>
094943644-> ********************** COMMAND BEGIN **********************
094943644-> data sent to printer:
094943645-> <2>V <3>
094943702-> data received from printer:
094943853-> <6>
095007637-> ********************** COMMAND BEGIN **********************
095007639-> data sent to printer:
095007641-> <2>Y0<3>
095007649-> data received from printer:
095007908-> <2>SENIAT    J-00000000000001600*0800*3100*2          Bs.0TIS0900049080120250935<3><6>
095009854-> ********************** COMMAND BEGIN **********************
095009855-> data sent to printer:
095009856-> <2>M<3>
095009860-> data received from printer:
095010011-> <21>
095033577-> OPEN PORT: COM1@9600
095035195-> ********************** COMMAND BEGIN **********************
095035196-> data sent to printer:
095035197-> <2>Y0<3>
095035205-> data received from printer:
095035459-> <2>SENIAT    J-00000000000001600*0800*3100*2          Bs.0TIS0900049080120250936<3><6>
095048789-> OPEN PORT: COM1@9600
095050157-> ********************** COMMAND BEGIN **********************
095050158-> data sent to printer:
095050159-> <2>Y0<3>
095050166-> data received from printer:
095050419-> <2>SENIAT    J-00000000000001600*0800*3100*2          Bs.0TIS0900049080120250936<3><6>
095313977-> OPEN PORT: COM1@9600
095314041-> ********************** COMMAND BEGIN **********************
095314041-> data sent to printer:
095314042-> <2>Q<3>
095314047-> data received from printer:
095314203-> <21>
095314203-> ********************** COMMAND BEGIN **********************
095314204-> data sent to printer:
095314204-> <2>M<3>
095314209-> data received from printer:
095314368-> <21>
095315586-> OPEN PORT: COM1@9600
095315651-> OPEN PORT: COM1@9600
095315652-> ********************** COMMAND BEGIN **********************
095315653-> data sent to printer:
095315653-> <2>L&1<3>
095316313-> data received from printer:
095316491-> <2>6037*6036<3><6>
095316492-> ********************** COMMAND BEGIN **********************
095316492-> data sent to printer:
095316492-> <2>VRazon Social: WILLIAM  COLMENARES<3>
095316584-> data received from printer:
095316746-> <6>
095316747-> ********************** COMMAND BEGIN **********************
095316747-> data sent to printer:
095316748-> <2>VCI/Rif: V-21002617<3>
095316824-> data received from printer:
095316986-> <6>
095316987-> ********************** COMMAND BEGIN **********************
095316987-> data sent to printer:
095316988-> <2>V----------------------------------------<3>
095317087-> data received from printer:
095317241-> <6>
095317242-> ********************** COMMAND BEGIN **********************
095317242-> data sent to printer:
095317243-> <2>Y0<3>
095317251-> data received from printer:
095317499-> <2>SENIAT    J-00000000000001600*0800*3100*2          Bs.0TIS0900049080120250938<3><6>
095317502-> ********************** COMMAND BEGIN **********************
095317503-> data sent to printer:
095317503-> <2>VC000001 VISION SENCILLA TERMINADO <3>
095317597-> data received from printer:
095317754-> <6>
095317756-> ********************** COMMAND BEGIN **********************
095317757-> data sent to printer:
095317757-> <2>N12,000xBs595,00      00001190000<3>
095317899-> data received from printer:
095318054-> <6>
095318055-> ********************** COMMAND BEGIN **********************
095318055-> data sent to printer:
095318056-> <2>VM145364 CMSLSTYL3435754BR<3>
095318139-> data received from printer:
095318294-> <6>
095318294-> ********************** COMMAND BEGIN **********************
095318295-> data sent to printer:
095318295-> <2>N11,000xBs1495,00     00001495000<3>
095318437-> data received from printer:
095318594-> <6>
095318647-> ********************** COMMAND BEGIN **********************
095318648-> data sent to printer:
095318648-> <2>O1<3>
095319196-> data received from printer:
095319360-> <2>268500<3><6>
095319385-> ********************** COMMAND BEGIN **********************
095319385-> data sent to printer:
095319386-> <2>P123/12/2024 EFECTIVO 000000268500<3>
095319581-> data received from printer:
095319736-> <6>
095319737-> ********************** COMMAND BEGIN **********************
095319737-> data sent to printer:
095319737-> <2>V<3>
095319794-> data received from printer:
095319946-> <6>
095319947-> ********************** COMMAND BEGIN **********************
095319947-> data sent to printer:
095319948-> <2>VNumero Orden: 0060597<3>
095320027-> data received from printer:
095320186-> <6>
095320187-> ********************** COMMAND BEGIN **********************
095320187-> data sent to printer:
095320187-> <2>V<3>
095320244-> data received from printer:
095320397-> <6>
095320405-> ********************** COMMAND BEGIN **********************
095320406-> data sent to printer:
095320406-> <2>V<161><161><161>GRACIAS POR SU COMPRA!!!<3>
095320492-> data received from printer:
095320653-> <6>
095320654-> ********************** COMMAND BEGIN **********************
095320654-> data sent to printer:
095320655-> <2>VSolo se aceptaran devoluciones<3>
095320743-> data received from printer:
095320909-> <6>
095320909-> ********************** COMMAND BEGIN **********************
095320909-> data sent to printer:
095320909-> <2>Vpor defectos de fabrica, con la<3>
095320999-> data received from printer:
095321164-> <6>
095321165-> ********************** COMMAND BEGIN **********************
095321165-> data sent to printer:
095321166-> <2>Vpresentacion de esta factura (original),<3>
095321265-> data received from printer:
095321419-> <6>
095321420-> ********************** COMMAND BEGIN **********************
095321420-> data sent to printer:
095321421-> <2>Vdentro de los treinta (30) dias<3>
095321510-> data received from printer:
095321661-> <6>
095321662-> ********************** COMMAND BEGIN **********************
095321662-> data sent to printer:
095321663-> <2>Vsiguientes a la emision de la misma.<3>
095321758-> data received from printer:
095321917-> <6>
095321918-> ********************** COMMAND BEGIN **********************
095321918-> data sent to printer:
095321919-> <2>V <3>
095321976-> data received from printer:
095322127-> <6>
095322127-> ********************** COMMAND BEGIN **********************
095322128-> data sent to printer:
095322128-> <2>V   * * * CONTRIBUYENTE FORMAL * * * <3>
095322223-> data received from printer:
095322383-> <6>
095322384-> ********************** COMMAND BEGIN **********************
095322384-> data sent to printer:
095322385-> <2>V <3>
095322442-> data received from printer:
095322608-> <6>
095322608-> ********************** COMMAND BEGIN **********************
095322609-> data sent to printer:
095322609-> <2>V          CZL-0736194-0196<3>
095322694-> data received from printer:
095322849-> <6>
095322849-> ********************** COMMAND BEGIN **********************
095322850-> data sent to printer:
095322850-> <2>V <3>
095322908-> data received from printer:
095323059-> <6>
095323060-> ********************** COMMAND BEGIN **********************
095323060-> data sent to printer:
095323061-> <2>Y0<3>
095323068-> data received from printer:
095323318-> <2>SENIAT    J-00000000000001600*0800*3100*2          Bs.0TIS0900049080120250939<3><6>
095323319-> ********************** COMMAND BEGIN **********************
095323319-> data sent to printer:
095323320-> <2>M<3>
095324617-> data received from printer:
095324773-> <6>
105817226-> OPEN PORT: COM1@9600
105817422-> ********************** COMMAND BEGIN **********************
105817423-> data sent to printer:
105817425-> <2>Q<3>
105817430-> data received from printer:
105817596-> <21>
105817597-> ********************** COMMAND BEGIN **********************
105817597-> data sent to printer:
105817598-> <2>M<3>
105817603-> data received from printer:
105817761-> <21>
105819723-> OPEN PORT: COM1@9600
105819786-> OPEN PORT: COM1@9600
105819790-> ********************** COMMAND BEGIN **********************
105819791-> data sent to printer:
105819792-> <2>L&1<3>
105820452-> data received from printer:
105820629-> <2>6038*6036<3><6>
105820630-> ********************** COMMAND BEGIN **********************
105820631-> data sent to printer:
105820631-> <2>VRazon Social: WILLIAM  COLMENARES<3>
105820723-> data received from printer:
105820885-> <6>
105820886-> ********************** COMMAND BEGIN **********************
105820886-> data sent to printer:
105820887-> <2>VCI/Rif: V-21002617<3>
105820962-> data received from printer:
105821125-> <6>
105821126-> ********************** COMMAND BEGIN **********************
105821127-> data sent to printer:
105821127-> <2>V----------------------------------------<3>
105821226-> data received from printer:
105821380-> <6>
105821397-> ********************** COMMAND BEGIN **********************
105821397-> data sent to printer:
105821398-> <2>Y0<3>
105821405-> data received from printer:
105821668-> <2>SENIAT    J-00000000000001600*0800*3100*2          Bs.0TIS0900049080120251044<3><6>
105821671-> ********************** COMMAND BEGIN **********************
105821672-> data sent to printer:
105821672-> <2>VC000001 VISION SENCILLA TERMINADO <3>
105821765-> data received from printer:
105821924-> <6>
105821925-> ********************** COMMAND BEGIN **********************
105821925-> data sent to printer:
105821926-> <2>N12,000xBs595,00      00001190000<3>
105822067-> data received from printer:
105822224-> <6>
105822225-> ********************** COMMAND BEGIN **********************
105822225-> data sent to printer:
105822225-> <2>VM145364 CMSLSTYL3435754BR<3>
105822309-> data received from printer:
105822464-> <6>
105822465-> ********************** COMMAND BEGIN **********************
105822465-> data sent to printer:
105822466-> <2>N11,000xBs1495,00     00001495000<3>
105822607-> data received from printer:
105822764-> <6>
105822851-> ********************** COMMAND BEGIN **********************
105822851-> data sent to printer:
105822851-> <2>O1<3>
105823398-> data received from printer:
105823562-> <2>268500<3><6>
105823587-> ********************** COMMAND BEGIN **********************
105823588-> data sent to printer:
105823588-> <2>P123/12/2024 EFECTIVO 000000268500<3>
105823783-> data received from printer:
105823938-> <6>
105823939-> ********************** COMMAND BEGIN **********************
105823939-> data sent to printer:
105823940-> <2>V<3>
105823996-> data received from printer:
105824149-> <6>
105824150-> ********************** COMMAND BEGIN **********************
105824150-> data sent to printer:
105824150-> <2>VNumero Orden: 0060597<3>
105824230-> data received from printer:
105824392-> <6>
105824393-> ********************** COMMAND BEGIN **********************
105824393-> data sent to printer:
105824394-> <2>V<3>
105824450-> data received from printer:
105824602-> <6>
105824611-> ********************** COMMAND BEGIN **********************
105824611-> data sent to printer:
105824611-> <2>V<161><161><161>GRACIAS POR SU COMPRA!!!<3>
105824697-> data received from printer:
105824856-> <6>
105824858-> ********************** COMMAND BEGIN **********************
105824858-> data sent to printer:
105824858-> <2>VSolo se aceptaran devoluciones<3>
105824946-> data received from printer:
105825112-> <6>
105825113-> ********************** COMMAND BEGIN **********************
105825113-> data sent to printer:
105825113-> <2>Vpor defectos de fabrica, con la<3>
105825203-> data received from printer:
105825368-> <6>
105825372-> ********************** COMMAND BEGIN **********************
105825372-> data sent to printer:
105825373-> <2>Vpresentacion de esta factura (original),<3>
105825472-> data received from printer:
105825638-> <6>
105825639-> ********************** COMMAND BEGIN **********************
105825639-> data sent to printer:
105825640-> <2>Vdentro de los treinta (30) dias<3>
105825729-> data received from printer:
105825894-> <6>
105825895-> ********************** COMMAND BEGIN **********************
105825895-> data sent to printer:
105825895-> <2>Vsiguientes a la emision de la misma.<3>
105825991-> data received from printer:
105826149-> <6>
105826150-> ********************** COMMAND BEGIN **********************
105826150-> data sent to printer:
105826151-> <2>V <3>
105826208-> data received from printer:
105826360-> <6>
105826360-> ********************** COMMAND BEGIN **********************
105826361-> data sent to printer:
105826361-> <2>V   * * * CONTRIBUYENTE FORMAL * * * <3>
105826456-> data received from printer:
105826616-> <6>
105826617-> ********************** COMMAND BEGIN **********************
105826617-> data sent to printer:
105826618-> <2>V <3>
105826675-> data received from printer:
105826827-> <6>
105826828-> ********************** COMMAND BEGIN **********************
105826828-> data sent to printer:
105826829-> <2>V          CZL-0736194-0196<3>
105826913-> data received from printer:
105827068-> <6>
105827069-> ********************** COMMAND BEGIN **********************
105827069-> data sent to printer:
105827070-> <2>V <3>
105827128-> data received from printer:
105827279-> <6>
105852458-> ********************** COMMAND BEGIN **********************
105852459-> data sent to printer:
105852461-> <2>Y0<3>
105852469-> data received from printer:
105852717-> <2>SENIAT    J-00000000000001600*0800*3100*2          Bs.0TIS0900049080120251044<3><6>
105853536-> ********************** COMMAND BEGIN **********************
105853537-> data sent to printer:
105853538-> <2>M<3>
105853543-> data received from printer:
105853708-> <21>
105924212-> OPEN PORT: COM1@9600
105925568-> ********************** COMMAND BEGIN **********************
105925569-> data sent to printer:
105925570-> <2>Y0<3>
105925579-> data received from printer:
105925836-> <2>SENIAT    J-00000000000001600*0800*3100*2          Bs.0TIS0900049080120251045<3><6>
110017277-> OPEN PORT: COM1@9600
110018101-> ********************** COMMAND BEGIN **********************
110018102-> data sent to printer:
110018102-> <2>Y0<3>
110018110-> data received from printer:
110018369-> <2>SENIAT    J-00000000000001600*0800*3100*2          Bs.0TIS0900049080120251045<3><6>
110955881-> OPEN PORT: COM1@9600
110955996-> ********************** COMMAND BEGIN **********************
110955996-> data sent to printer:
110955997-> <2>Q<3>
110956002-> data received from printer:
110956163-> <21>
110956164-> ********************** COMMAND BEGIN **********************
110956164-> data sent to printer:
110956165-> <2>M<3>
110956169-> data received from printer:
110956328-> <21>
110958434-> OPEN PORT: COM1@9600
110958498-> OPEN PORT: COM1@9600
110958500-> ********************** COMMAND BEGIN **********************
110958500-> data sent to printer:
110958501-> <2>L&1<3>
110959161-> data received from printer:
110959335-> <2>6039*6038<3><6>
110959336-> ********************** COMMAND BEGIN **********************
110959337-> data sent to printer:
110959337-> <2>VRazon Social: WILLIAM  COLMENARES<3>
110959429-> data received from printer:
110959590-> <6>
110959591-> ********************** COMMAND BEGIN **********************
110959591-> data sent to printer:
110959592-> <2>VCI/Rif: V-21002617<3>
110959668-> data received from printer:
110959832-> <6>
110959833-> ********************** COMMAND BEGIN **********************
110959834-> data sent to printer:
110959834-> <2>V----------------------------------------<3>
110959933-> data received from printer:
111000088-> <6>
111000090-> ********************** COMMAND BEGIN **********************
111000090-> data sent to printer:
111000091-> <2>Y0<3>
111000098-> data received from printer:
111000346-> <2>SENIAT    J-00000000000001600*0800*3100*2          Bs.0TIS0900049080120251055<3><6>
111000349-> ********************** COMMAND BEGIN **********************
111000349-> data sent to printer:
111000350-> <2>VC000001 VISION SENCILLA TERMINADO <3>
111000443-> data received from printer:
111000601-> <6>
111000602-> ********************** COMMAND BEGIN **********************
111000602-> data sent to printer:
111000602-> <2>N12,000xBs595,00      00001190000<3>
111000744-> data received from printer:
111000901-> <6>
111000902-> ********************** COMMAND BEGIN **********************
111000902-> data sent to printer:
111000903-> <2>VM145364 CMSLSTYL3435754BR<3>
111000986-> data received from printer:
111001141-> <6>
111001142-> ********************** COMMAND BEGIN **********************
111001142-> data sent to printer:
111001143-> <2>N11,000xBs1495,00     00001495000<3>
111001285-> data received from printer:
111001441-> <6>
111001499-> ********************** COMMAND BEGIN **********************
111001500-> data sent to printer:
111001500-> <2>O1<3>
111002049-> data received from printer:
111002223-> <2>268500<3><6>
111002248-> ********************** COMMAND BEGIN **********************
111002248-> data sent to printer:
111002248-> <2>P123/12/2024 EFECTIVO 000000268500<3>
111002443-> data received from printer:
111002599-> <6>
111002600-> ********************** COMMAND BEGIN **********************
111002600-> data sent to printer:
111002601-> <2>V<3>
111002657-> data received from printer:
111002810-> <6>
111002811-> ********************** COMMAND BEGIN **********************
111002811-> data sent to printer:
111002812-> <2>VNumero Orden: 0060597<3>
111002891-> data received from printer:
111003052-> <6>
111003053-> ********************** COMMAND BEGIN **********************
111003053-> data sent to printer:
111003054-> <2>V<3>
111003110-> data received from printer:
111003262-> <6>
111003270-> ********************** COMMAND BEGIN **********************
111003271-> data sent to printer:
111003271-> <2>V<161><161><161>GRACIAS POR SU COMPRA!!!<3>
111003356-> data received from printer:
111003518-> <6>
111003519-> ********************** COMMAND BEGIN **********************
111003519-> data sent to printer:
111003519-> <2>VSolo se aceptaran devoluciones<3>
111003608-> data received from printer:
111003759-> <6>
111003760-> ********************** COMMAND BEGIN **********************
111003760-> data sent to printer:
111003760-> <2>Vpor defectos de fabrica, con la<3>
111003850-> data received from printer:
111004016-> <6>
111004017-> ********************** COMMAND BEGIN **********************
111004017-> data sent to printer:
111004017-> <2>Vpresentacion de esta factura (original),<3>
111004117-> data received from printer:
111004271-> <6>
111004271-> ********************** COMMAND BEGIN **********************
111004272-> data sent to printer:
111004272-> <2>Vdentro de los treinta (30) dias<3>
111004362-> data received from printer:
111004512-> <6>
111004512-> ********************** COMMAND BEGIN **********************
111004513-> data sent to printer:
111004513-> <2>Vsiguientes a la emision de la misma.<3>
111004609-> data received from printer:
111004768-> <6>
111004768-> ********************** COMMAND BEGIN **********************
111004769-> data sent to printer:
111004769-> <2>V <3>
111004827-> data received from printer:
111004978-> <6>
111004978-> ********************** COMMAND BEGIN **********************
111004979-> data sent to printer:
111004979-> <2>V   * * * CONTRIBUYENTE FORMAL * * * <3>
111005074-> data received from printer:
111005234-> <6>
111005235-> ********************** COMMAND BEGIN **********************
111005235-> data sent to printer:
111005235-> <2>V <3>
111005293-> data received from printer:
111005444-> <6>
111005444-> ********************** COMMAND BEGIN **********************
111005445-> data sent to printer:
111005445-> <2>V          CZL-0736194-0196<3>
111005530-> data received from printer:
111005685-> <6>
111005686-> ********************** COMMAND BEGIN **********************
111005686-> data sent to printer:
111005687-> <2>V <3>
111005744-> data received from printer:
111005896-> <6>
111019579-> ********************** COMMAND BEGIN **********************
111019580-> data sent to printer:
111019581-> <2>Y0<3>
111019590-> data received from printer:
111019843-> <2>SENIAT    J-00000000000001600*0800*3100*2          Bs.0TIS0900049080120251055<3><6>
111028217-> ********************** COMMAND BEGIN **********************
111028218-> data sent to printer:
111028221-> <2>M<3>
111028227-> data received from printer:
111028387-> <21>
111051892-> OPEN PORT: COM1@9600
111053558-> ********************** COMMAND BEGIN **********************
111053559-> data sent to printer:
111053561-> <2>Y0<3>
111053569-> data received from printer:
111053824-> <2>SENIAT    J-00000000000001600*0800*3100*2          Bs.0TIS0900049080120251056<3><6>
111705093-> OPEN PORT: COM1@9600
111705157-> ********************** COMMAND BEGIN **********************
111705157-> data sent to printer:
111705158-> <2>Q<3>
111705163-> data received from printer:
111705319-> <21>
111705320-> ********************** COMMAND BEGIN **********************
111705320-> data sent to printer:
111705321-> <2>M<3>
111705325-> data received from printer:
111705485-> <21>
111707267-> OPEN PORT: COM1@9600
111707331-> OPEN PORT: COM1@9600
111707334-> ********************** COMMAND BEGIN **********************
111707334-> data sent to printer:
111707335-> <2>L&1<3>
111707995-> data received from printer:
111708171-> <2>6040*6039<3><6>
111708172-> ********************** COMMAND BEGIN **********************
111708172-> data sent to printer:
111708173-> <2>VRazon Social: WILLIAM  COLMENARES<3>
111708265-> data received from printer:
111708426-> <6>
111708426-> ********************** COMMAND BEGIN **********************
111708427-> data sent to printer:
111708427-> <2>VCI/Rif: V-21002617<3>
111708503-> data received from printer:
111708667-> <6>
111708668-> ********************** COMMAND BEGIN **********************
111708669-> data sent to printer:
111708669-> <2>V----------------------------------------<3>
111708769-> data received from printer:
111708923-> <6>
111708925-> ********************** COMMAND BEGIN **********************
111708925-> data sent to printer:
111708926-> <2>Y0<3>
111708934-> data received from printer:
111709196-> <2>SENIAT    J-00000000000001600*0800*3100*2          Bs.0TIS0900049080120251102<3><6>
111709199-> ********************** COMMAND BEGIN **********************
111709200-> data sent to printer:
111709200-> <2>VC000001 VISION SENCILLA TERMINADO <3>
111709293-> data received from printer:
111709451-> <6>
111709452-> ********************** COMMAND BEGIN **********************
111709452-> data sent to printer:
111709453-> <2>N12,000xBs595,00      00001190000<3>
111709595-> data received from printer:
111709752-> <6>
111709753-> ********************** COMMAND BEGIN **********************
111709753-> data sent to printer:
111709753-> <2>VM145364 CMSLSTYL3435754BR<3>
111709837-> data received from printer:
111709993-> <6>
111709994-> ********************** COMMAND BEGIN **********************
111709994-> data sent to printer:
111709994-> <2>N11,000xBs1495,00     00001495000<3>
111710136-> data received from printer:
111710292-> <6>
111710342-> ********************** COMMAND BEGIN **********************
111710343-> data sent to printer:
111710343-> <2>O1<3>
111710890-> data received from printer:
111711059-> <2>268500<3><6>
111711087-> ********************** COMMAND BEGIN **********************
111711087-> data sent to printer:
111711087-> <2>P123/12/2024 EFECTIVO 000000268500<3>
111711282-> data received from printer:
111711435-> <6>
111711436-> ********************** COMMAND BEGIN **********************
111711436-> data sent to printer:
111711437-> <2>V<3>
111711493-> data received from printer:
111711645-> <6>
111711646-> ********************** COMMAND BEGIN **********************
111711646-> data sent to printer:
111711647-> <2>VNumero Orden: 0060597<3>
111711726-> data received from printer:
111711886-> <6>
111711886-> ********************** COMMAND BEGIN **********************
111711887-> data sent to printer:
111711887-> <2>V<3>
111711944-> data received from printer:
111712097-> <6>
111712134-> ********************** COMMAND BEGIN **********************
111712135-> data sent to printer:
111712135-> <2>V<161><161><161>GRACIAS POR SU COMPRA!!!<3>
111712221-> data received from printer:
111712385-> <6>
111712386-> ********************** COMMAND BEGIN **********************
111712386-> data sent to printer:
111712387-> <2>VSolo se aceptaran devoluciones<3>
111712475-> data received from printer:
111712640-> <6>
111712641-> ********************** COMMAND BEGIN **********************
111712641-> data sent to printer:
111712642-> <2>Vpor defectos de fabrica, con la<3>
111712732-> data received from printer:
111712897-> <6>
111712898-> ********************** COMMAND BEGIN **********************
111712898-> data sent to printer:
111712899-> <2>Vpresentacion de esta factura (original),<3>
111712998-> data received from printer:
111713152-> <6>
111713153-> ********************** COMMAND BEGIN **********************
111713153-> data sent to printer:
111713154-> <2>Vdentro de los treinta (30) dias<3>
111713244-> data received from printer:
111713408-> <6>
111713408-> ********************** COMMAND BEGIN **********************
111713409-> data sent to printer:
111713409-> <2>Vsiguientes a la emision de la misma.<3>
111713504-> data received from printer:
111713663-> <6>
111713664-> ********************** COMMAND BEGIN **********************
111713664-> data sent to printer:
111713664-> <2>V <3>
111713722-> data received from printer:
111713888-> <6>
111713889-> ********************** COMMAND BEGIN **********************
111713889-> data sent to printer:
111713890-> <2>V   * * * CONTRIBUYENTE FORMAL * * * <3>
111713985-> data received from printer:
111714145-> <6>
111714146-> ********************** COMMAND BEGIN **********************
111714146-> data sent to printer:
111714147-> <2>V <3>
111714205-> data received from printer:
111714370-> <6>
111714371-> ********************** COMMAND BEGIN **********************
111714371-> data sent to printer:
111714371-> <2>V          CZL-0736194-0196<3>
111714456-> data received from printer:
111714611-> <6>
111714612-> ********************** COMMAND BEGIN **********************
111714612-> data sent to printer:
111714613-> <2>V <3>
111714670-> data received from printer:
111714821-> <6>
111728670-> ********************** COMMAND BEGIN **********************
111728671-> data sent to printer:
111728672-> <2>Y0<3>
111728680-> data received from printer:
111728932-> <2>SENIAT    J-00000000000001600*0800*3100*2          Bs.0TIS0900049080120251104<3><6>
111729544-> ********************** COMMAND BEGIN **********************
111729545-> data sent to printer:
111729545-> <2><177><3>
111729550-> data received from printer:
111729713-> <21>
111736404-> ********************** COMMAND BEGIN **********************
111736406-> data sent to printer:
111736408-> <2>M<3>
111736414-> data received from printer:
111736569-> <21>
111749556-> OPEN PORT: COM1@9600
111750677-> ********************** COMMAND BEGIN **********************
111750678-> data sent to printer:
111750680-> <2>Y0<3>
111750688-> data received from printer:
111750939-> <2>SENIAT    J-00000000000001600*0800*3100*2          Bs.0TIS0900049080120251104<3><6>
111758648-> ********************** COMMAND BEGIN **********************
111758649-> data sent to printer:
111758649-> <2>Y3<3>
111758657-> data received from printer:
111758831-> <2>6040*6040*904*0*<3><6>
111811650-> ********************** COMMAND BEGIN **********************
111811650-> data sent to printer:
111811651-> <2><177><3>
111811656-> data received from printer:
111811817-> <21>
111839312-> OPEN PORT: COM1@9600
111839376-> ********************** COMMAND BEGIN **********************
111839376-> data sent to printer:
111839377-> <2>Q<3>
111839381-> data received from printer:
111839535-> <21>
111839536-> ********************** COMMAND BEGIN **********************
111839536-> data sent to printer:
111839537-> <2>M<3>
111839542-> data received from printer:
111839701-> <21>
111841223-> OPEN PORT: COM1@9600
111841289-> OPEN PORT: COM1@9600
111841291-> ********************** COMMAND BEGIN **********************
111841291-> data sent to printer:
111841292-> <2>L&1<3>
111841953-> data received from printer:
111842131-> <2>6041*6040<3><6>
111842132-> ********************** COMMAND BEGIN **********************
111842132-> data sent to printer:
111842132-> <2>VRazon Social: WILLIAM  COLMENARES<3>
111842224-> data received from printer:
111842387-> <6>
111842388-> ********************** COMMAND BEGIN **********************
111842388-> data sent to printer:
111842388-> <2>VCI/Rif: V-21002617<3>
111842464-> data received from printer:
111842627-> <6>
111842628-> ********************** COMMAND BEGIN **********************
111842628-> data sent to printer:
111842629-> <2>V----------------------------------------<3>
111842728-> data received from printer:
111842883-> <6>
111842884-> ********************** COMMAND BEGIN **********************
111842884-> data sent to printer:
111842885-> <2>Y0<3>
111842892-> data received from printer:
111843155-> <2>SENIAT    J-00000000000001600*0800*3100*2          Bs.0TIS0900049080120251105<3><6>
111843155-> ********************** COMMAND BEGIN **********************
111843156-> data sent to printer:
111843156-> <2>VC000001 VISION SENCILLA TERMINADO <3>
111843249-> data received from printer:
111843411-> <6>
111843412-> ********************** COMMAND BEGIN **********************
111843412-> data sent to printer:
111843412-> <2>N12,000xBs595,00      00001190000<3>
111843554-> data received from printer:
111843711-> <6>
111843712-> ********************** COMMAND BEGIN **********************
111843713-> data sent to printer:
111843713-> <2>VM145364 CMSLSTYL3435754BR<3>
111843796-> data received from printer:
111843951-> <6>
111843952-> ********************** COMMAND BEGIN **********************
111843952-> data sent to printer:
111843953-> <2>N11,000xBs1495,00     00001495000<3>
111844095-> data received from printer:
111844252-> <6>
111844300-> ********************** COMMAND BEGIN **********************
111844300-> data sent to printer:
111844300-> <2>O1<3>
111844848-> data received from printer:
111845018-> <2>268500<3><6>
111845043-> ********************** COMMAND BEGIN **********************
111845043-> data sent to printer:
111845043-> <2>P123/12/2024 EFECTIVO 000000268500<3>
111845238-> data received from printer:
111845393-> <6>
111845394-> ********************** COMMAND BEGIN **********************
111845394-> data sent to printer:
111845395-> <2>V<3>
111845452-> data received from printer:
111845603-> <6>
111845604-> ********************** COMMAND BEGIN **********************
111845604-> data sent to printer:
111845605-> <2>VNumero Orden: 0060597<3>
111845684-> data received from printer:
111845843-> <6>
111845843-> ********************** COMMAND BEGIN **********************
111845844-> data sent to printer:
111845844-> <2>V<3>
111845901-> data received from printer:
111846053-> <6>
111846095-> ********************** COMMAND BEGIN **********************
111846095-> data sent to printer:
111846096-> <2>V<161><161><161>GRACIAS POR SU COMPRA!!!<3>
111846182-> data received from printer:
111846340-> <6>
111846340-> ********************** COMMAND BEGIN **********************
111846341-> data sent to printer:
111846341-> <2>VSolo se aceptaran devoluciones<3>
111846430-> data received from printer:
111846581-> <6>
111846582-> ********************** COMMAND BEGIN **********************
111846582-> data sent to printer:
111846582-> <2>Vpor defectos de fabrica, con la<3>
111846672-> data received from printer:
111846836-> <6>
111846836-> ********************** COMMAND BEGIN **********************
111846837-> data sent to printer:
111846837-> <2>Vpresentacion de esta factura (original),<3>
111846937-> data received from printer:
111847091-> <6>
111847092-> ********************** COMMAND BEGIN **********************
111847093-> data sent to printer:
111847093-> <2>Vdentro de los treinta (30) dias<3>
111847183-> data received from printer:
111847347-> <6>
111847348-> ********************** COMMAND BEGIN **********************
111847348-> data sent to printer:
111847348-> <2>Vsiguientes a la emision de la misma.<3>
111847444-> data received from printer:
111847603-> <6>
111847604-> ********************** COMMAND BEGIN **********************
111847604-> data sent to printer:
111847604-> <2>V <3>
111847662-> data received from printer:
111847814-> <6>
111847815-> ********************** COMMAND BEGIN **********************
111847815-> data sent to printer:
111847816-> <2>V   * * * CONTRIBUYENTE FORMAL * * * <3>
111847911-> data received from printer:
111848069-> <6>
111848070-> ********************** COMMAND BEGIN **********************
111848070-> data sent to printer:
111848070-> <2>V <3>
111848128-> data received from printer:
111848294-> <6>
111848295-> ********************** COMMAND BEGIN **********************
111848295-> data sent to printer:
111848296-> <2>V          CZL-0736194-0196<3>
111848380-> data received from printer:
111848534-> <6>
111848535-> ********************** COMMAND BEGIN **********************
111848535-> data sent to printer:
111848535-> <2>V <3>
111848593-> data received from printer:
111848759-> <6>
111849439-> ********************** COMMAND BEGIN **********************
111849439-> data sent to printer:
111849440-> <2>Y0<3>
111849447-> data received from printer:
111849695-> <2>SENIAT    J-00000000000001600*0800*3100*2          Bs.0TIS0900049080120251105<3><6>
111849830-> ********************** COMMAND BEGIN **********************
111849830-> data sent to printer:
111849831-> <2><177><3>
111849835-> data received from printer:
111850001-> <21>
111853067-> ********************** COMMAND BEGIN **********************
111853067-> data sent to printer:
111853068-> <2>M<3>
111854366-> data received from printer:
111854518-> <6>
111912522-> OPEN PORT: COM1@9600
111913784-> ********************** COMMAND BEGIN **********************
111913785-> data sent to printer:
111913786-> <2>Y0<3>
111913795-> data received from printer:
111914055-> <2>SENIAT    J-00000000000001600*0800*3100*2          Bs.0TIS0900049080120251105<3><6>
111923285-> ********************** COMMAND BEGIN **********************
111923286-> data sent to printer:
111923287-> <2>Y3<3>
111923295-> data received from printer:
111923475-> <2>6041*6040*904*0*<3><6>
111942025-> ********************** COMMAND BEGIN **********************
111942026-> data sent to printer:
111942028-> <2><177><3>
111942034-> data received from printer:
111942195-> <21>
112702359-> OPEN PORT: COM1@9600
112702424-> ********************** COMMAND BEGIN **********************
112702424-> data sent to printer:
112702425-> <2>Q<3>
112702429-> data received from printer:
112702581-> <21>
112702582-> ********************** COMMAND BEGIN **********************
112702582-> data sent to printer:
112702583-> <2>M<3>
112702587-> data received from printer:
112702746-> <21>
112704493-> OPEN PORT: COM1@9600
112704558-> OPEN PORT: COM1@9600
112704562-> ********************** COMMAND BEGIN **********************
112704562-> data sent to printer:
112704563-> <2>L&1<3>
112705224-> data received from printer:
112705402-> <2>6042*6040<3><6>
112705403-> ********************** COMMAND BEGIN **********************
112705404-> data sent to printer:
112705404-> <2>VRazon Social: WILLIAM  COLMENARES<3>
112705496-> data received from printer:
112705658-> <6>
112705659-> ********************** COMMAND BEGIN **********************
112705659-> data sent to printer:
112705659-> <2>VCI/Rif: V-21002617<3>
112705735-> data received from printer:
112705899-> <6>
112705899-> ********************** COMMAND BEGIN **********************
112705900-> data sent to printer:
112705900-> <2>V----------------------------------------<3>
112705999-> data received from printer:
112706153-> <6>
112706155-> ********************** COMMAND BEGIN **********************
112706155-> data sent to printer:
112706156-> <2>Y0<3>
112706163-> data received from printer:
112706426-> <2>SENIAT    J-00000000000001600*0800*3100*2          Bs.0TIS0900049080120251113<3><6>
112706429-> ********************** COMMAND BEGIN **********************
112706429-> data sent to printer:
112706430-> <2>VC000001 VISION SENCILLA TERMINADO <3>
112706522-> data received from printer:
112706681-> <6>
112706682-> ********************** COMMAND BEGIN **********************
112706682-> data sent to printer:
112706682-> <2>N12,000xBs595,00      00001190000<3>
112706824-> data received from printer:
112706981-> <6>
112706982-> ********************** COMMAND BEGIN **********************
112706982-> data sent to printer:
112706983-> <2>VM145364 CMSLSTYL3435754BR<3>
112707066-> data received from printer:
112707222-> <6>
112707223-> ********************** COMMAND BEGIN **********************
112707223-> data sent to printer:
112707224-> <2>N11,000xBs1495,00     00001495000<3>
112707365-> data received from printer:
112707522-> <6>
112707572-> ********************** COMMAND BEGIN **********************
112707573-> data sent to printer:
112707573-> <2>O1<3>
112708121-> data received from printer:
112708290-> <2>268500<3><6>
112708316-> ********************** COMMAND BEGIN **********************
112708316-> data sent to printer:
112708317-> <2>P123/12/2024 EFECTIVO 000000268500<3>
112708511-> data received from printer:
112708666-> <6>
112708667-> ********************** COMMAND BEGIN **********************
112708667-> data sent to printer:
112708668-> <2>V<3>
112708724-> data received from printer:
112708876-> <6>
112708876-> ********************** COMMAND BEGIN **********************
112708877-> data sent to printer:
112708877-> <2>VNumero Orden: 0060596<3>
112708956-> data received from printer:
112709117-> <6>
112709117-> ********************** COMMAND BEGIN **********************
112709118-> data sent to printer:
112709118-> <2>V<3>
112709175-> data received from printer:
112709328-> <6>
112709337-> ********************** COMMAND BEGIN **********************
112709337-> data sent to printer:
112709337-> <2>V<161><161><161>GRACIAS POR SU COMPRA!!!<3>
112709423-> data received from printer:
112709583-> <6>
112709584-> ********************** COMMAND BEGIN **********************
112709584-> data sent to printer:
112709585-> <2>VSolo se aceptaran devoluciones<3>
112709673-> data received from printer:
112709839-> <6>
112709840-> ********************** COMMAND BEGIN **********************
112709840-> data sent to printer:
112709841-> <2>Vpor defectos de fabrica, con la<3>
112709931-> data received from printer:
112710096-> <6>
112710096-> ********************** COMMAND BEGIN **********************
112710097-> data sent to printer:
112710097-> <2>Vpresentacion de esta factura (original),<3>
112710197-> data received from printer:
112710351-> <6>
112710352-> ********************** COMMAND BEGIN **********************
112710352-> data sent to printer:
112710353-> <2>Vdentro de los treinta (30) dias<3>
112710443-> data received from printer:
112710607-> <6>
112710607-> ********************** COMMAND BEGIN **********************
112710608-> data sent to printer:
112710608-> <2>Vsiguientes a la emision de la misma.<3>
112710704-> data received from printer:
112710862-> <6>
112710863-> ********************** COMMAND BEGIN **********************
112710863-> data sent to printer:
112710863-> <2>V <3>
112710921-> data received from printer:
112711073-> <6>
112711073-> ********************** COMMAND BEGIN **********************
112711073-> data sent to printer:
112711073-> <2>V   * * * CONTRIBUYENTE FORMAL * * * <3>
112711170-> data received from printer:
112711328-> <6>
112711329-> ********************** COMMAND BEGIN **********************
112711329-> data sent to printer:
112711330-> <2>V <3>
112711387-> data received from printer:
112711538-> <6>
112711539-> ********************** COMMAND BEGIN **********************
112711539-> data sent to printer:
112711540-> <2>V          CZL-0736194-0196<3>
112711624-> data received from printer:
112711779-> <6>
112711780-> ********************** COMMAND BEGIN **********************
112711780-> data sent to printer:
112711781-> <2>V <3>
112711838-> data received from printer:
112712004-> <6>
112725501-> ********************** COMMAND BEGIN **********************
112725502-> data sent to printer:
112725504-> <2>Y0<3>
112725513-> data received from printer:
112725766-> <2>SENIAT    J-00000000000001600*0800*3100*2          Bs.0TIS0900049080120251114<3><6>
112727002-> ********************** COMMAND BEGIN **********************
112727003-> data sent to printer:
112727003-> <2>M<3>
112727008-> data received from printer:
112727172-> <21>
112840674-> OPEN PORT: COM1@9600
112842581-> ********************** COMMAND BEGIN **********************
112842582-> data sent to printer:
112842583-> <2>Y3<3>
112842591-> data received from printer:
112842775-> <2>6042*6042*904*0*<3><6>
112958773-> OPEN PORT: COM1@9600
112958837-> ********************** COMMAND BEGIN **********************
112958838-> data sent to printer:
112958838-> <2>Q<3>
112958843-> data received from printer:
112958993-> <21>
112958993-> ********************** COMMAND BEGIN **********************
112958994-> data sent to printer:
112958994-> <2>M<3>
112958999-> data received from printer:
112959158-> <21>
113246576-> OPEN PORT: COM1@9600
113246641-> ********************** COMMAND BEGIN **********************
113246641-> data sent to printer:
113246642-> <2>Q<3>
113246647-> data received from printer:
113246808-> <21>
113246809-> ********************** COMMAND BEGIN **********************
113246809-> data sent to printer:
113246810-> <2>M<3>
113246814-> data received from printer:
113246974-> <21>
113249494-> OPEN PORT: COM1@9600
113249560-> OPEN PORT: COM1@9600
113249563-> ********************** COMMAND BEGIN **********************
113249563-> data sent to printer:
113249564-> <2>L&1<3>
113250224-> data received from printer:
113250397-> <2>6043*6042<3><6>
113250398-> ********************** COMMAND BEGIN **********************
113250399-> data sent to printer:
113250399-> <2>VRazon Social: WILLIAM  COLMENARES<3>
113250491-> data received from printer:
113250653-> <6>
113250653-> ********************** COMMAND BEGIN **********************
113250654-> data sent to printer:
113250654-> <2>VCI/Rif: V-21002617<3>
113250730-> data received from printer:
113250895-> <6>
113250896-> ********************** COMMAND BEGIN **********************
113250897-> data sent to printer:
113250897-> <2>V----------------------------------------<3>
113251017-> data received from printer:
113251182-> <6>
113251184-> ********************** COMMAND BEGIN **********************
113251184-> data sent to printer:
113251185-> <2>Y0<3>
113251192-> data received from printer:
113251455-> <2>SENIAT    J-00000000000001600*0800*3100*2          Bs.0TIS0900049080120251119<3><6>
113251458-> ********************** COMMAND BEGIN **********************
113251458-> data sent to printer:
113251459-> <2>VC000001 VISION SENCILLA TERMINADO <3>
113251552-> data received from printer:
113251710-> <6>
113251711-> ********************** COMMAND BEGIN **********************
113251711-> data sent to printer:
113251712-> <2>N12,000xBs595,00      00001190000<3>
113251853-> data received from printer:
113252011-> <6>
113252012-> ********************** COMMAND BEGIN **********************
113252012-> data sent to printer:
113252012-> <2>VM145364 CMSLSTYL3435754BR<3>
113252096-> data received from printer:
113252251-> <6>
113252252-> ********************** COMMAND BEGIN **********************
113252252-> data sent to printer:
113252252-> <2>N11,000xBs1495,00     00001495000<3>
113252394-> data received from printer:
113252551-> <6>
113252601-> ********************** COMMAND BEGIN **********************
113252601-> data sent to printer:
113252601-> <2>O1<3>
113253149-> data received from printer:
113253317-> <2>268500<3><6>
113253343-> ********************** COMMAND BEGIN **********************
113253343-> data sent to printer:
113253343-> <2>P123/12/2024 EFECTIVO 000000268500<3>
113253538-> data received from printer:
113253693-> <6>
113253694-> ********************** COMMAND BEGIN **********************
113253695-> data sent to printer:
113253695-> <2>V<3>
113253752-> data received from printer:
113253903-> <6>
113253903-> ********************** COMMAND BEGIN **********************
113253904-> data sent to printer:
113253904-> <2>VNumero Orden: 0060596<3>
113253983-> data received from printer:
113254144-> <6>
113254145-> ********************** COMMAND BEGIN **********************
113254145-> data sent to printer:
113254145-> <2>V<3>
113254202-> data received from printer:
113254354-> <6>
113254392-> ********************** COMMAND BEGIN **********************
113254392-> data sent to printer:
113254393-> <2>V<161><161><161>GRACIAS POR SU COMPRA!!!<3>
113254478-> data received from printer:
113254639-> <6>
113254640-> ********************** COMMAND BEGIN **********************
113254640-> data sent to printer:
113254640-> <2>VSolo se aceptaran devoluciones<3>
113254729-> data received from printer:
113254894-> <6>
113254895-> ********************** COMMAND BEGIN **********************
113254895-> data sent to printer:
113254896-> <2>Vpor defectos de fabrica, con la<3>
113254985-> data received from printer:
113255149-> <6>
113255150-> ********************** COMMAND BEGIN **********************
113255150-> data sent to printer:
113255150-> <2>Vpresentacion de esta factura (original),<3>
113255250-> data received from printer:
113255404-> <6>
113255405-> ********************** COMMAND BEGIN **********************
113255405-> data sent to printer:
113255405-> <2>Vdentro de los treinta (30) dias<3>
113255495-> data received from printer:
113255659-> <6>
113255660-> ********************** COMMAND BEGIN **********************
113255660-> data sent to printer:
113255661-> <2>Vsiguientes a la emision de la misma.<3>
113255756-> data received from printer:
113255914-> <6>
113255915-> ********************** COMMAND BEGIN **********************
113255915-> data sent to printer:
113255916-> <2>V <3>
113255974-> data received from printer:
113256139-> <6>
113256140-> ********************** COMMAND BEGIN **********************
113256140-> data sent to printer:
113256141-> <2>V   * * * CONTRIBUYENTE FORMAL * * * <3>
113256236-> data received from printer:
113256395-> <6>
113256396-> ********************** COMMAND BEGIN **********************
113256397-> data sent to printer:
113256397-> <2>V <3>
113256455-> data received from printer:
113256606-> <6>
113256607-> ********************** COMMAND BEGIN **********************
113256607-> data sent to printer:
113256607-> <2>V          CZL-0736194-0196<3>
113256692-> data received from printer:
113256847-> <6>
113256848-> ********************** COMMAND BEGIN **********************
113256848-> data sent to printer:
113256849-> <2>V <3>
113256906-> data received from printer:
113257058-> <6>
113303661-> ********************** COMMAND BEGIN **********************
113303664-> data sent to printer:
113303666-> <2>Y0<3>
113303674-> data received from printer:
113303924-> <2>SENIAT    J-00000000000001600*0800*3100*2          Bs.0TIS0900049080120251119<3><6>
113305343-> ********************** COMMAND BEGIN **********************
113305344-> data sent to printer:
113305344-> <2>M<3>
113305349-> data received from printer:
113305508-> <21>
113403884-> OPEN PORT: COM1@9600
113404661-> ********************** COMMAND BEGIN **********************
113404661-> data sent to printer:
113404662-> <2>Y3<3>
113404670-> data received from printer:
113404843-> <2>6043*6043*904*0*<3><6>
114025726-> OPEN PORT: COM1@9600
114025792-> ********************** COMMAND BEGIN **********************
114025793-> data sent to printer:
114025793-> <2>L&2<3>
114026454-> data received from printer:
114026629-> <2>0905*6043<3><6>
114026630-> ********************** COMMAND BEGIN **********************
114026631-> data sent to printer:
114026631-> <2>VRazon Social: WILLIAM  COLMENARES<3>
114026723-> data received from printer:
114026885-> <6>
114026885-> ********************** COMMAND BEGIN **********************
114026886-> data sent to printer:
114026886-> <2>VCI/Rif: V21002617<3>
114026961-> data received from printer:
114027126-> <6>
114027127-> ********************** COMMAND BEGIN **********************
114027128-> data sent to printer:
114027128-> <2>VDatos del Documento Original:<3>
114027216-> data received from printer:
114027381-> <6>
114027400-> ********************** COMMAND BEGIN **********************
114027400-> data sent to printer:
114027400-> <2>VNumero: 0006041<3>
114027473-> data received from printer:
114027639-> <6>
114027641-> ********************** COMMAND BEGIN **********************
114027641-> data sent to printer:
114027642-> <2>VFecha: 08/01/2025<3>
114027716-> data received from printer:
114027879-> <6>
114027880-> ********************** COMMAND BEGIN **********************
114027880-> data sent to printer:
114027881-> <2>VSerial Fiscal: TIS0900049<3>
114027964-> data received from printer:
114028119-> <6>
114028120-> ********************** COMMAND BEGIN **********************
114028120-> data sent to printer:
114028121-> <2>V----------------------------------------<3>
114028220-> data received from printer:
114028375-> <6>
114028569-> ********************** COMMAND BEGIN **********************
114028570-> data sent to printer:
114028571-> <2>VC000001 VISION SENCILLA TERMINADO <3>
114028664-> data received from printer:
114028818-> <6>
114028819-> ********************** COMMAND BEGIN **********************
114028819-> data sent to printer:
114028819-> <2>R12,000xBs595,00      00001190000<3>
114028961-> data received from printer:
114029119-> <6>
114029120-> ********************** COMMAND BEGIN **********************
114029120-> data sent to printer:
114029120-> <2>VM145364 CMSLSTYL3435754BR<3>
114029204-> data received from printer:
114029360-> <6>
114029361-> ********************** COMMAND BEGIN **********************
114029361-> data sent to printer:
114029361-> <2>R11,000xBs1495,00     00001495000<3>
114029503-> data received from printer:
114029661-> <6>
114029708-> ********************** COMMAND BEGIN **********************
114029708-> data sent to printer:
114029709-> <2>O1<3>
114030215-> data received from printer:
114030367-> <6>
114030386-> ********************** COMMAND BEGIN **********************
114030386-> data sent to printer:
114030387-> <2>VMonto Disponible:  2685<3>
114030468-> data received from printer:
114030623-> <6>
114030625-> ********************** COMMAND BEGIN **********************
114030625-> data sent to printer:
114030626-> <2>Y0<3>
114030633-> data received from printer:
114030882-> <2>SENIAT    J-00000000000001600*0800*3100*2          Bs.0TIS0900049080120251127<3><6>
114050255-> ********************** COMMAND BEGIN **********************
114050257-> data sent to printer:
114050259-> <2>M<3>
114050264-> data received from printer:
114050423-> <21>
114206881-> OPEN PORT: COM1@9600
114207723-> ********************** COMMAND BEGIN **********************
114207724-> data sent to printer:
114207724-> <2>Y3<3>
114207731-> data received from printer:
114207916-> <2>6043*905*905*1*<3><6>
114501682-> OPEN PORT: COM1@9600
114501746-> ********************** COMMAND BEGIN **********************
114501746-> data sent to printer:
114501747-> <2>L&2<3>
114502407-> data received from printer:
114502570-> <2>0906*0905<3><6>
114502571-> ********************** COMMAND BEGIN **********************
114502571-> data sent to printer:
114502572-> <2>VRazon Social: WILLIAM  COLMENARES<3>
114502663-> data received from printer:
114502827-> <6>
114502828-> ********************** COMMAND BEGIN **********************
114502828-> data sent to printer:
114502829-> <2>VCI/Rif: V21002617<3>
114502904-> data received from printer:
114503068-> <6>
114503069-> ********************** COMMAND BEGIN **********************
114503069-> data sent to printer:
114503070-> <2>VDatos del Documento Original:<3>
114503157-> data received from printer:
114503323-> <6>
114503324-> ********************** COMMAND BEGIN **********************
114503324-> data sent to printer:
114503325-> <2>VNumero: 0006041<3>
114503397-> data received from printer:
114503563-> <6>
114503564-> ********************** COMMAND BEGIN **********************
114503564-> data sent to printer:
114503564-> <2>VFecha: 08/01/2025<3>
114503639-> data received from printer:
114503803-> <6>
114503804-> ********************** COMMAND BEGIN **********************
114503805-> data sent to printer:
114503805-> <2>VSerial Fiscal: TIS0900049<3>
114503888-> data received from printer:
114504044-> <6>
114504045-> ********************** COMMAND BEGIN **********************
114504045-> data sent to printer:
114504046-> <2>V----------------------------------------<3>
114504145-> data received from printer:
114504299-> <6>
114504494-> ********************** COMMAND BEGIN **********************
114504494-> data sent to printer:
114504494-> <2>VC000001 VISION SENCILLA TERMINADO <3>
114504587-> data received from printer:
114504742-> <6>
114504742-> ********************** COMMAND BEGIN **********************
114504743-> data sent to printer:
114504743-> <2>R12,000xBs595,00      00001190000<3>
114504885-> data received from printer:
114505043-> <6>
114505043-> ********************** COMMAND BEGIN **********************
114505044-> data sent to printer:
114505044-> <2>VM145364 CMSLSTYL3435754BR<3>
114505127-> data received from printer:
114505284-> <6>
114505285-> ********************** COMMAND BEGIN **********************
114505285-> data sent to printer:
114505286-> <2>R11,000xBs1495,00     00001495000<3>
114505428-> data received from printer:
114505585-> <6>
114505632-> ********************** COMMAND BEGIN **********************
114505633-> data sent to printer:
114505633-> <2>O1<3>
114506140-> data received from printer:
114506295-> <6>
114506296-> ********************** COMMAND BEGIN **********************
114506296-> data sent to printer:
114506297-> <2>VMonto Disponible:  2685<3>
114506378-> data received from printer:
114506535-> <6>
114506536-> ********************** COMMAND BEGIN **********************
114506536-> data sent to printer:
114506537-> <2>Y0<3>
114506544-> data received from printer:
114506793-> <2>SENIAT    J-00000000000001600*0800*3100*2          Bs.0TIS0900049080120251131<3><6>
114509397-> ********************** COMMAND BEGIN **********************
114509398-> data sent to printer:
114509398-> <2>M<3>
114510698-> data received from printer:
114510855-> <6>
114523542-> OPEN PORT: COM1@9600
114524093-> ********************** COMMAND BEGIN **********************
114524094-> data sent to printer:
114524095-> <2>Y3<3>
114524102-> data received from printer:
114524276-> <2>6043*905*906*1*<3><6>
