120824669-> OPEN PORT: COM1@9600
120824717-> ********************** COMMAND BEGIN **********************
120824718-> data sent to printer:
120824718-> <2>Q<3>
120824725-> data received from printer:
120824882-> <21>
120824883-> ********************** COMMAND BEGIN **********************
120824883-> data sent to printer:
120824883-> <2>M<3>
120824891-> data received from printer:
120825048-> <21>
120840953-> OPEN PORT: COM1@9600
120840993-> OPEN PORT: COM1@9600
120841005-> ********************** COMMAND BEGIN **********************
120841006-> data sent to printer:
120841006-> <2>L&1<3>
120842675-> data received from printer:
120842832-> <2>2404*2391<3><6>
120842833-> ********************** COMMAND BEGIN **********************
120842833-> data sent to printer:
120842833-> <2>VRazon Social: Carlos Magdaleno<3>
120843057-> data received from printer:
120843208-> <6>
120843208-> ********************** COMMAND BEGIN **********************
120843209-> data sent to printer:
120843209-> <2>VCI/Rif: V-18001167<3>
120843416-> data received from printer:
120843568-> <6>
120843568-> ********************** COMMAND BEGIN **********************
120843569-> data sent to printer:
120843569-> <2>V----------------------------------------<3>
120843801-> data received from printer:
120843958-> <6>
120843961-> ********************** COMMAND BEGIN **********************
120843961-> data sent to printer:
120843961-> <2>VM144321 CMCCZEGNA-300050N<3>
120844180-> data received from printer:
120844334-> <6>
120844341-> ********************** COMMAND BEGIN **********************
120844341-> data sent to printer:
120844342-> <2>N11,000xBs1955,00     00001955000<3>
120844614-> data received from printer:
120844769-> <6>
120844769-> ********************** COMMAND BEGIN **********************
120844770-> data sent to printer:
120844770-> <2>VC000003 KRIPTOK <3>
120844979-> data received from printer:
120845130-> <6>
120845131-> ********************** COMMAND BEGIN **********************
120845131-> data sent to printer:
120845131-> <2>N12,000xBs612,50      00001225000<3>
120845407-> data received from printer:
120845566-> <6>
120845641-> ********************** COMMAND BEGIN **********************
120845642-> data sent to printer:
120845642-> <2>O1<3>
120846245-> data received from printer:
120846409-> <2>318000<3><6>
120846548-> ********************** COMMAND BEGIN **********************
120846549-> data sent to printer:
120846550-> <2>P115/05/2023 EFECTIVO 000000278900<3>
120846819-> data received from printer:
120846970-> <6>
120846971-> ********************** COMMAND BEGIN **********************
120846971-> data sent to printer:
120846971-> <2>V<3>
120847198-> data received from printer:
120847361-> <6>
120847361-> ********************** COMMAND BEGIN **********************
120847361-> data sent to printer:
120847361-> <2>VNumero Orden: 9995203<3>
120847575-> data received from printer:
120847735-> <6>
120847735-> ********************** COMMAND BEGIN **********************
120847736-> data sent to printer:
120847736-> <2>V<3>
120847929-> data received from printer:
120848095-> <6>
120848403-> ********************** COMMAND BEGIN **********************
120848403-> data sent to printer:
120848404-> <2>V<161><161><161>GRACIAS POR SU COMPRA!!!<3>
120848622-> data received from printer:
120848783-> <6>
120848783-> ********************** COMMAND BEGIN **********************
120848784-> data sent to printer:
120848784-> <2>VSolo se aceptaran devoluciones<3>
120849007-> data received from printer:
120849159-> <6>
120849159-> ********************** COMMAND BEGIN **********************
120849160-> data sent to printer:
120849160-> <2>Vpor defectos de fabrica, con la<3>
120849386-> data received from printer:
120849551-> <6>
120849551-> ********************** COMMAND BEGIN **********************
120849552-> data sent to printer:
120849552-> <2>Vpresentacion de esta factura (original),<3>
120849784-> data received from printer:
120849942-> <6>
120849942-> ********************** COMMAND BEGIN **********************
120849943-> data sent to printer:
120849943-> <2>Vdentro de los treinta (30) dias<3>
120850167-> data received from printer:
120850333-> <6>
120850333-> ********************** COMMAND BEGIN **********************
120850334-> data sent to printer:
120850334-> <2>Vsiguientes a la emision de la misma.<3>
120850565-> data received from printer:
120850723-> <6>
120850723-> ********************** COMMAND BEGIN **********************
120850724-> data sent to printer:
120850724-> <2>V <3>
120850915-> data received from printer:
120851068-> <6>
120851068-> ********************** COMMAND BEGIN **********************
120851069-> data sent to printer:
120851069-> <2>V   * * * CONTRIBUYENTE FORMAL * * * <3>
120851298-> data received from printer:
120851458-> <6>
120851460-> ********************** COMMAND BEGIN **********************
120851460-> data sent to printer:
120851461-> <2>Y0<3>
120851510-> data received from printer:
120851789-> <2>SENIAT    J-316292649    1600*800*3100*2          Bs.0TIY1900001220220230648*300<3><6>
120851790-> ********************** COMMAND BEGIN **********************
120851790-> data sent to printer:
120851790-> <2>S<3>
120851798-> data received from printer:
120851954-> <21>
120851955-> ********************** COMMAND BEGIN **********************
120851955-> data sent to printer:
120851955-> <2>M<3>
120853862-> data received from printer:
120854024-> <6>
121538726-> OPEN PORT: COM1@9600
121538768-> ********************** COMMAND BEGIN **********************
121538768-> data sent to printer:
121538768-> <2>Q<3>
121538776-> data received from printer:
121538935-> <21>
121538936-> ********************** COMMAND BEGIN **********************
121538936-> data sent to printer:
121538936-> <2>M<3>
121538944-> data received from printer:
121539101-> <21>
121549083-> OPEN PORT: COM1@9600
121549123-> OPEN PORT: COM1@9600
121549125-> ********************** COMMAND BEGIN **********************
121549126-> data sent to printer:
121549126-> <2>L&1<3>
121550793-> data received from printer:
121550952-> <2>2405*2391<3><6>
121550953-> ********************** COMMAND BEGIN **********************
121550953-> data sent to printer:
121550953-> <2>VRazon Social: Carlos Magdaleno<3>
121551175-> data received from printer:
121551327-> <6>
121551327-> ********************** COMMAND BEGIN **********************
121551327-> data sent to printer:
121551328-> <2>VCI/Rif: V-18001167<3>
121551539-> data received from printer:
121551704-> <6>
121551704-> ********************** COMMAND BEGIN **********************
121551705-> data sent to printer:
121551705-> <2>V----------------------------------------<3>
121551935-> data received from printer:
121552095-> <6>
121552098-> ********************** COMMAND BEGIN **********************
121552098-> data sent to printer:
121552098-> <2>VM144321 CMCCZEGNA-300050N<3>
121552315-> data received from printer:
121552471-> <6>
121552471-> ********************** COMMAND BEGIN **********************
121552472-> data sent to printer:
121552472-> <2>N11,000xBs1955,00     00001955000<3>
121552748-> data received from printer:
121552907-> <6>
121552907-> ********************** COMMAND BEGIN **********************
121552908-> data sent to printer:
121552908-> <2>VC000003 KRIPTOK <3>
121553115-> data received from printer:
121553266-> <6>
121553266-> ********************** COMMAND BEGIN **********************
121553267-> data sent to printer:
121553267-> <2>N12,000xBs612,50      00001225000<3>
121553541-> data received from printer:
121553701-> <6>
122130342-> ********************** COMMAND BEGIN **********************
122130342-> data sent to printer:
122130343-> <2>\Descuento           000000039100000000000000000000000000000000000000<3>
122130624-> data received from printer:
122130778-> <6>
122201608-> ********************** COMMAND BEGIN **********************
122201609-> data sent to printer:
122201609-> <2>O1<3>
122202215-> data received from printer:
122202366-> <2>278900<3><6>
122202422-> ********************** COMMAND BEGIN **********************
122202422-> data sent to printer:
122202422-> <2>P115/05/2023 EFECTIVO 000000278900<3>
122202692-> data received from printer:
122202847-> <6>
122202848-> ********************** COMMAND BEGIN **********************
122202848-> data sent to printer:
122202848-> <2>V<3>
122203038-> data received from printer:
122203193-> <6>
122203193-> ********************** COMMAND BEGIN **********************
122203194-> data sent to printer:
122203194-> <2>VNumero Orden: 9995202<3>
122203408-> data received from printer:
122203568-> <6>
122203568-> ********************** COMMAND BEGIN **********************
122203569-> data sent to printer:
122203569-> <2>V<3>
122203762-> data received from printer:
122203914-> <6>
122204140-> ********************** COMMAND BEGIN **********************
122204141-> data sent to printer:
122204142-> <2>V<161><161><161>GRACIAS POR SU COMPRA!!!<3>
122204362-> data received from printer:
122204521-> <6>
122204521-> ********************** COMMAND BEGIN **********************
122204522-> data sent to printer:
122204522-> <2>VSolo se aceptaran devoluciones<3>
122204746-> data received from printer:
122204897-> <6>
122204898-> ********************** COMMAND BEGIN **********************
122204898-> data sent to printer:
122204898-> <2>Vpor defectos de fabrica, con la<3>
122205124-> data received from printer:
122205287-> <6>
122205287-> ********************** COMMAND BEGIN **********************
122205288-> data sent to printer:
122205288-> <2>Vpresentacion de esta factura (original),<3>
122205520-> data received from printer:
122205677-> <6>
122205677-> ********************** COMMAND BEGIN **********************
122205678-> data sent to printer:
122205678-> <2>Vdentro de los treinta (30) dias<3>
122205940-> data received from printer:
122206098-> <6>
122206099-> ********************** COMMAND BEGIN **********************
122206100-> data sent to printer:
122206100-> <2>Vsiguientes a la emision de la misma.<3>
122206328-> data received from printer:
122206489-> <6>
122206489-> ********************** COMMAND BEGIN **********************
122206490-> data sent to printer:
122206490-> <2>V <3>
122206682-> data received from printer:
122206835-> <6>
122206836-> ********************** COMMAND BEGIN **********************
122206836-> data sent to printer:
122206836-> <2>V   * * * CONTRIBUYENTE FORMAL * * * <3>
122207068-> data received from printer:
122207225-> <6>
122207226-> ********************** COMMAND BEGIN **********************
122207226-> data sent to printer:
122207227-> <2>Y0<3>
122207276-> data received from printer:
122207555-> <2>SENIAT    J-316292649    1600*800*3100*2          Bs.0TIY1900001220220230702*300<3><6>
122207556-> ********************** COMMAND BEGIN **********************
122207556-> data sent to printer:
122207556-> <2>S<3>
122207564-> data received from printer:
122207720-> <21>
122207721-> ********************** COMMAND BEGIN **********************
122207721-> data sent to printer:
122207721-> <2>M<3>
122208999-> data received from printer:
122209161-> <6>
131059470-> OPEN PORT: COM1@9600
131059512-> ********************** COMMAND BEGIN **********************
131059512-> data sent to printer:
131059512-> <2>Q<3>
131059520-> data received from printer:
131059680-> <21>
131059681-> ********************** COMMAND BEGIN **********************
131059681-> data sent to printer:
131059681-> <2>M<3>
131059689-> data received from printer:
131059845-> <21>
131106002-> OPEN PORT: COM1@9600
131106044-> OPEN PORT: COM1@9600
131106047-> ********************** COMMAND BEGIN **********************
131106048-> data sent to printer:
131106048-> <2>L&1<3>
131108345-> data received from printer:
131108500-> <2>2406*2391<3><6>
131108501-> ********************** COMMAND BEGIN **********************
131108501-> data sent to printer:
131108501-> <2>VRazon Social: Carlos Magdaleno<3>
131108725-> data received from printer:
131108876-> <6>
131108876-> ********************** COMMAND BEGIN **********************
131108877-> data sent to printer:
131108877-> <2>VCI/Rif: V-18001167<3>
131109085-> data received from printer:
131109236-> <6>
131109236-> ********************** COMMAND BEGIN **********************
131109237-> data sent to printer:
131109237-> <2>V----------------------------------------<3>
131109507-> data received from printer:
131109671-> <6>
131109673-> ********************** COMMAND BEGIN **********************
131109674-> data sent to printer:
131109674-> <2>VM144321 CMCCZEGNA-300050N<3>
131109889-> data received from printer:
131110046-> <6>
131110046-> ********************** COMMAND BEGIN **********************
131110047-> data sent to printer:
131110047-> <2>N11,000xBs1955,00     00001955000<3>
131110321-> data received from printer:
131110481-> <6>
131110481-> ********************** COMMAND BEGIN **********************
131110482-> data sent to printer:
131110482-> <2>VC000003 KRIPTOK <3>
131110693-> data received from printer:
131110858-> <6>
131110858-> ********************** COMMAND BEGIN **********************
131110859-> data sent to printer:
131110859-> <2>N12,000xBs612,50      00001225000<3>
131111131-> data received from printer:
131111293-> <6>
131234033-> ********************** COMMAND BEGIN **********************
131234034-> data sent to printer:
131234035-> <2>\Descuento           000000039100000000000000000000000000000000000000<3>
131234282-> data received from printer:
131234440-> <6>
131243386-> ********************** COMMAND BEGIN **********************
131243386-> data sent to printer:
131243387-> <2>O1<3>
131243995-> data received from printer:
131244148-> <2>278900<3><6>
131339683-> ********************** COMMAND BEGIN **********************
131339683-> data sent to printer:
131339683-> <2>P115/05/2023 EFECTIVO 000000278900<3>
131339950-> data received from printer:
131340107-> <6>
131357196-> ********************** COMMAND BEGIN **********************
131357197-> data sent to printer:
131357197-> <2>V<3>
131357390-> data received from printer:
131357542-> <6>
131357543-> ********************** COMMAND BEGIN **********************
131357543-> data sent to printer:
131357543-> <2>VNumero Orden: 9995201<3>
131357793-> data received from printer:
131357947-> <6>
131357947-> ********************** COMMAND BEGIN **********************
131357948-> data sent to printer:
131357948-> <2>V<3>
131358140-> data received from printer:
131358292-> <6>
131358298-> ********************** COMMAND BEGIN **********************
131358298-> data sent to printer:
131358299-> <2>V<161><161><161>GRACIAS POR SU COMPRA!!!<3>
131358521-> data received from printer:
131358683-> <6>
131358683-> ********************** COMMAND BEGIN **********************
131358684-> data sent to printer:
131358684-> <2>VSolo se aceptaran devoluciones<3>
131358906-> data received from printer:
131359058-> <6>
131359058-> ********************** COMMAND BEGIN **********************
131359059-> data sent to printer:
131359059-> <2>Vpor defectos de fabrica, con la<3>
131359284-> data received from printer:
131359448-> <6>
131359448-> ********************** COMMAND BEGIN **********************
131359449-> data sent to printer:
131359449-> <2>Vpresentacion de esta factura (original),<3>
131359685-> data received from printer:
131359839-> <6>
131359839-> ********************** COMMAND BEGIN **********************
131359840-> data sent to printer:
131359840-> <2>Vdentro de los treinta (30) dias<3>
131400063-> data received from printer:
131400215-> <6>
131400215-> ********************** COMMAND BEGIN **********************
131400216-> data sent to printer:
131400216-> <2>Vsiguientes a la emision de la misma.<3>
131400446-> data received from printer:
131400605-> <6>
131400605-> ********************** COMMAND BEGIN **********************
131400606-> data sent to printer:
131400606-> <2>V <3>
131400801-> data received from printer:
131400966-> <6>
131400966-> ********************** COMMAND BEGIN **********************
131400967-> data sent to printer:
131400967-> <2>V   * * * CONTRIBUYENTE FORMAL * * * <3>
131401195-> data received from printer:
131401357-> <6>
131401358-> ********************** COMMAND BEGIN **********************
131401359-> data sent to printer:
131401359-> <2>Y0<3>
131401408-> data received from printer:
131401690-> <2>SENIAT    J-316292649    1600*800*3100*2          Bs.0TIY1900001220220230754*300<3><6>
131401698-> ********************** COMMAND BEGIN **********************
131401698-> data sent to printer:
131401699-> <2>S<3>
131401706-> data received from printer:
131401870-> <21>
131401871-> ********************** COMMAND BEGIN **********************
131401871-> data sent to printer:
131401871-> <2>M<3>
131403188-> data received from printer:
131403340-> <6>
132203067-> OPEN PORT: COM1@9600
132203109-> ********************** COMMAND BEGIN **********************
132203109-> data sent to printer:
132203109-> <2>L&2<3>
132204776-> data received from printer:
132204941-> <2>147*110<3><6>
132204942-> ********************** COMMAND BEGIN **********************
132204942-> data sent to printer:
132204943-> <2>VRazon Social: CARLOS MAGDALENO<3>
132205164-> data received from printer:
132205317-> <6>
132205317-> ********************** COMMAND BEGIN **********************
132205318-> data sent to printer:
132205318-> <2>VCI/Rif: V18001167<3>
132205529-> data received from printer:
132205692-> <6>
132205692-> ********************** COMMAND BEGIN **********************
132205693-> data sent to printer:
132205693-> <2>VDatos del Documento Original:<3>
132205912-> data received from printer:
132206067-> <6>
132206067-> ********************** COMMAND BEGIN **********************
132206068-> data sent to printer:
132206068-> <2>VNumero: 0002404<3>
132206274-> data received from printer:
132206427-> <6>
132206427-> ********************** COMMAND BEGIN **********************
132206428-> data sent to printer:
132206428-> <2>VFecha: 06/06/2023<3>
132206638-> data received from printer:
132206802-> <6>
132206802-> ********************** COMMAND BEGIN **********************
132206803-> data sent to printer:
132206803-> <2>VSerial Fiscal: TIY1900001<3>
132207018-> data received from printer:
132207177-> <6>
132207177-> ********************** COMMAND BEGIN **********************
132207178-> data sent to printer:
132207178-> <2>V----------------------------------------<3>
132207410-> data received from printer:
132207568-> <6>
132207708-> ********************** COMMAND BEGIN **********************
132207709-> data sent to printer:
132207710-> <2>VC000003 KRIPTOK <3>
132207920-> data received from printer:
132208084-> <6>
132208084-> ********************** COMMAND BEGIN **********************
132208085-> data sent to printer:
132208085-> <2>R12,000xBs612,50      00001225000<3>
132208357-> data received from printer:
132208520-> <6>
132208520-> ********************** COMMAND BEGIN **********************
132208521-> data sent to printer:
132208521-> <2>VM144321 CMCCZEGNA-300050N<3>
132208777-> data received from printer:
132208940-> <6>
132208940-> ********************** COMMAND BEGIN **********************
132208941-> data sent to printer:
132208941-> <2>R11,000xBs1955,00     00001955000<3>
132209213-> data received from printer:
132209377-> <6>
132209441-> ********************** COMMAND BEGIN **********************
132209442-> data sent to printer:
132209443-> <2>\Descuento           000000039100000000000000000000000000000000000000<3>
132209690-> data received from printer:
132209849-> <6>
132209850-> ********************** COMMAND BEGIN **********************
132209850-> data sent to printer:
132209851-> <2>O1<3>
132210458-> data received from printer:
132210614-> <2>278900<3><6>
132210615-> ********************** COMMAND BEGIN **********************
132210615-> data sent to printer:
132210615-> <2>VMonto Disponible:  3180<3>
132210830-> data received from printer:
132210989-> <6>
132210990-> ********************** COMMAND BEGIN **********************
132210991-> data sent to printer:
132210991-> <2>Y0<3>
132211040-> data received from printer:
132211321-> <2>SENIAT    J-316292649    1600*800*3100*2          Bs.0TIY1900001220220230802*300<3><6>
132211322-> ********************** COMMAND BEGIN **********************
132211322-> data sent to printer:
132211322-> <2>S<3>
132211330-> data received from printer:
132211487-> <21>
132211488-> ********************** COMMAND BEGIN **********************
132211488-> data sent to printer:
132211488-> <2>M<3>
132212802-> data received from printer:
132212957-> <6>
