115458034-> OPEN PORT: COM1@9600
115458099-> ********************** COMMAND BEGIN **********************
115458099-> data sent to printer:
115458100-> <2>Q<3>
115458107-> data received from printer:
115458265-> <21>
115458266-> ********************** COMMAND BEGIN **********************
115458266-> data sent to printer:
115458266-> <2>M<3>
115458274-> data received from printer:
115458430-> <21>
115901820-> OPEN PORT: COM1@9600
115901862-> ********************** COMMAND BEGIN **********************
115901863-> data sent to printer:
115901863-> <2>Q<3>
115901871-> data received from printer:
115902024-> <21>
115902025-> ********************** COMMAND BEGIN **********************
115902025-> data sent to printer:
115902026-> <2>M<3>
115902033-> data received from printer:
115902190-> <21>
120015118-> OPEN PORT: COM1@9600
120015162-> ********************** COMMAND BEGIN **********************
120015162-> data sent to printer:
120015163-> <2>Q<3>
120015171-> data received from printer:
120015326-> <21>
120015326-> ********************** COMMAND BEGIN **********************
120015327-> data sent to printer:
120015327-> <2>M<3>
120015335-> data received from printer:
120015492-> <21>
121136280-> OPEN PORT: COM1@9600
121136321-> ********************** COMMAND BEGIN **********************
121136321-> data sent to printer:
121136321-> <2>Q<3>
121136329-> data received from printer:
121136482-> <21>
121136483-> ********************** COMMAND BEGIN **********************
121136483-> data sent to printer:
121136483-> <2>M<3>
121136491-> data received from printer:
121136648-> <21>
123621822-> OPEN PORT: COM1@9600
123621862-> ********************** COMMAND BEGIN **********************
123621863-> data sent to printer:
123621863-> <2>Q<3>
123621870-> data received from printer:
123622025-> <21>
123622026-> ********************** COMMAND BEGIN **********************
123622026-> data sent to printer:
123622027-> <2>M<3>
123622034-> data received from printer:
123622191-> <21>
125753487-> OPEN PORT: COM1@9600
125912062-> OPEN PORT: COM1@9600
125912102-> ********************** COMMAND BEGIN **********************
125912102-> data sent to printer:
125912103-> <2>Q<3>
125912110-> data received from printer:
125912267-> <21>
125912268-> ********************** COMMAND BEGIN **********************
125912268-> data sent to printer:
125912269-> <2>M<3>
125912276-> data received from printer:
125912432-> <21>
125934097-> OPEN PORT: COM1@9600
125934137-> OPEN PORT: COM1@9600
125934149-> ********************** COMMAND BEGIN **********************
125934149-> data sent to printer:
125934150-> <2>L&1<3>
125935819-> data received from printer:
125935978-> <2>2489*2484<3><6>
125935990-> ********************** COMMAND BEGIN **********************
125935991-> data sent to printer:
125935991-> <2>VRazon Social: Flabia Obando<3>
125936212-> data received from printer:
125936368-> <6>
125936368-> ********************** COMMAND BEGIN **********************
125936369-> data sent to printer:
125936369-> <2>VCI/Rif: V-5754075<3>
125936576-> data received from printer:
125936729-> <6>
125936730-> ********************** COMMAND BEGIN **********************
125936731-> data sent to printer:
125936731-> <2>V----------------------------------------<3>
125937001-> data received from printer:
125937164-> <6>
125937176-> ********************** COMMAND BEGIN **********************
125937176-> data sent to printer:
125937177-> <2>VM170145 DMSLROUG814355VI<3>
125937391-> data received from printer:
125937555-> <6>
125937556-> ********************** COMMAND BEGIN **********************
125937556-> data sent to printer:
125937557-> <2>N11,000xBs1337,57     00001337571<3>
125937838-> data received from printer:
125937991-> <6>
125937992-> ********************** COMMAND BEGIN **********************
125937992-> data sent to printer:
125937992-> <2>VC000003 KRIPTOK <3>
125938203-> data received from printer:
125938368-> <6>
125938369-> ********************** COMMAND BEGIN **********************
125938369-> data sent to printer:
125938370-> <2>N12,000xBs683,02      00001366040<3>
125938645-> data received from printer:
125938803-> <6>
125938804-> ********************** COMMAND BEGIN **********************
125938804-> data sent to printer:
125938805-> <2>VA000004 GARANTIA EXTENDIDA<3>
125939024-> data received from printer:
125939178-> <6>
125939178-> ********************** COMMAND BEGIN **********************
125939179-> data sent to printer:
125939179-> <2>N11,000xBs204,90      00000204901<3>
125939461-> data received from printer:
125939614-> <6>
125939970-> ********************** COMMAND BEGIN **********************
125939971-> data sent to printer:
125939972-> <2>\Descuento           000000040981000000040127000000000000000000000000<3>
125940232-> data received from printer:
125940390-> <6>
125940391-> ********************** COMMAND BEGIN **********************
125940392-> data sent to printer:
125940392-> <2>OT228002<0><0><0><0><0><128><223><149><3>
125941661-> data received from printer:
125941815-> <2>234842<3><6>
125941911-> ********************** COMMAND BEGIN **********************
125941913-> data sent to printer:
125941915-> <2>P1DIVISAS             000000228002<3>
125942187-> data received from printer:
125942343-> <6>
125942344-> ********************** COMMAND BEGIN **********************
125942344-> data sent to printer:
125942345-> <2>V<3>
125942536-> data received from printer:
125942689-> <6>
125942689-> ********************** COMMAND BEGIN **********************
125942690-> data sent to printer:
125942690-> <2>VNumero Orden: 0069203<3>
125942905-> data received from printer:
125943064-> <6>
125943065-> ********************** COMMAND BEGIN **********************
125943065-> data sent to printer:
125943065-> <2>V<3>
125943260-> data received from printer:
125943424-> <6>
125943537-> ********************** COMMAND BEGIN **********************
125943539-> data sent to printer:
125943541-> <2>V*Contrato de Garantia Extendida para<3>
125943770-> data received from printer:
125943922-> <6>
125943923-> ********************** COMMAND BEGIN **********************
125943923-> data sent to printer:
125943923-> <2>V      Cristales Formulados:<3>
125944144-> data received from printer:
125944297-> <6>
125944297-> ********************** COMMAND BEGIN **********************
125944298-> data sent to printer:
125944298-> <2>V <3>
125944494-> data received from printer:
125944657-> <6>
125944658-> ********************** COMMAND BEGIN **********************
125944658-> data sent to printer:
125944659-> <2>VOD: ESF 3,25 EJE 0 CIL 0,00 ADD 3,00<3>
125944887-> data received from printer:
125945048-> <6>
125945049-> ********************** COMMAND BEGIN **********************
125945049-> data sent to printer:
125945049-> <2>VOI: ESF 3,25 EJE 0 CIL 0,00 ADD 3,00<3>
125945317-> data received from printer:
125945469-> <6>
125945470-> ********************** COMMAND BEGIN **********************
125945470-> data sent to printer:
125945470-> <2>V <3>
125945662-> data received from printer:
125945815-> <6>
125945816-> ********************** COMMAND BEGIN **********************
125945816-> data sent to printer:
125945817-> <2>VCondiciones legales en el Contrato<3>
125946044-> data received from printer:
125946207-> <6>
125946208-> ********************** COMMAND BEGIN **********************
125946208-> data sent to printer:
125946208-> <2>VSuscrito.<3>
125946412-> data received from printer:
125946568-> <6>
125946568-> ********************** COMMAND BEGIN **********************
125946569-> data sent to printer:
125946569-> <2>V <3>
125946761-> data received from printer:
125946914-> <6>
125947075-> ********************** COMMAND BEGIN **********************
125947077-> data sent to printer:
125947078-> <2>V<161><161><161>GRACIAS POR SU COMPRA!!!<3>
125947300-> data received from printer:
125947461-> <6>
125947462-> ********************** COMMAND BEGIN **********************
125947462-> data sent to printer:
125947462-> <2>VSolo se aceptaran devoluciones<3>
125947688-> data received from printer:
125947851-> <6>
125947852-> ********************** COMMAND BEGIN **********************
125947852-> data sent to printer:
125947852-> <2>Vpor defectos de fabrica, con la<3>
125948075-> data received from printer:
125948226-> <6>
125948227-> ********************** COMMAND BEGIN **********************
125948227-> data sent to printer:
125948228-> <2>Vpresentacion de esta factura (original),<3>
125948462-> data received from printer:
125948617-> <6>
125948618-> ********************** COMMAND BEGIN **********************
125948618-> data sent to printer:
125948619-> <2>Vdentro de los treinta (30) dias<3>
125948845-> data received from printer:
125949009-> <6>
125949010-> ********************** COMMAND BEGIN **********************
125949010-> data sent to printer:
125949010-> <2>Vsiguientes a la emision de la misma.<3>
125949238-> data received from printer:
125949399-> <6>
125949401-> ********************** COMMAND BEGIN **********************
125949401-> data sent to printer:
125949401-> <2>Y0<3>
125949451-> data received from printer:
125949732-> <2>SENIAT    J-316292649    1600*800*3100*2          Bs.0TIY1900001050420230739*300<3><6>
125949734-> ********************** COMMAND BEGIN **********************
125949734-> data sent to printer:
125949734-> <2>S<3>
125949742-> data received from printer:
125949897-> <21>
125949898-> ********************** COMMAND BEGIN **********************
125949898-> data sent to printer:
125949898-> <2>M<3>
125951293-> data received from printer:
125951458-> <6>
