090907114-> OPEN PORT: COM1@9600
090907184-> ********************** COMMAND BEGIN **********************
090907184-> data sent to printer:
090907185-> <2>e<3>
090907190-> data received from printer:
090907344-> <21>
090907345-> ********************** COMMAND BEGIN **********************
090907345-> data sent to printer:
090907345-> <2>Q<3>
090907350-> data received from printer:
090907509-> <21>
090907510-> ********************** COMMAND BEGIN **********************
090907510-> data sent to printer:
090907511-> <2>M<3>
090907515-> data received from printer:
090907674-> <21>
090907734-> OPEN PORT: COM1@9600
090907802-> ********************** COMMAND BEGIN **********************
090907802-> data sent to printer:
090907803-> <2>e<3>
090907807-> data received from printer:
090907962-> <21>
090907963-> ********************** COMMAND BEGIN **********************
090907963-> data sent to printer:
090907963-> <2>Q<3>
090907968-> data received from printer:
090908127-> <21>
090908128-> ********************** COMMAND BEGIN **********************
090908128-> data sent to printer:
090908128-> <2>M<3>
090908133-> data received from printer:
090908293-> <21>
090930147-> OPEN PORT: COM1@9600
090930214-> ********************** COMMAND BEGIN **********************
090930214-> data sent to printer:
090930215-> <2>e<3>
090930219-> data received from printer:
090930376-> <21>
090930377-> ********************** COMMAND BEGIN **********************
090930377-> data sent to printer:
090930378-> <2>Q<3>
090930382-> data received from printer:
090930541-> <21>
090930541-> ********************** COMMAND BEGIN **********************
090930542-> data sent to printer:
090930542-> <2>M<3>
090930547-> data received from printer:
090930706-> <21>
090939618-> OPEN PORT: COM1@9600
090939685-> ********************** COMMAND BEGIN **********************
090939686-> data sent to printer:
090939687-> <2>e<3>
090939692-> data received from printer:
090939850-> <21>
090939851-> ********************** COMMAND BEGIN **********************
090939851-> data sent to printer:
090939851-> <2>Q<3>
090939856-> data received from printer:
090940015-> <21>
090940016-> ********************** COMMAND BEGIN **********************
090940016-> data sent to printer:
090940016-> <2>M<3>
090940021-> data received from printer:
090940181-> <21>
090944665-> OPEN PORT: COM1@9600
090944734-> ********************** COMMAND BEGIN **********************
090944734-> data sent to printer:
090944734-> <2>e<3>
090944739-> data received from printer:
090944896-> <21>
090944896-> ********************** COMMAND BEGIN **********************
090944897-> data sent to printer:
090944897-> <2>Q<3>
090944902-> data received from printer:
090945061-> <21>
090945062-> ********************** COMMAND BEGIN **********************
090945062-> data sent to printer:
090945063-> <2>M<3>
090945067-> data received from printer:
090945226-> <21>
090946262-> OPEN PORT: COM1@9600
090946329-> ********************** COMMAND BEGIN **********************
090946329-> data sent to printer:
090946329-> <2>e<3>
090946334-> data received from printer:
090946486-> <21>
090946486-> ********************** COMMAND BEGIN **********************
090946487-> data sent to printer:
090946487-> <2>Q<3>
090946492-> data received from printer:
090946651-> <21>
090946652-> ********************** COMMAND BEGIN **********************
090946652-> data sent to printer:
090946652-> <2>M<3>
090946657-> data received from printer:
090946815-> <21>
090947261-> OPEN PORT: COM1@9600
090947328-> OPEN PORT: COM1@9600
090947330-> ********************** COMMAND BEGIN **********************
090947330-> data sent to printer:
090947331-> <2>L&1<3>
090947991-> data received from printer:
090948161-> <2>6232*6229<3><6>
090948162-> ********************** COMMAND BEGIN **********************
090948163-> data sent to printer:
090948163-> <2>VRazon Social: TERESA PEREZ<3>
090948247-> data received from printer:
090948401-> <6>
090948401-> ********************** COMMAND BEGIN **********************
090948402-> data sent to printer:
090948402-> <2>VCI/Rif: V-12752325<3>
090948478-> data received from printer:
090948640-> <6>
090948642-> ********************** COMMAND BEGIN **********************
090948642-> data sent to printer:
090948642-> <2>V----------------------------------------<3>
090948742-> data received from printer:
090948895-> <6>
090948897-> ********************** COMMAND BEGIN **********************
090948898-> data sent to printer:
090948898-> <2>Y0<3>
090948906-> data received from printer:
090949166-> <2>SENIAT    J-00000000000001600*0800*3100*2          Bs.0TIS0900049050520250903<3><6>
090949170-> ********************** COMMAND BEGIN **********************
090949170-> data sent to printer:
090949171-> <2>VM181368 DMCCROUGZH330253OR<3>
090949255-> data received from printer:
090949420-> <6>
090949421-> ********************** COMMAND BEGIN **********************
090949421-> data sent to printer:
090949421-> <2>N11,000xBs525,29      00000525291<3>
090949564-> data received from printer:
090949720-> <6>
090949721-> ********************** COMMAND BEGIN **********************
090949721-> data sent to printer:
090949721-> <2>VC300588 Prog RLX FIT  1.56 ChromActive C<3>
090949820-> data received from printer:
090949974-> <6>
090949974-> ********************** COMMAND BEGIN **********************
090949975-> data sent to printer:
090949975-> <2>VleAR *<3>
090950038-> data received from printer:
090950198-> <6>
090950198-> ********************** COMMAND BEGIN **********************
090950199-> data sent to printer:
090950199-> <2>N12,000xBs0,00        00000000000<3>
090950341-> data received from printer:
090950498-> <6>
090950659-> ********************** COMMAND BEGIN **********************
090950660-> data sent to printer:
090950660-> <2>O1<3>
090951208-> data received from printer:
090951369-> <2>060934<3><6>
090951427-> ********************** COMMAND BEGIN **********************
090951427-> data sent to printer:
090951428-> <2>P102/05/2025 TRANSFERE000000060934<3>
090951622-> data received from printer:
090951774-> <6>
090958304-> ********************** COMMAND BEGIN **********************
090958304-> data sent to printer:
090958305-> <2>Y0<3>
090958313-> data received from printer:
090958572-> <2>SENIAT    J-00000000000001600*0800*3100*2          Bs.0TIS0900049050520250903<3><6>
091000811-> ********************** COMMAND BEGIN **********************
091000811-> data sent to printer:
091000811-> <2>V<3>
091000868-> data received from printer:
091001031-> <6>
091002402-> ********************** COMMAND BEGIN **********************
091002402-> data sent to printer:
091002403-> <2>VNumero Orden: 0035308<3>
091002482-> data received from printer:
091002634-> <6>
091004311-> ********************** COMMAND BEGIN **********************
091004312-> data sent to printer:
091004312-> <2>V<3>
091004369-> data received from printer:
091004530-> <6>
091008069-> ********************** COMMAND BEGIN **********************
091008070-> data sent to printer:
091008070-> <2>M<3>
091009368-> data received from printer:
091009522-> <6>
091042436-> OPEN PORT: COM1@9600
091042505-> ********************** COMMAND BEGIN **********************
091042505-> data sent to printer:
091042505-> <2>Y3<3>
091042513-> data received from printer:
091042694-> <2>6232*6229*16712591*0*<3><6>
