142748463-> OPEN PORT: COM1@9600
142748548-> ********************** COMMAND BEGIN **********************
142748549-> data sent to printer:
142748549-> <2>Q<3>
142748557-> data received from printer:
142748722-> <21>
142748723-> ********************** COMMAND BEGIN **********************
142748724-> data sent to printer:
142748724-> <2>M<3>
142748732-> data received from printer:
142748887-> <21>
142752919-> OPEN PORT: COM1@9600
142752962-> OPEN PORT: COM1@9600
142752983-> ********************** COMMAND BEGIN **********************
142752983-> data sent to printer:
142752984-> <2>L&1<3>
142754653-> data received from printer:
142754813-> <2>2563*2540<3><6>
142754814-> ********************** COMMAND BEGIN **********************
142754814-> data sent to printer:
142754815-> <2>VRazon Social: Gabriela Fernandez<3>
142755041-> data received from printer:
142755203-> <6>
142755203-> ********************** COMMAND BEGIN **********************
142755204-> data sent to printer:
142755204-> <2>VCI/Rif: V-15920433<3>
142755412-> data received from printer:
142755563-> <6>
142755574-> ********************** COMMAND BEGIN **********************
142755575-> data sent to printer:
142755575-> <2>V----------------------------------------<3>
142755808-> data received from printer:
142755969-> <6>
142756049-> ********************** COMMAND BEGIN **********************
142756049-> data sent to printer:
142756050-> <2>VM177471 DPCOACQUZW215652MJ<3>
142756270-> data received from printer:
142756421-> <6>
142756434-> ********************** COMMAND BEGIN **********************
142756435-> data sent to printer:
142756435-> <2>N11,000xBs1429,26     00001429261<3>
142756749-> data received from printer:
142756901-> <6>
142756902-> ********************** COMMAND BEGIN **********************
142756902-> data sent to printer:
142756903-> <2>VC000019 VISION SENCILLA ANTIREFLEJO TERM<3>
142757139-> data received from printer:
142757291-> <6>
142757293-> ********************** COMMAND BEGIN **********************
142757293-> data sent to printer:
142757294-> <2>V <3>
142757486-> data received from printer:
142757637-> <6>
142757637-> ********************** COMMAND BEGIN **********************
142757638-> data sent to printer:
142757638-> <2>N12,000xBs470,61      00000941220<3>
142757916-> data received from printer:
142758072-> <6>
142758073-> ********************** COMMAND BEGIN **********************
142758073-> data sent to printer:
142758073-> <2>VA000004 GARANTIA EXTENDIDA<3>
142758294-> data received from printer:
142758447-> <6>
142758447-> ********************** COMMAND BEGIN **********************
142758447-> data sent to printer:
142758447-> <2>N11,000xBs141,18      00000141181<3>
142758726-> data received from printer:
142758882-> <6>
142759226-> ********************** COMMAND BEGIN **********************
142759228-> data sent to printer:
142759229-> <2>O1<3>
142800358-> data received from printer:
142800510-> <2>276293<3><6>
142800581-> ********************** COMMAND BEGIN **********************
142800582-> data sent to printer:
142800583-> <2>P109/10/2023 EFECTIVO 000000276293<3>
142800852-> data received from printer:
142801007-> <6>
142801008-> ********************** COMMAND BEGIN **********************
142801008-> data sent to printer:
142801009-> <2>V<3>
142801203-> data received from printer:
142801367-> <6>
142801368-> ********************** COMMAND BEGIN **********************
142801368-> data sent to printer:
142801369-> <2>VNumero Orden: 0069480<3>
142801581-> data received from printer:
142801742-> <6>
142801742-> ********************** COMMAND BEGIN **********************
142801743-> data sent to printer:
142801743-> <2>V<3>
142801936-> data received from printer:
142802087-> <6>
142802146-> ********************** COMMAND BEGIN **********************
142802147-> data sent to printer:
142802148-> <2>V*Contrato de Garantia Extendida para<3>
142802380-> data received from printer:
142802538-> <6>
142802539-> ********************** COMMAND BEGIN **********************
142802539-> data sent to printer:
142802539-> <2>V      Cristales Formulados:<3>
142802758-> data received from printer:
142802913-> <6>
142802913-> ********************** COMMAND BEGIN **********************
142802914-> data sent to printer:
142802914-> <2>V <3>
142803108-> data received from printer:
142803258-> <6>
142803259-> ********************** COMMAND BEGIN **********************
142803259-> data sent to printer:
142803259-> <2>VOD: ESF -0,75 EJE 0 CIL 0,00 ADD 0,00<3>
142803492-> data received from printer:
142803649-> <6>
142803649-> ********************** COMMAND BEGIN **********************
142803650-> data sent to printer:
142803650-> <2>VOI: ESF -1,00 EJE 50 CIL -0,50 ADD 0,00<3>
142803881-> data received from printer:
142804040-> <6>
142804041-> ********************** COMMAND BEGIN **********************
142804041-> data sent to printer:
142804041-> <2>V <3>
142804235-> data received from printer:
142804386-> <6>
142804386-> ********************** COMMAND BEGIN **********************
142804387-> data sent to printer:
142804387-> <2>VCondiciones legales en el Contrato<3>
142804617-> data received from printer:
142804777-> <6>
142804777-> ********************** COMMAND BEGIN **********************
142804778-> data sent to printer:
142804778-> <2>VSuscrito.<3>
142805014-> data received from printer:
142805168-> <6>
142805169-> ********************** COMMAND BEGIN **********************
142805169-> data sent to printer:
142805169-> <2>V <3>
142805364-> data received from printer:
142805529-> <6>
142805540-> ********************** COMMAND BEGIN **********************
142805541-> data sent to printer:
142805541-> <2>V<161><161><161>GRACIAS POR SU COMPRA!!!<3>
142805760-> data received from printer:
142805920-> <6>
142805920-> ********************** COMMAND BEGIN **********************
142805921-> data sent to printer:
142805921-> <2>VSolo se aceptaran devoluciones<3>
142806145-> data received from printer:
142806310-> <6>
142806311-> ********************** COMMAND BEGIN **********************
142806311-> data sent to printer:
142806311-> <2>Vpor defectos de fabrica, con la<3>
142806538-> data received from printer:
142806700-> <6>
142806700-> ********************** COMMAND BEGIN **********************
142806701-> data sent to printer:
142806701-> <2>Vpresentacion de esta factura (original),<3>
142806933-> data received from printer:
142807090-> <6>
142807091-> ********************** COMMAND BEGIN **********************
142807091-> data sent to printer:
142807091-> <2>Vdentro de los treinta (30) dias<3>
142807316-> data received from printer:
142807481-> <6>
142807482-> ********************** COMMAND BEGIN **********************
142807482-> data sent to printer:
142807483-> <2>Vsiguientes a la emision de la misma.<3>
142807715-> data received from printer:
142807871-> <6>
142807885-> ********************** COMMAND BEGIN **********************
142807885-> data sent to printer:
142807885-> <2>Y0<3>
142807934-> data received from printer:
142808215-> <2>SENIAT    J-316292649    1600*800*3100*2          Bs.0TIY1900001270620230905*300<3><6>
142808216-> ********************** COMMAND BEGIN **********************
142808216-> data sent to printer:
142808217-> <2>S<3>
142808224-> data received from printer:
142808381-> <21>
142808382-> ********************** COMMAND BEGIN **********************
142808382-> data sent to printer:
142808382-> <2>M<3>
142809701-> data received from printer:
142809852-> <6>
