132914390-> OPEN PORT: COM1@9600
132916906-> OPEN PORT: COM1@9600
132918039-> ********************** COMMAND BEGIN **********************
132918039-> data sent to printer:
132918040-> <2>L&1<3>
132919710-> data received from printer:
132919875-> <2>2191*2190<3><6>
132919876-> ********************** COMMAND BEGIN **********************
132919876-> data sent to printer:
132919876-> <2>VRazon Social: MARIA PENA<3>
132920092-> data received from printer:
132920250-> <6>
132920250-> ********************** COMMAND BEGIN **********************
132920251-> data sent to printer:
132920251-> <2>VCI/Rif: V-18001525<3>
132920463-> data received from printer:
132920627-> <6>
132920627-> ********************** COMMAND BEGIN **********************
132920628-> data sent to printer:
132920628-> <2>V----------------------------------------<3>
132920858-> data received from printer:
132921017-> <6>
132927486-> ********************** COMMAND BEGIN **********************
132927487-> data sent to printer:
132927487-> <2>VL068362 UMCPRB3025-S58O<3>
132927702-> data received from printer:
132927867-> <6>
132927867-> ********************** COMMAND BEGIN **********************
132927868-> data sent to printer:
132927868-> <2>N11,000xBs2978,50     00002978501<3>
132928151-> data received from printer:
132928303-> <6>
142723916-> ********************** COMMAND BEGIN **********************
142723929-> data sent to printer:
142723930-> <2>OT345506<0><0><0><0><0><128><250>h<3>
142725077-> data received from printer:
142725237-> <2>355871<3><6>
150207423-> ********************** COMMAND BEGIN **********************
150207426-> data sent to printer:
150207427-> <2>Q<3>
150207792-> data received from printer:
150207952-> <6>
150259742-> OPEN PORT: COM1@9600
150532585-> OPEN PORT: COM1@9600
150536778-> OPEN PORT: COM1@9600
150540908-> ********************** COMMAND BEGIN **********************
150540908-> data sent to printer:
150540908-> <2>L&1<3>
150542580-> data received from printer:
150542734-> <2>2192*2191<3><6>
150542734-> ********************** COMMAND BEGIN **********************
150542735-> data sent to printer:
150542735-> <2>VRazon Social: MARIA PENA<3>
150542950-> data received from printer:
150543109-> <6>
150543109-> ********************** COMMAND BEGIN **********************
150543110-> data sent to printer:
150543110-> <2>VCI/Rif: V-18001525<3>
150543321-> data received from printer:
150543484-> <6>
150543484-> ********************** COMMAND BEGIN **********************
150543485-> data sent to printer:
150543485-> <2>V----------------------------------------<3>
150543716-> data received from printer:
150543875-> <6>
150551271-> ********************** COMMAND BEGIN **********************
150551271-> data sent to printer:
150551272-> <2>VL068362 UMCPRB3025-S58O<3>
150551486-> data received from printer:
150551647-> <6>
150551647-> ********************** COMMAND BEGIN **********************
150551648-> data sent to printer:
150551648-> <2>N11,000xBs2978,50     00002978501<3>
150551930-> data received from printer:
150552082-> <6>
150642995-> ********************** COMMAND BEGIN **********************
150642996-> data sent to printer:
150642996-> <2>OT345506<0><0><0><0><0><0>9<166><3>
150644144-> data received from printer:
150644299-> <2>355871<3><6>
151531544-> ********************** COMMAND BEGIN **********************
151531545-> data sent to printer:
151531545-> <2>Q<3>
151531909-> data received from printer:
151532063-> <6>
151532529-> ********************** COMMAND BEGIN **********************
151532529-> data sent to printer:
151532530-> <2>M<3>
151532537-> data received from printer:
151532701-> <21>
151547371-> OPEN PORT: COM1@9600
151547411-> OPEN PORT: COM1@9600
151547411-> ********************** COMMAND BEGIN **********************
151547412-> data sent to printer:
151547412-> <2>L&1<3>
151549078-> data received from printer:
151549235-> <2>2193*2192<3><6>
151549235-> ********************** COMMAND BEGIN **********************
151549236-> data sent to printer:
151549236-> <2>VRazon Social: MARIA PENA<3>
151549451-> data received from printer:
151549611-> <6>
151549611-> ********************** COMMAND BEGIN **********************
151549612-> data sent to printer:
151549612-> <2>VCI/Rif: V-18001525<3>
151549823-> data received from printer:
151549986-> <6>
151549986-> ********************** COMMAND BEGIN **********************
151549987-> data sent to printer:
151549987-> <2>V----------------------------------------<3>
151550217-> data received from printer:
151550378-> <6>
151550379-> ********************** COMMAND BEGIN **********************
151550379-> data sent to printer:
151550379-> <2>VL068362 UMCPRB3025-S58O<3>
151550594-> data received from printer:
151550754-> <6>
151550754-> ********************** COMMAND BEGIN **********************
151550755-> data sent to printer:
151550755-> <2>N11,000xBs2978,50     00002978501<3>
151551037-> data received from printer:
151551190-> <6>
151623113-> ********************** COMMAND BEGIN **********************
151623113-> data sent to printer:
151623114-> <2>OT345506<0><0><0><0><0><0><134>X<3>
151624261-> data received from printer:
151624419-> <2>355871<3><6>
155804377-> ********************** COMMAND BEGIN **********************
155804378-> data sent to printer:
155804379-> <2>P1DIVISAS             000000355871<3>
155804645-> data received from printer:
155804798-> <6>
155830596-> ********************** COMMAND BEGIN **********************
155830597-> data sent to printer:
155830597-> <2>V<3>
155830789-> data received from printer:
155830951-> <6>
155831124-> ********************** COMMAND BEGIN **********************
155831125-> data sent to printer:
155831125-> <2>VNumero Orden: 0000247<3>
155831342-> data received from printer:
155831499-> <6>
155831930-> ********************** COMMAND BEGIN **********************
155831930-> data sent to printer:
155831931-> <2>V<3>
155832122-> data received from printer:
155832280-> <6>
155836339-> ********************** COMMAND BEGIN **********************
155836339-> data sent to printer:
155836340-> <2>Y0<3>
155836389-> data received from printer:
155836672-> <2>SENIAT    J-316292649    1600*800*3100*2          Bs.0TIY1900001291120221042*300<3><6>
155837285-> ********************** COMMAND BEGIN **********************
155837286-> data sent to printer:
155837287-> <2>S<3>
155837295-> data received from printer:
155837446-> <21>
155840248-> ********************** COMMAND BEGIN **********************
155840249-> data sent to printer:
155840250-> <2>M<3>
155841572-> data received from printer:
155841723-> <6>
164139210-> OPEN PORT: COM1@9600
164139306-> OPEN PORT: COM1@9600
164139431-> ********************** COMMAND BEGIN **********************
164139432-> data sent to printer:
164139433-> <2>L&1<3>
164141104-> data received from printer:
164141259-> <2>2194*2192<3><6>
164141260-> ********************** COMMAND BEGIN **********************
164141260-> data sent to printer:
164141260-> <2>VRazon Social: MARIA PENA<3>
164142127-> data received from printer:
164142280-> <6>
164142281-> ********************** COMMAND BEGIN **********************
164142281-> data sent to printer:
164142281-> <2>VCI/Rif: V-18001525<3>
164142492-> data received from printer:
164142656-> <6>
164142657-> ********************** COMMAND BEGIN **********************
164142657-> data sent to printer:
164142657-> <2>V----------------------------------------<3>
164142888-> data received from printer:
164143046-> <6>
164143067-> ********************** COMMAND BEGIN **********************
164143067-> data sent to printer:
164143068-> <2>VM171705 JPCONW508652N<3>
164143280-> data received from printer:
164143436-> <6>
164143437-> ********************** COMMAND BEGIN **********************
164143437-> data sent to printer:
164143438-> <2>N11,000xBs1046,50     00001046501<3>
164143720-> data received from printer:
164143871-> <6>
165044052-> ********************** COMMAND BEGIN **********************
165044053-> data sent to printer:
165044053-> <2>V<3>
165044243-> data received from printer:
165044400-> <6>
165044751-> ********************** COMMAND BEGIN **********************
165044751-> data sent to printer:
165044752-> <2>VNumero Orden: 0000251<3>
165044967-> data received from printer:
165045119-> <6>
165045435-> ********************** COMMAND BEGIN **********************
165045435-> data sent to printer:
165045436-> <2>V<3>
165045630-> data received from printer:
165045791-> <6>
165054260-> ********************** COMMAND BEGIN **********************
165054261-> data sent to printer:
165054261-> <2>Y0<3>
165054311-> data received from printer:
165054593-> <2>SENIAT    J-316292649    1600*800*3100*2          Bs.0TIY1900001291120221134*300<3><6>
165055131-> ********************** COMMAND BEGIN **********************
165055132-> data sent to printer:
165055132-> <2>S<3>
165055140-> data received from printer:
165055293-> <21>
165059107-> ********************** COMMAND BEGIN **********************
165059108-> data sent to printer:
165059109-> <2>M<3>
165059117-> data received from printer:
165059272-> <21>
