074101107-> OPEN PORT: COM1@9600
074101156-> ********************** COMMAND BEGIN **********************
074101157-> data sent to printer:
074101157-> <2>Q<3>
074101165-> data received from printer:
074101331-> <21>
074101332-> ********************** COMMAND BEGIN **********************
074101332-> data sent to printer:
074101333-> <2>M<3>
074101340-> data received from printer:
074101496-> <21>
074109517-> OPEN PORT: COM1@9600
074109556-> OPEN PORT: COM1@9600
074117313-> ********************** COMMAND BEGIN **********************
074117314-> data sent to printer:
074117317-> <2>L&1<3>
074118985-> data received from printer:
074119139-> <2>2739*2737<3><6>
074119140-> ********************** COMMAND BEGIN **********************
074119140-> data sent to printer:
074119141-> <2>VRazon Social: GREGORIO CARVAJAL <3>
074119364-> data received from printer:
074119529-> <6>
074119530-> ********************** COMMAND BEGIN **********************
074119530-> data sent to printer:
074119531-> <2>VCI/Rif: V-15049606<3>
074119742-> data received from printer:
074119905-> <6>
074119906-> ********************** COMMAND BEGIN **********************
074119906-> data sent to printer:
074119907-> <2>V----------------------------------------<3>
074120137-> data received from printer:
074120295-> <6>
074120328-> ********************** COMMAND BEGIN **********************
074120328-> data sent to printer:
074120328-> <2>VW000148 ACUVUE 2 - 6PK<3>
074120542-> data received from printer:
074120700-> <6>
074120701-> ********************** COMMAND BEGIN **********************
074120702-> data sent to printer:
074120702-> <2>N11,000xBs2060,55     00002060550<3>
074121012-> data received from printer:
074121166-> <6>
074122321-> ********************** COMMAND BEGIN **********************
074122322-> data sent to printer:
074122322-> <2>OT114466<0>055<0><128>8<183><3>
074123071-> data received from printer:
074123236-> <2>209489<3><6>
074124743-> ********************** COMMAND BEGIN **********************
074124744-> data sent to printer:
074124744-> <2>P119/11/2024 EFECTIVO 000000095014<3>
074125011-> data received from printer:
074125176-> <6>
074125177-> ********************** COMMAND BEGIN **********************
074125177-> data sent to printer:
074125178-> <2>P1DIVISAS             000000114475<3>
074125446-> data received from printer:
074125597-> <6>
074125598-> ********************** COMMAND BEGIN **********************
074125598-> data sent to printer:
074125599-> <2>V<3>
074125792-> data received from printer:
074125958-> <6>
074125959-> ********************** COMMAND BEGIN **********************
074125960-> data sent to printer:
074125960-> <2>VNumero Orden: 0102718<3>
074126172-> data received from printer:
074126333-> <6>
074126333-> ********************** COMMAND BEGIN **********************
074126334-> data sent to printer:
074126334-> <2>V<3>
074126526-> data received from printer:
074126679-> <6>
074126717-> ********************** COMMAND BEGIN **********************
074126717-> data sent to printer:
074126718-> <2>V<161><161><161>GRACIAS POR SU COMPRA!!!<3>
074126940-> data received from printer:
074127100-> <6>
074127101-> ********************** COMMAND BEGIN **********************
074127101-> data sent to printer:
074127101-> <2>VSolo se aceptaran devoluciones<3>
074127359-> data received from printer:
074127520-> <6>
074127521-> ********************** COMMAND BEGIN **********************
074127521-> data sent to printer:
074127521-> <2>Vpor defectos de fabrica, con la<3>
074127748-> data received from printer:
074127912-> <6>
074127912-> ********************** COMMAND BEGIN **********************
074127913-> data sent to printer:
074127913-> <2>Vpresentacion de esta factura (original),<3>
074128146-> data received from printer:
074128303-> <6>
074128304-> ********************** COMMAND BEGIN **********************
074128304-> data sent to printer:
074128305-> <2>Vdentro de los treinta (30) dias<3>
074128529-> data received from printer:
074128694-> <6>
074128695-> ********************** COMMAND BEGIN **********************
074128695-> data sent to printer:
074128696-> <2>Vsiguientes a la emision de la misma.<3>
074128927-> data received from printer:
074129086-> <6>
074129087-> ********************** COMMAND BEGIN **********************
074129088-> data sent to printer:
074129088-> <2>Y0<3>
074129138-> data received from printer:
074129418-> <2>SENIAT    J-316292649    1600*800*3100*2          Bs.0TIY1900001230620242120*300<3><6>
074129418-> ********************** COMMAND BEGIN **********************
074129418-> data sent to printer:
074129418-> <2>S<3>
074129426-> data received from printer:
074129583-> <21>
074129584-> ********************** COMMAND BEGIN **********************
074129584-> data sent to printer:
074129584-> <2>M<3>
074130867-> data received from printer:
074131023-> <6>
074243371-> OPEN PORT: COM1@9600
074243416-> ********************** COMMAND BEGIN **********************
074243416-> data sent to printer:
074243417-> <2>Q<3>
074243425-> data received from printer:
074243577-> <21>
074243578-> ********************** COMMAND BEGIN **********************
074243578-> data sent to printer:
074243579-> <2>M<3>
074243586-> data received from printer:
074243743-> <21>
074731318-> OPEN PORT: COM1@9600
074731360-> ********************** COMMAND BEGIN **********************
074731361-> data sent to printer:
074731362-> <2>Q<3>
074731369-> data received from printer:
074731524-> <21>
074731525-> ********************** COMMAND BEGIN **********************
074731525-> data sent to printer:
074731525-> <2>M<3>
074731533-> data received from printer:
074731689-> <21>
075136325-> OPEN PORT: COM1@9600
075136367-> ********************** COMMAND BEGIN **********************
075136367-> data sent to printer:
075136368-> <2>Q<3>
075136376-> data received from printer:
075136536-> <21>
075136537-> ********************** COMMAND BEGIN **********************
075136537-> data sent to printer:
075136537-> <2>M<3>
075136545-> data received from printer:
075136702-> <21>
075323827-> OPEN PORT: COM1@9600
075323867-> ********************** COMMAND BEGIN **********************
075323868-> data sent to printer:
075323868-> <2>Q<3>
075323942-> data received from printer:
075324096-> <21>
075324097-> ********************** COMMAND BEGIN **********************
075324097-> data sent to printer:
075324098-> <2>M<3>
075324105-> data received from printer:
075324262-> <21>
082946917-> OPEN PORT: COM1@9600
082947076-> ********************** COMMAND BEGIN **********************
082947077-> data sent to printer:
082947078-> <2>Q<3>
082947086-> data received from printer:
082947244-> <21>
082947245-> ********************** COMMAND BEGIN **********************
082947246-> data sent to printer:
082947246-> <2>M<3>
082947254-> data received from printer:
082947409-> <21>
083341213-> OPEN PORT: COM1@9600
083341254-> ********************** COMMAND BEGIN **********************
083341254-> data sent to printer:
083341255-> <2>Q<3>
083341262-> data received from printer:
083341423-> <21>
083341424-> ********************** COMMAND BEGIN **********************
083341425-> data sent to printer:
083341425-> <2>M<3>
083341433-> data received from printer:
083341588-> <21>
083848230-> OPEN PORT: COM1@9600
083848272-> ********************** COMMAND BEGIN **********************
083848272-> data sent to printer:
083848273-> <2>Q<3>
083848280-> data received from printer:
083848433-> <21>
083848434-> ********************** COMMAND BEGIN **********************
083848435-> data sent to printer:
083848435-> <2>M<3>
083848443-> data received from printer:
083848599-> <21>
084155962-> OPEN PORT: COM1@9600
084156003-> ********************** COMMAND BEGIN **********************
084156003-> data sent to printer:
084156004-> <2>Q<3>
084156011-> data received from printer:
084156164-> <21>
084156165-> ********************** COMMAND BEGIN **********************
084156165-> data sent to printer:
084156166-> <2>M<3>
084156173-> data received from printer:
084156330-> <21>
085043468-> OPEN PORT: COM1@9600
085043510-> ********************** COMMAND BEGIN **********************
085043510-> data sent to printer:
085043511-> <2>Q<3>
085043518-> data received from printer:
085043674-> <21>
085043675-> ********************** COMMAND BEGIN **********************
085043675-> data sent to printer:
085043676-> <2>M<3>
085043683-> data received from printer:
085043839-> <21>
085406496-> OPEN PORT: COM1@9600
085406537-> ********************** COMMAND BEGIN **********************
085406537-> data sent to printer:
085406538-> <2>Q<3>
085406546-> data received from printer:
085406706-> <21>
085406707-> ********************** COMMAND BEGIN **********************
085406707-> data sent to printer:
085406708-> <2>M<3>
085406716-> data received from printer:
085406872-> <21>
085759469-> OPEN PORT: COM1@9600
085759510-> ********************** COMMAND BEGIN **********************
085759510-> data sent to printer:
085759511-> <2>Q<3>
085759518-> data received from printer:
085759677-> <21>
085759678-> ********************** COMMAND BEGIN **********************
085759679-> data sent to printer:
085759680-> <2>M<3>
085759687-> data received from printer:
085759842-> <21>
090001103-> OPEN PORT: COM1@9600
090001144-> ********************** COMMAND BEGIN **********************
090001145-> data sent to printer:
090001145-> <2>Q<3>
090001153-> data received from printer:
090001318-> <21>
090001319-> ********************** COMMAND BEGIN **********************
090001319-> data sent to printer:
090001319-> <2>M<3>
090001327-> data received from printer:
090001483-> <21>
090152245-> OPEN PORT: COM1@9600
090152286-> ********************** COMMAND BEGIN **********************
090152286-> data sent to printer:
090152286-> <2>Q<3>
090152294-> data received from printer:
090152459-> <21>
090152460-> ********************** COMMAND BEGIN **********************
090152460-> data sent to printer:
090152461-> <2>M<3>
090152469-> data received from printer:
090152624-> <21>
090721503-> OPEN PORT: COM1@9600
090721544-> ********************** COMMAND BEGIN **********************
090721544-> data sent to printer:
090721545-> <2>Q<3>
090721552-> data received from printer:
090721709-> <21>
090721710-> ********************** COMMAND BEGIN **********************
090721710-> data sent to printer:
090721711-> <2>M<3>
090721718-> data received from printer:
090721875-> <21>
091002548-> OPEN PORT: COM1@9600
091002589-> ********************** COMMAND BEGIN **********************
091002589-> data sent to printer:
091002590-> <2>Q<3>
091002597-> data received from printer:
091002752-> <21>
091002753-> ********************** COMMAND BEGIN **********************
091002753-> data sent to printer:
091002754-> <2>M<3>
091002764-> data received from printer:
091002917-> <21>
091327928-> OPEN PORT: COM1@9600
091327968-> ********************** COMMAND BEGIN **********************
091327969-> data sent to printer:
091327969-> <2>Q<3>
091327977-> data received from printer:
091328130-> <21>
091328131-> ********************** COMMAND BEGIN **********************
091328132-> data sent to printer:
091328132-> <2>M<3>
091328140-> data received from printer:
091328296-> <21>
091801690-> OPEN PORT: COM1@9600
091801730-> ********************** COMMAND BEGIN **********************
091801731-> data sent to printer:
091801731-> <2>Q<3>
091801739-> data received from printer:
091801896-> <21>
091801897-> ********************** COMMAND BEGIN **********************
091801897-> data sent to printer:
091801898-> <2>M<3>
091801906-> data received from printer:
091802062-> <21>
092223460-> OPEN PORT: COM1@9600
092223501-> ********************** COMMAND BEGIN **********************
092223501-> data sent to printer:
092223502-> <2>Q<3>
092223509-> data received from printer:
092223675-> <21>
092223676-> ********************** COMMAND BEGIN **********************
092223677-> data sent to printer:
092223677-> <2>M<3>
092223685-> data received from printer:
092223841-> <21>
093108711-> OPEN PORT: COM1@9600
093108752-> ********************** COMMAND BEGIN **********************
093108752-> data sent to printer:
093108753-> <2>Q<3>
093108760-> data received from printer:
093108923-> <21>
093108923-> ********************** COMMAND BEGIN **********************
093108923-> data sent to printer:
093108923-> <2>M<3>
093108932-> data received from printer:
093109088-> <21>
093704320-> OPEN PORT: COM1@9600
093704362-> ********************** COMMAND BEGIN **********************
093704362-> data sent to printer:
093704362-> <2>Q<3>
093704370-> data received from printer:
093704534-> <21>
093704535-> ********************** COMMAND BEGIN **********************
093704535-> data sent to printer:
093704536-> <2>M<3>
093704543-> data received from printer:
093704699-> <21>
094026479-> OPEN PORT: COM1@9600
094026519-> ********************** COMMAND BEGIN **********************
094026520-> data sent to printer:
094026520-> <2>Q<3>
094026528-> data received from printer:
094026681-> <21>
094026682-> ********************** COMMAND BEGIN **********************
094026683-> data sent to printer:
094026683-> <2>M<3>
094026691-> data received from printer:
094026846-> <21>
094327439-> OPEN PORT: COM1@9600
094327480-> ********************** COMMAND BEGIN **********************
094327480-> data sent to printer:
094327480-> <2>Q<3>
094327488-> data received from printer:
094327646-> <21>
094327647-> ********************** COMMAND BEGIN **********************
094327647-> data sent to printer:
094327648-> <2>M<3>
094327656-> data received from printer:
094327812-> <21>
100226163-> OPEN PORT: COM1@9600
100226299-> ********************** COMMAND BEGIN **********************
100226334-> data sent to printer:
100226334-> <2>Q<3>
100226342-> data received from printer:
100226500-> <21>
100226501-> ********************** COMMAND BEGIN **********************
100226502-> data sent to printer:
100226502-> <2>M<3>
100226510-> data received from printer:
100226665-> <21>
100718125-> OPEN PORT: COM1@9600
100718187-> ********************** COMMAND BEGIN **********************
100718188-> data sent to printer:
100718188-> <2>Q<3>
100718196-> data received from printer:
100718357-> <21>
100718358-> ********************** COMMAND BEGIN **********************
100718358-> data sent to printer:
100718359-> <2>M<3>
100718366-> data received from printer:
100718523-> <21>
101419301-> OPEN PORT: COM1@9600
101419344-> ********************** COMMAND BEGIN **********************
101419344-> data sent to printer:
101419345-> <2>Q<3>
101419353-> data received from printer:
101419516-> <21>
101419517-> ********************** COMMAND BEGIN **********************
101419517-> data sent to printer:
101419518-> <2>M<3>
101419525-> data received from printer:
101419682-> <21>
102050841-> OPEN PORT: COM1@9600
102050883-> ********************** COMMAND BEGIN **********************
102050884-> data sent to printer:
102050885-> <2>Q<3>
102050892-> data received from printer:
102051045-> <21>
102051046-> ********************** COMMAND BEGIN **********************
102051046-> data sent to printer:
102051047-> <2>M<3>
102051055-> data received from printer:
102051210-> <21>
102908499-> OPEN PORT: COM1@9600
102908541-> ********************** COMMAND BEGIN **********************
102908542-> data sent to printer:
102908542-> <2>Q<3>
102908550-> data received from printer:
102908703-> <21>
102908704-> ********************** COMMAND BEGIN **********************
102908704-> data sent to printer:
102908705-> <2>M<3>
102908712-> data received from printer:
102908869-> <21>
103224692-> OPEN PORT: COM1@9600
103224733-> ********************** COMMAND BEGIN **********************
103224734-> data sent to printer:
103224734-> <2>Q<3>
103224742-> data received from printer:
103224896-> <21>
103224897-> ********************** COMMAND BEGIN **********************
103224897-> data sent to printer:
103224898-> <2>M<3>
103224905-> data received from printer:
103225061-> <21>
103431327-> OPEN PORT: COM1@9600
103431368-> ********************** COMMAND BEGIN **********************
103431368-> data sent to printer:
103431369-> <2>Q<3>
103431377-> data received from printer:
103431541-> <21>
103431542-> ********************** COMMAND BEGIN **********************
103431543-> data sent to printer:
103431544-> <2>M<3>
103431551-> data received from printer:
103431707-> <21>
