100744201-> OPEN PORT: COM1@9600
100744312-> ********************** COMMAND BEGIN **********************
100744313-> data sent to printer:
100744313-> <2>Q<3>
100744321-> data received from printer:
100744483-> <21>
100744484-> ********************** COMMAND BEGIN **********************
100744484-> data sent to printer:
100744485-> <2>M<3>
100744492-> data received from printer:
100744649-> <21>
100745748-> OPEN PORT: COM1@9600
100745788-> OPEN PORT: COM1@9600
100745807-> ********************** COMMAND BEGIN **********************
100745807-> data sent to printer:
100745808-> <2>L&1<3>
100748069-> data received from printer:
100748231-> <2>2695*2694<3><6>
100748232-> ********************** COMMAND BEGIN **********************
100748232-> data sent to printer:
100748233-> <2>VRazon Social: COLEGIO SANTO ANGEL <3>
100748493-> data received from printer:
100748652-> <6>
100748653-> ********************** COMMAND BEGIN **********************
100748653-> data sent to printer:
100748654-> <2>VCI/Rif: J 312326980<3>
100748866-> data received from printer:
100749028-> <6>
100749029-> ********************** COMMAND BEGIN **********************
100749029-> data sent to printer:
100749030-> <2>V----------------------------------------<3>
100749261-> data received from printer:
100749418-> <6>
100749421-> ********************** COMMAND BEGIN **********************
100749421-> data sent to printer:
100749422-> <2>VA000004 GARANTIA EXTENDIDA<3>
100749640-> data received from printer:
100749794-> <6>
100749795-> ********************** COMMAND BEGIN **********************
100749796-> data sent to printer:
100749796-> <2>N11,000xBs273,60      00000273601<3>
100750078-> data received from printer:
100750230-> <6>
100750231-> ********************** COMMAND BEGIN **********************
100750231-> data sent to printer:
100750232-> <2>VC000005 FLAT-TOP  Oblea  25-28 <3>
100750455-> data received from printer:
100750621-> <6>
100750621-> ********************** COMMAND BEGIN **********************
100750622-> data sent to printer:
100750622-> <2>N12,000xBs820,80      00001641600<3>
100750900-> data received from printer:
100751056-> <6>
100751057-> ********************** COMMAND BEGIN **********************
100751057-> data sent to printer:
100751057-> <2>VM159419 DPCLCDES72055N<3>
100751275-> data received from printer:
100751431-> <6>
100751432-> ********************** COMMAND BEGIN **********************
100751432-> data sent to printer:
100751433-> <2>N11,000xBs0,01        00000000011<3>
100751711-> data received from printer:
100751866-> <6>
100752148-> ********************** COMMAND BEGIN **********************
100752149-> data sent to printer:
100752149-> <2>O1<3>
100753277-> data received from printer:
100753439-> <2>195899<3><6>
100753544-> ********************** COMMAND BEGIN **********************
100753545-> data sent to printer:
100753545-> <2>P101/07/2024 DEBITO   000000109441<3>
100753814-> data received from printer:
100753966-> <6>
100753967-> ********************** COMMAND BEGIN **********************
100753967-> data sent to printer:
100753968-> <2>P108/07/2024 EFECTIVO 000000086458<3>
100754238-> data received from printer:
100754388-> <6>
100754389-> ********************** COMMAND BEGIN **********************
100754389-> data sent to printer:
100754389-> <2>V<3>
100754580-> data received from printer:
100754733-> <6>
100754734-> ********************** COMMAND BEGIN **********************
100754735-> data sent to printer:
100754735-> <2>VNumero Orden: 0055735<3>
100754949-> data received from printer:
100755108-> <6>
100755108-> ********************** COMMAND BEGIN **********************
100755109-> data sent to printer:
100755109-> <2>V<3>
100755303-> data received from printer:
100755454-> <6>
100755510-> ********************** COMMAND BEGIN **********************
100755510-> data sent to printer:
100755510-> <2>V*Contrato de Garantia Extendida para<3>
100755739-> data received from printer:
100755891-> <6>
100755891-> ********************** COMMAND BEGIN **********************
100755892-> data sent to printer:
100755892-> <2>V      Cristales Formulados:<3>
100756113-> data received from printer:
100756266-> <6>
100756266-> ********************** COMMAND BEGIN **********************
100756267-> data sent to printer:
100756267-> <2>V <3>
100756462-> data received from printer:
100756625-> <6>
100756625-> ********************** COMMAND BEGIN **********************
100756626-> data sent to printer:
100756626-> <2>VOD: ESF -3,00 EJE 165 CIL -0,50 ADD 0,00<3>
100756894-> data received from printer:
100757045-> <6>
100757046-> ********************** COMMAND BEGIN **********************
100757046-> data sent to printer:
100757046-> <2>VOI: ESF -3,00 EJE 0 CIL 0,00 ADD 0,00<3>
100757280-> data received from printer:
100757435-> <6>
100757436-> ********************** COMMAND BEGIN **********************
100757436-> data sent to printer:
100757437-> <2>V <3>
100757628-> data received from printer:
100757781-> <6>
100757782-> ********************** COMMAND BEGIN **********************
100757782-> data sent to printer:
100757783-> <2>VCondiciones legales en el Contrato<3>
100758010-> data received from printer:
100758172-> <6>
100758173-> ********************** COMMAND BEGIN **********************
100758173-> data sent to printer:
100758173-> <2>VSuscrito.<3>
100758378-> data received from printer:
100758533-> <6>
100758534-> ********************** COMMAND BEGIN **********************
100758535-> data sent to printer:
100758536-> <2>V <3>
100758727-> data received from printer:
100758893-> <6>
100758920-> ********************** COMMAND BEGIN **********************
100758920-> data sent to printer:
100758921-> <2>V<161><161><161>GRACIAS POR SU COMPRA!!!<3>
100759142-> data received from printer:
100759298-> <6>
100759299-> ********************** COMMAND BEGIN **********************
100759300-> data sent to printer:
100759300-> <2>VSolo se aceptaran devoluciones<3>
100759527-> data received from printer:
100759688-> <6>
100759688-> ********************** COMMAND BEGIN **********************
100759689-> data sent to printer:
100759689-> <2>Vpor defectos de fabrica, con la<3>
100759912-> data received from printer:
100800064-> <6>
100800065-> ********************** COMMAND BEGIN **********************
100800065-> data sent to printer:
100800065-> <2>Vpresentacion de esta factura (original),<3>
100800299-> data received from printer:
100800455-> <6>
100800456-> ********************** COMMAND BEGIN **********************
100800456-> data sent to printer:
100800457-> <2>Vdentro de los treinta (30) dias<3>
100800684-> data received from printer:
100800845-> <6>
100800846-> ********************** COMMAND BEGIN **********************
100800846-> data sent to printer:
100800847-> <2>Vsiguientes a la emision de la misma.<3>
100801075-> data received from printer:
100801235-> <6>
100801237-> ********************** COMMAND BEGIN **********************
100801238-> data sent to printer:
100801238-> <2>Y0<3>
100801288-> data received from printer:
100801565-> <2>SENIAT    J-316292649    1600*800*3100*2          Bs.0TIY1900001110220242351*300<3><6>
100801566-> ********************** COMMAND BEGIN **********************
100801566-> data sent to printer:
100801567-> <2>S<3>
100801575-> data received from printer:
100801730-> <21>
100801731-> ********************** COMMAND BEGIN **********************
100801731-> data sent to printer:
100801732-> <2>M<3>
100803053-> data received from printer:
100803215-> <6>
101226012-> OPEN PORT: COM1@9600
101226053-> ********************** COMMAND BEGIN **********************
101226053-> data sent to printer:
101226053-> <2>Q<3>
101226061-> data received from printer:
101226213-> <21>
101226214-> ********************** COMMAND BEGIN **********************
101226215-> data sent to printer:
101226215-> <2>M<3>
101226223-> data received from printer:
101226378-> <21>
101343106-> OPEN PORT: COM1@9600
101343146-> ********************** COMMAND BEGIN **********************
101343146-> data sent to printer:
101343146-> <2>Q<3>
101343154-> data received from printer:
101343314-> <21>
101343315-> ********************** COMMAND BEGIN **********************
101343315-> data sent to printer:
101343316-> <2>M<3>
101343323-> data received from printer:
101343479-> <21>
101413886-> OPEN PORT: COM1@9600
101413927-> ********************** COMMAND BEGIN **********************
101413927-> data sent to printer:
101413928-> <2>Q<3>
101413935-> data received from printer:
101414095-> <21>
101414097-> ********************** COMMAND BEGIN **********************
101414097-> data sent to printer:
101414098-> <2>M<3>
101414105-> data received from printer:
101414260-> <21>
101454377-> OPEN PORT: COM1@9600
101454417-> ********************** COMMAND BEGIN **********************
101454418-> data sent to printer:
101454418-> <2>Q<3>
101454426-> data received from printer:
101454579-> <21>
101454580-> ********************** COMMAND BEGIN **********************
101454580-> data sent to printer:
101454581-> <2>M<3>
101454588-> data received from printer:
101454744-> <21>
102526274-> OPEN PORT: COM1@9600
102526315-> ********************** COMMAND BEGIN **********************
102526315-> data sent to printer:
102526316-> <2>Q<3>
102526323-> data received from printer:
102526479-> <21>
102526480-> ********************** COMMAND BEGIN **********************
102526481-> data sent to printer:
102526481-> <2>M<3>
102526489-> data received from printer:
102526645-> <21>
102610408-> OPEN PORT: COM1@9600
102610448-> ********************** COMMAND BEGIN **********************
102610449-> data sent to printer:
102610449-> <2>Q<3>
102610456-> data received from printer:
102610612-> <21>
102610613-> ********************** COMMAND BEGIN **********************
102610613-> data sent to printer:
102610614-> <2>M<3>
102610622-> data received from printer:
102610778-> <21>
