100546451-> OPEN PORT: COM1@9600
100546523-> ********************** COMMAND BEGIN **********************
100546523-> data sent to printer:
100546523-> <2>e<3>
100546528-> data received from printer:
100546686-> <21>
100546687-> ********************** COMMAND BEGIN **********************
100546688-> data sent to printer:
100546688-> <2>Q<3>
100546693-> data received from printer:
100546851-> <21>
100546852-> ********************** COMMAND BEGIN **********************
100546853-> data sent to printer:
100546853-> <2>M<3>
100546858-> data received from printer:
100547017-> <21>
100547085-> OPEN PORT: COM1@9600
100547151-> ********************** COMMAND BEGIN **********************
100547151-> data sent to printer:
100547152-> <2>e<3>
100547157-> data received from printer:
100547318-> <21>
100547319-> ********************** COMMAND BEGIN **********************
100547319-> data sent to printer:
100547319-> <2>Q<3>
100547324-> data received from printer:
100547482-> <21>
100547483-> ********************** COMMAND BEGIN **********************
100547484-> data sent to printer:
100547484-> <2>M<3>
100547489-> data received from printer:
100547647-> <21>
101417941-> OPEN PORT: COM1@9600
101418009-> ********************** COMMAND BEGIN **********************
101418009-> data sent to printer:
101418009-> <2>e<3>
101418014-> data received from printer:
101418167-> <21>
101418168-> ********************** COMMAND BEGIN **********************
101418168-> data sent to printer:
101418169-> <2>Q<3>
101418173-> data received from printer:
101418332-> <21>
101418333-> ********************** COMMAND BEGIN **********************
101418333-> data sent to printer:
101418333-> <2>M<3>
101418338-> data received from printer:
101418498-> <21>
101422671-> OPEN PORT: COM1@9600
101422740-> ********************** COMMAND BEGIN **********************
101422740-> data sent to printer:
101422740-> <2>e<3>
101422745-> data received from printer:
101422899-> <21>
101422900-> ********************** COMMAND BEGIN **********************
101422900-> data sent to printer:
101422900-> <2>Q<3>
101422905-> data received from printer:
101423064-> <21>
101423065-> ********************** COMMAND BEGIN **********************
101423065-> data sent to printer:
101423065-> <2>M<3>
101423070-> data received from printer:
101423228-> <21>
101427011-> OPEN PORT: COM1@9600
101427078-> ********************** COMMAND BEGIN **********************
101427079-> data sent to printer:
101427079-> <2>e<3>
101427084-> data received from printer:
101427237-> <21>
101427238-> ********************** COMMAND BEGIN **********************
101427238-> data sent to printer:
101427239-> <2>Q<3>
101427243-> data received from printer:
101427402-> <21>
101427403-> ********************** COMMAND BEGIN **********************
101427403-> data sent to printer:
101427404-> <2>M<3>
101427408-> data received from printer:
101427567-> <21>
101441837-> OPEN PORT: COM1@9600
101441905-> ********************** COMMAND BEGIN **********************
101441905-> data sent to printer:
101441906-> <2>e<3>
101441910-> data received from printer:
101442076-> <21>
101442077-> ********************** COMMAND BEGIN **********************
101442077-> data sent to printer:
101442077-> <2>Q<3>
101442081-> data received from printer:
101442240-> <21>
101442241-> ********************** COMMAND BEGIN **********************
101442242-> data sent to printer:
101442242-> <2>M<3>
101442247-> data received from printer:
101442405-> <21>
101535325-> OPEN PORT: COM1@9600
101535392-> ********************** COMMAND BEGIN **********************
101535393-> data sent to printer:
101535393-> <2>e<3>
101535398-> data received from printer:
101535555-> <21>
101535557-> ********************** COMMAND BEGIN **********************
101535558-> data sent to printer:
101535558-> <2>Q<3>
101535563-> data received from printer:
101535720-> <21>
101535721-> ********************** COMMAND BEGIN **********************
101535721-> data sent to printer:
101535722-> <2>M<3>
101535727-> data received from printer:
101535886-> <21>
101636099-> OPEN PORT: COM1@9600
101636169-> ********************** COMMAND BEGIN **********************
101636169-> data sent to printer:
101636170-> <2>e<3>
101636175-> data received from printer:
101636335-> <21>
101636338-> ********************** COMMAND BEGIN **********************
101636339-> data sent to printer:
101636339-> <2>Q<3>
101636344-> data received from printer:
101636500-> <21>
101636501-> ********************** COMMAND BEGIN **********************
101636502-> data sent to printer:
101636502-> <2>M<3>
101636507-> data received from printer:
101636664-> <21>
101913961-> OPEN PORT: COM1@9600
101914028-> ********************** COMMAND BEGIN **********************
101914028-> data sent to printer:
101914029-> <2>e<3>
101914033-> data received from printer:
101914184-> <21>
101914185-> ********************** COMMAND BEGIN **********************
101914186-> data sent to printer:
101914186-> <2>Q<3>
101914191-> data received from printer:
101914350-> <21>
101914351-> ********************** COMMAND BEGIN **********************
101914352-> data sent to printer:
101914352-> <2>M<3>
101914357-> data received from printer:
101914515-> <21>
101914575-> OPEN PORT: COM1@9600
101914644-> ********************** COMMAND BEGIN **********************
101914644-> data sent to printer:
101914645-> <2>e<3>
101914649-> data received from printer:
101914804-> <21>
101914805-> ********************** COMMAND BEGIN **********************
101914805-> data sent to printer:
101914806-> <2>Q<3>
101914810-> data received from printer:
101914968-> <21>
101914969-> ********************** COMMAND BEGIN **********************
101914969-> data sent to printer:
101914970-> <2>M<3>
101914974-> data received from printer:
101915133-> <21>
101946714-> OPEN PORT: COM1@9600
101946783-> ********************** COMMAND BEGIN **********************
101946783-> data sent to printer:
101946784-> <2>e<3>
101946789-> data received from printer:
101946943-> <21>
101946945-> ********************** COMMAND BEGIN **********************
101946945-> data sent to printer:
101946946-> <2>Q<3>
101946952-> data received from printer:
101947108-> <21>
101947109-> ********************** COMMAND BEGIN **********************
101947109-> data sent to printer:
101947109-> <2>M<3>
101947114-> data received from printer:
101947273-> <21>
101953714-> OPEN PORT: COM1@9600
101953782-> ********************** COMMAND BEGIN **********************
101953782-> data sent to printer:
101953782-> <2>e<3>
101953787-> data received from printer:
101953952-> <21>
101953953-> ********************** COMMAND BEGIN **********************
101953953-> data sent to printer:
101953954-> <2>Q<3>
101953958-> data received from printer:
101954117-> <21>
101954124-> ********************** COMMAND BEGIN **********************
101954125-> data sent to printer:
101954125-> <2>M<3>
101954130-> data received from printer:
101954282-> <21>
101956988-> OPEN PORT: COM1@9600
101957054-> ********************** COMMAND BEGIN **********************
101957054-> data sent to printer:
101957055-> <2>e<3>
101957060-> data received from printer:
101957211-> <21>
101957212-> ********************** COMMAND BEGIN **********************
101957212-> data sent to printer:
101957213-> <2>Q<3>
101957218-> data received from printer:
101957376-> <21>
101957377-> ********************** COMMAND BEGIN **********************
101957378-> data sent to printer:
101957378-> <2>M<3>
101957383-> data received from printer:
101957542-> <21>
101959570-> OPEN PORT: COM1@9600
101959638-> ********************** COMMAND BEGIN **********************
101959639-> data sent to printer:
101959639-> <2>e<3>
101959644-> data received from printer:
101959802-> <21>
101959802-> ********************** COMMAND BEGIN **********************
101959803-> data sent to printer:
101959803-> <2>Q<3>
101959808-> data received from printer:
101959968-> <21>
101959969-> ********************** COMMAND BEGIN **********************
101959969-> data sent to printer:
101959969-> <2>M<3>
101959974-> data received from printer:
102000133-> <21>
102000819-> OPEN PORT: COM1@9600
102000885-> OPEN PORT: COM1@9600
102000888-> ********************** COMMAND BEGIN **********************
102000888-> data sent to printer:
102000889-> <2>L&1<3>
102001549-> data received from printer:
102001726-> <2>6233*6229<3><6>
102001728-> ********************** COMMAND BEGIN **********************
102001728-> data sent to printer:
102001729-> <2>VRazon Social: JAVIER RANGEL<3>
102001813-> data received from printer:
102001965-> <6>
102001966-> ********************** COMMAND BEGIN **********************
102001966-> data sent to printer:
102001967-> <2>VCI/Rif: V-13212324<3>
102002043-> data received from printer:
102002204-> <6>
102002206-> ********************** COMMAND BEGIN **********************
102002206-> data sent to printer:
102002206-> <2>V----------------------------------------<3>
102002306-> data received from printer:
102002459-> <6>
102002468-> ********************** COMMAND BEGIN **********************
102002468-> data sent to printer:
102002469-> <2>Y0<3>
102002476-> data received from printer:
102002730-> <2>SENIAT    J-00000000000001600*0800*3100*2          Bs.0TIS0900049140520251013<3><6>
102002736-> ********************** COMMAND BEGIN **********************
102002736-> data sent to printer:
102002736-> <2>VC300594 RLX ULTRA 1.56 ChromActive CleAR<3>
102002836-> data received from printer:
102002999-> <6>
102003000-> ********************** COMMAND BEGIN **********************
102003001-> data sent to printer:
102003001-> <2>V *<3>
102003060-> data received from printer:
102003225-> <6>
102003226-> ********************** COMMAND BEGIN **********************
102003227-> data sent to printer:
102003227-> <2>N12,000xBs17914,05    00035828100<3>
102003368-> data received from printer:
102003525-> <6>
102003526-> ********************** COMMAND BEGIN **********************
102003526-> data sent to printer:
102003527-> <2>VS000106 SERVICIO MONTURA PROPIA<3>
102003617-> data received from printer:
102003779-> <6>
102003780-> ********************** COMMAND BEGIN **********************
102003780-> data sent to printer:
102003781-> <2>N11,000xBs1209,78     00001209781<3>
102003923-> data received from printer:
102004078-> <6>
102004354-> ********************** COMMAND BEGIN **********************
102004356-> data sent to printer:
102004358-> <2>OT3723133<0><0><0><0><128>N<168><3>
102004924-> data received from printer:
102005102-> <2>03723144<3><6>
102005173-> ********************** COMMAND BEGIN **********************
102005173-> data sent to printer:
102005174-> <2>P1DIVISAS             000003723144<3>
102005369-> data received from printer:
102005523-> <6>
102010476-> ********************** COMMAND BEGIN **********************
102010477-> data sent to printer:
102010478-> <2>Y0<3>
102010485-> data received from printer:
102010747-> <2>SENIAT    J-00000000000001600*0800*3100*2          Bs.0TIS0900049140520251013<3><6>
102010748-> ********************** COMMAND BEGIN **********************
102010749-> data sent to printer:
102010749-> <2>V<3>
102010806-> data received from printer:
102010971-> <6>
102010972-> ********************** COMMAND BEGIN **********************
102010972-> data sent to printer:
102010973-> <2>VNumero Orden: 0157513<3>
102011052-> data received from printer:
102011211-> <6>
102011212-> ********************** COMMAND BEGIN **********************
102011213-> data sent to printer:
102011213-> <2>V<3>
102011270-> data received from printer:
102011435-> <6>
102011459-> ********************** COMMAND BEGIN **********************
102011460-> data sent to printer:
102011460-> <2>M<3>
102012758-> data received from printer:
102012918-> <6>
102018007-> OPEN PORT: COM1@9600
102018074-> ********************** COMMAND BEGIN **********************
102018074-> data sent to printer:
102018074-> <2>Y3<3>
102018082-> data received from printer:
102018263-> <2>6233*6229*16712591*0*<3><6>
