120412882-> OPEN PORT: COM1@9600
120412983-> ********************** COMMAND BEGIN **********************
120412983-> data sent to printer:
120412984-> <2>L&2<3>
120413644-> data received from printer:
120413810-> <2>0907*0905<3><6>
120413811-> ********************** COMMAND BEGIN **********************
120413812-> data sent to printer:
120413812-> <2>VRazon Social: GISELLE GARCES<3>
120413899-> data received from printer:
120414065-> <6>
120414066-> ********************** COMMAND BEGIN **********************
120414066-> data sent to printer:
120414066-> <2>VCI/Rif: V31958728<3>
120414151-> data received from printer:
120414306-> <6>
120414307-> ********************** COMMAND BEGIN **********************
120414308-> data sent to printer:
120414308-> <2>VDatos del Documento Original:<3>
120414395-> data received from printer:
120414546-> <6>
120414547-> ********************** COMMAND BEGIN **********************
120414547-> data sent to printer:
120414547-> <2>VNumero: 0000944<3>
120414620-> data received from printer:
120414772-> <6>
120414773-> ********************** COMMAND BEGIN **********************
120414773-> data sent to printer:
120414773-> <2>VFecha: 15/12/2024<3>
120414848-> data received from printer:
120415013-> <6>
120415013-> ********************** COMMAND BEGIN **********************
120415014-> data sent to printer:
120415014-> <2>VSerial Fiscal: TIX2490030<3>
120415098-> data received from printer:
120415253-> <6>
120415254-> ********************** COMMAND BEGIN **********************
120415254-> data sent to printer:
120415255-> <2>V----------------------------------------<3>
120415354-> data received from printer:
120415509-> <6>
120415960-> ********************** COMMAND BEGIN **********************
120415961-> data sent to printer:
120415961-> <2>VA000004 GARANTIA EXTENDIDA<3>
120416046-> data received from printer:
120416203-> <6>
120416205-> ********************** COMMAND BEGIN **********************
120416206-> data sent to printer:
120416206-> <2>R11,000xBs247,50      00000247500<3>
120416348-> data received from printer:
120416504-> <6>
120416505-> ********************** COMMAND BEGIN **********************
120416505-> data sent to printer:
120416506-> <2>VC000019 VISION SENCILLA ANTIREFLEJO TER<3>
120416604-> data received from printer:
120416761-> <6>
120416762-> ********************** COMMAND BEGIN **********************
120416762-> data sent to printer:
120416763-> <2>R12,000xBs701,25      00001402500<3>
120416905-> data received from printer:
120417062-> <6>
120417063-> ********************** COMMAND BEGIN **********************
120417063-> data sent to printer:
120417064-> <2>VM180728 DPCRPLAYZW221353MJ<3>
120417148-> data received from printer:
120417303-> <6>
120417304-> ********************** COMMAND BEGIN **********************
120417304-> data sent to printer:
120417304-> <2>R11,000xBs2295,00     00002295000<3>
120417446-> data received from printer:
120417604-> <6>
120417649-> ********************** COMMAND BEGIN **********************
120417649-> data sent to printer:
120417649-> <2>O1<3>
120418155-> data received from printer:
120418311-> <6>
120418427-> ********************** COMMAND BEGIN **********************
120418429-> data sent to printer:
120418429-> <2>VMonto Disponible:  3945<3>
120418510-> data received from printer:
120418661-> <6>
120418664-> ********************** COMMAND BEGIN **********************
120418665-> data sent to printer:
120418665-> <2>Y0<3>
120418673-> data received from printer:
120418921-> <2>SENIAT    J-00000000000001600*0800*3100*2          Bs.0TIS0900049130120251150<3><6>
120434338-> ********************** COMMAND BEGIN **********************
120434340-> data sent to printer:
120434343-> <2>M<3>
120434350-> data received from printer:
120434510-> <21>
120656077-> OPEN PORT: COM1@9600
120658968-> ********************** COMMAND BEGIN **********************
120658970-> data sent to printer:
120658971-> <2>Y3<3>
120658980-> data received from printer:
120659155-> <2>6043*907*907*1*<3><6>
121515402-> OPEN PORT: COM1@9600
121515477-> ********************** COMMAND BEGIN **********************
121515477-> data sent to printer:
121515478-> <2>L&2<3>
121516138-> data received from printer:
121516312-> <2>0908*0907<3><6>
121516313-> ********************** COMMAND BEGIN **********************
121516313-> data sent to printer:
121516314-> <2>VRazon Social: GISELLE GARCES<3>
121516400-> data received from printer:
121516552-> <6>
121516553-> ********************** COMMAND BEGIN **********************
121516553-> data sent to printer:
121516553-> <2>VCI/Rif: V31958728<3>
121516628-> data received from printer:
121516792-> <6>
121516793-> ********************** COMMAND BEGIN **********************
121516793-> data sent to printer:
121516794-> <2>VDatos del Documento Original:<3>
121516881-> data received from printer:
121517032-> <6>
121517032-> ********************** COMMAND BEGIN **********************
121517033-> data sent to printer:
121517033-> <2>VNumero: 0000944<3>
121517106-> data received from printer:
121517257-> <6>
121517258-> ********************** COMMAND BEGIN **********************
121517258-> data sent to printer:
121517259-> <2>VFecha: 15/12/2024<3>
121517333-> data received from printer:
121517484-> <6>
121517485-> ********************** COMMAND BEGIN **********************
121517485-> data sent to printer:
121517485-> <2>VSerial Fiscal: TIX2490030<3>
121517569-> data received from printer:
121517724-> <6>
121517725-> ********************** COMMAND BEGIN **********************
121517725-> data sent to printer:
121517726-> <2>V----------------------------------------<3>
121517825-> data received from printer:
121517980-> <6>
121518170-> ********************** COMMAND BEGIN **********************
121518171-> data sent to printer:
121518171-> <2>VA000004 GARANTIA EXTENDIDA<3>
121518256-> data received from printer:
121518410-> <6>
121518411-> ********************** COMMAND BEGIN **********************
121518411-> data sent to printer:
121518411-> <2>R11,000xBs247,50      00000247500<3>
121518553-> data received from printer:
121518711-> <6>
121518711-> ********************** COMMAND BEGIN **********************
121518712-> data sent to printer:
121518712-> <2>VC000019 VISION SENCILLA ANTIREFLEJO TER<3>
121518811-> data received from printer:
121518966-> <6>
121518967-> ********************** COMMAND BEGIN **********************
121518967-> data sent to printer:
121518967-> <2>R12,000xBs701,25      00001402500<3>
121519109-> data received from printer:
121519267-> <6>
121519268-> ********************** COMMAND BEGIN **********************
121519268-> data sent to printer:
121519269-> <2>VM180728 DPCRPLAYZW221353MJ<3>
121519353-> data received from printer:
121519507-> <6>
121519508-> ********************** COMMAND BEGIN **********************
121519508-> data sent to printer:
121519508-> <2>R11,000xBs2295,00     00002295000<3>
121519650-> data received from printer:
121519807-> <6>
121519851-> ********************** COMMAND BEGIN **********************
121519851-> data sent to printer:
121519852-> <2>O1<3>
121520358-> data received from printer:
121520512-> <6>
121520513-> ********************** COMMAND BEGIN **********************
121520513-> data sent to printer:
121520514-> <2>VMonto Disponible:  3945<3>
121520595-> data received from printer:
121520752-> <6>
121520752-> ********************** COMMAND BEGIN **********************
121520753-> data sent to printer:
121520753-> <2>Y0<3>
121520761-> data received from printer:
121521012-> <2>SENIAT    J-00000000000001600*0800*3100*2          Bs.0TIS0900049130120251201<3><6>
121527319-> ********************** COMMAND BEGIN **********************
121527320-> data sent to printer:
121527321-> <2>M<3>
121528620-> data received from printer:
121528773-> <6>
121548466-> OPEN PORT: COM1@9600
121548532-> ********************** COMMAND BEGIN **********************
121548533-> data sent to printer:
121548534-> <2>Y3<3>
121548541-> data received from printer:
121548719-> <2>6043*907*908*1*<3><6>
