072805196-> OPEN PORT: COM1@9600
072805291-> ********************** COMMAND BEGIN **********************
072805292-> data sent to printer:
072805292-> <2>Q<3>
072811356-> No reponse from printer
072811357-> ********************** COMMAND BEGIN **********************
072811357-> data sent to printer:
072811358-> <2>M<3>
072856409-> No reponse from printer
072927812-> OPEN PORT: COM1@9600
072927852-> ********************** COMMAND BEGIN **********************
072927853-> data sent to printer:
072927853-> <2>Q<3>
072933911-> No reponse from printer
072933912-> ********************** COMMAND BEGIN **********************
072933912-> data sent to printer:
072933913-> <2>M<3>
073018964-> No reponse from printer
073616480-> OPEN PORT: COM1@9600
073616540-> ********************** COMMAND BEGIN **********************
073616541-> data sent to printer:
073616541-> <2>Q<3>
073622604-> No reponse from printer
073622605-> ********************** COMMAND BEGIN **********************
073622605-> data sent to printer:
073622606-> <2>M<3>
073707657-> No reponse from printer
073924089-> OPEN PORT: COM1@9600
073924138-> ********************** COMMAND BEGIN **********************
073924140-> data sent to printer:
073924141-> <2>Q<3>
073930197-> No reponse from printer
073930198-> ********************** COMMAND BEGIN **********************
073930198-> data sent to printer:
073930199-> <2>M<3>
074015251-> No reponse from printer
