101631833-> OPEN PORT: COM1@9600
101631935-> ********************** COMMAND BEGIN **********************
101631936-> data sent to printer:
101631937-> <2>Q<3>
101631945-> data received from printer:
101632098-> <21>
101632099-> ********************** COMMAND BEGIN **********************
101632100-> data sent to printer:
101632100-> <2>M<3>
101632108-> data received from printer:
101632263-> <21>
101634098-> OPEN PORT: COM1@9600
101634140-> OPEN PORT: COM1@9600
101634143-> ********************** COMMAND BEGIN **********************
101634144-> data sent to printer:
101634145-> <2>L&1<3>
101635818-> data received from printer:
101635970-> <2>2538*2528<3><6>
101635971-> ********************** COMMAND BEGIN **********************
101635972-> data sent to printer:
101635972-> <2>VRazon Social: Luis Blanco<3>
101636189-> data received from printer:
101636346-> <6>
101636346-> ********************** COMMAND BEGIN **********************
101636347-> data sent to printer:
101636347-> <2>VCI/Rif: V-32226987<3>
101636559-> data received from printer:
101636722-> <6>
101636723-> ********************** COMMAND BEGIN **********************
101636724-> data sent to printer:
101636724-> <2>V----------------------------------------<3>
101636955-> data received from printer:
101637113-> <6>
101637123-> ********************** COMMAND BEGIN **********************
101637124-> data sent to printer:
101637124-> <2>VM176722 UPCRCOYTALPHA46AM<3>
101637341-> data received from printer:
101637503-> <6>
101637504-> ********************** COMMAND BEGIN **********************
101637504-> data sent to printer:
101637504-> <2>N11,000xBs850,56      00000850561<3>
101637786-> data received from printer:
101637938-> <6>
101637939-> ********************** COMMAND BEGIN **********************
101637939-> data sent to printer:
101637939-> <2>VC000106 MAXI DELGADO 1.56 TERMINADO AR P<3>
101638172-> data received from printer:
101638328-> <6>
101638329-> ********************** COMMAND BEGIN **********************
101638329-> data sent to printer:
101638330-> <2>V <3>
101638523-> data received from printer:
101638674-> <6>
101638675-> ********************** COMMAND BEGIN **********************
101638675-> data sent to printer:
101638676-> <2>N12,000xBs198,46      00000396920<3>
101638955-> data received from printer:
101639109-> <6>
101639110-> ********************** COMMAND BEGIN **********************
101639110-> data sent to printer:
101639110-> <2>VA000004 GARANTIA EXTENDIDA<3>
101639364-> data received from printer:
101639529-> <6>
101639530-> ********************** COMMAND BEGIN **********************
101639530-> data sent to printer:
101639531-> <2>N11,000xBs140,35      00000140351<3>
101639813-> data received from printer:
101639965-> <6>
101640251-> ********************** COMMAND BEGIN **********************
101640251-> data sent to printer:
101640252-> <2>Q<3>
101640640-> data received from printer:
101640798-> <6>
101640798-> ********************** COMMAND BEGIN **********************
101640799-> data sent to printer:
101640799-> <2>M<3>
101640807-> data received from printer:
101640963-> <21>
101810782-> OPEN PORT: COM1@9600
101810823-> ********************** COMMAND BEGIN **********************
101810823-> data sent to printer:
101810823-> <2>Q<3>
101810831-> data received from printer:
101810995-> <21>
101810996-> ********************** COMMAND BEGIN **********************
101810996-> data sent to printer:
101810996-> <2>M<3>
101811004-> data received from printer:
101811160-> <21>
101815427-> OPEN PORT: COM1@9600
101815470-> OPEN PORT: COM1@9600
101815471-> ********************** COMMAND BEGIN **********************
101815472-> data sent to printer:
101815473-> <2>L&1<3>
101817787-> data received from printer:
101817952-> <2>2539*2538<3><6>
101817953-> ********************** COMMAND BEGIN **********************
101817953-> data sent to printer:
101817953-> <2>VRazon Social: Luis Blanco<3>
101818169-> data received from printer:
101818328-> <6>
101818329-> ********************** COMMAND BEGIN **********************
101818329-> data sent to printer:
101818330-> <2>VCI/Rif: V-32226987<3>
101818541-> data received from printer:
101818703-> <6>
101818703-> ********************** COMMAND BEGIN **********************
101818704-> data sent to printer:
101818704-> <2>V----------------------------------------<3>
101818934-> data received from printer:
101819093-> <6>
101819094-> ********************** COMMAND BEGIN **********************
101819094-> data sent to printer:
101819094-> <2>VM176722 UPCRCOYTALPHA46AM<3>
101819311-> data received from printer:
101819469-> <6>
101819470-> ********************** COMMAND BEGIN **********************
101819470-> data sent to printer:
101819470-> <2>N11,000xBs850,56      00000850561<3>
101819752-> data received from printer:
101819905-> <6>
101819906-> ********************** COMMAND BEGIN **********************
101819906-> data sent to printer:
101819906-> <2>VC000106 MAXI DELGADO 1.56 TERMINADO AR P<3>
101820139-> data received from printer:
101820295-> <6>
101820295-> ********************** COMMAND BEGIN **********************
101820296-> data sent to printer:
101820296-> <2>V <3>
101820490-> data received from printer:
101820641-> <6>
101820642-> ********************** COMMAND BEGIN **********************
101820642-> data sent to printer:
101820642-> <2>N12,000xBs198,46      00000396920<3>
101820921-> data received from printer:
101821076-> <6>
101821077-> ********************** COMMAND BEGIN **********************
101821077-> data sent to printer:
101821077-> <2>VA000004 GARANTIA EXTENDIDA<3>
101821295-> data received from printer:
101821453-> <6>
101821453-> ********************** COMMAND BEGIN **********************
101821454-> data sent to printer:
101821454-> <2>N11,000xBs140,35      00000140351<3>
101821734-> data received from printer:
101821889-> <6>
101822167-> ********************** COMMAND BEGIN **********************
101822169-> data sent to printer:
101822171-> <2>Q<3>
101822563-> data received from printer:
101822723-> <6>
101822724-> ********************** COMMAND BEGIN **********************
101822724-> data sent to printer:
101822725-> <2>M<3>
101822732-> data received from printer:
101822888-> <21>
101859605-> OPEN PORT: COM1@9600
101859645-> ********************** COMMAND BEGIN **********************
101859645-> data sent to printer:
101859646-> <2>Q<3>
101859653-> data received from printer:
101859812-> <21>
101859813-> ********************** COMMAND BEGIN **********************
101859813-> data sent to printer:
101859813-> <2>M<3>
101859821-> data received from printer:
101859977-> <21>
101911864-> OPEN PORT: COM1@9600
101911905-> OPEN PORT: COM1@9600
101911906-> ********************** COMMAND BEGIN **********************
101911906-> data sent to printer:
101911906-> <2>L&1<3>
101913578-> data received from printer:
101913736-> <2>2540*2539<3><6>
101913737-> ********************** COMMAND BEGIN **********************
101913737-> data sent to printer:
101913738-> <2>VRazon Social: Luis Blanco<3>
101913953-> data received from printer:
101914111-> <6>
101914111-> ********************** COMMAND BEGIN **********************
101914112-> data sent to printer:
101914112-> <2>VCI/Rif: V-32226987<3>
101914359-> data received from printer:
101914517-> <6>
101914517-> ********************** COMMAND BEGIN **********************
101914518-> data sent to printer:
101914518-> <2>V----------------------------------------<3>
101914749-> data received from printer:
101914907-> <6>
101914908-> ********************** COMMAND BEGIN **********************
101914908-> data sent to printer:
101914908-> <2>VM176722 UPCRCOYTALPHA46AM<3>
101915126-> data received from printer:
101915282-> <6>
101915282-> ********************** COMMAND BEGIN **********************
101915283-> data sent to printer:
101915283-> <2>N11,000xBs850,56      00000850561<3>
101915565-> data received from printer:
101915717-> <6>
101915718-> ********************** COMMAND BEGIN **********************
101915718-> data sent to printer:
101915719-> <2>VC000106 MAXI DELGADO 1.56 TERMINADO AR P<3>
101915951-> data received from printer:
101916107-> <6>
101916107-> ********************** COMMAND BEGIN **********************
101916108-> data sent to printer:
101916108-> <2>V <3>
101916302-> data received from printer:
101916452-> <6>
101916453-> ********************** COMMAND BEGIN **********************
101916453-> data sent to printer:
101916453-> <2>N12,000xBs198,46      00000396920<3>
101916732-> data received from printer:
101916887-> <6>
101916888-> ********************** COMMAND BEGIN **********************
101916888-> data sent to printer:
101916889-> <2>VA000004 GARANTIA EXTENDIDA<3>
101917107-> data received from printer:
101917263-> <6>
101917264-> ********************** COMMAND BEGIN **********************
101917264-> data sent to printer:
101917265-> <2>N11,000xBs140,35      00000140351<3>
101917545-> data received from printer:
101917699-> <6>
102003576-> ********************** COMMAND BEGIN **********************
102003576-> data sent to printer:
102003577-> <2>Q<3>
102003969-> data received from printer:
102004121-> <6>
102004122-> ********************** COMMAND BEGIN **********************
102004122-> data sent to printer:
102004122-> <2>M<3>
102004130-> data received from printer:
102004286-> <21>
102359026-> OPEN PORT: COM1@9600
102359068-> ********************** COMMAND BEGIN **********************
102359069-> data sent to printer:
102359069-> <2>Q<3>
102359076-> data received from printer:
102359228-> <21>
102359229-> ********************** COMMAND BEGIN **********************
102359229-> data sent to printer:
102359229-> <2>M<3>
102359237-> data received from printer:
102359393-> <21>
102643766-> OPEN PORT: COM1@9600
102643808-> ********************** COMMAND BEGIN **********************
102643808-> data sent to printer:
102643809-> <2>Q<3>
102643817-> data received from printer:
102643978-> <21>
102643979-> ********************** COMMAND BEGIN **********************
102643979-> data sent to printer:
102643979-> <2>M<3>
102643987-> data received from printer:
102644144-> <21>
102647708-> OPEN PORT: COM1@9600
102647750-> OPEN PORT: COM1@9600
102647753-> ********************** COMMAND BEGIN **********************
102647754-> data sent to printer:
102647755-> <2>L&1<3>
102649427-> data received from printer:
102649588-> <2>2541*2540<3><6>
102649589-> ********************** COMMAND BEGIN **********************
102649590-> data sent to printer:
102649590-> <2>VRazon Social: Luis Blanco<3>
102649806-> data received from printer:
102649963-> <6>
102649964-> ********************** COMMAND BEGIN **********************
102649964-> data sent to printer:
102649964-> <2>VCI/Rif: V-32226987<3>
102650174-> data received from printer:
102650340-> <6>
102650341-> ********************** COMMAND BEGIN **********************
102650342-> data sent to printer:
102650342-> <2>V----------------------------------------<3>
102650576-> data received from printer:
102650730-> <6>
102650732-> ********************** COMMAND BEGIN **********************
102650733-> data sent to printer:
102650733-> <2>VM176722 UPCRCOYTALPHA46AM<3>
102650948-> data received from printer:
102651105-> <6>
102651106-> ********************** COMMAND BEGIN **********************
102651106-> data sent to printer:
102651106-> <2>N11,000xBs850,56      00000850561<3>
102651424-> data received from printer:
102651585-> <6>
102651586-> ********************** COMMAND BEGIN **********************
102651586-> data sent to printer:
102651586-> <2>VC000106 MAXI DELGADO 1.56 TERMINADO AR P<3>
102651819-> data received from printer:
102651975-> <6>
102651975-> ********************** COMMAND BEGIN **********************
102651976-> data sent to printer:
102651976-> <2>V <3>
102652170-> data received from printer:
102652321-> <6>
102652322-> ********************** COMMAND BEGIN **********************
102652322-> data sent to printer:
102652322-> <2>N12,000xBs198,46      00000396920<3>
102652601-> data received from printer:
102652756-> <6>
102652757-> ********************** COMMAND BEGIN **********************
102652757-> data sent to printer:
102652757-> <2>VA000004 GARANTIA EXTENDIDA<3>
102652976-> data received from printer:
102653131-> <6>
102653131-> ********************** COMMAND BEGIN **********************
102653132-> data sent to printer:
102653132-> <2>N11,000xBs140,35      00000140351<3>
102653413-> data received from printer:
102653566-> <6>
102700860-> ********************** COMMAND BEGIN **********************
102700861-> data sent to printer:
102700861-> <2>OT72319<0>4035<0><16>\C<3>
102702095-> data received from printer:
102702251-> <2>156808<3><6>
102702260-> ********************** COMMAND BEGIN **********************
102702261-> data sent to printer:
102702261-> <2>P112/07/2023 TRANSFERE000000082319<3>
102702531-> data received from printer:
102702686-> <6>
102702687-> ********************** COMMAND BEGIN **********************
102702687-> data sent to printer:
102702688-> <2>P1DIVISAS             000000072319<3>
102702955-> data received from printer:
102703107-> <6>
102703108-> ********************** COMMAND BEGIN **********************
102703108-> data sent to printer:
102703109-> <2>V<3>
102703302-> data received from printer:
102703467-> <6>
102703467-> ********************** COMMAND BEGIN **********************
102703468-> data sent to printer:
102703468-> <2>VNumero Orden: 0069207<3>
102703684-> data received from printer:
102703842-> <6>
102703843-> ********************** COMMAND BEGIN **********************
102703843-> data sent to printer:
102703844-> <2>V<3>
102704034-> data received from printer:
102704187-> <6>
102704206-> ********************** COMMAND BEGIN **********************
102704207-> data sent to printer:
102704207-> <2>V*Contrato de Garantia Extendida para<3>
102704437-> data received from printer:
102704593-> <6>
102704593-> ********************** COMMAND BEGIN **********************
102704594-> data sent to printer:
102704594-> <2>V      Cristales Formulados:<3>
102704817-> data received from printer:
102704968-> <6>
102704968-> ********************** COMMAND BEGIN **********************
102704969-> data sent to printer:
102704969-> <2>V <3>
102705161-> data received from printer:
102705314-> <6>
102705315-> ********************** COMMAND BEGIN **********************
102705315-> data sent to printer:
102705315-> <2>VOD: ESF -4,00 EJE 0 CIL 0,00 ADD 0,00<3>
102705547-> data received from printer:
102705705-> <6>
102705706-> ********************** COMMAND BEGIN **********************
102705706-> data sent to printer:
102705706-> <2>VOI: ESF -4,00 EJE 0 CIL 0,00 ADD 0,00<3>
102705939-> data received from printer:
102706096-> <6>
102706097-> ********************** COMMAND BEGIN **********************
102706097-> data sent to printer:
102706097-> <2>V <3>
102706325-> data received from printer:
102706487-> <6>
102706487-> ********************** COMMAND BEGIN **********************
102706488-> data sent to printer:
102706488-> <2>VCondiciones legales en el Contrato<3>
102706718-> data received from printer:
102706877-> <6>
102706877-> ********************** COMMAND BEGIN **********************
102706878-> data sent to printer:
102706878-> <2>VSuscrito.<3>
102707078-> data received from printer:
102707237-> <6>
102707237-> ********************** COMMAND BEGIN **********************
102707238-> data sent to printer:
102707238-> <2>V <3>
102707432-> data received from printer:
102707597-> <6>
102707603-> ********************** COMMAND BEGIN **********************
102707603-> data sent to printer:
102707604-> <2>V<161><161><161>GRACIAS POR SU COMPRA!!!<3>
102707826-> data received from printer:
102707988-> <6>
102707989-> ********************** COMMAND BEGIN **********************
102707989-> data sent to printer:
102707989-> <2>VSolo se aceptaran devoluciones<3>
102708211-> data received from printer:
102708363-> <6>
102708364-> ********************** COMMAND BEGIN **********************
102708365-> data sent to printer:
102708365-> <2>Vpor defectos de fabrica, con la<3>
102708591-> data received from printer:
102708754-> <6>
102708755-> ********************** COMMAND BEGIN **********************
102708755-> data sent to printer:
102708756-> <2>Vpresentacion de esta factura (original),<3>
102708992-> data received from printer:
102709144-> <6>
102709145-> ********************** COMMAND BEGIN **********************
102709145-> data sent to printer:
102709145-> <2>Vdentro de los treinta (30) dias<3>
102709369-> data received from printer:
102709534-> <6>
102709535-> ********************** COMMAND BEGIN **********************
102709535-> data sent to printer:
102709535-> <2>Vsiguientes a la emision de la misma.<3>
102709766-> data received from printer:
102709925-> <6>
102709926-> ********************** COMMAND BEGIN **********************
102709927-> data sent to printer:
102709927-> <2>Y0<3>
102709977-> data received from printer:
102710257-> <2>SENIAT    J-316292649    1600*800*3100*2          Bs.0TIY1900001160520230505*300<3><6>
102710268-> ********************** COMMAND BEGIN **********************
102710269-> data sent to printer:
102710269-> <2>S<3>
102710276-> data received from printer:
102710437-> <21>
102710438-> ********************** COMMAND BEGIN **********************
102710438-> data sent to printer:
102710438-> <2>M<3>
102711786-> data received from printer:
102711938-> <6>
102712007-> OPEN PORT: COM1@9600
102712047-> ********************** COMMAND BEGIN **********************
102712048-> data sent to printer:
102712048-> <2>S<3>
102712409-> data received from printer:
102712573-> <6>
102712574-> ********************** COMMAND BEGIN **********************
102712574-> data sent to printer:
102712574-> <2>V----------------------------------------<3>
102712807-> data received from printer:
102712964-> <6>
102712965-> ********************** COMMAND BEGIN **********************
102712965-> data sent to printer:
102712966-> <2>V <3>
102713159-> data received from printer:
102713325-> <6>
102713325-> ********************** COMMAND BEGIN **********************
102713326-> data sent to printer:
102713326-> <2>VOs: 0069207<3>
102713580-> data received from printer:
102713745-> <6>
102713746-> ********************** COMMAND BEGIN **********************
102713746-> data sent to printer:
102713746-> <2>VCliente: V-32226987<3>
102713957-> data received from printer:
102714121-> <6>
102714121-> ********************** COMMAND BEGIN **********************
102714122-> data sent to printer:
102714122-> <2>VTelefono: 0424-126511<3>
102714337-> data received from printer:
102714496-> <6>
102714496-> ********************** COMMAND BEGIN **********************
102714497-> data sent to printer:
102714497-> <2>VBanco: MERCANTIL<3>
102714708-> data received from printer:
102714873-> <6>
102714873-> ********************** COMMAND BEGIN **********************
102714874-> data sent to printer:
102714874-> <2>VMonto:    105,77<3>
102715165-> data received from printer:
102715323-> <6>
102715323-> ********************** COMMAND BEGIN **********************
102715324-> data sent to printer:
102715324-> <2>V <3>
102715520-> data received from printer:
102715683-> <6>
102715683-> ********************** COMMAND BEGIN **********************
102715684-> data sent to printer:
102715684-> <2>V----------------------------------------<3>
102715917-> data received from printer:
102716074-> <6>
102716075-> ********************** COMMAND BEGIN **********************
102716075-> data sent to printer:
102716076-> <2>T<3>
102716482-> data received from printer:
102716645-> <6>
105700698-> OPEN PORT: COM1@9600
105700742-> ********************** COMMAND BEGIN **********************
105700743-> data sent to printer:
105700745-> <2>Q<3>
105700753-> data received from printer:
105700911-> <21>
105700912-> ********************** COMMAND BEGIN **********************
105700912-> data sent to printer:
105700913-> <2>M<3>
105700920-> data received from printer:
105701076-> <21>
105723893-> OPEN PORT: COM1@9600
105723935-> ********************** COMMAND BEGIN **********************
105723935-> data sent to printer:
105723936-> <2>Q<3>
105723943-> data received from printer:
105724108-> <21>
105724109-> ********************** COMMAND BEGIN **********************
105724109-> data sent to printer:
105724110-> <2>M<3>
105724117-> data received from printer:
105724273-> <21>
115028449-> OPEN PORT: COM1@9600
115028515-> ********************** COMMAND BEGIN **********************
115028516-> data sent to printer:
115028516-> <2>Q<3>
115028523-> data received from printer:
115028675-> <21>
115028676-> ********************** COMMAND BEGIN **********************
115028676-> data sent to printer:
115028677-> <2>M<3>
115028684-> data received from printer:
115028840-> <21>
115523382-> OPEN PORT: COM1@9600
115523488-> ********************** COMMAND BEGIN **********************
115523490-> data sent to printer:
115523491-> <2>Q<3>
115523499-> data received from printer:
115523651-> <21>
115523652-> ********************** COMMAND BEGIN **********************
115523652-> data sent to printer:
115523653-> <2>M<3>
115523660-> data received from printer:
115523816-> <21>
115728128-> OPEN PORT: COM1@9600
115728171-> ********************** COMMAND BEGIN **********************
115728172-> data sent to printer:
115728173-> <2>Q<3>
115728181-> data received from printer:
115728345-> <21>
115728346-> ********************** COMMAND BEGIN **********************
115728346-> data sent to printer:
115728346-> <2>M<3>
115728354-> data received from printer:
115728511-> <21>
115900699-> OPEN PORT: COM1@9600
115900742-> ********************** COMMAND BEGIN **********************
115900743-> data sent to printer:
115900744-> <2>Q<3>
115900752-> data received from printer:
115900916-> <21>
115900916-> ********************** COMMAND BEGIN **********************
115900917-> data sent to printer:
115900917-> <2>M<3>
115900925-> data received from printer:
115901082-> <21>
120645959-> OPEN PORT: COM1@9600
120645999-> ********************** COMMAND BEGIN **********************
120646000-> data sent to printer:
120646000-> <2>Q<3>
120646007-> data received from printer:
120646163-> <21>
120646163-> ********************** COMMAND BEGIN **********************
120646164-> data sent to printer:
120646164-> <2>M<3>
120646172-> data received from printer:
120646329-> <21>
120833974-> OPEN PORT: COM1@9600
120834015-> ********************** COMMAND BEGIN **********************
120834038-> data sent to printer:
120834038-> <2>Q<3>
120834046-> data received from printer:
120834208-> <21>
120834209-> ********************** COMMAND BEGIN **********************
120834209-> data sent to printer:
120834210-> <2>M<3>
120834217-> data received from printer:
120834373-> <21>
120909624-> OPEN PORT: COM1@9600
120909665-> ********************** COMMAND BEGIN **********************
120909704-> data sent to printer:
120909704-> <2>Q<3>
120909712-> data received from printer:
120909865-> <21>
120909866-> ********************** COMMAND BEGIN **********************
120909866-> data sent to printer:
120909867-> <2>M<3>
120909875-> data received from printer:
120910030-> <21>
121012466-> OPEN PORT: COM1@9600
121012507-> ********************** COMMAND BEGIN **********************
121012508-> data sent to printer:
121012508-> <2>Q<3>
121012516-> data received from printer:
121012676-> <21>
121012677-> ********************** COMMAND BEGIN **********************
121012677-> data sent to printer:
121012678-> <2>M<3>
121012685-> data received from printer:
121012842-> <21>
121112462-> OPEN PORT: COM1@9600
121112503-> ********************** COMMAND BEGIN **********************
121112504-> data sent to printer:
121112505-> <2>Q<3>
121112513-> data received from printer:
121112667-> <21>
121112668-> ********************** COMMAND BEGIN **********************
121112668-> data sent to printer:
121112669-> <2>M<3>
121112676-> data received from printer:
121112832-> <21>
121131942-> OPEN PORT: COM1@9600
121132014-> ********************** COMMAND BEGIN **********************
121132015-> data sent to printer:
121132016-> <2>Q<3>
121132024-> data received from printer:
121132182-> <21>
121132183-> ********************** COMMAND BEGIN **********************
121132183-> data sent to printer:
121132183-> <2>M<3>
121132191-> data received from printer:
121132348-> <21>
121203283-> OPEN PORT: COM1@9600
121203324-> ********************** COMMAND BEGIN **********************
121203324-> data sent to printer:
121203325-> <2>Q<3>
121203332-> data received from printer:
121203488-> <21>
121203489-> ********************** COMMAND BEGIN **********************
121203489-> data sent to printer:
121203490-> <2>M<3>
121203497-> data received from printer:
121203653-> <21>
121235468-> OPEN PORT: COM1@9600
121235509-> ********************** COMMAND BEGIN **********************
121235510-> data sent to printer:
121235510-> <2>Q<3>
121235517-> data received from printer:
121235670-> <21>
121235671-> ********************** COMMAND BEGIN **********************
121235671-> data sent to printer:
121235671-> <2>M<3>
121235679-> data received from printer:
121235836-> <21>
121303244-> OPEN PORT: COM1@9600
121303287-> ********************** COMMAND BEGIN **********************
121303288-> data sent to printer:
121303289-> <2>Q<3>
121303297-> data received from printer:
121303460-> <21>
121303460-> ********************** COMMAND BEGIN **********************
121303461-> data sent to printer:
121303461-> <2>M<3>
121303469-> data received from printer:
121303625-> <21>
121324999-> OPEN PORT: COM1@9600
121325040-> ********************** COMMAND BEGIN **********************
121325040-> data sent to printer:
121325041-> <2>Q<3>
121325048-> data received from printer:
121325213-> <21>
121325214-> ********************** COMMAND BEGIN **********************
121325214-> data sent to printer:
121325214-> <2>M<3>
121325222-> data received from printer:
121325379-> <21>
165737921-> OPEN PORT: COM1@9600
165738059-> ********************** COMMAND BEGIN **********************
165738059-> data sent to printer:
165738059-> <2>Q<3>
165738067-> data received from printer:
165738220-> <21>
165738221-> ********************** COMMAND BEGIN **********************
165738221-> data sent to printer:
165738222-> <2>M<3>
165738229-> data received from printer:
165738385-> <21>
