122100193-> OPEN PORT: COM1@9600
122100390-> ********************** COMMAND BEGIN **********************
122100390-> data sent to printer:
122100390-> <2>L&2<3>
122101051-> data received from printer:
122101218-> <2>0911*6126<3><6>
122101219-> ********************** COMMAND BEGIN **********************
122101220-> data sent to printer:
122101220-> <2>VRazon Social: FRANKGIBSON VELASQUEZ<3>
122101314-> data received from printer:
122101473-> <6>
122101474-> ********************** COMMAND BEGIN **********************
122101474-> data sent to printer:
122101475-> <2>VCI/Rif: V16389722<3>
122101551-> data received from printer:
122101713-> <6>
122101714-> ********************** COMMAND BEGIN **********************
122101715-> data sent to printer:
122101715-> <2>VDatos del Documento Original:<3>
122101802-> data received from printer:
122101954-> <6>
122101955-> ********************** COMMAND BEGIN **********************
122101955-> data sent to printer:
122101956-> <2>VNumero: 0001329<3>
122102028-> data received from printer:
122102180-> <6>
122102181-> ********************** COMMAND BEGIN **********************
122102181-> data sent to printer:
122102181-> <2>VFecha: 04/03/2025<3>
122102256-> data received from printer:
122102421-> <6>
122102422-> ********************** COMMAND BEGIN **********************
122102422-> data sent to printer:
122102422-> <2>VSerial Fiscal: TIX2490003<3>
122102506-> data received from printer:
122102661-> <6>
122102662-> ********************** COMMAND BEGIN **********************
122102662-> data sent to printer:
122102663-> <2>V----------------------------------------<3>
122102762-> data received from printer:
122102917-> <6>
122103630-> ********************** COMMAND BEGIN **********************
122103632-> data sent to printer:
122103634-> <2>VM180239 UMCHMWTU6308053B<3>
122103718-> data received from printer:
122103875-> <6>
122103876-> ********************** COMMAND BEGIN **********************
122103876-> data sent to printer:
122103877-> <2>R11,000xBs2184,50     00002184501<3>
122104019-> data received from printer:
122104175-> <6>
122104438-> ********************** COMMAND BEGIN **********************
122104439-> data sent to printer:
122104440-> <2>O1<3>
122104947-> data received from printer:
122105101-> <6>
122105174-> ********************** COMMAND BEGIN **********************
122105175-> data sent to printer:
122105176-> <2>VMonto Disponible:  2534,02<3>
122105262-> data received from printer:
122105419-> <6>
122105432-> ********************** COMMAND BEGIN **********************
122105432-> data sent to printer:
122105433-> <2>Y0<3>
122105440-> data received from printer:
122105691-> <2>SENIAT    J-00000000000001600*0800*3100*2          Bs.0TIS0900049070320251213<3><6>
122105698-> ********************** COMMAND BEGIN **********************
122105698-> data sent to printer:
122105698-> <2>M<3>
122106996-> data received from printer:
122107161-> <6>
122122240-> OPEN PORT: COM1@9600
122122306-> ********************** COMMAND BEGIN **********************
122122306-> data sent to printer:
122122306-> <2>Y3<3>
122122314-> data received from printer:
122122501-> <2>6133*6126*911*1*<3><6>
