110837042-> OPEN PORT: COM1@9600
110837120-> ********************** COMMAND BEGIN **********************
110837122-> data sent to printer:
110837123-> <2>Q<3>
110837131-> data received from printer:
110837286-> <21>
110837287-> ********************** COMMAND BEGIN **********************
110837287-> data sent to printer:
110837288-> <2>M<3>
110837295-> data received from printer:
110837452-> <21>
110841233-> OPEN PORT: COM1@9600
110841274-> OPEN PORT: COM1@9600
110841287-> ********************** COMMAND BEGIN **********************
110841288-> data sent to printer:
110841289-> <2>L&1<3>
110842960-> data received from printer:
110843121-> <2>2561*2540<3><6>
110843122-> ********************** COMMAND BEGIN **********************
110843122-> data sent to printer:
110843123-> <2>VRazon Social: Sebatian Malpica<3>
110843344-> data received from printer:
110843496-> <6>
110843497-> ********************** COMMAND BEGIN **********************
110843497-> data sent to printer:
110843498-> <2>VCI/Rif: V-32030387<3>
110843709-> data received from printer:
110843872-> <6>
110843872-> ********************** COMMAND BEGIN **********************
110843873-> data sent to printer:
110843873-> <2>V----------------------------------------<3>
110844104-> data received from printer:
110844262-> <6>
110844278-> ********************** COMMAND BEGIN **********************
110844278-> data sent to printer:
110844279-> <2>VC000019 VISION SENCILLA ANTIREFLEJO TERM<3>
110844510-> data received from printer:
110844668-> <6>
110844669-> ********************** COMMAND BEGIN **********************
110844669-> data sent to printer:
110844669-> <2>V <3>
110844863-> data received from printer:
110845014-> <6>
110845015-> ********************** COMMAND BEGIN **********************
110845015-> data sent to printer:
110845016-> <2>N12,000xBs448,47      00000896940<3>
110845288-> data received from printer:
110845449-> <6>
110845450-> ********************** COMMAND BEGIN **********************
110845450-> data sent to printer:
110845450-> <2>VS000106 SERVICIO MONTURA PROPIA<3>
110845675-> data received from printer:
110845840-> <6>
110845841-> ********************** COMMAND BEGIN **********************
110845841-> data sent to printer:
110845841-> <2>N11,000xBs365,42      00000365421<3>
110846124-> data received from printer:
110846275-> <6>
110846276-> ********************** COMMAND BEGIN **********************
110846276-> data sent to printer:
110846277-> <2>VA000004 GARANTIA EXTENDIDA<3>
110846494-> data received from printer:
110846650-> <6>
110846650-> ********************** COMMAND BEGIN **********************
110846651-> data sent to printer:
110846651-> <2>N11,000xBs134,54      00000134541<3>
110846932-> data received from printer:
110847086-> <6>
110847372-> ********************** COMMAND BEGIN **********************
110847372-> data sent to printer:
110847373-> <2>O1<3>
110848501-> data received from printer:
110848660-> <2>147689<3><6>
110848701-> ********************** COMMAND BEGIN **********************
110848702-> data sent to printer:
110848703-> <2>P110/09/2023 EFECTIVO 000000000100<3>
110848973-> data received from printer:
110849125-> <6>
110849125-> ********************** COMMAND BEGIN **********************
110849126-> data sent to printer:
110849126-> <2>P110/09/2023 NOTA DEVO000000105531<3>
110849392-> data received from printer:
110849545-> <6>
110849545-> ********************** COMMAND BEGIN **********************
110849546-> data sent to printer:
110849546-> <2>P129/09/2023 IVA RETEN000000002000<3>
110849813-> data received from printer:
110849965-> <6>
110849965-> ********************** COMMAND BEGIN **********************
110849966-> data sent to printer:
110849966-> <2>P129/09/2023 ISLR RETE000000040059<3>
110850395-> data received from printer:
110850551-> <6>
110850552-> ********************** COMMAND BEGIN **********************
110850552-> data sent to printer:
110850553-> <2>V<3>
110851413-> data received from printer:
110851573-> <6>
110851574-> ********************** COMMAND BEGIN **********************
110851574-> data sent to printer:
110851574-> <2>VNumero Orden: 0069407<3>
110851786-> data received from printer:
110851948-> <6>
110851948-> ********************** COMMAND BEGIN **********************
110851949-> data sent to printer:
110851949-> <2>V<3>
110852141-> data received from printer:
110852293-> <6>
110852331-> ********************** COMMAND BEGIN **********************
110852332-> data sent to printer:
110852332-> <2>V*Contrato de Garantia Extendida para<3>
110852564-> data received from printer:
110852716-> <6>
110852716-> ********************** COMMAND BEGIN **********************
110852717-> data sent to printer:
110852717-> <2>V      Cristales Formulados:<3>
110852936-> data received from printer:
110853092-> <6>
110853093-> ********************** COMMAND BEGIN **********************
110853093-> data sent to printer:
110853094-> <2>V <3>
110853287-> data received from printer:
110853438-> <6>
110853438-> ********************** COMMAND BEGIN **********************
110853439-> data sent to printer:
110853439-> <2>VOD: ESF -1,25 EJE 85 CIL -1,00 ADD 0,00<3>
110853675-> data received from printer:
110853828-> <6>
110853828-> ********************** COMMAND BEGIN **********************
110853829-> data sent to printer:
110853829-> <2>VOI: ESF -1,50 EJE 80 CIL -1,25 ADD 0,00<3>
110854060-> data received from printer:
110854218-> <6>
110854219-> ********************** COMMAND BEGIN **********************
110854219-> data sent to printer:
110854219-> <2>V <3>
110854413-> data received from printer:
110854564-> <6>
110854565-> ********************** COMMAND BEGIN **********************
110854565-> data sent to printer:
110854565-> <2>VCondiciones legales en el Contrato<3>
110854794-> data received from printer:
110854955-> <6>
110854955-> ********************** COMMAND BEGIN **********************
110854956-> data sent to printer:
110854956-> <2>VSuscrito.<3>
110855156-> data received from printer:
110855315-> <6>
110855315-> ********************** COMMAND BEGIN **********************
110855316-> data sent to printer:
110855316-> <2>V <3>
110855508-> data received from printer:
110855660-> <6>
110857697-> ********************** COMMAND BEGIN **********************
110857697-> data sent to printer:
110857698-> <2>V<161><161><161>GRACIAS POR SU COMPRA!!!<3>
110857920-> data received from printer:
110858082-> <6>
110858083-> ********************** COMMAND BEGIN **********************
110858083-> data sent to printer:
110858083-> <2>VSolo se aceptaran devoluciones<3>
110858340-> data received from printer:
110858503-> <6>
110858503-> ********************** COMMAND BEGIN **********************
110858504-> data sent to printer:
110858504-> <2>Vpor defectos de fabrica, con la<3>
110858731-> data received from printer:
110858895-> <6>
110858895-> ********************** COMMAND BEGIN **********************
110858896-> data sent to printer:
110858896-> <2>Vpresentacion de esta factura (original),<3>
110859129-> data received from printer:
110859285-> <6>
110859285-> ********************** COMMAND BEGIN **********************
110859285-> data sent to printer:
110859285-> <2>Vdentro de los treinta (30) dias<3>
110859510-> data received from printer:
110859675-> <6>
110859675-> ********************** COMMAND BEGIN **********************
110859676-> data sent to printer:
110859676-> <2>Vsiguientes a la emision de la misma.<3>
110859908-> data received from printer:
110900065-> <6>
110900066-> ********************** COMMAND BEGIN **********************
110900067-> data sent to printer:
110900067-> <2>Y0<3>
110900117-> data received from printer:
110900397-> <2>SENIAT    J-316292649    1600*800*3100*2          Bs.0TIY1900001170620230547*300<3><6>
110900398-> ********************** COMMAND BEGIN **********************
110900398-> data sent to printer:
110900399-> <2>S<3>
110900406-> data received from printer:
110900563-> <21>
110900564-> ********************** COMMAND BEGIN **********************
110900564-> data sent to printer:
110900565-> <2>M<3>
110901884-> data received from printer:
110902049-> <6>
