180622038-> OPEN PORT: COM1@9600
180622042-> ********************** COMMAND BEGIN **********************
180622043-> data sent to printer:
180622043-> <2>S<3>
180625096-> No reponse from printer
180625097-> ********************** COMMAND BEGIN **********************
180625097-> data sent to printer:
180625098-> <2>V----------------------------------------<3>
180628194-> No reponse from printer
180628195-> ********************** COMMAND BEGIN **********************
180628196-> data sent to printer:
180628196-> <2>V <3>
180631261-> No reponse from printer
180631262-> ********************** COMMAND BEGIN **********************
180631263-> data sent to printer:
180631263-> <2>VOs: 0153575<3>
180634328-> No reponse from printer
180634329-> ********************** COMMAND BEGIN **********************
180634329-> data sent to printer:
180634329-> <2>VFactura:  <3>
180637395-> No reponse from printer
180637397-> ********************** COMMAND BEGIN **********************
180637397-> data sent to printer:
180637398-> <2>VCorrelativo: 152<3>
180640462-> No reponse from printer
180640463-> ********************** COMMAND BEGIN **********************
180640463-> data sent to printer:
180640464-> <2>VNombre de la sucursal: 008-TAMANACO I<3>
180643545-> No reponse from printer
180643546-> ********************** COMMAND BEGIN **********************
180643546-> data sent to printer:
180643547-> <2>VCliente: V-6550764<3>
180646613-> No reponse from printer
180646614-> ********************** COMMAND BEGIN **********************
180646615-> data sent to printer:
180646615-> <2>VTelefono: 0424-1265113 <3>
180649680-> No reponse from printer
180649681-> ********************** COMMAND BEGIN **********************
180649681-> data sent to printer:
180649681-> <2>VBanco: MERCANTIL<3>
180652748-> No reponse from printer
180652749-> ********************** COMMAND BEGIN **********************
180652749-> data sent to printer:
180652749-> <2>VMonto:    293,95<3>
180655815-> No reponse from printer
180655816-> ********************** COMMAND BEGIN **********************
180655817-> data sent to printer:
180655817-> <2>V <3>
180658881-> No reponse from printer
180658882-> ********************** COMMAND BEGIN **********************
180658882-> data sent to printer:
180658882-> <2>V----------------------------------------<3>
180701979-> No reponse from printer
180701980-> ********************** COMMAND BEGIN **********************
180701980-> data sent to printer:
180701981-> <2>T<3>
180707036-> No reponse from printer
181237598-> OPEN PORT: COM1@9600
181237601-> ********************** COMMAND BEGIN **********************
181237601-> data sent to printer:
181237601-> <2>S<3>
181240658-> No reponse from printer
181240659-> ********************** COMMAND BEGIN **********************
181240659-> data sent to printer:
181240659-> <2>V----------------------------------------<3>
181243755-> No reponse from printer
181243756-> ********************** COMMAND BEGIN **********************
181243756-> data sent to printer:
181243757-> <2>V <3>
181246808-> No reponse from printer
181246809-> ********************** COMMAND BEGIN **********************
181246809-> data sent to printer:
181246810-> <2>VOs: 0153575<3>
181249875-> No reponse from printer
181249876-> ********************** COMMAND BEGIN **********************
181249877-> data sent to printer:
181249877-> <2>VFactura:  <3>
181252942-> No reponse from printer
181252943-> ********************** COMMAND BEGIN **********************
181252943-> data sent to printer:
181252943-> <2>VCorrelativo: 0000152<3>
181256009-> No reponse from printer
181256010-> ********************** COMMAND BEGIN **********************
181256010-> data sent to printer:
181256011-> <2>VNombre de la sucursal: 008-TAMANACO I<3>
181259092-> No reponse from printer
181259093-> ********************** COMMAND BEGIN **********************
181259093-> data sent to printer:
181259093-> <2>VCliente: V-6297457<3>
181302159-> No reponse from printer
181302160-> ********************** COMMAND BEGIN **********************
181302160-> data sent to printer:
181302161-> <2>VTelefono: 0414-3312962<3>
181305226-> No reponse from printer
181305228-> ********************** COMMAND BEGIN **********************
181305229-> data sent to printer:
181305229-> <2>VBanco: PROVINCIAL<3>
181308308-> No reponse from printer
181308309-> ********************** COMMAND BEGIN **********************
181308309-> data sent to printer:
181308309-> <2>VMonto:    0,5<3>
181311375-> No reponse from printer
181311376-> ********************** COMMAND BEGIN **********************
181311377-> data sent to printer:
181311377-> <2>V <3>
181314428-> No reponse from printer
181314429-> ********************** COMMAND BEGIN **********************
181314430-> data sent to printer:
181314430-> <2>V----------------------------------------<3>
181317525-> No reponse from printer
181317526-> ********************** COMMAND BEGIN **********************
181317527-> data sent to printer:
181317527-> <2>T<3>
181322582-> No reponse from printer
