092649928-> OPEN PORT: COM1@9600
092649932-> ********************** COMMAND BEGIN **********************
092649933-> data sent to printer:
092649933-> <2>Q<3>
092655990-> No reponse from printer
092655991-> ********************** COMMAND BEGIN **********************
092655991-> data sent to printer:
092655992-> <2>M<3>
092741052-> No reponse from printer
092741891-> OPEN PORT: COM1@9600
092741893-> OPEN PORT: COM1@9600
092741895-> ********************** COMMAND BEGIN **********************
092741895-> data sent to printer:
092741895-> <2>L&1<3>
092747958-> No reponse from printer
092747965-> ********************** COMMAND BEGIN **********************
092747966-> data sent to printer:
092747966-> <2>VRazon Social: ISABEL PEREZ<3>
092752048-> No reponse from printer
092754916-> ********************** COMMAND BEGIN **********************
092754917-> data sent to printer:
092754917-> <2>Q<3>
092800981-> No reponse from printer
092800982-> ********************** COMMAND BEGIN **********************
092800985-> data sent to printer:
092800986-> <2>M<3>
133402010-> OPEN PORT: COM1@9600
133402015-> ********************** COMMAND BEGIN **********************
133402017-> data sent to printer:
133402018-> <2>S<3>
133405074-> No reponse from printer
133405075-> ********************** COMMAND BEGIN **********************
133405076-> data sent to printer:
133405076-> <2>V----------------------------------------<3>
133408175-> No reponse from printer
133408176-> ********************** COMMAND BEGIN **********************
133408176-> data sent to printer:
133408177-> <2>V <3>
133411242-> No reponse from printer
133411243-> ********************** COMMAND BEGIN **********************
133411243-> data sent to printer:
133411244-> <2>VOs: 0066880<3>
133414294-> No reponse from printer
133414296-> ********************** COMMAND BEGIN **********************
133414296-> data sent to printer:
133414296-> <2>VFactura:  <3>
133417362-> No reponse from printer
133417363-> ********************** COMMAND BEGIN **********************
133417363-> data sent to printer:
133417363-> <2>VCorrelativo: 0000008<3>
133420430-> No reponse from printer
133420431-> ********************** COMMAND BEGIN **********************
133420431-> data sent to printer:
133420431-> <2>VNombre de la sucursal: 089-METROPOLIS BARQUISIMETO<3>
133423527-> No reponse from printer
133423528-> ********************** COMMAND BEGIN **********************
133423528-> data sent to printer:
133423529-> <2>VCliente: V-629745<3>
133426594-> No reponse from printer
133426595-> ********************** COMMAND BEGIN **********************
133426595-> data sent to printer:
133426596-> <2>VTelefono: 0414-3312962<3>
133429662-> No reponse from printer
133429663-> ********************** COMMAND BEGIN **********************
133429663-> data sent to printer:
133429664-> <2>VBanco: PROVINCIAL<3>
133432729-> No reponse from printer
133432730-> ********************** COMMAND BEGIN **********************
133432730-> data sent to printer:
133432731-> <2>VMonto:    0,5<3>
133435796-> No reponse from printer
133435797-> ********************** COMMAND BEGIN **********************
133435798-> data sent to printer:
133435798-> <2>V <3>
133438864-> No reponse from printer
133438864-> ********************** COMMAND BEGIN **********************
133438865-> data sent to printer:
133438866-> <2>V----------------------------------------<3>
133441961-> No reponse from printer
133441962-> ********************** COMMAND BEGIN **********************
133441963-> data sent to printer:
133441963-> <2>T<3>
133447019-> No reponse from printer
134004527-> OPEN PORT: COM1@9600
134004530-> ********************** COMMAND BEGIN **********************
134004530-> data sent to printer:
134004531-> <2>S<3>
134007591-> No reponse from printer
134007592-> ********************** COMMAND BEGIN **********************
134007592-> data sent to printer:
134007593-> <2>V----------------------------------------<3>
134010690-> No reponse from printer
134010694-> ********************** COMMAND BEGIN **********************
134010694-> data sent to printer:
134010695-> <2>V <3>
134013757-> No reponse from printer
134013758-> ********************** COMMAND BEGIN **********************
134013758-> data sent to printer:
134013759-> <2>VOs: 0066880<3>
134016824-> No reponse from printer
134016825-> ********************** COMMAND BEGIN **********************
134016825-> data sent to printer:
134016825-> <2>VFactura:  <3>
134019891-> No reponse from printer
134019892-> ********************** COMMAND BEGIN **********************
134019892-> data sent to printer:
134019892-> <2>VCorrelativo: <3>
134022958-> No reponse from printer
134022959-> ********************** COMMAND BEGIN **********************
134022960-> data sent to printer:
134022960-> <2>VNombre de la sucursal: 089-METROPOLIS BARQUISIMETO<3>
