085029131-> ********************** COMMAND BEGIN **********************
085029160-> data sent to printer:
085029160-> <2>OT144360<0><0><0><0><0><0>4<175><3>
085030416-> data received from printer:
085030579-> <2>509232<3><6>
085257295-> ********************** COMMAND BEGIN **********************
085257296-> data sent to printer:
085257296-> <2>P105/03/2024 DEBITO   000000364871<3>
085257563-> data received from printer:
085257719-> <6>
085257719-> ********************** COMMAND BEGIN **********************
085257720-> data sent to printer:
085257720-> <2>P1DIVISAS             000000144360<3>
085257990-> data received from printer:
085258153-> <6>
085301469-> ********************** COMMAND BEGIN **********************
085301470-> data sent to printer:
085301470-> <2>V<3>
085301661-> data received from printer:
085301826-> <6>
085301826-> ********************** COMMAND BEGIN **********************
085301827-> data sent to printer:
085301827-> <2>VNumero Orden: 0144244<3>
085302041-> data received from printer:
085302201-> <6>
085302202-> ********************** COMMAND BEGIN **********************
085302202-> data sent to printer:
085302203-> <2>V<3>
085302396-> data received from printer:
085302561-> <6>
085302606-> ********************** COMMAND BEGIN **********************
085302607-> data sent to printer:
085302607-> <2>V<161><161><161>GRACIAS POR SU COMPRA!!!<3>
085302826-> data received from printer:
085302981-> <6>
085302981-> ********************** COMMAND BEGIN **********************
085302982-> data sent to printer:
085302982-> <2>VSolo se aceptaran devoluciones<3>
085303206-> data received from printer:
085303371-> <6>
085303371-> ********************** COMMAND BEGIN **********************
085303372-> data sent to printer:
085303372-> <2>Vpor defectos de fabrica, con la<3>
085303599-> data received from printer:
085303761-> <6>
085303761-> ********************** COMMAND BEGIN **********************
085303762-> data sent to printer:
085303762-> <2>Vpresentacion de esta factura (original),<3>
085303994-> data received from printer:
085304152-> <6>
085304152-> ********************** COMMAND BEGIN **********************
085304153-> data sent to printer:
085304153-> <2>Vdentro de los treinta (30) dias<3>
085304377-> data received from printer:
085304528-> <6>
085304528-> ********************** COMMAND BEGIN **********************
085304529-> data sent to printer:
085304529-> <2>Vsiguientes a la emision de la misma.<3>
085304760-> data received from printer:
085304918-> <6>
085304930-> ********************** COMMAND BEGIN **********************
085304930-> data sent to printer:
085304931-> <2>Y0<3>
085304980-> data received from printer:
085305264-> <2>SENIAT    J-316292649    1600*800*3100*2          Bs.0TIY1900001061020232238*300<3><6>
085305266-> ********************** COMMAND BEGIN **********************
085305266-> data sent to printer:
085305267-> <2>S<3>
085305274-> data received from printer:
085305430-> <21>
085305431-> ********************** COMMAND BEGIN **********************
085305431-> data sent to printer:
085305432-> <2>M<3>
085306776-> data received from printer:
085306931-> <6>
