112736874-> OPEN PORT: COM1@9600
112737019-> ********************** COMMAND BEGIN **********************
112737020-> data sent to printer:
112737020-> <2>Q<3>
112743072-> No reponse from printer
112743073-> ********************** COMMAND BEGIN **********************
112743074-> data sent to printer:
112743074-> <2>M<3>
112828131-> No reponse from printer
121543494-> OPEN PORT: COM1@9600
121543592-> ********************** COMMAND BEGIN **********************
121543593-> data sent to printer:
121543594-> <2>Q<3>
121549656-> No reponse from printer
121549657-> ********************** COMMAND BEGIN **********************
121549658-> data sent to printer:
121549658-> <2>M<3>
121634717-> No reponse from printer
153916420-> OPEN PORT: COM1@9600
153916529-> OPEN PORT: COM1@9600
153917926-> ********************** COMMAND BEGIN **********************
153917927-> data sent to printer:
153917927-> <2>L&1<3>
153923987-> No reponse from printer
153923988-> ********************** COMMAND BEGIN **********************
153923988-> data sent to printer:
153923989-> <2>VRazon Social: GIOVANNY CUERVA<3>
153928052-> No reponse from printer
153949348-> OPEN PORT: COM1@9600
153949373-> ********************** COMMAND BEGIN **********************
153949373-> data sent to printer:
153949374-> <2>Q<3>
153955439-> No reponse from printer
153955440-> ********************** COMMAND BEGIN **********************
153955440-> data sent to printer:
153955441-> <2>M<3>
154040498-> No reponse from printer
