114453741-> OPEN PORT: COM1@9600
114453830-> ********************** COMMAND BEGIN **********************
114453830-> data sent to printer:
114453830-> <2>Q<3>
114453835-> data received from printer:
114453997-> <21>
114453998-> ********************** COMMAND BEGIN **********************
114453998-> data sent to printer:
114453999-> <2>M<3>
114454004-> data received from printer:
114454162-> <21>
114456381-> OPEN PORT: COM1@9600
114456445-> OPEN PORT: COM1@9600
114456468-> ********************** COMMAND BEGIN **********************
114456468-> data sent to printer:
114456469-> <2>L&1<3>
114457129-> data received from printer:
114457298-> <2>6125*6101<3><6>
114457299-> ********************** COMMAND BEGIN **********************
114457299-> data sent to printer:
114457300-> <2>VRazon Social: YOLEYDI OCHOA<3>
114457385-> data received from printer:
114457538-> <6>
114457539-> ********************** COMMAND BEGIN **********************
114457539-> data sent to printer:
114457540-> <2>VCI/Rif: V-18002649<3>
114457615-> data received from printer:
114457780-> <6>
114457781-> ********************** COMMAND BEGIN **********************
114457781-> data sent to printer:
114457781-> <2>V----------------------------------------<3>
114457881-> data received from printer:
114458035-> <6>
114458037-> ********************** COMMAND BEGIN **********************
114458037-> data sent to printer:
114458038-> <2>Y0<3>
114458045-> data received from printer:
114458294-> <2>SENIAT    J-00000000000001600*0800*3100*2          Bs.0TIS0900049190220251137<3><6>
114458296-> ********************** COMMAND BEGIN **********************
114458297-> data sent to printer:
114458297-> <2>VL071948 DPCOEXES3175-SMA<3>
114458379-> data received from printer:
114458535-> <6>
114458536-> ********************** COMMAND BEGIN **********************
114458536-> data sent to printer:
114458537-> <2>N11,000xBs1998,86     00001998861<3>
114458678-> data received from printer:
114458836-> <6>
114459131-> ********************** COMMAND BEGIN **********************
114459132-> data sent to printer:
114459133-> <2>O1<3>
114459682-> data received from printer:
114459852-> <2>231868<3><6>
114459927-> ********************** COMMAND BEGIN **********************
114459928-> data sent to printer:
114459929-> <2>P117/02/2025 EFECTIVO 000000231868<3>
114500125-> data received from printer:
114500290-> <6>
114500291-> ********************** COMMAND BEGIN **********************
114500291-> data sent to printer:
114500292-> <2>V<3>
114500348-> data received from printer:
114500501-> <6>
114500502-> ********************** COMMAND BEGIN **********************
114500502-> data sent to printer:
114500503-> <2>VNumero Orden: 0153635<3>
114500582-> data received from printer:
114500741-> <6>
114500742-> ********************** COMMAND BEGIN **********************
114500742-> data sent to printer:
114500743-> <2>V<3>
114500799-> data received from printer:
114500952-> <6>
114501007-> ********************** COMMAND BEGIN **********************
114501008-> data sent to printer:
114501008-> <2>V<161><161><161>GRACIAS POR SU COMPRA!!!<3>
114501095-> data received from printer:
114501253-> <6>
114501254-> ********************** COMMAND BEGIN **********************
114501254-> data sent to printer:
114501254-> <2>VSolo se aceptaran devoluciones<3>
114501343-> data received from printer:
114501509-> <6>
114501510-> ********************** COMMAND BEGIN **********************
114501510-> data sent to printer:
114501510-> <2>Vpor defectos de fabrica, con la<3>
114501600-> data received from printer:
114501765-> <6>
114501766-> ********************** COMMAND BEGIN **********************
114501766-> data sent to printer:
114501767-> <2>Vpresentacion de esta factura (original),<3>
114501866-> data received from printer:
114502020-> <6>
114502021-> ********************** COMMAND BEGIN **********************
114502021-> data sent to printer:
114502021-> <2>Vdentro de los treinta (30) dias<3>
114502111-> data received from printer:
114502275-> <6>
114502276-> ********************** COMMAND BEGIN **********************
114502276-> data sent to printer:
114502277-> <2>Vsiguientes a la emision de la misma.<3>
114502372-> data received from printer:
114502531-> <6>
114502531-> ********************** COMMAND BEGIN **********************
114502532-> data sent to printer:
114502532-> <2>Y0<3>
114502540-> data received from printer:
114502790-> <2>SENIAT    J-00000000000001600*0800*3100*2          Bs.0TIS0900049190220251138<3><6>
114502791-> ********************** COMMAND BEGIN **********************
114502791-> data sent to printer:
114502792-> <2>M<3>
114504090-> data received from printer:
114504246-> <6>
114509318-> OPEN PORT: COM1@9600
114509396-> ********************** COMMAND BEGIN **********************
114509396-> data sent to printer:
114509397-> <2>Y3<3>
114509404-> data received from printer:
114509578-> <2>6125*6101*910*0*<3><6>
114551727-> OPEN PORT: COM1@9600
114551793-> ********************** COMMAND BEGIN **********************
114551794-> data sent to printer:
114551794-> <2>Q<3>
114551799-> data received from printer:
114551962-> <21>
114551963-> ********************** COMMAND BEGIN **********************
114551963-> data sent to printer:
114551963-> <2>M<3>
114551968-> data received from printer:
114552127-> <21>
114553444-> OPEN PORT: COM1@9600
114553508-> OPEN PORT: COM1@9600
114553509-> ********************** COMMAND BEGIN **********************
114553509-> data sent to printer:
114553509-> <2>L&1<3>
114554170-> data received from printer:
114554343-> <2>6126*6101<3><6>
114554344-> ********************** COMMAND BEGIN **********************
114554344-> data sent to printer:
114554344-> <2>VRazon Social: YOLEYDI OCHOA<3>
114554430-> data received from printer:
114554583-> <6>
114554584-> ********************** COMMAND BEGIN **********************
114554584-> data sent to printer:
114554584-> <2>VCI/Rif: V-18002649<3>
114554660-> data received from printer:
114554824-> <6>
114554825-> ********************** COMMAND BEGIN **********************
114554825-> data sent to printer:
114554826-> <2>V----------------------------------------<3>
114554925-> data received from printer:
114555079-> <6>
114555079-> ********************** COMMAND BEGIN **********************
114555080-> data sent to printer:
114555080-> <2>Y0<3>
114555088-> data received from printer:
114555338-> <2>SENIAT    J-00000000000001600*0800*3100*2          Bs.0TIS0900049190220251138<3><6>
114555339-> ********************** COMMAND BEGIN **********************
114555339-> data sent to printer:
114555339-> <2>VL071948 DPCOEXES3175-SMA<3>
114555422-> data received from printer:
114555579-> <6>
114555580-> ********************** COMMAND BEGIN **********************
114555580-> data sent to printer:
114555580-> <2>N11,000xBs1998,86     00001998861<3>
114555722-> data received from printer:
114555879-> <6>
114556071-> ********************** COMMAND BEGIN **********************
114556073-> data sent to printer:
114556074-> <2>O1<3>
114556624-> data received from printer:
114556786-> <2>231868<3><6>
114556823-> ********************** COMMAND BEGIN **********************
114556823-> data sent to printer:
114556824-> <2>P117/02/2025 EFECTIVO 000000231868<3>
114557019-> data received from printer:
114557178-> <6>
114557179-> ********************** COMMAND BEGIN **********************
114557179-> data sent to printer:
114557179-> <2>V<3>
114557236-> data received from printer:
114557388-> <6>
114557389-> ********************** COMMAND BEGIN **********************
114557389-> data sent to printer:
114557389-> <2>VNumero Orden: 0153634<3>
114600448-> No reponse from printer
114600448-> ********************** COMMAND BEGIN **********************
114600449-> data sent to printer:
114600449-> <2>V<3>
114603507-> No reponse from printer
114603515-> ********************** COMMAND BEGIN **********************
114603516-> data sent to printer:
114603516-> <2>V<161><161><161>GRACIAS POR SU COMPRA!!!<3>
114603551-> data received from printer:
114603702-> <21>
114603703-> ********************** COMMAND BEGIN **********************
114603703-> data sent to printer:
114603704-> <2>VSolo se aceptaran devoluciones<3>
114603740-> data received from printer:
114603897-> <21>
114603898-> ********************** COMMAND BEGIN **********************
114603898-> data sent to printer:
114603899-> <2>Vpor defectos de fabrica, con la<3>
114603936-> data received from printer:
114604093-> <21>
114604094-> ********************** COMMAND BEGIN **********************
114604094-> data sent to printer:
114604094-> <2>Vpresentacion de esta factura (original),<3>
114604141-> data received from printer:
114604303-> <21>
114604304-> ********************** COMMAND BEGIN **********************
114604304-> data sent to printer:
114604304-> <2>Vdentro de los treinta (30) dias<3>
114604342-> data received from printer:
114604499-> <21>
114604500-> ********************** COMMAND BEGIN **********************
114604500-> data sent to printer:
114604500-> <2>Vsiguientes a la emision de la misma.<3>
114604543-> data received from printer:
114604695-> <21>
114604695-> ********************** COMMAND BEGIN **********************
114604696-> data sent to printer:
114604696-> <2>Y0<3>
114604704-> data received from printer:
114604955-> <2>SENIAT    J-00000000000001600*0800*3100*2          Bs.0TIS0900049190220251139<3><6>
114604956-> ********************** COMMAND BEGIN **********************
114604956-> data sent to printer:
114604957-> <2>M<3>
114604961-> data received from printer:
114605120-> <21>
114610182-> OPEN PORT: COM1@9600
114610248-> ********************** COMMAND BEGIN **********************
114610248-> data sent to printer:
114610248-> <2>Y3<3>
114610256-> data received from printer:
114610442-> <2>6126*6126*910*0*<3><6>
