121813703-> OPEN PORT: COM1@9600
121813944-> ********************** COMMAND BEGIN **********************
121813945-> data sent to printer:
121813945-> <2>Q<3>
121813950-> data received from printer:
121814115-> <21>
121814116-> ********************** COMMAND BEGIN **********************
121814116-> data sent to printer:
121814116-> <2>M<3>
121814121-> data received from printer:
121814280-> <21>
121815630-> OPEN PORT: COM1@9600
121815694-> OPEN PORT: COM1@9600
121815711-> ********************** COMMAND BEGIN **********************
121815712-> data sent to printer:
121815718-> <2>L&1<3>
121816378-> data received from printer:
121816551-> <2>6133*6126<3><6>
121816552-> ********************** COMMAND BEGIN **********************
121816552-> data sent to printer:
121816553-> <2>VRazon Social: YOLEYDI OCHOA<3>
121816638-> data received from printer:
121816791-> <6>
121816792-> ********************** COMMAND BEGIN **********************
121816792-> data sent to printer:
121816792-> <2>VCI/Rif: V-18002649<3>
121816868-> data received from printer:
121817033-> <6>
121817034-> ********************** COMMAND BEGIN **********************
121817034-> data sent to printer:
121817035-> <2>V----------------------------------------<3>
121817134-> data received from printer:
121817288-> <6>
121817303-> ********************** COMMAND BEGIN **********************
121817304-> data sent to printer:
121817304-> <2>Y0<3>
121817312-> data received from printer:
121817563-> <2>SENIAT    J-00000000000001600*0800*3100*2          Bs.0TIS0900049270220251210<3><6>
121817574-> ********************** COMMAND BEGIN **********************
121817574-> data sent to printer:
121817575-> <2>VL071948 DPCOEXES3175-SMA<3>
121817657-> data received from printer:
121817818-> <6>
121817819-> ********************** COMMAND BEGIN **********************
121817819-> data sent to printer:
121817820-> <2>N11,000xBs1998,86     00001998861<3>
121817962-> data received from printer:
121818118-> <6>
121818347-> ********************** COMMAND BEGIN **********************
121818349-> data sent to printer:
121818350-> <2>O1<3>
121818900-> data received from printer:
121819074-> <2>231868<3><6>
121819125-> ********************** COMMAND BEGIN **********************
121819126-> data sent to printer:
121819128-> <2>P121/02/2025 EFECTIVO 000000231868<3>
121819323-> data received from printer:
121819481-> <6>
121821899-> ********************** COMMAND BEGIN **********************
121821901-> data sent to printer:
121821904-> <2>V<3>
121821962-> data received from printer:
121822123-> <6>
121822124-> ********************** COMMAND BEGIN **********************
121822124-> data sent to printer:
121822125-> <2>VNumero Orden: 0153631<3>
121822204-> data received from printer:
121822363-> <6>
121822364-> ********************** COMMAND BEGIN **********************
121822364-> data sent to printer:
121822365-> <2>V<3>
121822421-> data received from printer:
121822573-> <6>
121822610-> ********************** COMMAND BEGIN **********************
121822610-> data sent to printer:
121822611-> <2>V<161><161><161>GRACIAS POR SU COMPRA!!!<3>
121822696-> data received from printer:
121822860-> <6>
121822861-> ********************** COMMAND BEGIN **********************
121822861-> data sent to printer:
121822861-> <2>VSolo se aceptaran devoluciones<3>
121822950-> data received from printer:
121823115-> <6>
121823116-> ********************** COMMAND BEGIN **********************
121823116-> data sent to printer:
121823116-> <2>Vpor defectos de fabrica, con la<3>
121823206-> data received from printer:
121823370-> <6>
121823380-> ********************** COMMAND BEGIN **********************
121823380-> data sent to printer:
121823381-> <2>Vpresentacion de esta factura (original),<3>
121823480-> data received from printer:
121823640-> <6>
121823641-> ********************** COMMAND BEGIN **********************
121823641-> data sent to printer:
121823642-> <2>Vdentro de los treinta (30) dias<3>
121823731-> data received from printer:
121823897-> <6>
121823898-> ********************** COMMAND BEGIN **********************
121823898-> data sent to printer:
121823898-> <2>Vsiguientes a la emision de la misma.<3>
121823993-> data received from printer:
121824152-> <6>
121824153-> ********************** COMMAND BEGIN **********************
121824153-> data sent to printer:
121824153-> <2>Y0<3>
121824161-> data received from printer:
121824411-> <2>SENIAT    J-00000000000001600*0800*3100*2          Bs.0TIS0900049270220251210<3><6>
121824412-> ********************** COMMAND BEGIN **********************
121824412-> data sent to printer:
121824413-> <2>M<3>
121825711-> data received from printer:
121825881-> <6>
121830959-> OPEN PORT: COM1@9600
121831064-> ********************** COMMAND BEGIN **********************
121831064-> data sent to printer:
121831065-> <2>Y3<3>
121831072-> data received from printer:
121831249-> <2>6133*6126*910*0*<3><6>
