151128609-> OPEN PORT: COM1@9600
151128677-> ********************** COMMAND BEGIN **********************
151128678-> data sent to printer:
151128678-> <2>Q<3>
151128686-> data received from printer:
151128851-> <21>
151128852-> ********************** COMMAND BEGIN **********************
151128852-> data sent to printer:
151128852-> <2>M<3>
151128860-> data received from printer:
151129016-> <21>
151205669-> OPEN PORT: COM1@9600
151205712-> ********************** COMMAND BEGIN **********************
151205713-> data sent to printer:
151205713-> <2>Q<3>
151205721-> data received from printer:
151205885-> <21>
151205885-> ********************** COMMAND BEGIN **********************
151205886-> data sent to printer:
151205886-> <2>M<3>
151205894-> data received from printer:
151206051-> <21>
161254328-> OPEN PORT: COM1@9600
161254391-> ********************** COMMAND BEGIN **********************
161254391-> data sent to printer:
161254391-> <2>Q<3>
161254399-> data received from printer:
161254550-> <21>
161254551-> ********************** COMMAND BEGIN **********************
161254551-> data sent to printer:
161254551-> <2>M<3>
161254559-> data received from printer:
161254716-> <21>
161616973-> OPEN PORT: COM1@9600
161617017-> ********************** COMMAND BEGIN **********************
161617017-> data sent to printer:
161617018-> <2>Q<3>
161617025-> data received from printer:
161617184-> <21>
161617185-> ********************** COMMAND BEGIN **********************
161617185-> data sent to printer:
161617186-> <2>M<3>
161617193-> data received from printer:
161617350-> <21>
