151248345-> OPEN PORT: COM1@9600
151248539-> ********************** COMMAND BEGIN **********************
151248540-> data sent to printer:
151248540-> <2>Q<3>
151248545-> data received from printer:
151248697-> <21>
151248698-> ********************** COMMAND BEGIN **********************
151248698-> data sent to printer:
151248698-> <2>M<3>
151248703-> data received from printer:
151248863-> <21>
151254121-> OPEN PORT: COM1@9600
151254185-> OPEN PORT: COM1@9600
151254228-> ********************** COMMAND BEGIN **********************
151254229-> data sent to printer:
151254232-> <2>L&1<3>
151254892-> data received from printer:
151255066-> <2>6061*6050<3><6>
151255067-> ********************** COMMAND BEGIN **********************
151255067-> data sent to printer:
151255068-> <2>VRazon Social: JULIA DIAZ<3>
151255150-> data received from printer:
151255307-> <6>
151255308-> ********************** COMMAND BEGIN **********************
151255308-> data sent to printer:
151255308-> <2>VCI/Rif: V-10791904<3>
151255384-> data received from printer:
151255547-> <6>
151255548-> ********************** COMMAND BEGIN **********************
151255548-> data sent to printer:
151255548-> <2>V----------------------------------------<3>
151255648-> data received from printer:
151255803-> <6>
151255806-> ********************** COMMAND BEGIN **********************
151255806-> data sent to printer:
151255806-> <2>Y0<3>
151255814-> data received from printer:
151256063-> <2>SENIAT    J-00000000000001600*0800*3100*2          Bs.0TIS0900049240120251505<3><6>
151256066-> ********************** COMMAND BEGIN **********************
151256066-> data sent to printer:
151256067-> <2>VA000004 GARANTIA EXTENDIDA<3>
151256151-> data received from printer:
151256304-> <6>
151256305-> ********************** COMMAND BEGIN **********************
151256306-> data sent to printer:
151256306-> <2>N11,000xBs3052,91     00003052911<3>
151256448-> data received from printer:
151256604-> <6>
151256605-> ********************** COMMAND BEGIN **********************
151256605-> data sent to printer:
151256605-> <2>VC000632 MULTIGRESSIV MyView 2 1.60 CleAR<3>
151256705-> data received from printer:
151256859-> <6>
151256860-> ********************** COMMAND BEGIN **********************
151256860-> data sent to printer:
151256860-> <2>V B2 *<3>
151256922-> data received from printer:
151257084-> <6>
151257085-> ********************** COMMAND BEGIN **********************
151257085-> data sent to printer:
151257085-> <2>N12,000xBs6774,84     00013549680<3>
151257227-> data received from printer:
151257385-> <6>
151257385-> ********************** COMMAND BEGIN **********************
151257386-> data sent to printer:
151257386-> <2>VM172652 CPCLACQU150258TR<3>
151257468-> data received from printer:
151257625-> <6>
151257625-> ********************** COMMAND BEGIN **********************
151257627-> data sent to printer:
151257627-> <2>N11,000xBs2509,20     00002509201<3>
151257769-> data received from printer:
151257926-> <6>
151258002-> ********************** COMMAND BEGIN **********************
151258004-> data sent to printer:
151258005-> <2>Q<3>
151258104-> data received from printer:
151258257-> <6>
151258257-> ********************** COMMAND BEGIN **********************
151258258-> data sent to printer:
151258258-> <2>M<3>
151258263-> data received from printer:
151258422-> <21>
151403088-> OPEN PORT: COM1@9600
151403152-> ********************** COMMAND BEGIN **********************
151403153-> data sent to printer:
151403153-> <2>Q<3>
151403158-> data received from printer:
151403318-> <21>
151403319-> ********************** COMMAND BEGIN **********************
151403319-> data sent to printer:
151403319-> <2>M<3>
151403323-> data received from printer:
151403483-> <21>
151409584-> OPEN PORT: COM1@9600
151410748-> OPEN PORT: COM1@9600
151410859-> ********************** COMMAND BEGIN **********************
151410860-> data sent to printer:
151410860-> <2>L&1<3>
151411521-> data received from printer:
151411689-> <2>6062*6061<3><6>
151411690-> ********************** COMMAND BEGIN **********************
151411690-> data sent to printer:
151411690-> <2>VRazon Social: JULIA DIAZ<3>
151411772-> data received from printer:
151411929-> <6>
151411930-> ********************** COMMAND BEGIN **********************
151411930-> data sent to printer:
151411930-> <2>VCI/Rif: V-10791904<3>
151412006-> data received from printer:
151412169-> <6>
151412170-> ********************** COMMAND BEGIN **********************
151412170-> data sent to printer:
151412170-> <2>V----------------------------------------<3>
151412270-> data received from printer:
151412424-> <6>
151414945-> ********************** COMMAND BEGIN **********************
151414946-> data sent to printer:
151414946-> <2>Y0<3>
151414954-> data received from printer:
151415209-> <2>SENIAT    J-00000000000001600*0800*3100*2          Bs.0TIS0900049240120251507<3><6>
151417759-> ********************** COMMAND BEGIN **********************
151417760-> data sent to printer:
151417760-> <2>VA000004 GARANTIA EXTENDIDA<3>
151417844-> data received from printer:
151418008-> <6>
151418008-> ********************** COMMAND BEGIN **********************
151418009-> data sent to printer:
151418009-> <2>N11,000xBs3052,91     00003052911<3>
151418151-> data received from printer:
151418308-> <6>
151425304-> ********************** COMMAND BEGIN **********************
151425304-> data sent to printer:
151425305-> <2>VC000632 MULTIGRESSIV MyView 2 1.60 CleAR<3>
151425404-> data received from printer:
151425563-> <6>
151425564-> ********************** COMMAND BEGIN **********************
151425564-> data sent to printer:
151425564-> <2>V B2 *<3>
151425626-> data received from printer:
151425789-> <6>
151425790-> ********************** COMMAND BEGIN **********************
151425790-> data sent to printer:
151425790-> <2>N12,000xBs6774,84     00013549680<3>
151425932-> data received from printer:
151426090-> <6>
151426090-> ********************** COMMAND BEGIN **********************
151426091-> data sent to printer:
151426091-> <2>VM172652 CPCLACQU150258TR<3>
151426173-> data received from printer:
151426330-> <6>
151426331-> ********************** COMMAND BEGIN **********************
151426331-> data sent to printer:
151426332-> <2>N11,000xBs2509,20     00002509201<3>
151426474-> data received from printer:
151426630-> <6>
151733967-> ********************** COMMAND BEGIN **********************
151733968-> data sent to printer:
151733969-> <2>Q<3>
151734067-> data received from printer:
151734223-> <6>
151734223-> ********************** COMMAND BEGIN **********************
151734224-> data sent to printer:
151734224-> <2>M<3>
151734229-> data received from printer:
151734389-> <21>
152848511-> OPEN PORT: COM1@9600
152848576-> ********************** COMMAND BEGIN **********************
152848576-> data sent to printer:
152848577-> <2>Q<3>
152848581-> data received from printer:
152848738-> <21>
152848739-> ********************** COMMAND BEGIN **********************
152848739-> data sent to printer:
152848740-> <2>M<3>
152848744-> data received from printer:
152848903-> <21>
152859702-> OPEN PORT: COM1@9600
152859766-> OPEN PORT: COM1@9600
152859767-> ********************** COMMAND BEGIN **********************
152859767-> data sent to printer:
152859768-> <2>L&1<3>
152900428-> data received from printer:
152900600-> <2>6063*6062<3><6>
152900601-> ********************** COMMAND BEGIN **********************
152900601-> data sent to printer:
152900601-> <2>VRazon Social: JULIA DIAZ<3>
152900684-> data received from printer:
152900841-> <6>
152900841-> ********************** COMMAND BEGIN **********************
152900842-> data sent to printer:
152900842-> <2>VCI/Rif: V-10791904<3>
152900918-> data received from printer:
152901081-> <6>
152901081-> ********************** COMMAND BEGIN **********************
152901082-> data sent to printer:
152901082-> <2>V----------------------------------------<3>
152901181-> data received from printer:
152901338-> <6>
152901339-> ********************** COMMAND BEGIN **********************
152901339-> data sent to printer:
152901339-> <2>Y0<3>
152901347-> data received from printer:
152901596-> <2>SENIAT    J-00000000000001600*0800*3100*2          Bs.0TIS0900049240120251522<3><6>
152901597-> ********************** COMMAND BEGIN **********************
152901597-> data sent to printer:
152901598-> <2>VA000004 GARANTIA EXTENDIDA<3>
152901682-> data received from printer:
152901836-> <6>
152901837-> ********************** COMMAND BEGIN **********************
152901837-> data sent to printer:
152901837-> <2>N11,000xBs3052,91     00003052911<3>
152901980-> data received from printer:
152902136-> <6>
152902137-> ********************** COMMAND BEGIN **********************
152902137-> data sent to printer:
152902137-> <2>VC000632 MULTIGRESSIV MyView 2 1.60 CleAR<3>
152902237-> data received from printer:
152902391-> <6>
152902392-> ********************** COMMAND BEGIN **********************
152902392-> data sent to printer:
152902392-> <2>V B2 *<3>
152902455-> data received from printer:
152902617-> <6>
152902618-> ********************** COMMAND BEGIN **********************
152902618-> data sent to printer:
152902618-> <2>N12,000xBs6774,84     00013549680<3>
152902760-> data received from printer:
152902917-> <6>
152902918-> ********************** COMMAND BEGIN **********************
152902918-> data sent to printer:
152902918-> <2>VM172652 CPCLACQU150258TR<3>
152903001-> data received from printer:
152903158-> <6>
152903159-> ********************** COMMAND BEGIN **********************
152903159-> data sent to printer:
152903159-> <2>N11,000xBs2509,20     00002509201<3>
152903301-> data received from printer:
152903458-> <6>
153123970-> ********************** COMMAND BEGIN **********************
153123971-> data sent to printer:
153123972-> <2>Q<3>
153124070-> data received from printer:
153124230-> <6>
153124231-> ********************** COMMAND BEGIN **********************
153124231-> data sent to printer:
153124232-> <2>M<3>
153124237-> data received from printer:
153124395-> <21>
153428412-> OPEN PORT: COM1@9600
153428478-> ********************** COMMAND BEGIN **********************
153428479-> data sent to printer:
153428480-> <2>Q<3>
153428485-> data received from printer:
153428650-> <21>
153428650-> ********************** COMMAND BEGIN **********************
153428651-> data sent to printer:
153428651-> <2>M<3>
153428656-> data received from printer:
153428816-> <21>
153431377-> OPEN PORT: COM1@9600
153431441-> OPEN PORT: COM1@9600
153431442-> ********************** COMMAND BEGIN **********************
153431442-> data sent to printer:
153431442-> <2>L&1<3>
153432103-> data received from printer:
153432269-> <2>6064*6063<3><6>
153432270-> ********************** COMMAND BEGIN **********************
153432270-> data sent to printer:
153432270-> <2>VRazon Social: JORGE CABEZA<3>
153432355-> data received from printer:
153432509-> <6>
153432510-> ********************** COMMAND BEGIN **********************
153432510-> data sent to printer:
153432510-> <2>VCI/Rif: V-21065684<3>
153432586-> data received from printer:
153432749-> <6>
153432750-> ********************** COMMAND BEGIN **********************
153432750-> data sent to printer:
153432751-> <2>V----------------------------------------<3>
153432850-> data received from printer:
153433005-> <6>
153433005-> ********************** COMMAND BEGIN **********************
153433006-> data sent to printer:
153433006-> <2>Y0<3>
153433014-> data received from printer:
153433265-> <2>SENIAT    J-00000000000001600*0800*3100*2          Bs.0TIS0900049240120251527<3><6>
153433266-> ********************** COMMAND BEGIN **********************
153433266-> data sent to printer:
153433267-> <2>VL071295 DPCOVOGE2792-SG<3>
153433348-> data received from printer:
153433505-> <6>
153433506-> ********************** COMMAND BEGIN **********************
153433506-> data sent to printer:
153433507-> <2>N11,000xBs5074,16     00005074161<3>
153433648-> data received from printer:
153433806-> <6>
153435593-> ********************** COMMAND BEGIN **********************
153435593-> data sent to printer:
153435594-> <2>O1<3>
153436142-> data received from printer:
153436304-> <2>588603<3><6>
153436352-> ********************** COMMAND BEGIN **********************
153436353-> data sent to printer:
153436353-> <2>P123/01/2025 TRANSFERE000000446080<3>
153436496-> data received from printer:
153436652-> <6>
153436653-> ********************** COMMAND BEGIN **********************
153436653-> data sent to printer:
153436654-> <2>P123/01/2025 EFECTIVO 000000142523<3>
153436849-> data received from printer:
153437013-> <6>
153437014-> ********************** COMMAND BEGIN **********************
153437014-> data sent to printer:
153437015-> <2>V<3>
153437071-> data received from printer:
153437223-> <6>
153437223-> ********************** COMMAND BEGIN **********************
153437224-> data sent to printer:
153437224-> <2>VNumero Orden: 0002638<3>
153437303-> data received from printer:
153437463-> <6>
153437463-> ********************** COMMAND BEGIN **********************
153437464-> data sent to printer:
153437464-> <2>V<3>
153437521-> data received from printer:
153437673-> <6>
153437684-> ********************** COMMAND BEGIN **********************
153437685-> data sent to printer:
153437685-> <2>V<161><161><161>GRACIAS POR SU COMPRA!!!<3>
153437770-> data received from printer:
153437928-> <6>
153437929-> ********************** COMMAND BEGIN **********************
153437929-> data sent to printer:
153437930-> <2>VSolo se aceptaran devoluciones<3>
153438018-> data received from printer:
153438184-> <6>
153438185-> ********************** COMMAND BEGIN **********************
153438185-> data sent to printer:
153438185-> <2>Vpor defectos de fabrica, con la<3>
153438275-> data received from printer:
153438439-> <6>
153438440-> ********************** COMMAND BEGIN **********************
153438440-> data sent to printer:
153438440-> <2>Vpresentacion de esta factura (original),<3>
153438540-> data received from printer:
153438694-> <6>
153438695-> ********************** COMMAND BEGIN **********************
153438695-> data sent to printer:
153438695-> <2>Vdentro de los treinta (30) dias<3>
153438785-> data received from printer:
153438936-> <6>
153438937-> ********************** COMMAND BEGIN **********************
153438937-> data sent to printer:
153438937-> <2>Vsiguientes a la emision de la misma.<3>
153439032-> data received from printer:
153439192-> <6>
153439192-> ********************** COMMAND BEGIN **********************
153439193-> data sent to printer:
153439193-> <2>Y0<3>
153439201-> data received from printer:
153439452-> <2>SENIAT    J-00000000000001600*0800*3100*2          Bs.0TIS0900049240120251527<3><6>
153439453-> ********************** COMMAND BEGIN **********************
153439453-> data sent to printer:
153439453-> <2>M<3>
153440751-> data received from printer:
153440907-> <6>
153455969-> OPEN PORT: COM1@9600
153456051-> ********************** COMMAND BEGIN **********************
153456051-> data sent to printer:
153456052-> <2>Y3<3>
153456059-> data received from printer:
153456241-> <2>6064*6063*909*0*<3><6>
154220999-> OPEN PORT: COM1@9600
154221063-> ********************** COMMAND BEGIN **********************
154221063-> data sent to printer:
154221063-> <2>Q<3>
154221068-> data received from printer:
154221224-> <21>
154221225-> ********************** COMMAND BEGIN **********************
154221225-> data sent to printer:
154221226-> <2>M<3>
154221231-> data received from printer:
154221389-> <21>
154223618-> OPEN PORT: COM1@9600
154223682-> OPEN PORT: COM1@9600
154223683-> ********************** COMMAND BEGIN **********************
154223683-> data sent to printer:
154223684-> <2>L&1<3>
154224344-> data received from printer:
154224520-> <2>6065*6063<3><6>
154224520-> ********************** COMMAND BEGIN **********************
154224521-> data sent to printer:
154224521-> <2>VRazon Social: JULIA DIAZ<3>
154224604-> data received from printer:
154224760-> <6>
154224760-> ********************** COMMAND BEGIN **********************
154224761-> data sent to printer:
154224761-> <2>VCI/Rif: V-10791904<3>
154224837-> data received from printer:
154225001-> <6>
154225002-> ********************** COMMAND BEGIN **********************
154225002-> data sent to printer:
154225003-> <2>V----------------------------------------<3>
154225102-> data received from printer:
154225256-> <6>
154225256-> ********************** COMMAND BEGIN **********************
154225257-> data sent to printer:
154225257-> <2>Y0<3>
154225265-> data received from printer:
154225514-> <2>SENIAT    J-00000000000001600*0800*3100*2          Bs.0TIS0900049240120251535<3><6>
154225515-> ********************** COMMAND BEGIN **********************
154225515-> data sent to printer:
154225515-> <2>VA000004 GARANTIA EXTENDIDA<3>
154225600-> data received from printer:
154225754-> <6>
154225754-> ********************** COMMAND BEGIN **********************
154225755-> data sent to printer:
154225755-> <2>N11,000xBs3052,91     00003052911<3>
154225897-> data received from printer:
154226055-> <6>
154226056-> ********************** COMMAND BEGIN **********************
154226056-> data sent to printer:
154226056-> <2>VC000632 MULTIGRESSIV MyView 2 1.60 CleAR<3>
154226156-> data received from printer:
154226311-> <6>
154226312-> ********************** COMMAND BEGIN **********************
154226312-> data sent to printer:
154226313-> <2>V B2 *<3>
154226375-> data received from printer:
154226537-> <6>
154226538-> ********************** COMMAND BEGIN **********************
154226538-> data sent to printer:
154226539-> <2>N12,000xBs6774,84     00013549680<3>
154226681-> data received from printer:
154226837-> <6>
154226838-> ********************** COMMAND BEGIN **********************
154226838-> data sent to printer:
154226838-> <2>VM172652 CPCLACQU150258TR<3>
154226921-> data received from printer:
154227077-> <6>
154227077-> ********************** COMMAND BEGIN **********************
154227078-> data sent to printer:
154227078-> <2>N11,000xBs2509,20     00002509201<3>
154227220-> data received from printer:
154227378-> <6>
154249690-> ********************** COMMAND BEGIN **********************
154249690-> data sent to printer:
154249691-> <2>O1<3>
154250240-> data received from printer:
154250415-> <2>02000173<3><6>
154250430-> ********************** COMMAND BEGIN **********************
154250431-> data sent to printer:
154250431-> <2>P113/08/2022 DEBITO   000000032449<3>
154250574-> data received from printer:
154250730-> <6>
154250731-> ********************** COMMAND BEGIN **********************
154250732-> data sent to printer:
154250732-> <2>P113/08/2022 TRANSFERE000001543442<3>
154250876-> data received from printer:
154251030-> <6>
154251031-> ********************** COMMAND BEGIN **********************
154251031-> data sent to printer:
154251032-> <2>P103/09/2022 DEBITO   000000033456<3>
154251175-> data received from printer:
154251330-> <6>
154251331-> ********************** COMMAND BEGIN **********************
154251331-> data sent to printer:
154251331-> <2>P103/09/2022 TRANSFERE000000390263<3>
154251474-> data received from printer:
154251632-> <6>
154251633-> ********************** COMMAND BEGIN **********************
154251633-> data sent to printer:
154251634-> <2>P123/01/2025 EFECTIVO 000000058574<3>
154252002-> data received from printer:
154252157-> <6>
154252157-> ********************** COMMAND BEGIN **********************
154252158-> data sent to printer:
154252158-> <2>V<3>
154252215-> data received from printer:
154252367-> <6>
154252368-> ********************** COMMAND BEGIN **********************
154252368-> data sent to printer:
154252368-> <2>VNumero Orden: 0000801<3>
154252447-> data received from printer:
154252609-> <6>
154252609-> ********************** COMMAND BEGIN **********************
154252610-> data sent to printer:
154252610-> <2>V<3>
154252667-> data received from printer:
154252820-> <6>
154252846-> ********************** COMMAND BEGIN **********************
154252847-> data sent to printer:
154252847-> <2>V*Contrato de Garantia Extendida para<3>
154252942-> data received from printer:
154253093-> <6>
154253094-> ********************** COMMAND BEGIN **********************
154253094-> data sent to printer:
154253095-> <2>V      Cristales Formulados:<3>
154253180-> data received from printer:
154253334-> <6>
154253335-> ********************** COMMAND BEGIN **********************
154253335-> data sent to printer:
154253336-> <2>V <3>
154253393-> data received from printer:
154253559-> <6>
154253560-> ********************** COMMAND BEGIN **********************
154253560-> data sent to printer:
154253560-> <2>VOD: ESF 3,25 EJE 65 CIL -0,50 ADD 2,50<3>
154253657-> data received from printer:
154253815-> <6>
154253815-> ********************** COMMAND BEGIN **********************
154253816-> data sent to printer:
154253816-> <2>VOI: ESF 2,50 EJE 0 CIL 0,00 ADD 2,50<3>
154253912-> data received from printer:
154254072-> <6>
154254073-> ********************** COMMAND BEGIN **********************
154254073-> data sent to printer:
154254074-> <2>V <3>
154254131-> data received from printer:
154254282-> <6>
154254283-> ********************** COMMAND BEGIN **********************
154254283-> data sent to printer:
154254283-> <2>VCondiciones legales en el Contrato<3>
154254376-> data received from printer:
154254537-> <6>
154254538-> ********************** COMMAND BEGIN **********************
154254538-> data sent to printer:
154254538-> <2>VSuscrito.<3>
154254605-> data received from printer:
154254762-> <6>
154254762-> ********************** COMMAND BEGIN **********************
154254763-> data sent to printer:
154254763-> <2>V <3>
154254821-> data received from printer:
154254973-> <6>
154254992-> ********************** COMMAND BEGIN **********************
154254992-> data sent to printer:
154254992-> <2>V<161><161><161>GRACIAS POR SU COMPRA!!!<3>
154255078-> data received from printer:
154255229-> <6>
154255230-> ********************** COMMAND BEGIN **********************
154255230-> data sent to printer:
154255231-> <2>VSolo se aceptaran devoluciones<3>
154255320-> data received from printer:
154255485-> <6>
154255486-> ********************** COMMAND BEGIN **********************
154255486-> data sent to printer:
154255486-> <2>Vpor defectos de fabrica, con la<3>
154255576-> data received from printer:
154255740-> <6>
154255741-> ********************** COMMAND BEGIN **********************
154255741-> data sent to printer:
154255741-> <2>Vpresentacion de esta factura (original),<3>
154255841-> data received from printer:
154255996-> <6>
154255996-> ********************** COMMAND BEGIN **********************
154255997-> data sent to printer:
154255997-> <2>Vdentro de los treinta (30) dias<3>
154256087-> data received from printer:
154256238-> <6>
154256239-> ********************** COMMAND BEGIN **********************
154256239-> data sent to printer:
154256239-> <2>Vsiguientes a la emision de la misma.<3>
154256335-> data received from printer:
154256494-> <6>
154256495-> ********************** COMMAND BEGIN **********************
154256495-> data sent to printer:
154256495-> <2>Y0<3>
154256503-> data received from printer:
154256755-> <2>SENIAT    J-00000000000001600*0800*3100*2          Bs.0TIS0900049240120251535<3><6>
154256756-> ********************** COMMAND BEGIN **********************
154256756-> data sent to printer:
154256757-> <2>M<3>
154258055-> data received from printer:
154258210-> <6>
154313265-> OPEN PORT: COM1@9600
154313331-> ********************** COMMAND BEGIN **********************
154313332-> data sent to printer:
154313332-> <2>Y3<3>
154313339-> data received from printer:
154313526-> <2>6065*6063*909*0*<3><6>
160413923-> OPEN PORT: COM1@9600
160413998-> ********************** COMMAND BEGIN **********************
160413998-> data sent to printer:
160413998-> <2>Q<3>
160414003-> data received from printer:
160414162-> <21>
160414163-> ********************** COMMAND BEGIN **********************
160414163-> data sent to printer:
160414164-> <2>M<3>
160414168-> data received from printer:
160414327-> <21>
160417134-> OPEN PORT: COM1@9600
160417201-> OPEN PORT: COM1@9600
160417203-> ********************** COMMAND BEGIN **********************
160417204-> data sent to printer:
160417204-> <2>L&1<3>
160417864-> data received from printer:
160418043-> <2>6066*6063<3><6>
160418044-> ********************** COMMAND BEGIN **********************
160418044-> data sent to printer:
160418045-> <2>VRazon Social: JULIA DIAZ<3>
160418127-> data received from printer:
160418284-> <6>
160418284-> ********************** COMMAND BEGIN **********************
160418285-> data sent to printer:
160418285-> <2>VCI/Rif: V-10791904<3>
160418361-> data received from printer:
160418524-> <6>
160418524-> ********************** COMMAND BEGIN **********************
160418525-> data sent to printer:
160418525-> <2>V----------------------------------------<3>
160418625-> data received from printer:
160418779-> <6>
160418781-> ********************** COMMAND BEGIN **********************
160418781-> data sent to printer:
160418782-> <2>Y0<3>
160418790-> data received from printer:
160419039-> <2>SENIAT    J-00000000000001600*0800*3100*2          Bs.0TIS0900049240120251557<3><6>
160419041-> ********************** COMMAND BEGIN **********************
160419042-> data sent to printer:
160419042-> <2>VA000004 GARANTIA EXTENDIDA<3>
160419126-> data received from printer:
160419280-> <6>
160419281-> ********************** COMMAND BEGIN **********************
160419281-> data sent to printer:
160419281-> <2>N11,000xBs3052,91     00003052911<3>
160419423-> data received from printer:
160419582-> <6>
160419582-> ********************** COMMAND BEGIN **********************
160419583-> data sent to printer:
160419583-> <2>VC000632 MULTIGRESSIV MyView 2 1.60 CleAR<3>
160419683-> data received from printer:
160419838-> <6>
160419839-> ********************** COMMAND BEGIN **********************
160419839-> data sent to printer:
160419839-> <2>V B2 *<3>
160419901-> data received from printer:
160420064-> <6>
160420065-> ********************** COMMAND BEGIN **********************
160420065-> data sent to printer:
160420065-> <2>N12,000xBs6774,84     00013549680<3>
160420207-> data received from printer:
160420365-> <6>
160420366-> ********************** COMMAND BEGIN **********************
160420366-> data sent to printer:
160420366-> <2>VM172652 CPCLACQU150258TR<3>
160420448-> data received from printer:
160420605-> <6>
160420605-> ********************** COMMAND BEGIN **********************
160420606-> data sent to printer:
160420606-> <2>N11,000xBs2509,20     00002509201<3>
160420748-> data received from printer:
160420906-> <6>
160433328-> ********************** COMMAND BEGIN **********************
160433329-> data sent to printer:
160433329-> <2>Q<3>
160433427-> data received from printer:
160433590-> <6>
160433591-> ********************** COMMAND BEGIN **********************
160433591-> data sent to printer:
160433591-> <2>M<3>
160433596-> data received from printer:
160433755-> <21>
161117853-> OPEN PORT: COM1@9600
161117917-> ********************** COMMAND BEGIN **********************
161117917-> data sent to printer:
161117918-> <2>Q<3>
161117922-> data received from printer:
161118084-> <21>
161118085-> ********************** COMMAND BEGIN **********************
161118085-> data sent to printer:
161118086-> <2>M<3>
161118090-> data received from printer:
161118249-> <21>
161120227-> OPEN PORT: COM1@9600
161120291-> OPEN PORT: COM1@9600
161120292-> ********************** COMMAND BEGIN **********************
161120292-> data sent to printer:
161120292-> <2>L&1<3>
161120952-> data received from printer:
161121125-> <2>6067*6066<3><6>
161121125-> ********************** COMMAND BEGIN **********************
161121126-> data sent to printer:
161121126-> <2>VRazon Social: JULIA DIAZ<3>
161121208-> data received from printer:
161121366-> <6>
161121366-> ********************** COMMAND BEGIN **********************
161121367-> data sent to printer:
161121367-> <2>VCI/Rif: V-10791904<3>
161121443-> data received from printer:
161121607-> <6>
161121608-> ********************** COMMAND BEGIN **********************
161121608-> data sent to printer:
161121608-> <2>V----------------------------------------<3>
161121708-> data received from printer:
161121862-> <6>
161121863-> ********************** COMMAND BEGIN **********************
161121863-> data sent to printer:
161121864-> <2>Y0<3>
161121871-> data received from printer:
161122120-> <2>SENIAT    J-00000000000001600*0800*3100*2          Bs.0TIS0900049240120251604<3><6>
161122121-> ********************** COMMAND BEGIN **********************
161122121-> data sent to printer:
161122121-> <2>VA000004 GARANTIA EXTENDIDA<3>
161122206-> data received from printer:
161122362-> <6>
161122362-> ********************** COMMAND BEGIN **********************
161122362-> data sent to printer:
161122362-> <2>N11,000xBs3052,91     00003052911<3>
161122505-> data received from printer:
161122663-> <6>
161122663-> ********************** COMMAND BEGIN **********************
161122663-> data sent to printer:
161122663-> <2>VC000632 MULTIGRESSIV MyView 2 1.60 CleAR<3>
161122764-> data received from printer:
161122919-> <6>
161122919-> ********************** COMMAND BEGIN **********************
161122919-> data sent to printer:
161122919-> <2>V B2 *<3>
161122981-> data received from printer:
161123145-> <6>
161123146-> ********************** COMMAND BEGIN **********************
161123146-> data sent to printer:
161123147-> <2>N12,000xBs6774,84     00013549680<3>
161123288-> data received from printer:
161123446-> <6>
161123446-> ********************** COMMAND BEGIN **********************
161123447-> data sent to printer:
161123447-> <2>VM172652 CPCLACQU150258TR<3>
161123530-> data received from printer:
161123686-> <6>
161123686-> ********************** COMMAND BEGIN **********************
161123687-> data sent to printer:
161123687-> <2>N11,000xBs2509,20     00002509201<3>
161123830-> data received from printer:
161123988-> <6>
161133922-> ********************** COMMAND BEGIN **********************
161133922-> data sent to printer:
161133923-> <2>O1<3>
161134472-> data received from printer:
161134643-> <2>02000173<3><6>
161134694-> ********************** COMMAND BEGIN **********************
161134695-> data sent to printer:
161134696-> <2>P113/08/2022 DEBITO   000000032449<3>
161134839-> data received from printer:
161134992-> <6>
161134993-> ********************** COMMAND BEGIN **********************
161134993-> data sent to printer:
161134993-> <2>P113/08/2022 TRANSFERE000001543442<3>
161135136-> data received from printer:
161135292-> <6>
161135293-> ********************** COMMAND BEGIN **********************
161135293-> data sent to printer:
161135293-> <2>P103/09/2022 DEBITO   000000033456<3>
161135436-> data received from printer:
161135592-> <6>
161135593-> ********************** COMMAND BEGIN **********************
161135593-> data sent to printer:
161135593-> <2>P103/09/2022 TRANSFERE000000390263<3>
161135736-> data received from printer:
161135892-> <6>
161135893-> ********************** COMMAND BEGIN **********************
161135893-> data sent to printer:
161135893-> <2>P123/01/2025 EFECTIVO 000000000563<3>
161136088-> data received from printer:
161136252-> <6>
161136253-> ********************** COMMAND BEGIN **********************
161136253-> data sent to printer:
161136254-> <2>V<3>
161136311-> data received from printer:
161136463-> <6>
161136464-> ********************** COMMAND BEGIN **********************
161136465-> data sent to printer:
161136465-> <2>VNumero Orden: 0000801<3>
161136544-> data received from printer:
161136703-> <6>
161136704-> ********************** COMMAND BEGIN **********************
161136704-> data sent to printer:
161136705-> <2>V<3>
161136761-> data received from printer:
161136913-> <6>
161136938-> ********************** COMMAND BEGIN **********************
161136938-> data sent to printer:
161136939-> <2>V*Contrato de Garantia Extendida para<3>
161137034-> data received from printer:
161137184-> <6>
161137185-> ********************** COMMAND BEGIN **********************
161137185-> data sent to printer:
161137185-> <2>V      Cristales Formulados:<3>
161137271-> data received from printer:
161137424-> <6>
161137425-> ********************** COMMAND BEGIN **********************
161137425-> data sent to printer:
161137425-> <2>V <3>
161137483-> data received from printer:
161137634-> <6>
161137635-> ********************** COMMAND BEGIN **********************
161137635-> data sent to printer:
161137635-> <2>VOD: ESF 3,25 EJE 65 CIL -0,50 ADD 2,50<3>
161137733-> data received from printer:
161137889-> <6>
161137890-> ********************** COMMAND BEGIN **********************
161137890-> data sent to printer:
161137890-> <2>VOI: ESF 2,50 EJE 0 CIL 0,00 ADD 2,50<3>
161137985-> data received from printer:
161138145-> <6>
161138146-> ********************** COMMAND BEGIN **********************
161138146-> data sent to printer:
161138146-> <2>V <3>
161138204-> data received from printer:
161138356-> <6>
161138357-> ********************** COMMAND BEGIN **********************
161138357-> data sent to printer:
161138357-> <2>VCondiciones legales en el Contrato<3>
161138450-> data received from printer:
161138612-> <6>
161138613-> ********************** COMMAND BEGIN **********************
161138613-> data sent to printer:
161138613-> <2>VSuscrito.<3>
161138680-> data received from printer:
161138838-> <6>
161138839-> ********************** COMMAND BEGIN **********************
161138839-> data sent to printer:
161138839-> <2>V <3>
161138897-> data received from printer:
161139048-> <6>
161139057-> ********************** COMMAND BEGIN **********************
161139057-> data sent to printer:
161139058-> <2>V<161><161><161>GRACIAS POR SU COMPRA!!!<3>
161139143-> data received from printer:
161139304-> <6>
161139305-> ********************** COMMAND BEGIN **********************
161139305-> data sent to printer:
161139305-> <2>VSolo se aceptaran devoluciones<3>
161139394-> data received from printer:
161139559-> <6>
161139559-> ********************** COMMAND BEGIN **********************
161139560-> data sent to printer:
161139560-> <2>Vpor defectos de fabrica, con la<3>
161139650-> data received from printer:
161139815-> <6>
161139816-> ********************** COMMAND BEGIN **********************
161139816-> data sent to printer:
161139816-> <2>Vpresentacion de esta factura (original),<3>
161139916-> data received from printer:
161140071-> <6>
161140072-> ********************** COMMAND BEGIN **********************
161140072-> data sent to printer:
161140073-> <2>Vdentro de los treinta (30) dias<3>
161140162-> data received from printer:
161140327-> <6>
161140328-> ********************** COMMAND BEGIN **********************
161140328-> data sent to printer:
161140328-> <2>Vsiguientes a la emision de la misma.<3>
161140423-> data received from printer:
161140582-> <6>
161140583-> ********************** COMMAND BEGIN **********************
161140583-> data sent to printer:
161140583-> <2>Y0<3>
161140591-> data received from printer:
161140843-> <2>SENIAT    J-00000000000001600*0800*3100*2          Bs.0TIS0900049240120251604<3><6>
161140844-> ********************** COMMAND BEGIN **********************
161140844-> data sent to printer:
161140844-> <2>M<3>
161142143-> data received from printer:
161142300-> <6>
161157356-> OPEN PORT: COM1@9600
161157436-> ********************** COMMAND BEGIN **********************
161157436-> data sent to printer:
161157436-> <2>Y3<3>
161157444-> data received from printer:
161157617-> <2>6067*6066*909*0*<3><6>
163257392-> OPEN PORT: COM1@9600
163257471-> ********************** COMMAND BEGIN **********************
163257471-> data sent to printer:
163257471-> <2>Q<3>
163257476-> data received from printer:
163257634-> <21>
163257635-> ********************** COMMAND BEGIN **********************
163257635-> data sent to printer:
163257636-> <2>M<3>
163257641-> data received from printer:
163257799-> <21>
163300142-> OPEN PORT: COM1@9600
163300205-> OPEN PORT: COM1@9600
163300208-> ********************** COMMAND BEGIN **********************
163300208-> data sent to printer:
163300208-> <2>L&1<3>
163300869-> data received from printer:
163301042-> <2>6068*6066<3><6>
163301043-> ********************** COMMAND BEGIN **********************
163301043-> data sent to printer:
163301044-> <2>VRazon Social: JULIA DIAZ<3>
163301126-> data received from printer:
163301283-> <6>
163301283-> ********************** COMMAND BEGIN **********************
163301284-> data sent to printer:
163301284-> <2>VCI/Rif: V-10791904<3>
163301360-> data received from printer:
163301523-> <6>
163301523-> ********************** COMMAND BEGIN **********************
163301524-> data sent to printer:
163301524-> <2>V----------------------------------------<3>
163301624-> data received from printer:
163301778-> <6>
163301779-> ********************** COMMAND BEGIN **********************
163301780-> data sent to printer:
163301780-> <2>Y0<3>
163301788-> data received from printer:
163302040-> <2>SENIAT    J-00000000000001600*0800*3100*2          Bs.0TIS0900049240120251626<3><6>
163302042-> ********************** COMMAND BEGIN **********************
163302043-> data sent to printer:
163302043-> <2>VA000004 GARANTIA EXTENDIDA<3>
163302128-> data received from printer:
163302280-> <6>
163302281-> ********************** COMMAND BEGIN **********************
163302281-> data sent to printer:
163302282-> <2>N11,000xBs3052,91     00003052911<3>
163302424-> data received from printer:
163302581-> <6>
163302582-> ********************** COMMAND BEGIN **********************
163302582-> data sent to printer:
163302582-> <2>VC000632 MULTIGRESSIV MyView 2 1.60 CleAR<3>
163302682-> data received from printer:
163302837-> <6>
163302838-> ********************** COMMAND BEGIN **********************
163302838-> data sent to printer:
163302838-> <2>V B2 *<3>
163302900-> data received from printer:
163303063-> <6>
163303063-> ********************** COMMAND BEGIN **********************
163303064-> data sent to printer:
163303064-> <2>N12,000xBs6774,84     00013549680<3>
163303206-> data received from printer:
163303364-> <6>
163303365-> ********************** COMMAND BEGIN **********************
163303365-> data sent to printer:
163303365-> <2>VM172652 CPCLACQU150258TR<3>
163303448-> data received from printer:
163303604-> <6>
163303605-> ********************** COMMAND BEGIN **********************
163303605-> data sent to printer:
163303605-> <2>N11,000xBs2509,20     00002509201<3>
163303747-> data received from printer:
163303905-> <6>
163309355-> ********************** COMMAND BEGIN **********************
163309356-> data sent to printer:
163309356-> <2>Q<3>
163309454-> data received from printer:
163309615-> <6>
163309616-> ********************** COMMAND BEGIN **********************
163309616-> data sent to printer:
163309617-> <2>M<3>
163309621-> data received from printer:
163309780-> <21>
163349264-> OPEN PORT: COM1@9600
163349328-> ********************** COMMAND BEGIN **********************
163349328-> data sent to printer:
163349329-> <2>Q<3>
163349334-> data received from printer:
163349494-> <21>
163349495-> ********************** COMMAND BEGIN **********************
163349495-> data sent to printer:
163349496-> <2>M<3>
163349500-> data received from printer:
163349660-> <21>
163353186-> OPEN PORT: COM1@9600
163353249-> OPEN PORT: COM1@9600
163353250-> ********************** COMMAND BEGIN **********************
163353251-> data sent to printer:
163353251-> <2>L&1<3>
163353912-> data received from printer:
163354082-> <2>6069*6068<3><6>
163354083-> ********************** COMMAND BEGIN **********************
163354083-> data sent to printer:
163354083-> <2>VRazon Social: JULIA DIAZ<3>
163354166-> data received from printer:
163354322-> <6>
163354322-> ********************** COMMAND BEGIN **********************
163354323-> data sent to printer:
163354323-> <2>VCI/Rif: V-10791904<3>
163354399-> data received from printer:
163354563-> <6>
163354564-> ********************** COMMAND BEGIN **********************
163354564-> data sent to printer:
163354564-> <2>V----------------------------------------<3>
163354664-> data received from printer:
163354818-> <6>
163354819-> ********************** COMMAND BEGIN **********************
163354819-> data sent to printer:
163354819-> <2>Y0<3>
163354827-> data received from printer:
163355078-> <2>SENIAT    J-00000000000001600*0800*3100*2          Bs.0TIS0900049240120251626<3><6>
163355079-> ********************** COMMAND BEGIN **********************
163355079-> data sent to printer:
163355079-> <2>VA000004 GARANTIA EXTENDIDA<3>
163355164-> data received from printer:
163355319-> <6>
163355320-> ********************** COMMAND BEGIN **********************
163355320-> data sent to printer:
163355320-> <2>N11,000xBs3052,91     00003052911<3>
163355462-> data received from printer:
163355620-> <6>
163355621-> ********************** COMMAND BEGIN **********************
163355621-> data sent to printer:
163355622-> <2>VC000632 MULTIGRESSIV MyView 2 1.60 CleAR<3>
163355721-> data received from printer:
163355875-> <6>
163355876-> ********************** COMMAND BEGIN **********************
163355876-> data sent to printer:
163355877-> <2>V B2 *<3>
163355939-> data received from printer:
163356101-> <6>
163356102-> ********************** COMMAND BEGIN **********************
163356102-> data sent to printer:
163356103-> <2>N12,000xBs6774,84     00013549680<3>
163356244-> data received from printer:
163356402-> <6>
163356403-> ********************** COMMAND BEGIN **********************
163356403-> data sent to printer:
163356403-> <2>VM172652 CPCLACQU150258TR<3>
163356486-> data received from printer:
163356642-> <6>
163356643-> ********************** COMMAND BEGIN **********************
163356643-> data sent to printer:
163356643-> <2>N11,000xBs2509,20     00002509201<3>
163356784-> data received from printer:
163356942-> <6>
163405208-> ********************** COMMAND BEGIN **********************
163405209-> data sent to printer:
163405209-> <2>Q<3>
163405307-> data received from printer:
163405471-> <6>
163405472-> ********************** COMMAND BEGIN **********************
163405472-> data sent to printer:
163405472-> <2>M<3>
163405477-> data received from printer:
163405637-> <21>
163420407-> OPEN PORT: COM1@9600
163420470-> ********************** COMMAND BEGIN **********************
163420470-> data sent to printer:
163420471-> <2>Q<3>
163420476-> data received from printer:
163420640-> <21>
163420641-> ********************** COMMAND BEGIN **********************
163420641-> data sent to printer:
163420642-> <2>M<3>
163420646-> data received from printer:
163420805-> <21>
163426379-> OPEN PORT: COM1@9600
163426443-> OPEN PORT: COM1@9600
163426444-> ********************** COMMAND BEGIN **********************
163426444-> data sent to printer:
163426445-> <2>L&1<3>
163427104-> data received from printer:
163427278-> <2>6070*6069<3><6>
163427279-> ********************** COMMAND BEGIN **********************
163427279-> data sent to printer:
163427280-> <2>VRazon Social: JULIA DIAZ<3>
163427362-> data received from printer:
163427518-> <6>
163427518-> ********************** COMMAND BEGIN **********************
163427519-> data sent to printer:
163427519-> <2>VCI/Rif: V-10791904<3>
163427595-> data received from printer:
163427745-> <6>
163427746-> ********************** COMMAND BEGIN **********************
163427746-> data sent to printer:
163427746-> <2>V----------------------------------------<3>
163427846-> data received from printer:
163428000-> <6>
163428001-> ********************** COMMAND BEGIN **********************
163428001-> data sent to printer:
163428001-> <2>Y0<3>
163428009-> data received from printer:
163428258-> <2>SENIAT    J-00000000000001600*0800*3100*2          Bs.0TIS0900049240120251627<3><6>
163428259-> ********************** COMMAND BEGIN **********************
163428259-> data sent to printer:
163428260-> <2>VA000004 GARANTIA EXTENDIDA<3>
163428345-> data received from printer:
163428499-> <6>
163428500-> ********************** COMMAND BEGIN **********************
163428500-> data sent to printer:
163428500-> <2>N11,000xBs3052,91     00003052911<3>
163428642-> data received from printer:
163428799-> <6>
163428800-> ********************** COMMAND BEGIN **********************
163428800-> data sent to printer:
163428800-> <2>VC000632 MULTIGRESSIV MyView 2 1.60 CleAR<3>
163428900-> data received from printer:
163429054-> <6>
163429055-> ********************** COMMAND BEGIN **********************
163429055-> data sent to printer:
163429055-> <2>V B2 *<3>
163429117-> data received from printer:
163429280-> <6>
163429281-> ********************** COMMAND BEGIN **********************
163429281-> data sent to printer:
163429281-> <2>N12,000xBs6774,84     00013549680<3>
163429423-> data received from printer:
163429581-> <6>
163429581-> ********************** COMMAND BEGIN **********************
163429582-> data sent to printer:
163429582-> <2>VM172652 CPCLACQU150258TR<3>
163429664-> data received from printer:
163429822-> <6>
163429823-> ********************** COMMAND BEGIN **********************
163429823-> data sent to printer:
163429823-> <2>N11,000xBs2509,20     00002509201<3>
163429965-> data received from printer:
163430122-> <6>
163447448-> ********************** COMMAND BEGIN **********************
163447448-> data sent to printer:
163447449-> <2>Q<3>
163447547-> data received from printer:
163447706-> <6>
163447707-> ********************** COMMAND BEGIN **********************
163447707-> data sent to printer:
163447707-> <2>M<3>
163447712-> data received from printer:
163447872-> <21>
163540486-> OPEN PORT: COM1@9600
163540550-> ********************** COMMAND BEGIN **********************
163540550-> data sent to printer:
163540550-> <2>Q<3>
163540555-> data received from printer:
163540712-> <21>
163540713-> ********************** COMMAND BEGIN **********************
163540713-> data sent to printer:
163540714-> <2>M<3>
163540719-> data received from printer:
163540878-> <21>
163543085-> OPEN PORT: COM1@9600
163543150-> OPEN PORT: COM1@9600
163543151-> ********************** COMMAND BEGIN **********************
163543151-> data sent to printer:
163543151-> <2>L&1<3>
163543812-> data received from printer:
163543981-> <2>6071*6070<3><6>
163543982-> ********************** COMMAND BEGIN **********************
163543982-> data sent to printer:
163543982-> <2>VRazon Social: JULIA DIAZ<3>
163544065-> data received from printer:
163544221-> <6>
163544222-> ********************** COMMAND BEGIN **********************
163544222-> data sent to printer:
163544222-> <2>VCI/Rif: V-10791904<3>
163544298-> data received from printer:
163544462-> <6>
163544462-> ********************** COMMAND BEGIN **********************
163544463-> data sent to printer:
163544463-> <2>V----------------------------------------<3>
163544563-> data received from printer:
163544717-> <6>
163544717-> ********************** COMMAND BEGIN **********************
163544718-> data sent to printer:
163544718-> <2>Y0<3>
163544726-> data received from printer:
163544977-> <2>SENIAT    J-00000000000001600*0800*3100*2          Bs.0TIS0900049240120251628<3><6>
163544979-> ********************** COMMAND BEGIN **********************
163544979-> data sent to printer:
163544979-> <2>VA000004 GARANTIA EXTENDIDA<3>
163545064-> data received from printer:
163545217-> <6>
163545218-> ********************** COMMAND BEGIN **********************
163545218-> data sent to printer:
163545219-> <2>N11,000xBs3052,91     00003052911<3>
163545360-> data received from printer:
163545517-> <6>
163545517-> ********************** COMMAND BEGIN **********************
163545518-> data sent to printer:
163545518-> <2>VC000632 MULTIGRESSIV MyView 2 1.60 CleAR<3>
163545618-> data received from printer:
163545773-> <6>
163545773-> ********************** COMMAND BEGIN **********************
163545774-> data sent to printer:
163545774-> <2>V B2 *<3>
163545836-> data received from printer:
163545998-> <6>
163545998-> ********************** COMMAND BEGIN **********************
163545999-> data sent to printer:
163545999-> <2>N12,000xBs6774,84     00013549680<3>
163546141-> data received from printer:
163546300-> <6>
163546301-> ********************** COMMAND BEGIN **********************
163546301-> data sent to printer:
163546301-> <2>VM172652 CPCLACQU150258TR<3>
163546383-> data received from printer:
163546541-> <6>
163546541-> ********************** COMMAND BEGIN **********************
163546542-> data sent to printer:
163546542-> <2>N11,000xBs2509,20     00002509201<3>
163546684-> data received from printer:
163546842-> <6>
163708673-> ********************** COMMAND BEGIN **********************
163708673-> data sent to printer:
163708673-> <2>Q<3>
163708771-> data received from printer:
163708929-> <6>
163708929-> ********************** COMMAND BEGIN **********************
163708930-> data sent to printer:
163708930-> <2>M<3>
163708935-> data received from printer:
163709095-> <21>
163724573-> OPEN PORT: COM1@9600
163724637-> ********************** COMMAND BEGIN **********************
163724638-> data sent to printer:
163724638-> <2>Q<3>
163724643-> data received from printer:
163724807-> <21>
163724808-> ********************** COMMAND BEGIN **********************
163724808-> data sent to printer:
163724808-> <2>M<3>
163724813-> data received from printer:
163724973-> <21>
163726907-> OPEN PORT: COM1@9600
163726971-> OPEN PORT: COM1@9600
163726971-> ********************** COMMAND BEGIN **********************
163726972-> data sent to printer:
163726972-> <2>L&1<3>
163727633-> data received from printer:
163727804-> <2>6072*6071<3><6>
163727804-> ********************** COMMAND BEGIN **********************
163727805-> data sent to printer:
163727805-> <2>VRazon Social: JULIA DIAZ<3>
163727888-> data received from printer:
163728044-> <6>
163728045-> ********************** COMMAND BEGIN **********************
163728045-> data sent to printer:
163728045-> <2>VCI/Rif: V-10791904<3>
163728121-> data received from printer:
163728285-> <6>
163728285-> ********************** COMMAND BEGIN **********************
163728286-> data sent to printer:
163728286-> <2>V----------------------------------------<3>
163728385-> data received from printer:
163728540-> <6>
163728541-> ********************** COMMAND BEGIN **********************
163728541-> data sent to printer:
163728541-> <2>Y0<3>
163728549-> data received from printer:
163728799-> <2>SENIAT    J-00000000000001600*0800*3100*2          Bs.0TIS0900049240120251630<3><6>
163728800-> ********************** COMMAND BEGIN **********************
163728800-> data sent to printer:
163728800-> <2>VA000004 GARANTIA EXTENDIDA<3>
163728885-> data received from printer:
163729039-> <6>
163729040-> ********************** COMMAND BEGIN **********************
163729040-> data sent to printer:
163729040-> <2>N11,000xBs3052,91     00003052911<3>
163729182-> data received from printer:
163729340-> <6>
163729341-> ********************** COMMAND BEGIN **********************
163729341-> data sent to printer:
163729341-> <2>VC000632 MULTIGRESSIV MyView 2 1.60 CleAR<3>
163729441-> data received from printer:
163729595-> <6>
163729595-> ********************** COMMAND BEGIN **********************
163729596-> data sent to printer:
163729596-> <2>V B2 *<3>
163729658-> data received from printer:
163729821-> <6>
163729822-> ********************** COMMAND BEGIN **********************
163729822-> data sent to printer:
163729822-> <2>N12,000xBs6774,84     00013549680<3>
163729964-> data received from printer:
163730121-> <6>
163730122-> ********************** COMMAND BEGIN **********************
163730122-> data sent to printer:
163730122-> <2>VM172652 CPCLACQU150258TR<3>
163730205-> data received from printer:
163730362-> <6>
163730363-> ********************** COMMAND BEGIN **********************
163730363-> data sent to printer:
163730364-> <2>N11,000xBs2509,20     00002509201<3>
163730505-> data received from printer:
163730662-> <6>
163732314-> ********************** COMMAND BEGIN **********************
163732315-> data sent to printer:
163732316-> <2>O1<3>
163732865-> data received from printer:
163733030-> <2>02000173<3><6>
163733082-> ********************** COMMAND BEGIN **********************
163733082-> data sent to printer:
163733083-> <2>P113/08/2022 DEBITO   000000032449<3>
163733225-> data received from printer:
163733378-> <6>
163733379-> ********************** COMMAND BEGIN **********************
163733379-> data sent to printer:
163733380-> <2>P113/08/2022 TRANSFERE000001543442<3>
163733522-> data received from printer:
163733678-> <6>
163733679-> ********************** COMMAND BEGIN **********************
163733679-> data sent to printer:
163733680-> <2>P103/09/2022 DEBITO   000000033456<3>
163733822-> data received from printer:
163733978-> <6>
163733979-> ********************** COMMAND BEGIN **********************
163733979-> data sent to printer:
163733979-> <2>P103/09/2022 TRANSFERE000000390263<3>
163734122-> data received from printer:
163734279-> <6>
163734280-> ********************** COMMAND BEGIN **********************
163734280-> data sent to printer:
163734281-> <2>P123/01/2025 EFECTIVO 000000000563<3>
163734476-> data received from printer:
163734640-> <6>
163734641-> ********************** COMMAND BEGIN **********************
163734642-> data sent to printer:
163734642-> <2>V<3>
163734699-> data received from printer:
163734850-> <6>
163734851-> ********************** COMMAND BEGIN **********************
163734851-> data sent to printer:
163734852-> <2>VNumero Orden: 0000801<3>
163734931-> data received from printer:
163735090-> <6>
163735091-> ********************** COMMAND BEGIN **********************
163735091-> data sent to printer:
163735091-> <2>V<3>
163735148-> data received from printer:
163735300-> <6>
163735324-> ********************** COMMAND BEGIN **********************
163735325-> data sent to printer:
163735325-> <2>V*Contrato de Garantia Extendida para<3>
163735421-> data received from printer:
163735586-> <6>
163735587-> ********************** COMMAND BEGIN **********************
163735587-> data sent to printer:
163735587-> <2>V      Cristales Formulados:<3>
163735673-> data received from printer:
163735827-> <6>
163735828-> ********************** COMMAND BEGIN **********************
163735828-> data sent to printer:
163735828-> <2>V <3>
163735886-> data received from printer:
163736037-> <6>
163736038-> ********************** COMMAND BEGIN **********************
163736038-> data sent to printer:
163736038-> <2>VOD: ESF 3,25 EJE 65 CIL -0,50 ADD 2,50<3>
163736136-> data received from printer:
163736292-> <6>
163736292-> ********************** COMMAND BEGIN **********************
163736293-> data sent to printer:
163736293-> <2>VOI: ESF 2,50 EJE 0 CIL 0,00 ADD 2,50<3>
163736388-> data received from printer:
163736548-> <6>
163736549-> ********************** COMMAND BEGIN **********************
163736549-> data sent to printer:
163736550-> <2>V <3>
163736607-> data received from printer:
163736759-> <6>
163736760-> ********************** COMMAND BEGIN **********************
163736760-> data sent to printer:
163736760-> <2>VCondiciones legales en el Contrato<3>
163736854-> data received from printer:
163737014-> <6>
163737015-> ********************** COMMAND BEGIN **********************
163737015-> data sent to printer:
163737015-> <2>VSuscrito.<3>
163737081-> data received from printer:
163737240-> <6>
163737241-> ********************** COMMAND BEGIN **********************
163737241-> data sent to printer:
163737241-> <2>V <3>
163737299-> data received from printer:
163737451-> <6>
163737465-> ********************** COMMAND BEGIN **********************
163737465-> data sent to printer:
163737466-> <2>V<161><161><161>GRACIAS POR SU COMPRA!!!<3>
163737551-> data received from printer:
163737707-> <6>
163737708-> ********************** COMMAND BEGIN **********************
163737708-> data sent to printer:
163737708-> <2>VSolo se aceptaran devoluciones<3>
163737797-> data received from printer:
163737962-> <6>
163737963-> ********************** COMMAND BEGIN **********************
163737963-> data sent to printer:
163737963-> <2>Vpor defectos de fabrica, con la<3>
163738053-> data received from printer:
163738218-> <6>
163738219-> ********************** COMMAND BEGIN **********************
163738219-> data sent to printer:
163738219-> <2>Vpresentacion de esta factura (original),<3>
163738319-> data received from printer:
163738473-> <6>
163738474-> ********************** COMMAND BEGIN **********************
163738474-> data sent to printer:
163738475-> <2>Vdentro de los treinta (30) dias<3>
163738564-> data received from printer:
163738728-> <6>
163738729-> ********************** COMMAND BEGIN **********************
163738729-> data sent to printer:
163738729-> <2>Vsiguientes a la emision de la misma.<3>
163738824-> data received from printer:
163738985-> <6>
163738985-> ********************** COMMAND BEGIN **********************
163738986-> data sent to printer:
163738986-> <2>Y0<3>
163738994-> data received from printer:
163739243-> <2>SENIAT    J-00000000000001600*0800*3100*2          Bs.0TIS0900049240120251630<3><6>
163739243-> ********************** COMMAND BEGIN **********************
163739244-> data sent to printer:
163739244-> <2>M<3>
163740541-> data received from printer:
163740698-> <6>
163755755-> OPEN PORT: COM1@9600
163755820-> ********************** COMMAND BEGIN **********************
163755820-> data sent to printer:
163755821-> <2>Y3<3>
163755828-> data received from printer:
163756014-> <2>6072*6071*909*0*<3><6>
