115301194-> OPEN PORT: COM1@9600
115309916-> ********************** COMMAND BEGIN **********************
115309917-> data sent to printer:
115309917-> <2>L&2<3>
115311551-> data received from printer:
115311702-> <2>138*110<3><6>
115311703-> ********************** COMMAND BEGIN **********************
115311703-> data sent to printer:
115311703-> <2>VRazon Social: DIANA RODRIGUEZ<3>
115311958-> data received from printer:
115312124-> <6>
115312125-> ********************** COMMAND BEGIN **********************
115312126-> data sent to printer:
115312126-> <2>VCI/Rif: V21281105<3>
115312337-> data received from printer:
115312499-> <6>
115312499-> ********************** COMMAND BEGIN **********************
115312500-> data sent to printer:
115312500-> <2>VDatos del Documento Original:<3>
115312719-> data received from printer:
115312874-> <6>
115312874-> ********************** COMMAND BEGIN **********************
115312875-> data sent to printer:
115312875-> <2>VNumero: 0001351<3>
115313081-> data received from printer:
115313235-> <6>
115313235-> ********************** COMMAND BEGIN **********************
115313236-> data sent to printer:
115313236-> <2>VFecha: 27/05/2023<3>
115313446-> data received from printer:
115313609-> <6>
115313610-> ********************** COMMAND BEGIN **********************
115313610-> data sent to printer:
115313610-> <2>VSerial Fiscal: TIU2206171<3>
115313825-> data received from printer:
115313985-> <6>
115313986-> ********************** COMMAND BEGIN **********************
115313986-> data sent to printer:
115313986-> <2>V----------------------------------------<3>
115314219-> data received from printer:
115314375-> <6>
115357016-> ********************** COMMAND BEGIN **********************
115357016-> data sent to printer:
115357016-> <2>VS000040 Naranja Varillas-Puentes Marcas<3>
115357249-> data received from printer:
115357409-> <6>
115357409-> ********************** COMMAND BEGIN **********************
115357410-> data sent to printer:
115357410-> <2>R11,000xBs990,00      00000990000<3>
115357682-> data received from printer:
115357844-> <6>
115408448-> ********************** COMMAND BEGIN **********************
115408448-> data sent to printer:
115408449-> <2>\Descuento           000000000000000000000000000000000000000000000000<3>
115408694-> data received from printer:
115408845-> <6>
115412832-> ********************** COMMAND BEGIN **********************
115412833-> data sent to printer:
115412834-> <2>O1<3>
115413474-> data received from printer:
115413636-> <2>99000<3><6>
115414289-> ********************** COMMAND BEGIN **********************
115414290-> data sent to printer:
115414290-> <2>VMonto Disponible:  990<3>
115414506-> data received from printer:
115414668-> <6>
115415123-> ********************** COMMAND BEGIN **********************
115415124-> data sent to printer:
115415124-> <2>Y0<3>
115415174-> data received from printer:
115415448-> <2>SENIAT    J-316292649    1600*800*3100*2          Bs.0TIY1900001130220230635*300<3><6>
115415878-> ********************** COMMAND BEGIN **********************
115415878-> data sent to printer:
115415879-> <2>S<3>
115415887-> data received from printer:
115416047-> <21>
115417151-> ********************** COMMAND BEGIN **********************
115417152-> data sent to printer:
115417153-> <2>M<3>
115418410-> data received from printer:
115418566-> <6>
124057533-> OPEN PORT: COM1@9600
124057626-> ********************** COMMAND BEGIN **********************
124057626-> data sent to printer:
124057626-> <2>Q<3>
124057634-> data received from printer:
124057786-> <21>
124057787-> ********************** COMMAND BEGIN **********************
124057787-> data sent to printer:
124057787-> <2>M<3>
124057795-> data received from printer:
124057951-> <21>
124100441-> OPEN PORT: COM1@9600
124100480-> OPEN PORT: COM1@9600
124100496-> ********************** COMMAND BEGIN **********************
124100497-> data sent to printer:
124100497-> <2>L&1<3>
124102168-> data received from printer:
124102324-> <2>2395*2391<3><6>
124102325-> ********************** COMMAND BEGIN **********************
124102325-> data sent to printer:
124102325-> <2>VRazon Social: Diana Rodriguez<3>
124102546-> data received from printer:
124102699-> <6>
124102699-> ********************** COMMAND BEGIN **********************
124102700-> data sent to printer:
124102700-> <2>VCI/Rif: V-21281105<3>
124102911-> data received from printer:
124103074-> <6>
124103074-> ********************** COMMAND BEGIN **********************
124103075-> data sent to printer:
124103075-> <2>V----------------------------------------<3>
124103306-> data received from printer:
124103464-> <6>
124106919-> ********************** COMMAND BEGIN **********************
124106920-> data sent to printer:
124106920-> <2>VS000040 Naranja Varillas-Puentes Marcas<3>
124107189-> data received from printer:
124107349-> <6>
124107350-> ********************** COMMAND BEGIN **********************
124107350-> data sent to printer:
124107351-> <2>N11,000xBs990,00      00000990000<3>
124107623-> data received from printer:
124107784-> <6>
124110762-> ********************** COMMAND BEGIN **********************
124110762-> data sent to printer:
124110762-> <2>O1<3>
124111368-> data received from printer:
124111521-> <2>99000<3><6>
124111577-> ********************** COMMAND BEGIN **********************
124111577-> data sent to printer:
124111577-> <2>P126/05/2023 EFECTIVO 000000099000<3>
124111848-> data received from printer:
124112002-> <6>
124112003-> ********************** COMMAND BEGIN **********************
124112003-> data sent to printer:
124112003-> <2>V<3>
124112194-> data received from printer:
124112347-> <6>
124112347-> ********************** COMMAND BEGIN **********************
124112348-> data sent to printer:
124112348-> <2>VNumero Orden: 9995189<3>
124112562-> data received from printer:
124112723-> <6>
124112724-> ********************** COMMAND BEGIN **********************
124112724-> data sent to printer:
124112724-> <2>V<3>
124112918-> data received from printer:
124113069-> <6>
124113384-> ********************** COMMAND BEGIN **********************
124113384-> data sent to printer:
124113384-> <2>V<161><161><161>GRACIAS POR SU COMPRA!!!<3>
124113603-> data received from printer:
124113769-> <6>
124113769-> ********************** COMMAND BEGIN **********************
124113770-> data sent to printer:
124113770-> <2>VSolo se aceptaran devoluciones<3>
124113994-> data received from printer:
124114145-> <6>
124114146-> ********************** COMMAND BEGIN **********************
124114146-> data sent to printer:
124114146-> <2>Vpor defectos de fabrica, con la<3>
124114372-> data received from printer:
124114536-> <6>
124114536-> ********************** COMMAND BEGIN **********************
124114537-> data sent to printer:
124114537-> <2>Vpresentacion de esta factura (original),<3>
124114806-> data received from printer:
124114971-> <6>
124114971-> ********************** COMMAND BEGIN **********************
124114972-> data sent to printer:
124114972-> <2>Vdentro de los treinta (30) dias<3>
124115199-> data received from printer:
124115362-> <6>
124115363-> ********************** COMMAND BEGIN **********************
124115363-> data sent to printer:
124115363-> <2>Vsiguientes a la emision de la misma.<3>
124115591-> data received from printer:
124115753-> <6>
124115753-> ********************** COMMAND BEGIN **********************
124115754-> data sent to printer:
124115754-> <2>V <3>
124116586-> data received from printer:
124116744-> <6>
124116744-> ********************** COMMAND BEGIN **********************
124116745-> data sent to printer:
124116745-> <2>V   * * * CONTRIBUYENTE FORMAL * * * <3>
124116977-> data received from printer:
124117134-> <6>
124117184-> ********************** COMMAND BEGIN **********************
124117185-> data sent to printer:
124117186-> <2>Y0<3>
124117236-> data received from printer:
124117510-> <2>SENIAT    J-316292649    1600*800*3100*2          Bs.0TIY1900001130220230722*300<3><6>
124117511-> ********************** COMMAND BEGIN **********************
124117511-> data sent to printer:
124117512-> <2>S<3>
124117519-> data received from printer:
124117675-> <21>
124117676-> ********************** COMMAND BEGIN **********************
124117676-> data sent to printer:
124117676-> <2>M<3>
124118970-> data received from printer:
124119131-> <6>
124732120-> OPEN PORT: COM1@9600
124732161-> ********************** COMMAND BEGIN **********************
124732162-> data sent to printer:
124732162-> <2>L&2<3>
124734431-> data received from printer:
124734590-> <2>139*110<3><6>
124734591-> ********************** COMMAND BEGIN **********************
124734591-> data sent to printer:
124734591-> <2>VRazon Social: DIANA RODRIGUEZ<3>
124734813-> data received from printer:
124734966-> <6>
124734966-> ********************** COMMAND BEGIN **********************
124734967-> data sent to printer:
124734967-> <2>VCI/Rif: V21281105<3>
124735212-> data received from printer:
124735371-> <6>
124735371-> ********************** COMMAND BEGIN **********************
124735372-> data sent to printer:
124735372-> <2>VDatos del Documento Original:<3>
124735593-> data received from printer:
124735747-> <6>
124735748-> ********************** COMMAND BEGIN **********************
124735748-> data sent to printer:
124735748-> <2>VNumero: 0002395<3>
124735956-> data received from printer:
124736108-> <6>
124736108-> ********************** COMMAND BEGIN **********************
124736109-> data sent to printer:
124736109-> <2>VFecha: 28/05/2023<3>
124736316-> data received from printer:
124736468-> <6>
124736469-> ********************** COMMAND BEGIN **********************
124736469-> data sent to printer:
124736469-> <2>VSerial Fiscal: TIY1900001<3>
124736685-> data received from printer:
124736844-> <6>
124736844-> ********************** COMMAND BEGIN **********************
124736845-> data sent to printer:
124736845-> <2>V----------------------------------------<3>
124737080-> data received from printer:
124737234-> <6>
124737345-> ********************** COMMAND BEGIN **********************
124737346-> data sent to printer:
124737346-> <2>VS000040 Naranja Varillas-Puentes Marcas<3>
124737576-> data received from printer:
124737732-> <6>
124737732-> ********************** COMMAND BEGIN **********************
124737733-> data sent to printer:
124737733-> <2>R11,000xBs990,00      00000990000<3>
124738007-> data received from printer:
124738167-> <6>
124813536-> ********************** COMMAND BEGIN **********************
124813536-> data sent to printer:
124813537-> <2>O1<3>
124814144-> data received from printer:
124814303-> <2>99000<3><6>
124815304-> ********************** COMMAND BEGIN **********************
124815305-> data sent to printer:
124815306-> <2>VMonto Disponible:  990<3>
124815554-> data received from printer:
124815712-> <6>
124816132-> ********************** COMMAND BEGIN **********************
124816133-> data sent to printer:
124816133-> <2>Y0<3>
124816183-> data received from printer:
124816462-> <2>SENIAT    J-316292649    1600*800*3100*2          Bs.0TIY1900001130220230729*300<3><6>
124817010-> ********************** COMMAND BEGIN **********************
124817010-> data sent to printer:
124817010-> <2>S<3>
124817018-> data received from printer:
124817177-> <21>
124938089-> ********************** COMMAND BEGIN **********************
124938091-> data sent to printer:
124938093-> <2>M<3>
124939349-> data received from printer:
124939501-> <6>
143757377-> OPEN PORT: COM1@9600
143757431-> ********************** COMMAND BEGIN **********************
143757431-> data sent to printer:
143757431-> <2>Q<3>
143757439-> data received from printer:
143757599-> <21>
143757600-> ********************** COMMAND BEGIN **********************
143757600-> data sent to printer:
143757600-> <2>M<3>
143757608-> data received from printer:
143757765-> <21>
143804421-> OPEN PORT: COM1@9600
143804461-> OPEN PORT: COM1@9600
143804463-> ********************** COMMAND BEGIN **********************
143804463-> data sent to printer:
143804464-> <2>L&1<3>
143806133-> data received from printer:
143806284-> <2>2396*2391<3><6>
143806286-> ********************** COMMAND BEGIN **********************
143806286-> data sent to printer:
143806286-> <2>VRazon Social: Diana Rodriguez<3>
143806508-> data received from printer:
143806659-> <6>
143806659-> ********************** COMMAND BEGIN **********************
143806660-> data sent to printer:
143806660-> <2>VCI/Rif: V-21281105<3>
143806871-> data received from printer:
143807035-> <6>
143807035-> ********************** COMMAND BEGIN **********************
143807036-> data sent to printer:
143807036-> <2>V----------------------------------------<3>
143807266-> data received from printer:
143807426-> <6>
143807428-> ********************** COMMAND BEGIN **********************
143807428-> data sent to printer:
143807428-> <2>VS000040 Naranja Varillas-Puentes Marcas<3>
143807659-> data received from printer:
143807816-> <6>
143807816-> ********************** COMMAND BEGIN **********************
143807817-> data sent to printer:
143807817-> <2>N11,000xBs990,00      00000990000<3>
143808093-> data received from printer:
143808251-> <6>
143808323-> ********************** COMMAND BEGIN **********************
143808324-> data sent to printer:
143808324-> <2>O1<3>
143808962-> data received from printer:
143809123-> <2>99000<3><6>
143809265-> ********************** COMMAND BEGIN **********************
143809265-> data sent to printer:
143809266-> <2>P126/05/2023 EFECTIVO 000000099000<3>
143809537-> data received from printer:
143809696-> <6>
143809697-> ********************** COMMAND BEGIN **********************
143809697-> data sent to printer:
143809697-> <2>V<3>
143809888-> data received from printer:
143810042-> <6>
143810042-> ********************** COMMAND BEGIN **********************
143810043-> data sent to printer:
143810043-> <2>VNumero Orden: 9995190<3>
143810257-> data received from printer:
143810418-> <6>
143810418-> ********************** COMMAND BEGIN **********************
143810419-> data sent to printer:
143810419-> <2>V<3>
143810613-> data received from printer:
143810779-> <6>
143810809-> ********************** COMMAND BEGIN **********************
143810809-> data sent to printer:
143810809-> <2>V<161><161><161>GRACIAS POR SU COMPRA!!!<3>
143811028-> data received from printer:
143811185-> <6>
143811186-> ********************** COMMAND BEGIN **********************
143811186-> data sent to printer:
143811186-> <2>VSolo se aceptaran devoluciones<3>
143811411-> data received from printer:
143811576-> <6>
143811576-> ********************** COMMAND BEGIN **********************
143811577-> data sent to printer:
143811577-> <2>Vpor defectos de fabrica, con la<3>
143811803-> data received from printer:
143811967-> <6>
143811967-> ********************** COMMAND BEGIN **********************
143811968-> data sent to printer:
143811968-> <2>Vpresentacion de esta factura (original),<3>
143812200-> data received from printer:
143812357-> <6>
143812357-> ********************** COMMAND BEGIN **********************
143812358-> data sent to printer:
143812358-> <2>Vdentro de los treinta (30) dias<3>
143812583-> data received from printer:
143812748-> <6>
143812748-> ********************** COMMAND BEGIN **********************
143812749-> data sent to printer:
143812749-> <2>Vsiguientes a la emision de la misma.<3>
143813014-> data received from printer:
143813168-> <6>
143813168-> ********************** COMMAND BEGIN **********************
143813169-> data sent to printer:
143813169-> <2>V <3>
143813362-> data received from printer:
143813514-> <6>
143813515-> ********************** COMMAND BEGIN **********************
143813515-> data sent to printer:
143813515-> <2>V   * * * CONTRIBUYENTE FORMAL * * * <3>
143813748-> data received from printer:
143813904-> <6>
143813905-> ********************** COMMAND BEGIN **********************
143813906-> data sent to printer:
143813906-> <2>Y0<3>
143813956-> data received from printer:
143814235-> <2>SENIAT    J-316292649    1600*800*3100*2          Bs.0TIY1900001130220230919*300<3><6>
143814236-> ********************** COMMAND BEGIN **********************
143814236-> data sent to printer:
143814236-> <2>S<3>
143814244-> data received from printer:
143814400-> <21>
143814401-> ********************** COMMAND BEGIN **********************
143814401-> data sent to printer:
143814401-> <2>M<3>
143815656-> data received from printer:
143815810-> <6>
144316582-> OPEN PORT: COM1@9600
144316621-> ********************** COMMAND BEGIN **********************
144316621-> data sent to printer:
144316622-> <2>L&2<3>
144318291-> data received from printer:
144318447-> <2>140*110<3><6>
144318448-> ********************** COMMAND BEGIN **********************
144318448-> data sent to printer:
144318448-> <2>VRazon Social: DIANA RODRIGUEZ<3>
144318672-> data received from printer:
144318837-> <6>
144318838-> ********************** COMMAND BEGIN **********************
144318838-> data sent to printer:
144318838-> <2>VCI/Rif: V21281105<3>
144319045-> data received from printer:
144319197-> <6>
144319197-> ********************** COMMAND BEGIN **********************
144319198-> data sent to printer:
144319198-> <2>VDatos del Documento Original:<3>
144319419-> data received from printer:
144319572-> <6>
144319572-> ********************** COMMAND BEGIN **********************
144319573-> data sent to printer:
144319573-> <2>VNumero: 0002396<3>
144319815-> data received from printer:
144319978-> <6>
144319978-> ********************** COMMAND BEGIN **********************
144319979-> data sent to printer:
144319979-> <2>VFecha: 28/05/2023<3>
144320188-> data received from printer:
144320339-> <6>
144320340-> ********************** COMMAND BEGIN **********************
144320340-> data sent to printer:
144320340-> <2>VSerial Fiscal: TIY1900001<3>
144320559-> data received from printer:
144320716-> <6>
144320716-> ********************** COMMAND BEGIN **********************
144320717-> data sent to printer:
144320717-> <2>V----------------------------------------<3>
144320948-> data received from printer:
144321106-> <6>
144321205-> ********************** COMMAND BEGIN **********************
144321205-> data sent to printer:
144321205-> <2>VS000040 Naranja Varillas-Puentes Marcas<3>
144321437-> data received from printer:
144321590-> <6>
144321590-> ********************** COMMAND BEGIN **********************
144321591-> data sent to printer:
144321591-> <2>R11,000xBs990,00      00000990000<3>
144321867-> data received from printer:
144322027-> <6>
144322048-> ********************** COMMAND BEGIN **********************
144322049-> data sent to printer:
144322049-> <2>O1<3>
144322652-> data received from printer:
144322808-> <2>99000<3><6>
144322809-> ********************** COMMAND BEGIN **********************
144322809-> data sent to printer:
144322809-> <2>VMonto Disponible:  990<3>
144323024-> data received from printer:
144323183-> <6>
144323183-> ********************** COMMAND BEGIN **********************
144323184-> data sent to printer:
144323184-> <2>Y0<3>
144323234-> data received from printer:
144323514-> <2>SENIAT    J-316292649    1600*800*3100*2          Bs.0TIY1900001130220230924*300<3><6>
144323515-> ********************** COMMAND BEGIN **********************
144323515-> data sent to printer:
144323515-> <2>S<3>
144323523-> data received from printer:
144323679-> <21>
144323680-> ********************** COMMAND BEGIN **********************
144323680-> data sent to printer:
144323681-> <2>M<3>
144324973-> data received from printer:
144325136-> <6>
145320143-> OPEN PORT: COM1@9600
145320185-> ********************** COMMAND BEGIN **********************
145320186-> data sent to printer:
145320186-> <2>Q<3>
145320193-> data received from printer:
145320356-> <21>
145320357-> ********************** COMMAND BEGIN **********************
145320357-> data sent to printer:
145320357-> <2>M<3>
145320364-> data received from printer:
145320521-> <21>
145322398-> OPEN PORT: COM1@9600
145322440-> OPEN PORT: COM1@9600
145322445-> ********************** COMMAND BEGIN **********************
145322445-> data sent to printer:
145322446-> <2>L&1<3>
145324115-> data received from printer:
145324277-> <2>2397*2391<3><6>
145324278-> ********************** COMMAND BEGIN **********************
145324278-> data sent to printer:
145324279-> <2>VRazon Social: Diana Rodriguez<3>
145324501-> data received from printer:
145324667-> <6>
145324667-> ********************** COMMAND BEGIN **********************
145324668-> data sent to printer:
145324668-> <2>VCI/Rif: V-21281105<3>
145324876-> data received from printer:
145325027-> <6>
145325028-> ********************** COMMAND BEGIN **********************
145325028-> data sent to printer:
145325028-> <2>V----------------------------------------<3>
145325261-> data received from printer:
145325417-> <6>
145325419-> ********************** COMMAND BEGIN **********************
145325419-> data sent to printer:
145325419-> <2>VS000040 Naranja Varillas-Puentes Marcas<3>
145325653-> data received from printer:
145325808-> <6>
145325808-> ********************** COMMAND BEGIN **********************
145325809-> data sent to printer:
145325809-> <2>N11,000xBs990,00      00000990000<3>
145326695-> data received from printer:
145326858-> <6>
145326932-> ********************** COMMAND BEGIN **********************
145326932-> data sent to printer:
145326932-> <2>O1<3>
145327576-> data received from printer:
145327731-> <2>99000<3><6>
145327798-> ********************** COMMAND BEGIN **********************
145327799-> data sent to printer:
145327799-> <2>P126/05/2023 EFECTIVO 000000099000<3>
145328065-> data received from printer:
145328228-> <6>
145328229-> ********************** COMMAND BEGIN **********************
145328229-> data sent to printer:
145328229-> <2>V<3>
145328421-> data received from printer:
145328573-> <6>
145328574-> ********************** COMMAND BEGIN **********************
145328574-> data sent to printer:
145328574-> <2>VNumero Orden: 9995191<3>
145328790-> data received from printer:
145328949-> <6>
145328949-> ********************** COMMAND BEGIN **********************
145328950-> data sent to printer:
145328950-> <2>V<3>
145329140-> data received from printer:
145329293-> <6>
145329322-> ********************** COMMAND BEGIN **********************
145329323-> data sent to printer:
145329323-> <2>V<161><161><161>GRACIAS POR SU COMPRA!!!<3>
145329543-> data received from printer:
145329699-> <6>
145329699-> ********************** COMMAND BEGIN **********************
145329700-> data sent to printer:
145329700-> <2>VSolo se aceptaran devoluciones<3>
145329925-> data received from printer:
145330089-> <6>
145330090-> ********************** COMMAND BEGIN **********************
145330090-> data sent to printer:
145330090-> <2>Vpor defectos de fabrica, con la<3>
145330313-> data received from printer:
145330465-> <6>
145330465-> ********************** COMMAND BEGIN **********************
145330466-> data sent to printer:
145330466-> <2>Vpresentacion de esta factura (original),<3>
145330700-> data received from printer:
145330855-> <6>
145330855-> ********************** COMMAND BEGIN **********************
145330856-> data sent to printer:
145330856-> <2>Vdentro de los treinta (30) dias<3>
145331083-> data received from printer:
145331246-> <6>
145331246-> ********************** COMMAND BEGIN **********************
145331247-> data sent to printer:
145331247-> <2>Vsiguientes a la emision de la misma.<3>
145331475-> data received from printer:
145331638-> <6>
145331639-> ********************** COMMAND BEGIN **********************
145331639-> data sent to printer:
145331639-> <2>V <3>
145331833-> data received from printer:
145331984-> <6>
145331984-> ********************** COMMAND BEGIN **********************
145331985-> data sent to printer:
145331985-> <2>V   * * * CONTRIBUYENTE FORMAL * * * <3>
145332250-> data received from printer:
145332405-> <6>
145332406-> ********************** COMMAND BEGIN **********************
145332406-> data sent to printer:
145332407-> <2>Y0<3>
145332456-> data received from printer:
145332735-> <2>SENIAT    J-316292649    1600*800*3100*2          Bs.0TIY1900001130220230934*300<3><6>
145332736-> ********************** COMMAND BEGIN **********************
145332736-> data sent to printer:
145332736-> <2>S<3>
145332743-> data received from printer:
145332900-> <21>
145332900-> ********************** COMMAND BEGIN **********************
145332901-> data sent to printer:
145332901-> <2>M<3>
145334160-> data received from printer:
145334325-> <6>
145422550-> OPEN PORT: COM1@9600
145422591-> ********************** COMMAND BEGIN **********************
145422591-> data sent to printer:
145422592-> <2>L&2<3>
145424259-> data received from printer:
145424422-> <2>141*110<3><6>
145424422-> ********************** COMMAND BEGIN **********************
145424423-> data sent to printer:
145424423-> <2>VRazon Social: DIANA RODRIGUEZ<3>
145424642-> data received from printer:
145424797-> <6>
145424797-> ********************** COMMAND BEGIN **********************
145424798-> data sent to printer:
145424798-> <2>VCI/Rif: V21281105<3>
145425006-> data received from printer:
145425172-> <6>
145425172-> ********************** COMMAND BEGIN **********************
145425173-> data sent to printer:
145425173-> <2>VDatos del Documento Original:<3>
145425396-> data received from printer:
145425548-> <6>
145425548-> ********************** COMMAND BEGIN **********************
145425549-> data sent to printer:
145425549-> <2>VNumero: 0002397<3>
145425754-> data received from printer:
145425909-> <6>
145425909-> ********************** COMMAND BEGIN **********************
145425910-> data sent to printer:
145425910-> <2>VFecha: 28/05/2023<3>
145426119-> data received from printer:
145426270-> <6>
145426271-> ********************** COMMAND BEGIN **********************
145426271-> data sent to printer:
145426271-> <2>VSerial Fiscal: TIY1900001<3>
145426523-> data received from printer:
145426675-> <6>
145426675-> ********************** COMMAND BEGIN **********************
145426676-> data sent to printer:
145426676-> <2>V----------------------------------------<3>
145426908-> data received from printer:
145427065-> <6>
145427163-> ********************** COMMAND BEGIN **********************
145427164-> data sent to printer:
145427165-> <2>VS000040 Naranja Varillas-Puentes Marcas<3>
145427398-> data received from printer:
145427563-> <6>
145427563-> ********************** COMMAND BEGIN **********************
145427564-> data sent to printer:
145427564-> <2>R11,000xBs990,00      00000990000<3>
145427836-> data received from printer:
145427999-> <6>
145428021-> ********************** COMMAND BEGIN **********************
145428021-> data sent to printer:
145428022-> <2>O1<3>
145428626-> data received from printer:
145428779-> <2>99000<3><6>
145428779-> ********************** COMMAND BEGIN **********************
145428780-> data sent to printer:
145428780-> <2>VMonto Disponible:  990<3>
145428997-> data received from printer:
145429154-> <6>
145429154-> ********************** COMMAND BEGIN **********************
145429155-> data sent to printer:
145429155-> <2>Y0<3>
145429205-> data received from printer:
145429485-> <2>SENIAT    J-316292649    1600*800*3100*2          Bs.0TIY1900001130220230935*300<3><6>
145429485-> ********************** COMMAND BEGIN **********************
145429486-> data sent to printer:
145429486-> <2>S<3>
145429493-> data received from printer:
145429650-> <21>
145429650-> ********************** COMMAND BEGIN **********************
145429651-> data sent to printer:
145429651-> <2>M<3>
145430945-> data received from printer:
145431106-> <6>
150035831-> OPEN PORT: COM1@9600
150035870-> ********************** COMMAND BEGIN **********************
150035871-> data sent to printer:
150035871-> <2>Q<3>
150035878-> data received from printer:
150036039-> <21>
150036039-> ********************** COMMAND BEGIN **********************
150036040-> data sent to printer:
150036040-> <2>M<3>
150036047-> data received from printer:
150036205-> <21>
150037664-> OPEN PORT: COM1@9600
150037705-> OPEN PORT: COM1@9600
150037706-> ********************** COMMAND BEGIN **********************
150037706-> data sent to printer:
150037706-> <2>L&1<3>
150039987-> data received from printer:
150040146-> <2>2398*2391<3><6>
150040146-> ********************** COMMAND BEGIN **********************
150040147-> data sent to printer:
150040147-> <2>VRazon Social: Diana Rodriguez<3>
150040370-> data received from printer:
150040522-> <6>
150040523-> ********************** COMMAND BEGIN **********************
150040523-> data sent to printer:
150040523-> <2>VCI/Rif: V-21281105<3>
150040731-> data received from printer:
150040897-> <6>
150040897-> ********************** COMMAND BEGIN **********************
150040898-> data sent to printer:
150040898-> <2>V----------------------------------------<3>
150041131-> data received from printer:
150041287-> <6>
150041287-> ********************** COMMAND BEGIN **********************
150041288-> data sent to printer:
150041288-> <2>VS000040 Naranja Varillas-Puentes Marcas<3>
150041521-> data received from printer:
150041693-> <6>
150041693-> ********************** COMMAND BEGIN **********************
150041694-> data sent to printer:
150041694-> <2>N11,000xBs990,00      00000990000<3>
150041966-> data received from printer:
150042129-> <6>
150042175-> ********************** COMMAND BEGIN **********************
150042176-> data sent to printer:
150042176-> <2>OT99000<0><0><0><0><0><0><128>f<14><3>
150042958-> data received from printer:
150043121-> <2>101970<3><6>
150043231-> ********************** COMMAND BEGIN **********************
150043232-> data sent to printer:
150043232-> <2>P1DIVISAS             000000099000<3>
150043501-> data received from printer:
150043665-> <6>
150043665-> ********************** COMMAND BEGIN **********************
150043666-> data sent to printer:
150043666-> <2>V<3>
150043860-> data received from printer:
150044024-> <6>
150044025-> ********************** COMMAND BEGIN **********************
150044025-> data sent to printer:
150044025-> <2>VNumero Orden: 9995192<3>
150044238-> data received from printer:
150044401-> <6>
150044401-> ********************** COMMAND BEGIN **********************
150044402-> data sent to printer:
150044402-> <2>V<3>
150044594-> data received from printer:
150044747-> <6>
150044753-> ********************** COMMAND BEGIN **********************
150044753-> data sent to printer:
150044753-> <2>V<161><161><161>GRACIAS POR SU COMPRA!!!<3>
150044976-> data received from printer:
150045137-> <6>
150045138-> ********************** COMMAND BEGIN **********************
150045138-> data sent to printer:
150045138-> <2>VSolo se aceptaran devoluciones<3>
150045360-> data received from printer:
150045513-> <6>
150045513-> ********************** COMMAND BEGIN **********************
150045514-> data sent to printer:
150045514-> <2>Vpor defectos de fabrica, con la<3>
150045738-> data received from printer:
150045904-> <6>
150045904-> ********************** COMMAND BEGIN **********************
150045905-> data sent to printer:
150045905-> <2>Vpresentacion de esta factura (original),<3>
150046141-> data received from printer:
150046294-> <6>
150046294-> ********************** COMMAND BEGIN **********************
150046295-> data sent to printer:
150046295-> <2>Vdentro de los treinta (30) dias<3>
150046518-> data received from printer:
150046670-> <6>
150046671-> ********************** COMMAND BEGIN **********************
150046671-> data sent to printer:
150046671-> <2>Vsiguientes a la emision de la misma.<3>
150046901-> data received from printer:
150047060-> <6>
150047060-> ********************** COMMAND BEGIN **********************
150047061-> data sent to printer:
150047061-> <2>V <3>
150047256-> data received from printer:
150047420-> <6>
150047420-> ********************** COMMAND BEGIN **********************
150047421-> data sent to printer:
150047421-> <2>V   * * * CONTRIBUYENTE FORMAL * * * <3>
150047650-> data received from printer:
150047811-> <6>
150047811-> ********************** COMMAND BEGIN **********************
150047812-> data sent to printer:
150047812-> <2>Y0<3>
150047862-> data received from printer:
150048142-> <2>SENIAT    J-316292649    1600*800*3100*2          Bs.0TIY1900001130220230942*300<3><6>
150048143-> ********************** COMMAND BEGIN **********************
150048143-> data sent to printer:
150048143-> <2>S<3>
150048150-> data received from printer:
150048308-> <21>
150048309-> ********************** COMMAND BEGIN **********************
150048309-> data sent to printer:
150048309-> <2>M<3>
150049629-> data received from printer:
150049779-> <6>
150137649-> OPEN PORT: COM1@9600
150137690-> ********************** COMMAND BEGIN **********************
150137691-> data sent to printer:
150137691-> <2>L&2<3>
150139355-> data received from printer:
150139519-> <2>142*110<3><6>
150139519-> ********************** COMMAND BEGIN **********************
150139521-> data sent to printer:
150139521-> <2>VRazon Social: DIANA RODRIGUEZ<3>
150139741-> data received from printer:
150139895-> <6>
150139895-> ********************** COMMAND BEGIN **********************
150139896-> data sent to printer:
150139896-> <2>VCI/Rif: V21281105<3>
150140106-> data received from printer:
150140270-> <6>
150140270-> ********************** COMMAND BEGIN **********************
150140271-> data sent to printer:
150140271-> <2>VDatos del Documento Original:<3>
150140490-> data received from printer:
150140646-> <6>
150140646-> ********************** COMMAND BEGIN **********************
150140647-> data sent to printer:
150140647-> <2>VNumero: 0002398<3>
150140854-> data received from printer:
150141006-> <6>
150141006-> ********************** COMMAND BEGIN **********************
150141007-> data sent to printer:
150141007-> <2>VFecha: 28/05/2023<3>
150141217-> data received from printer:
150141381-> <6>
150141381-> ********************** COMMAND BEGIN **********************
150141382-> data sent to printer:
150141382-> <2>VSerial Fiscal: TIY1900001<3>
150141597-> data received from printer:
150141757-> <6>
150141757-> ********************** COMMAND BEGIN **********************
150141758-> data sent to printer:
150141758-> <2>V----------------------------------------<3>
150142028-> data received from printer:
150142193-> <6>
150142289-> ********************** COMMAND BEGIN **********************
150142290-> data sent to printer:
150142292-> <2>VS000040 Naranja Varillas-Puentes Marcas<3>
150142522-> data received from printer:
150142676-> <6>
150142676-> ********************** COMMAND BEGIN **********************
150142677-> data sent to printer:
150142677-> <2>R11,000xBs990,00      00000990000<3>
150142951-> data received from printer:
150143112-> <6>
150143138-> ********************** COMMAND BEGIN **********************
150143138-> data sent to printer:
150143139-> <2>O1<3>
150143745-> data received from printer:
150143909-> <2>99000<3><6>
150143909-> ********************** COMMAND BEGIN **********************
150143910-> data sent to printer:
150143910-> <2>VMonto Disponible:  1019,7<3>
150144126-> data received from printer:
150144284-> <6>
150144284-> ********************** COMMAND BEGIN **********************
150144285-> data sent to printer:
150144285-> <2>Y0<3>
150144335-> data received from printer:
150144615-> <2>SENIAT    J-316292649    1600*800*3100*2          Bs.0TIY1900001130220230943*300<3><6>
150144615-> ********************** COMMAND BEGIN **********************
150144616-> data sent to printer:
150144616-> <2>S<3>
150144623-> data received from printer:
150144781-> <21>
150144781-> ********************** COMMAND BEGIN **********************
150144782-> data sent to printer:
150144782-> <2>M<3>
150146702-> data received from printer:
150146867-> <6>
150510750-> OPEN PORT: COM1@9600
150510792-> ********************** COMMAND BEGIN **********************
150510793-> data sent to printer:
150510793-> <2>Q<3>
150510801-> data received from printer:
150510953-> <21>
150510953-> ********************** COMMAND BEGIN **********************
150510954-> data sent to printer:
150510954-> <2>M<3>
150510961-> data received from printer:
150511118-> <21>
150512544-> OPEN PORT: COM1@9600
150512586-> OPEN PORT: COM1@9600
150512587-> ********************** COMMAND BEGIN **********************
150512588-> data sent to printer:
150512588-> <2>L&1<3>
150514261-> data received from printer:
150514415-> <2>2399*2391<3><6>
150514415-> ********************** COMMAND BEGIN **********************
150514416-> data sent to printer:
150514416-> <2>VRazon Social: Diana Rodriguez<3>
150514637-> data received from printer:
150514790-> <6>
150514790-> ********************** COMMAND BEGIN **********************
150514791-> data sent to printer:
150514791-> <2>VCI/Rif: V-21281105<3>
150515003-> data received from printer:
150515165-> <6>
150515165-> ********************** COMMAND BEGIN **********************
150515166-> data sent to printer:
150515166-> <2>V----------------------------------------<3>
150515397-> data received from printer:
150515555-> <6>
150515555-> ********************** COMMAND BEGIN **********************
150515556-> data sent to printer:
150515556-> <2>VS000040 Naranja Varillas-Puentes Marcas<3>
150515787-> data received from printer:
150515946-> <6>
150515946-> ********************** COMMAND BEGIN **********************
150515947-> data sent to printer:
150515947-> <2>N11,000xBs990,00      00000990000<3>
150516224-> data received from printer:
150516382-> <6>
150516429-> ********************** COMMAND BEGIN **********************
150516429-> data sent to printer:
150516430-> <2>OT99000<0>9000<0><128>H<148><3>
150517174-> data received from printer:
150517329-> <2>101970<3><6>
150517421-> ********************** COMMAND BEGIN **********************
150517422-> data sent to printer:
150517423-> <2>P1DIVISAS             000000099000<3>
150517728-> data received from printer:
150517887-> <6>
150517887-> ********************** COMMAND BEGIN **********************
150517888-> data sent to printer:
150517888-> <2>V<3>
150518081-> data received from printer:
150518233-> <6>
150518233-> ********************** COMMAND BEGIN **********************
150518234-> data sent to printer:
150518234-> <2>VNumero Orden: 9995193<3>
150518450-> data received from printer:
150518609-> <6>
150518609-> ********************** COMMAND BEGIN **********************
150518610-> data sent to printer:
150518610-> <2>V<3>
150518801-> data received from printer:
150518955-> <6>
150518961-> ********************** COMMAND BEGIN **********************
150518961-> data sent to printer:
150518961-> <2>V<161><161><161>GRACIAS POR SU COMPRA!!!<3>
150519182-> data received from printer:
150519345-> <6>
150519345-> ********************** COMMAND BEGIN **********************
150519346-> data sent to printer:
150519346-> <2>VSolo se aceptaran devoluciones<3>
150519571-> data received from printer:
150519735-> <6>
150519735-> ********************** COMMAND BEGIN **********************
150519736-> data sent to printer:
150519736-> <2>Vpor defectos de fabrica, con la<3>
150519959-> data received from printer:
150520110-> <6>
150520110-> ********************** COMMAND BEGIN **********************
150520111-> data sent to printer:
150520111-> <2>Vpresentacion de esta factura (original),<3>
150520346-> data received from printer:
150520500-> <6>
150520500-> ********************** COMMAND BEGIN **********************
150520501-> data sent to printer:
150520501-> <2>Vdentro de los treinta (30) dias<3>
150520728-> data received from printer:
150520890-> <6>
150520890-> ********************** COMMAND BEGIN **********************
150520891-> data sent to printer:
150520891-> <2>Vsiguientes a la emision de la misma.<3>
150521119-> data received from printer:
150521282-> <6>
150521282-> ********************** COMMAND BEGIN **********************
150521283-> data sent to printer:
150521283-> <2>V <3>
150521476-> data received from printer:
150521628-> <6>
150521628-> ********************** COMMAND BEGIN **********************
150521629-> data sent to printer:
150521629-> <2>V   * * * CONTRIBUYENTE FORMAL * * * <3>
150521861-> data received from printer:
150522020-> <6>
150522020-> ********************** COMMAND BEGIN **********************
150522021-> data sent to printer:
150522021-> <2>Y0<3>
150522071-> data received from printer:
150522352-> <2>SENIAT    J-316292649    1600*800*3100*2          Bs.0TIY1900001130220230946*300<3><6>
150522353-> ********************** COMMAND BEGIN **********************
150522353-> data sent to printer:
150522353-> <2>S<3>
150522361-> data received from printer:
150522518-> <21>
150522518-> ********************** COMMAND BEGIN **********************
150522519-> data sent to printer:
150522519-> <2>M<3>
150523837-> data received from printer:
150523989-> <6>
