114646856-> OPEN PORT: COM1@9600
114646969-> ********************** COMMAND BEGIN **********************
114646970-> data sent to printer:
114646971-> <2>Q<3>
114653028-> No reponse from printer
114653029-> ********************** COMMAND BEGIN **********************
114653029-> data sent to printer:
114653030-> <2>M<3>
114738087-> No reponse from printer
124256677-> OPEN PORT: COM1@9600
124256733-> ********************** COMMAND BEGIN **********************
124256734-> data sent to printer:
124256734-> <2>Q<3>
124302797-> No reponse from printer
124302798-> ********************** COMMAND BEGIN **********************
124302799-> data sent to printer:
124302799-> <2>M<3>
124347858-> No reponse from printer
150247756-> OPEN PORT: COM1@9600
150247829-> ********************** COMMAND BEGIN **********************
150247829-> data sent to printer:
150247830-> <2>Q<3>
150253883-> No reponse from printer
150253884-> ********************** COMMAND BEGIN **********************
150253885-> data sent to printer:
150253885-> <2>M<3>
150338939-> No reponse from printer
