145234243-> OPEN PORT: COM1@9600
145234322-> ********************** COMMAND BEGIN **********************
145234323-> data sent to printer:
145234323-> <2>Q<3>
145234331-> data received from printer:
145234494-> <21>
145234495-> ********************** COMMAND BEGIN **********************
145234496-> data sent to printer:
145234496-> <2>M<3>
145234504-> data received from printer:
145234661-> <21>
145322043-> OPEN PORT: COM1@9600
145322084-> OPEN PORT: COM1@9600
145322086-> ********************** COMMAND BEGIN **********************
145322086-> data sent to printer:
145322087-> <2>L&1<3>
145323756-> data received from printer:
145323917-> <2>2528*2523<3><6>
145323918-> ********************** COMMAND BEGIN **********************
145323919-> data sent to printer:
145323919-> <2>VRazon Social: Giuseppe Lazzaro<3>
145324142-> data received from printer:
145324307-> <6>
145324307-> ********************** COMMAND BEGIN **********************
145324308-> data sent to printer:
145324308-> <2>VCI/Rif: V-8375736<3>
145324519-> data received from printer:
145324684-> <6>
145324687-> ********************** COMMAND BEGIN **********************
145324687-> data sent to printer:
145324688-> <2>V----------------------------------------<3>
145324954-> data received from printer:
145325120-> <6>
145325144-> ********************** COMMAND BEGIN **********************
145325145-> data sent to printer:
145325145-> <2>VM175811 CPCCMWSG220454G<3>
145325362-> data received from printer:
145325526-> <6>
145325527-> ********************** COMMAND BEGIN **********************
145325527-> data sent to printer:
145325527-> <2>N11,000xBs798,00      00000798001<3>
145325807-> data received from printer:
145325961-> <6>
145325962-> ********************** COMMAND BEGIN **********************
145325962-> data sent to printer:
145325963-> <2>VC000187 LIFE FREE 2 CR-39 <3>
145326183-> data received from printer:
145326337-> <6>
145326338-> ********************** COMMAND BEGIN **********************
145326338-> data sent to printer:
145326339-> <2>N12,000xBs2766,40     00005532800<3>
145326618-> data received from printer:
145326772-> <6>
145327627-> ********************** COMMAND BEGIN **********************
145327628-> data sent to printer:
145327628-> <2>P1DIVISAS             000000645848<3>
145327670-> data received from printer:
145327823-> <21>
145327824-> ********************** COMMAND BEGIN **********************
145327824-> data sent to printer:
145327824-> <2>Q<3>
145328212-> data received from printer:
145328364-> <6>
145328365-> ********************** COMMAND BEGIN **********************
145328365-> data sent to printer:
145328365-> <2>M<3>
145328373-> data received from printer:
145328529-> <21>
145808052-> OPEN PORT: COM1@9600
145808094-> ********************** COMMAND BEGIN **********************
145808095-> data sent to printer:
145808095-> <2>Q<3>
145808103-> data received from printer:
145808258-> <21>
145808259-> ********************** COMMAND BEGIN **********************
145808259-> data sent to printer:
145808259-> <2>M<3>
145808267-> data received from printer:
145808423-> <21>
145833195-> OPEN PORT: COM1@9600
145833235-> OPEN PORT: COM1@9600
145833236-> ********************** COMMAND BEGIN **********************
145833236-> data sent to printer:
145833237-> <2>L&1<3>
145834908-> data received from printer:
145835067-> <2>2529*2528<3><6>
145835068-> ********************** COMMAND BEGIN **********************
145835068-> data sent to printer:
145835068-> <2>VRazon Social: Giuseppe Lazzaro<3>
145835290-> data received from printer:
145835443-> <6>
145835444-> ********************** COMMAND BEGIN **********************
145835444-> data sent to printer:
145835445-> <2>VCI/Rif: V-8375736<3>
145835655-> data received from printer:
145835819-> <6>
145835820-> ********************** COMMAND BEGIN **********************
145835820-> data sent to printer:
145835821-> <2>V----------------------------------------<3>
145836052-> data received from printer:
145836210-> <6>
145836211-> ********************** COMMAND BEGIN **********************
145836211-> data sent to printer:
145836211-> <2>VM175811 CPCCMWSG220454G<3>
145836427-> data received from printer:
145836586-> <6>
145836587-> ********************** COMMAND BEGIN **********************
145836587-> data sent to printer:
145836587-> <2>N11,000xBs798,00      00000798001<3>
145836869-> data received from printer:
145837021-> <6>
145837021-> ********************** COMMAND BEGIN **********************
145837022-> data sent to printer:
145837022-> <2>VC000187 LIFE FREE 2 CR-39 <3>
145837240-> data received from printer:
145837397-> <6>
145837397-> ********************** COMMAND BEGIN **********************
145837398-> data sent to printer:
145837398-> <2>N12,000xBs2766,40     00005532800<3>
145837676-> data received from printer:
145837832-> <6>
145838030-> ********************** COMMAND BEGIN **********************
145838030-> data sent to printer:
145838030-> <2>OT645848<0><0> w<148><15><198><142><3>
145839301-> data received from printer:
145839460-> <2>665223<3><6>
145839531-> ********************** COMMAND BEGIN **********************
145839531-> data sent to printer:
145839532-> <2>P1DIVISAS             000000645848<3>
145839798-> data received from printer:
145839958-> <6>
145839959-> ********************** COMMAND BEGIN **********************
145839959-> data sent to printer:
145839960-> <2>V<3>
145840152-> data received from printer:
145840318-> <6>
145840319-> ********************** COMMAND BEGIN **********************
145840319-> data sent to printer:
145840319-> <2>VNumero Orden: 0069140<3>
145840536-> data received from printer:
145840693-> <6>
145840694-> ********************** COMMAND BEGIN **********************
145840694-> data sent to printer:
145840695-> <2>V<3>
145840885-> data received from printer:
145841039-> <6>
145841132-> ********************** COMMAND BEGIN **********************
145841132-> data sent to printer:
145841132-> <2>V<161><161><161>GRACIAS POR SU COMPRA!!!<3>
145841390-> data received from printer:
145841552-> <6>
145841552-> ********************** COMMAND BEGIN **********************
145841553-> data sent to printer:
145841553-> <2>VSolo se aceptaran devoluciones<3>
145841776-> data received from printer:
145841928-> <6>
145841929-> ********************** COMMAND BEGIN **********************
145841929-> data sent to printer:
145841930-> <2>Vpor defectos de fabrica, con la<3>
145842154-> data received from printer:
145842319-> <6>
145842319-> ********************** COMMAND BEGIN **********************
145842320-> data sent to printer:
145842320-> <2>Vpresentacion de esta factura (original),<3>
145842556-> data received from printer:
145842710-> <6>
145842710-> ********************** COMMAND BEGIN **********************
145842711-> data sent to printer:
145842711-> <2>Vdentro de los treinta (30) dias<3>
145842934-> data received from printer:
145843086-> <6>
145843087-> ********************** COMMAND BEGIN **********************
145843087-> data sent to printer:
145843087-> <2>Vsiguientes a la emision de la misma.<3>
145843318-> data received from printer:
145843477-> <6>
145843490-> ********************** COMMAND BEGIN **********************
145843490-> data sent to printer:
145843491-> <2>Y0<3>
145843541-> data received from printer:
145843824-> <2>SENIAT    J-316292649    1600*800*3100*2          Bs.0TIY1900001100520230937*300<3><6>
145843839-> ********************** COMMAND BEGIN **********************
145843840-> data sent to printer:
145843840-> <2>S<3>
145843848-> data received from printer:
145844006-> <21>
145844007-> ********************** COMMAND BEGIN **********************
145844007-> data sent to printer:
145844008-> <2>M<3>
145845354-> data received from printer:
145845505-> <6>
145846096-> OPEN PORT: COM1@9600
145846137-> ********************** COMMAND BEGIN **********************
145846138-> data sent to printer:
145846138-> <2>S<3>
145846500-> data received from printer:
145846665-> <6>
145846666-> ********************** COMMAND BEGIN **********************
145846666-> data sent to printer:
145846667-> <2>V----------------------------------------<3>
145846899-> data received from printer:
145847055-> <6>
145847055-> ********************** COMMAND BEGIN **********************
145847056-> data sent to printer:
145847056-> <2>V <3>
145847250-> data received from printer:
145847401-> <6>
145847402-> ********************** COMMAND BEGIN **********************
145847402-> data sent to printer:
145847403-> <2>VOs: 0069140<3>
145847657-> data received from printer:
145847822-> <6>
145847822-> ********************** COMMAND BEGIN **********************
145847823-> data sent to printer:
145847823-> <2>VCliente: V-8375736<3>
145848033-> data received from printer:
145848197-> <6>
145848197-> ********************** COMMAND BEGIN **********************
145848198-> data sent to printer:
145848198-> <2>VTelefono: 0414-126511<3>
145848412-> data received from printer:
145848572-> <6>
145848572-> ********************** COMMAND BEGIN **********************
145848573-> data sent to printer:
145848573-> <2>VBanco: MERCANTIL<3>
145848784-> data received from printer:
145848947-> <6>
145848948-> ********************** COMMAND BEGIN **********************
145848948-> data sent to printer:
145848949-> <2>VMonto:    304,98<3>
145849204-> data received from printer:
145849366-> <6>
145849367-> ********************** COMMAND BEGIN **********************
145849367-> data sent to printer:
145849367-> <2>V <3>
145849561-> data received from printer:
145849727-> <6>
145849728-> ********************** COMMAND BEGIN **********************
145849728-> data sent to printer:
145849729-> <2>V----------------------------------------<3>
145849965-> data received from printer:
145850117-> <6>
145850118-> ********************** COMMAND BEGIN **********************
145850118-> data sent to printer:
145850119-> <2>T<3>
145850558-> data received from printer:
145850717-> <6>
150948325-> OPEN PORT: COM1@9600
150948771-> ********************** COMMAND BEGIN **********************
150948771-> data sent to printer:
150948772-> <2>S<3>
150949130-> data received from printer:
150949292-> <6>
150949739-> ********************** COMMAND BEGIN **********************
150949740-> data sent to printer:
150949741-> <2>V----------------------------------------<3>
150949975-> data received from printer:
150950136-> <6>
150951019-> ********************** COMMAND BEGIN **********************
150951019-> data sent to printer:
150951020-> <2>V <3>
150951215-> data received from printer:
150951379-> <6>
150951545-> ********************** COMMAND BEGIN **********************
150951545-> data sent to printer:
150951546-> <2>VOs: 0069140<3>
150951796-> data received from printer:
150951955-> <6>
150952213-> ********************** COMMAND BEGIN **********************
150952214-> data sent to printer:
150952214-> <2>VCliente: V-8375736<3>
150952426-> data received from printer:
150952579-> <6>
150953263-> ********************** COMMAND BEGIN **********************
150953263-> data sent to printer:
150953264-> <2>VTelefono: 0414-126511<3>
150953481-> data received from printer:
150953640-> <6>
150954753-> ********************** COMMAND BEGIN **********************
150954754-> data sent to printer:
150954754-> <2>VBanco: MERCANTIL<3>
150954962-> data received from printer:
150955115-> <6>
150956194-> ********************** COMMAND BEGIN **********************
150956195-> data sent to printer:
150956195-> <2>VMonto:    57,34<3>
150956452-> data received from printer:
150956613-> <6>
150957294-> ********************** COMMAND BEGIN **********************
150957295-> data sent to printer:
150957295-> <2>V <3>
150957491-> data received from printer:
150957643-> <6>
150958166-> ********************** COMMAND BEGIN **********************
150958167-> data sent to printer:
150958168-> <2>V----------------------------------------<3>
150958400-> data received from printer:
150958577-> <6>
164457843-> OPEN PORT: COM1@9600
164457929-> ********************** COMMAND BEGIN **********************
164457929-> data sent to printer:
164457930-> <2>Q<3>
164457937-> data received from printer:
164458087-> <21>
164458088-> ********************** COMMAND BEGIN **********************
164458088-> data sent to printer:
164458088-> <2>M<3>
164458096-> data received from printer:
164458252-> <21>
164831356-> OPEN PORT: COM1@9600
164831398-> ********************** COMMAND BEGIN **********************
164831400-> data sent to printer:
164831402-> <2>Q<3>
164831409-> data received from printer:
164831569-> <21>
164831569-> ********************** COMMAND BEGIN **********************
164831570-> data sent to printer:
164831570-> <2>M<3>
164831578-> data received from printer:
164831735-> <21>
164850680-> OPEN PORT: COM1@9600
164850720-> OPEN PORT: COM1@9600
164850722-> ********************** COMMAND BEGIN **********************
164850722-> data sent to printer:
164850723-> <2>L&1<3>
164850732-> data received from printer:
164850894-> <21>
164850895-> ********************** COMMAND BEGIN **********************
164850895-> data sent to printer:
164850895-> <2>VRazon Social: Hector Bottini<3>
164851117-> data received from printer:
164851270-> <6>
164851271-> ********************** COMMAND BEGIN **********************
164851271-> data sent to printer:
164851272-> <2>VCI/Rif: V-21471405<3>
164851533-> data received from printer:
164851691-> <6>
164851692-> ********************** COMMAND BEGIN **********************
164851693-> data sent to printer:
164851693-> <2>V----------------------------------------<3>
164851961-> data received from printer:
164852126-> <6>
164852137-> ********************** COMMAND BEGIN **********************
164852137-> data sent to printer:
164852138-> <2>VW000094 BIOMEDICS TORIC (Reemplazo Mensu<3>
164852374-> data received from printer:
164852531-> <6>
164852531-> ********************** COMMAND BEGIN **********************
164852532-> data sent to printer:
164852532-> <2>VW000094 BIOMEDICS TORIC (Reemplazo Mensu<3>
164852764-> data received from printer:
164852922-> <6>
164852923-> ********************** COMMAND BEGIN **********************
164852923-> data sent to printer:
164852924-> <2>N12,000xBs2033,25     00004066500<3>
164852964-> data received from printer:
164853117-> <21>
164853117-> ********************** COMMAND BEGIN **********************
164853118-> data sent to printer:
164853118-> <2>Q<3>
164853126-> data received from printer:
164853282-> <21>
164853283-> ********************** COMMAND BEGIN **********************
164853283-> data sent to printer:
164853283-> <2>M<3>
164853291-> data received from printer:
164853447-> <21>
164900800-> OPEN PORT: COM1@9600
164900841-> OPEN PORT: COM1@9600
164900842-> ********************** COMMAND BEGIN **********************
164900842-> data sent to printer:
164900842-> <2>L&1<3>
164900852-> data received from printer:
164901008-> <21>
164901009-> ********************** COMMAND BEGIN **********************
164901009-> data sent to printer:
164901009-> <2>VRazon Social: Hector Bottini<3>
164901279-> data received from printer:
164901443-> <6>
164901443-> ********************** COMMAND BEGIN **********************
164901444-> data sent to printer:
164901444-> <2>VCI/Rif: V-21471405<3>
164901657-> data received from printer:
164901818-> <6>
164901819-> ********************** COMMAND BEGIN **********************
164901819-> data sent to printer:
164901819-> <2>V----------------------------------------<3>
164902052-> data received from printer:
164902208-> <6>
164902209-> ********************** COMMAND BEGIN **********************
164902209-> data sent to printer:
164902209-> <2>VW000094 BIOMEDICS TORIC (Reemplazo Mensu<3>
164902444-> data received from printer:
164902598-> <6>
164902598-> ********************** COMMAND BEGIN **********************
164902599-> data sent to printer:
164902599-> <2>VW000094 BIOMEDICS TORIC (Reemplazo Mensu<3>
164902884-> data received from printer:
164903034-> <6>
164903034-> ********************** COMMAND BEGIN **********************
164903035-> data sent to printer:
164903035-> <2>N12,000xBs2033,25     00004066500<3>
164903076-> data received from printer:
164903230-> <21>
164903231-> ********************** COMMAND BEGIN **********************
164903231-> data sent to printer:
164903231-> <2>Q<3>
164903239-> data received from printer:
164903396-> <21>
164903397-> ********************** COMMAND BEGIN **********************
164903397-> data sent to printer:
164903397-> <2>M<3>
164903405-> data received from printer:
164903562-> <21>
165005229-> OPEN PORT: COM1@9600
165005271-> OPEN PORT: COM1@9600
165005273-> ********************** COMMAND BEGIN **********************
165005273-> data sent to printer:
165005274-> <2>L&1<3>
165005284-> data received from printer:
165005446-> <21>
165005446-> ********************** COMMAND BEGIN **********************
165005447-> data sent to printer:
165005447-> <2>VRazon Social: Hector Bottini<3>
165005667-> data received from printer:
165005821-> <6>
165005822-> ********************** COMMAND BEGIN **********************
165005822-> data sent to printer:
165005823-> <2>VCI/Rif: V-21471405<3>
165006034-> data received from printer:
165006196-> <6>
165006197-> ********************** COMMAND BEGIN **********************
165006197-> data sent to printer:
165006197-> <2>V----------------------------------------<3>
165006433-> data received from printer:
165006587-> <6>
165006587-> ********************** COMMAND BEGIN **********************
165006588-> data sent to printer:
165006588-> <2>VW000094 BIOMEDICS TORIC (Reemplazo Mensu<3>
165006869-> data received from printer:
165007022-> <6>
165007023-> ********************** COMMAND BEGIN **********************
165007023-> data sent to printer:
165007023-> <2>VW000094 BIOMEDICS TORIC (Reemplazo Mensu<3>
165007295-> data received from printer:
165007458-> <6>
165007458-> ********************** COMMAND BEGIN **********************
165007459-> data sent to printer:
165007459-> <2>N12,000xBs2033,25     00004066500<3>
165007500-> data received from printer:
165007653-> <21>
165007653-> ********************** COMMAND BEGIN **********************
165007654-> data sent to printer:
165007654-> <2>Q<3>
165007662-> data received from printer:
165007819-> <21>
165007819-> ********************** COMMAND BEGIN **********************
165007820-> data sent to printer:
165007820-> <2>M<3>
165007828-> data received from printer:
165007984-> <21>
165054350-> OPEN PORT: COM1@9600
165054390-> OPEN PORT: COM1@9600
165054391-> ********************** COMMAND BEGIN **********************
165054391-> data sent to printer:
165054392-> <2>L&1<3>
165054401-> data received from printer:
165054558-> <21>
165054559-> ********************** COMMAND BEGIN **********************
165054559-> data sent to printer:
165054559-> <2>VRazon Social: Hector Bottini<3>
165054779-> data received from printer:
165054933-> <6>
165054933-> ********************** COMMAND BEGIN **********************
165054934-> data sent to printer:
165054934-> <2>VCI/Rif: V-21471405<3>
165055145-> data received from printer:
165055308-> <6>
165055308-> ********************** COMMAND BEGIN **********************
165055309-> data sent to printer:
165055309-> <2>V----------------------------------------<3>
165055593-> data received from printer:
165055759-> <6>
165055760-> ********************** COMMAND BEGIN **********************
165055760-> data sent to printer:
165055760-> <2>VW000094 BIOMEDICS TORIC (Reemplazo Mensu<3>
165055993-> data received from printer:
165056150-> <6>
165056151-> ********************** COMMAND BEGIN **********************
165056151-> data sent to printer:
165056152-> <2>VW000094 BIOMEDICS TORIC (Reemplazo Mensu<3>
165056386-> data received from printer:
165056540-> <6>
165056540-> ********************** COMMAND BEGIN **********************
165056541-> data sent to printer:
165056541-> <2>N12,000xBs2033,25     00004066500<3>
165056582-> data received from printer:
165056735-> <21>
165056736-> ********************** COMMAND BEGIN **********************
165056736-> data sent to printer:
165056737-> <2>Q<3>
165056744-> data received from printer:
165056900-> <21>
165056900-> ********************** COMMAND BEGIN **********************
165056901-> data sent to printer:
165056901-> <2>M<3>
165056909-> data received from printer:
165057065-> <21>
165139608-> OPEN PORT: COM1@9600
165139971-> ********************** COMMAND BEGIN **********************
165139972-> data sent to printer:
165139972-> <2>S<3>
165139980-> data received from printer:
165140136-> <21>
165140497-> ********************** COMMAND BEGIN **********************
165140497-> data sent to printer:
165140498-> <2>V----------------------------------------<3>
165140734-> data received from printer:
165140888-> <6>
165141185-> ********************** COMMAND BEGIN **********************
165141186-> data sent to printer:
165141186-> <2>V <3>
165141426-> data received from printer:
165141587-> <6>
165141846-> ********************** COMMAND BEGIN **********************
165141846-> data sent to printer:
165141847-> <2>VOs: 0069158<3>
165142051-> data received from printer:
165142215-> <6>
165142444-> ********************** COMMAND BEGIN **********************
165142445-> data sent to printer:
165142445-> <2>VCliente: V-21471405<3>
165142660-> data received from printer:
165142823-> <6>
165143008-> ********************** COMMAND BEGIN **********************
165143008-> data sent to printer:
165143009-> <2>VTelefono: 0424-126511<3>
165143867-> data received from printer:
165144029-> <6>
165146662-> ********************** COMMAND BEGIN **********************
165146662-> data sent to printer:
165146663-> <2>VBanco: MERCANTIL<3>
165146921-> data received from printer:
165147074-> <6>
165148201-> ********************** COMMAND BEGIN **********************
165148201-> data sent to printer:
165148202-> <2>VMonto:    272,05<3>
165148413-> data received from printer:
165148578-> <6>
165149114-> ********************** COMMAND BEGIN **********************
165149115-> data sent to printer:
165149115-> <2>V <3>
165149342-> data received from printer:
165149498-> <6>
165150091-> ********************** COMMAND BEGIN **********************
165150091-> data sent to printer:
165150091-> <2>V----------------------------------------<3>
165150327-> data received from printer:
165150483-> <6>
165214018-> ********************** COMMAND BEGIN **********************
165214019-> data sent to printer:
165214019-> <2>T<3>
165214421-> data received from printer:
165214576-> <6>
165225343-> OPEN PORT: COM1@9600
165225673-> ********************** COMMAND BEGIN **********************
165225674-> data sent to printer:
165225674-> <2>S<3>
165226035-> data received from printer:
165226189-> <6>
165226988-> ********************** COMMAND BEGIN **********************
165226989-> data sent to printer:
165226989-> <2>V----------------------------------------<3>
165227222-> data received from printer:
165227379-> <6>
165228208-> ********************** COMMAND BEGIN **********************
165228209-> data sent to printer:
165228209-> <2>V <3>
165228403-> data received from printer:
165228566-> <6>
165228887-> ********************** COMMAND BEGIN **********************
165228888-> data sent to printer:
165228888-> <2>VOs: 0069158<3>
165229142-> data received from printer:
165229295-> <6>
165229676-> ********************** COMMAND BEGIN **********************
165229676-> data sent to printer:
165229677-> <2>VCliente: V-21471405<3>
165229887-> data received from printer:
165230045-> <6>
165230399-> ********************** COMMAND BEGIN **********************
165230399-> data sent to printer:
165230400-> <2>VTelefono: 0424-126511<3>
165230614-> data received from printer:
165230778-> <6>
165230985-> ********************** COMMAND BEGIN **********************
165230985-> data sent to printer:
165230986-> <2>VBanco: MERCANTIL<3>
165231197-> data received from printer:
165231357-> <6>
165231547-> ********************** COMMAND BEGIN **********************
165231547-> data sent to printer:
165231547-> <2>VMonto:    164,32<3>
165231803-> data received from printer:
165231965-> <6>
165232513-> ********************** COMMAND BEGIN **********************
165232514-> data sent to printer:
165232514-> <2>V <3>
165232745-> data received from printer:
165232900-> <6>
165233291-> ********************** COMMAND BEGIN **********************
165233291-> data sent to printer:
165233292-> <2>V----------------------------------------<3>
165233524-> data received from printer:
165233681-> <6>
165246078-> ********************** COMMAND BEGIN **********************
165246079-> data sent to printer:
165246080-> <2>T<3>
165246486-> data received from printer:
165246641-> <6>
