101419428-> OPEN PORT: COM1@9600
101419492-> ********************** COMMAND BEGIN **********************
101419493-> data sent to printer:
101419493-> <2>Q<3>
101425557-> No reponse from printer
101425558-> ********************** COMMAND BEGIN **********************
101425558-> data sent to printer:
101425559-> <2>M<3>
101510615-> No reponse from printer
101513760-> OPEN PORT: COM1@9600
101513800-> OPEN PORT: COM1@9600
101513824-> ********************** COMMAND BEGIN **********************
101513824-> data sent to printer:
101513824-> <2>L&1<3>
101519887-> No reponse from printer
101519888-> ********************** COMMAND BEGIN **********************
101519889-> data sent to printer:
101519889-> <2>VRazon Social: ELIOT MARCANO<3>
101523952-> No reponse from printer
101640132-> OPEN PORT: COM1@9600
101640133-> ********************** COMMAND BEGIN **********************
101640134-> data sent to printer:
101640134-> <2>Q<3>
101646191-> No reponse from printer
101646192-> ********************** COMMAND BEGIN **********************
101646192-> data sent to printer:
101646192-> <2>M<3>
101731250-> No reponse from printer
101739082-> OPEN PORT: COM1@9600
101739122-> ********************** COMMAND BEGIN **********************
101739123-> data sent to printer:
101739123-> <2>Q<3>
101745184-> No reponse from printer
101745185-> ********************** COMMAND BEGIN **********************
101745185-> data sent to printer:
101745186-> <2>M<3>
101830242-> No reponse from printer
101836676-> OPEN PORT: COM1@9600
101836716-> OPEN PORT: COM1@9600
101836717-> ********************** COMMAND BEGIN **********************
101836718-> data sent to printer:
101836719-> <2>L&1<3>
101842773-> No reponse from printer
101842773-> ********************** COMMAND BEGIN **********************
101842774-> data sent to printer:
101842774-> <2>VRazon Social: ELIOT MARCANO<3>
101846838-> No reponse from printer
101909881-> OPEN PORT: COM1@9600
101909882-> ********************** COMMAND BEGIN **********************
101909882-> data sent to printer:
101909883-> <2>Q<3>
101915939-> No reponse from printer
101915939-> ********************** COMMAND BEGIN **********************
101915940-> data sent to printer:
101915940-> <2>M<3>
102000997-> No reponse from printer
102008327-> OPEN PORT: COM1@9600
102008366-> ********************** COMMAND BEGIN **********************
102008367-> data sent to printer:
102008367-> <2>Q<3>
102014426-> No reponse from printer
102014427-> ********************** COMMAND BEGIN **********************
102014427-> data sent to printer:
102014428-> <2>M<3>
102059484-> No reponse from printer
102102424-> OPEN PORT: COM1@9600
102102464-> OPEN PORT: COM1@9600
102102464-> ********************** COMMAND BEGIN **********************
102102465-> data sent to printer:
102102465-> <2>L&1<3>
102108527-> No reponse from printer
102108528-> ********************** COMMAND BEGIN **********************
102108528-> data sent to printer:
102108529-> <2>VRazon Social: ELIOT MARCANO<3>
102112592-> No reponse from printer
102315211-> OPEN PORT: COM1@9600
102315213-> ********************** COMMAND BEGIN **********************
102315213-> data sent to printer:
102315213-> <2>Q<3>
102321271-> No reponse from printer
102321271-> ********************** COMMAND BEGIN **********************
102321272-> data sent to printer:
102321272-> <2>M<3>
102406330-> No reponse from printer
102529955-> OPEN PORT: COM1@9600
102529995-> ********************** COMMAND BEGIN **********************
102529995-> data sent to printer:
102529996-> <2>Q<3>
102536051-> No reponse from printer
102536051-> ********************** COMMAND BEGIN **********************
102536052-> data sent to printer:
102536052-> <2>M<3>
102621110-> No reponse from printer
102639361-> OPEN PORT: COM1@9600
102639401-> ********************** COMMAND BEGIN **********************
102639401-> data sent to printer:
102639402-> <2>Q<3>
102645454-> No reponse from printer
102645454-> ********************** COMMAND BEGIN **********************
102645455-> data sent to printer:
102645455-> <2>M<3>
102730512-> No reponse from printer
102923503-> OPEN PORT: COM1@9600
102923543-> ********************** COMMAND BEGIN **********************
102923543-> data sent to printer:
102923544-> <2>Q<3>
102929601-> No reponse from printer
102929602-> ********************** COMMAND BEGIN **********************
102929602-> data sent to printer:
102929602-> <2>M<3>
103014659-> No reponse from printer
103032821-> OPEN PORT: COM1@9600
103032861-> ********************** COMMAND BEGIN **********************
103032861-> data sent to printer:
103032862-> <2>Q<3>
103038915-> No reponse from printer
103038916-> ********************** COMMAND BEGIN **********************
103038916-> data sent to printer:
103038917-> <2>M<3>
103123974-> No reponse from printer
103140828-> OPEN PORT: COM1@9600
103140867-> ********************** COMMAND BEGIN **********************
103140868-> data sent to printer:
103140868-> <2>Q<3>
103146920-> No reponse from printer
103146921-> ********************** COMMAND BEGIN **********************
103146921-> data sent to printer:
103146921-> <2>M<3>
103231978-> No reponse from printer
103409609-> OPEN PORT: COM1@9600
103409648-> ********************** COMMAND BEGIN **********************
103409649-> data sent to printer:
103409649-> <2>Q<3>
103415705-> No reponse from printer
103415706-> ********************** COMMAND BEGIN **********************
103415706-> data sent to printer:
103415707-> <2>M<3>
103500764-> No reponse from printer
103519985-> OPEN PORT: COM1@9600
103520024-> ********************** COMMAND BEGIN **********************
103520025-> data sent to printer:
103520025-> <2>Q<3>
103526082-> No reponse from printer
103526083-> ********************** COMMAND BEGIN **********************
103526083-> data sent to printer:
103526083-> <2>M<3>
103611140-> No reponse from printer
