164545298-> OPEN PORT: COM1@9600
164545402-> ********************** COMMAND BEGIN **********************
164545403-> data sent to printer:
164545403-> <2>Q<3>
164551462-> No reponse from printer
164551463-> ********************** COMMAND BEGIN **********************
164551463-> data sent to printer:
164551464-> <2>M<3>
164636523-> No reponse from printer
164757600-> OPEN PORT: COM1@9600
164757640-> OPEN PORT: COM1@9600
164757655-> ********************** COMMAND BEGIN **********************
164757655-> data sent to printer:
164757655-> <2>L&1<3>
164803715-> No reponse from printer
164803716-> ********************** COMMAND BEGIN **********************
164803716-> data sent to printer:
164803717-> <2>VRazon Social: Fany Calsadilla <3>
164807781-> No reponse from printer
164849030-> OPEN PORT: COM1@9600
164849030-> ********************** COMMAND BEGIN **********************
164849031-> data sent to printer:
164849031-> <2>Q<3>
164855091-> No reponse from printer
164855091-> ********************** COMMAND BEGIN **********************
164855092-> data sent to printer:
164855092-> <2>M<3>
164940150-> No reponse from printer
165141926-> OPEN PORT: COM1@9600
165141965-> ********************** COMMAND BEGIN **********************
165141966-> data sent to printer:
165141966-> <2>Q<3>
165148028-> No reponse from printer
165148029-> ********************** COMMAND BEGIN **********************
165148029-> data sent to printer:
165148029-> <2>M<3>
165233087-> No reponse from printer
165247367-> OPEN PORT: COM1@9600
165250285-> OPEN PORT: COM1@9600
165251567-> ********************** COMMAND BEGIN **********************
165251567-> data sent to printer:
165251568-> <2>L&1<3>
165257623-> No reponse from printer
165257624-> ********************** COMMAND BEGIN **********************
165257624-> data sent to printer:
165257624-> <2>VRazon Social: Fany Calsadilla <3>
165301689-> No reponse from printer
165347936-> OPEN PORT: COM1@9600
165347937-> ********************** COMMAND BEGIN **********************
165347938-> data sent to printer:
165347938-> <2>Q<3>
165354000-> No reponse from printer
165354001-> ********************** COMMAND BEGIN **********************
165354001-> data sent to printer:
165354002-> <2>M<3>
165439061-> No reponse from printer
165715321-> OPEN PORT: COM1@9600
165715361-> ********************** COMMAND BEGIN **********************
165715361-> data sent to printer:
165715362-> <2>Q<3>
165721423-> No reponse from printer
165721424-> ********************** COMMAND BEGIN **********************
165721425-> data sent to printer:
165721425-> <2>M<3>
165806483-> No reponse from printer
165813674-> OPEN PORT: COM1@9600
165813713-> OPEN PORT: COM1@9600
165813715-> ********************** COMMAND BEGIN **********************
165813716-> data sent to printer:
165813716-> <2>L&1<3>
165819775-> No reponse from printer
165819776-> ********************** COMMAND BEGIN **********************
165819776-> data sent to printer:
165819777-> <2>VRazon Social: Fany Calsadilla <3>
165823840-> No reponse from printer
165837324-> OPEN PORT: COM1@9600
165837324-> ********************** COMMAND BEGIN **********************
165837325-> data sent to printer:
165837325-> <2>Q<3>
