100941299-> OPEN PORT: COM1@9600
100941389-> ********************** COMMAND BEGIN **********************
100941390-> data sent to printer:
100941391-> <2>Q<3>
100941398-> data received from printer:
100941561-> <21>
100941562-> ********************** COMMAND BEGIN **********************
100941562-> data sent to printer:
100941563-> <2>M<3>
100941570-> data received from printer:
100941727-> <21>
102750790-> OPEN PORT: COM1@9600
102750896-> ********************** COMMAND BEGIN **********************
102750897-> data sent to printer:
102750897-> <2>Q<3>
102750905-> data received from printer:
102751070-> <21>
102751071-> ********************** COMMAND BEGIN **********************
102751071-> data sent to printer:
102751072-> <2>M<3>
102751079-> data received from printer:
102751235-> <21>
112930925-> OPEN PORT: COM1@9600
112930993-> ********************** COMMAND BEGIN **********************
112930993-> data sent to printer:
112930993-> <2>Q<3>
112931001-> data received from printer:
112931154-> <21>
112931155-> ********************** COMMAND BEGIN **********************
112931155-> data sent to printer:
112931155-> <2>M<3>
112931163-> data received from printer:
112931320-> <21>
153811933-> OPEN PORT: COM1@9600
153812024-> ********************** COMMAND BEGIN **********************
153812025-> data sent to printer:
153812025-> <2>Q<3>
153812034-> data received from printer:
153812200-> <21>
153812201-> ********************** COMMAND BEGIN **********************
153812201-> data sent to printer:
153812202-> <2>M<3>
153812209-> data received from printer:
153812365-> <21>
