142956790-> OPEN PORT: COM1@9600
142956904-> ********************** COMMAND BEGIN **********************
142956905-> data sent to printer:
142956905-> <2>Q<3>
142956910-> data received from printer:
142957071-> <21>
142957072-> ********************** COMMAND BEGIN **********************
142957072-> data sent to printer:
142957073-> <2>M<3>
142957077-> data received from printer:
142957237-> <21>
142958941-> OPEN PORT: COM1@9600
142959007-> OPEN PORT: COM1@9600
142959032-> ********************** COMMAND BEGIN **********************
142959032-> data sent to printer:
142959033-> <2>L&1<3>
142959693-> data received from printer:
142959858-> <2>6107*6101<3><6>
142959859-> ********************** COMMAND BEGIN **********************
142959859-> data sent to printer:
142959860-> <2>VRazon Social: DIANA LOSADA<3>
142959944-> data received from printer:
143000098-> <6>
143000098-> ********************** COMMAND BEGIN **********************
143000100-> data sent to printer:
143000100-> <2>VCI/Rif: V-20713936<3>
143000175-> data received from printer:
143000340-> <6>
143000340-> ********************** COMMAND BEGIN **********************
143000341-> data sent to printer:
143000341-> <2>V----------------------------------------<3>
143000441-> data received from printer:
143000596-> <6>
143000618-> ********************** COMMAND BEGIN **********************
143000618-> data sent to printer:
143000618-> <2>Y0<3>
143000626-> data received from printer:
143000885-> <2>SENIAT    J-00000000000001600*0800*3100*2          Bs.0TIS0900049040220251423<3><6>
143000888-> ********************** COMMAND BEGIN **********************
143000888-> data sent to printer:
143000889-> <2>VC000899 Maxi Delgado ChromActive BlueCut<3>
143000988-> data received from printer:
143001140-> <6>
143001140-> ********************** COMMAND BEGIN **********************
143001141-> data sent to printer:
143001141-> <2>V <3>
143001199-> data received from printer:
143001351-> <6>
143001352-> ********************** COMMAND BEGIN **********************
143001352-> data sent to printer:
143001353-> <2>N12,000xBs1229,34     00002458680<3>
143001495-> data received from printer:
143001653-> <6>
143001653-> ********************** COMMAND BEGIN **********************
143001654-> data sent to printer:
143001654-> <2>VD000003 SERVICIO EXPRESS 12 HORAS<3>
143001746-> data received from printer:
143001909-> <6>
143001909-> ********************** COMMAND BEGIN **********************
143001910-> data sent to printer:
143001910-> <2>N11,000xBs234,16      00000234161<3>
143002052-> data received from printer:
143002209-> <6>
143002209-> ********************** COMMAND BEGIN **********************
143002210-> data sent to printer:
143002210-> <2>VA000004 GARANTIA EXTENDIDA<3>
143002295-> data received from printer:
143002450-> <6>
143002451-> ********************** COMMAND BEGIN **********************
143002451-> data sent to printer:
143002451-> <2>N11,000xBs614,67      00000614671<3>
143002593-> data received from printer:
143002751-> <6>
143002751-> ********************** COMMAND BEGIN **********************
143002752-> data sent to printer:
143002752-> <2>VM181159 DMCCMWTU23801552ON<3>
143002837-> data received from printer:
143002991-> <6>
143002992-> ********************** COMMAND BEGIN **********************
143002992-> data sent to printer:
143002992-> <2>N11,000xBs2400,14     00002400141<3>
143003134-> data received from printer:
143003292-> <6>
143003550-> ********************** COMMAND BEGIN **********************
143003551-> data sent to printer:
143003553-> <2>O1<3>
143004103-> data received from printer:
143004263-> <2>622749<3><6>
143004335-> ********************** COMMAND BEGIN **********************
143004336-> data sent to printer:
143004337-> <2>P104/02/2025 EFECTIVO 000000622749<3>
143004533-> data received from printer:
143004686-> <6>
143006261-> ********************** COMMAND BEGIN **********************
143006262-> data sent to printer:
143006262-> <2>V<3>
143006319-> data received from printer:
143006479-> <6>
143006480-> ********************** COMMAND BEGIN **********************
143006480-> data sent to printer:
143006480-> <2>VNumero Orden: 0146280<3>
143006559-> data received from printer:
143006721-> <6>
143006722-> ********************** COMMAND BEGIN **********************
143006722-> data sent to printer:
143006722-> <2>V<3>
143006779-> data received from printer:
143006932-> <6>
143006977-> ********************** COMMAND BEGIN **********************
143006977-> data sent to printer:
143006977-> <2>V*Contrato de Garantia Extendida para<3>
143007073-> data received from printer:
143007235-> <6>
143007235-> ********************** COMMAND BEGIN **********************
143007236-> data sent to printer:
143007236-> <2>V      Cristales Formulados:<3>
143007322-> data received from printer:
143007475-> <6>
143007475-> ********************** COMMAND BEGIN **********************
143007476-> data sent to printer:
143007476-> <2>V <3>
143007534-> data received from printer:
143007685-> <6>
143007685-> ********************** COMMAND BEGIN **********************
143007686-> data sent to printer:
143007686-> <2>VOD: ESF -0,50 EJE 160 CIL -0,50 ADD 0,00<3>
143007785-> data received from printer:
143007940-> <6>
143007941-> ********************** COMMAND BEGIN **********************
143007941-> data sent to printer:
143007941-> <2>VOI: ESF -0,50 EJE 20 CIL -0,75 ADD 0,00<3>
143008040-> data received from printer:
143008195-> <6>
143008196-> ********************** COMMAND BEGIN **********************
143008196-> data sent to printer:
143008197-> <2>V <3>
143008254-> data received from printer:
143008405-> <6>
143008405-> ********************** COMMAND BEGIN **********************
143008406-> data sent to printer:
143008406-> <2>VCondiciones legales en el Contrato<3>
143008499-> data received from printer:
143008660-> <6>
143008661-> ********************** COMMAND BEGIN **********************
143008661-> data sent to printer:
143008661-> <2>VSuscrito.<3>
143008727-> data received from printer:
143008886-> <6>
143008886-> ********************** COMMAND BEGIN **********************
143008887-> data sent to printer:
143008887-> <2>V <3>
143008945-> data received from printer:
143009096-> <6>
143009118-> ********************** COMMAND BEGIN **********************
143009118-> data sent to printer:
143009118-> <2>V<161><161><161>GRACIAS POR SU COMPRA!!!<3>
143009204-> data received from printer:
143009367-> <6>
143009367-> ********************** COMMAND BEGIN **********************
143009368-> data sent to printer:
143009368-> <2>VSolo se aceptaran devoluciones<3>
143009457-> data received from printer:
143009622-> <6>
143009623-> ********************** COMMAND BEGIN **********************
143009623-> data sent to printer:
143009623-> <2>Vpor defectos de fabrica, con la<3>
143009713-> data received from printer:
143009877-> <6>
143009878-> ********************** COMMAND BEGIN **********************
143009878-> data sent to printer:
143009878-> <2>Vpresentacion de esta factura (original),<3>
143009978-> data received from printer:
143010132-> <6>
143010133-> ********************** COMMAND BEGIN **********************
143010133-> data sent to printer:
143010133-> <2>Vdentro de los treinta (30) dias<3>
143010223-> data received from printer:
143010387-> <6>
143010388-> ********************** COMMAND BEGIN **********************
143010388-> data sent to printer:
143010389-> <2>Vsiguientes a la emision de la misma.<3>
143010484-> data received from printer:
143010642-> <6>
143010643-> ********************** COMMAND BEGIN **********************
143010643-> data sent to printer:
143010643-> <2>Y0<3>
143010651-> data received from printer:
143010900-> <2>SENIAT    J-00000000000001600*0800*3100*2          Bs.0TIS0900049040220251423<3><6>
143010901-> ********************** COMMAND BEGIN **********************
143010901-> data sent to printer:
143010902-> <2>M<3>
143012200-> data received from printer:
143012356-> <6>
143027413-> OPEN PORT: COM1@9600
143027480-> ********************** COMMAND BEGIN **********************
143027481-> data sent to printer:
143027481-> <2>Y3<3>
143027489-> data received from printer:
143027670-> <2>6107*6101*909*0*<3><6>
