115048361-> OPEN PORT: COM1@9600
115048474-> ********************** COMMAND BEGIN **********************
115048475-> data sent to printer:
115048475-> <2>Q<3>
115048483-> data received from printer:
115048633-> <21>
115048634-> ********************** COMMAND BEGIN **********************
115048635-> data sent to printer:
115048635-> <2>M<3>
115048643-> data received from printer:
115048798-> <21>
115441856-> OPEN PORT: COM1@9600
115441896-> ********************** COMMAND BEGIN **********************
115441897-> data sent to printer:
115441897-> <2>Q<3>
115441905-> data received from printer:
115442067-> <21>
115442068-> ********************** COMMAND BEGIN **********************
115442068-> data sent to printer:
115442068-> <2>M<3>
115442076-> data received from printer:
115442233-> <21>
115447763-> OPEN PORT: COM1@9600
115447802-> OPEN PORT: COM1@9600
115447829-> ********************** COMMAND BEGIN **********************
115447829-> data sent to printer:
115447830-> <2>L&1<3>
115449502-> data received from printer:
115449658-> <2>2676*2673<3><6>
115449659-> ********************** COMMAND BEGIN **********************
115449659-> data sent to printer:
115449660-> <2>VRazon Social: Alibet Parra<3>
115449880-> data received from printer:
115450033-> <6>
115450034-> ********************** COMMAND BEGIN **********************
115450034-> data sent to printer:
115450034-> <2>VCI/Rif: V-8507662<3>
115450241-> data received from printer:
115450393-> <6>
115450394-> ********************** COMMAND BEGIN **********************
115450394-> data sent to printer:
115450395-> <2>V----------------------------------------<3>
115450628-> data received from printer:
115450783-> <6>
115450794-> ********************** COMMAND BEGIN **********************
115450794-> data sent to printer:
115450795-> <2>VW000094 BIOMEDICS TORIC (Reemplazo Mensu<3>
115451030-> data received from printer:
115451188-> <6>
115451189-> ********************** COMMAND BEGIN **********************
115451189-> data sent to printer:
115451189-> <2>VW000094 BIOMEDICS TORIC (Reemplazo Mensu<3>
115451421-> data received from printer:
115451578-> <6>
115451579-> ********************** COMMAND BEGIN **********************
115451579-> data sent to printer:
115451580-> <2>N12,000xBs2724,01     00005448020<3>
115451855-> data received from printer:
115452013-> <6>
115455081-> ********************** COMMAND BEGIN **********************
115455081-> data sent to printer:
115455082-> <2>OT508504<0><0><0><0><0><128><134>/<3>
115455866-> data received from printer:
115456031-> <2>560057<3><6>
115457512-> ********************** COMMAND BEGIN **********************
115457512-> data sent to printer:
115457512-> <2>P122/03/2024 DEBITO   000000051553<3>
115457783-> data received from printer:
115457936-> <6>
115457937-> ********************** COMMAND BEGIN **********************
115457937-> data sent to printer:
115457937-> <2>P1DIVISAS             000000508504<3>
115458204-> data received from printer:
115458356-> <6>
115458936-> ********************** COMMAND BEGIN **********************
115458937-> data sent to printer:
115458937-> <2>V<3>
115459130-> data received from printer:
115459293-> <6>
115459294-> ********************** COMMAND BEGIN **********************
115459294-> data sent to printer:
115459294-> <2>VNumero Orden: 0069939<3>
115459511-> data received from printer:
115459669-> <6>
115459670-> ********************** COMMAND BEGIN **********************
115459670-> data sent to printer:
115459670-> <2>V<3>
115459862-> data received from printer:
115500014-> <6>
115500055-> ********************** COMMAND BEGIN **********************
115500056-> data sent to printer:
115500056-> <2>V<161><161><161>GRACIAS POR SU COMPRA!!!<3>
115500277-> data received from printer:
115500435-> <6>
115500436-> ********************** COMMAND BEGIN **********************
115500436-> data sent to printer:
115500437-> <2>VSolo se aceptaran devoluciones<3>
115500663-> data received from printer:
115500826-> <6>
115500827-> ********************** COMMAND BEGIN **********************
115500827-> data sent to printer:
115500828-> <2>Vpor defectos de fabrica, con la<3>
115501051-> data received from printer:
115501216-> <6>
115501217-> ********************** COMMAND BEGIN **********************
115501217-> data sent to printer:
115501217-> <2>Vpresentacion de esta factura (original),<3>
115501452-> data received from printer:
115501606-> <6>
115501606-> ********************** COMMAND BEGIN **********************
115501607-> data sent to printer:
115501607-> <2>Vdentro de los treinta (30) dias<3>
115501835-> data received from printer:
115501998-> <6>
115501999-> ********************** COMMAND BEGIN **********************
115501999-> data sent to printer:
115501999-> <2>Vsiguientes a la emision de la misma.<3>
115502264-> data received from printer:
115502419-> <6>
115502434-> ********************** COMMAND BEGIN **********************
115502434-> data sent to printer:
115502435-> <2>Y0<3>
115502485-> data received from printer:
115502765-> <2>SENIAT    J-316292649    1600*800*3100*2          Bs.0TIY1900001261020230140*300<3><6>
115502766-> ********************** COMMAND BEGIN **********************
115502766-> data sent to printer:
115502767-> <2>S<3>
115502774-> data received from printer:
115502931-> <21>
115502932-> ********************** COMMAND BEGIN **********************
115502932-> data sent to printer:
115502933-> <2>M<3>
115504219-> data received from printer:
115504371-> <6>
