105605232-> OPEN PORT: COM1@9600
105605310-> ********************** COMMAND BEGIN **********************
105605310-> data sent to printer:
105605311-> <2>Q<3>
105605316-> data received from printer:
105605638-> <255><255>
105605639-> ********************** COMMAND BEGIN **********************
105605639-> data sent to printer:
105605639-> <2>M<3>
105605644-> data received from printer:
105605969-> <255><255>
105903292-> OPEN PORT: COM1@9600
105903332-> ********************** COMMAND BEGIN **********************
105903333-> data sent to printer:
105903333-> <2>Q<3>
105903339-> data received from printer:
105903664-> <255><255><255><255>
105903665-> ********************** COMMAND BEGIN **********************
105903665-> data sent to printer:
105903666-> <2>M<3>
105903671-> data received from printer:
105903979-> <255><255><255><255><255>
110659890-> OPEN PORT: COM1@9600
110659931-> OPEN PORT: COM1@9600
110659933-> ********************** COMMAND BEGIN **********************
110659934-> data sent to printer:
110659934-> <2>L&1<3>
110659942-> data received from printer:
110700269-> <255><255><255><255>
110700270-> ********************** COMMAND BEGIN **********************
110700270-> data sent to printer:
110700270-> <2>VRazon Social: Ethel Pineda<3>
110700282-> data received from printer:
110700629-> <255><255><255><255><255><255><255><255><255><255><255><255><255><255><255><255><255><255><255><255><255><255><255>
111528329-> OPEN PORT: COM1@9600
111528330-> ********************** COMMAND BEGIN **********************
111528331-> data sent to printer:
111528331-> <2>Q<3>
111528339-> data received from printer:
111528500-> <21>
111528500-> ********************** COMMAND BEGIN **********************
111528501-> data sent to printer:
111528501-> <2>M<3>
111528509-> data received from printer:
111528665-> <21>
111551867-> OPEN PORT: COM1@9600
111551907-> ********************** COMMAND BEGIN **********************
111551907-> data sent to printer:
111551908-> <2>Q<3>
111551915-> data received from printer:
111552076-> <21>
111552077-> ********************** COMMAND BEGIN **********************
111552077-> data sent to printer:
111552078-> <2>M<3>
111552085-> data received from printer:
111552242-> <21>
111558177-> OPEN PORT: COM1@9600
111558218-> OPEN PORT: COM1@9600
111558220-> ********************** COMMAND BEGIN **********************
111558221-> data sent to printer:
111558222-> <2>L&1<3>
111559892-> data received from printer:
111600048-> <2>2619*2617<3><6>
111600049-> ********************** COMMAND BEGIN **********************
111600049-> data sent to printer:
111600050-> <2>VRazon Social: Ethel Pineda<3>
111600266-> data received from printer:
111600424-> <6>
111600425-> ********************** COMMAND BEGIN **********************
111600425-> data sent to printer:
111600426-> <2>VCI/Rif: V-12659799<3>
111600636-> data received from printer:
111600800-> <6>
111600801-> ********************** COMMAND BEGIN **********************
111600802-> data sent to printer:
111600802-> <2>V----------------------------------------<3>
111601036-> data received from printer:
111601190-> <6>
111601218-> ********************** COMMAND BEGIN **********************
111601219-> data sent to printer:
111601219-> <2>VA000004 GARANTIA EXTENDIDA<3>
111601435-> data received from printer:
111601595-> <6>
111601596-> ********************** COMMAND BEGIN **********************
111601596-> data sent to printer:
111601597-> <2>N11,000xBs644,92      00000644921<3>
111601877-> data received from printer:
111602031-> <6>
111602032-> ********************** COMMAND BEGIN **********************
111602032-> data sent to printer:
111602032-> <2>VC000412 RLX ULTRA CR 39 <3>
111602251-> data received from printer:
111602407-> <6>
111602408-> ********************** COMMAND BEGIN **********************
111602408-> data sent to printer:
111602409-> <2>N12,000xBs1504,82     00003009640<3>
111602684-> data received from printer:
111602842-> <6>
111602843-> ********************** COMMAND BEGIN **********************
111602843-> data sent to printer:
111602843-> <2>VM179102 DMCGMW201053BS<3>
111603059-> data received from printer:
111603218-> <6>
111603219-> ********************** COMMAND BEGIN **********************
111603219-> data sent to printer:
111603219-> <2>N11,000xBs1083,90     00001083901<3>
111603501-> data received from printer:
111603653-> <6>
111607457-> ********************** COMMAND BEGIN **********************
111607458-> data sent to printer:
111607458-> <2>O1<3>
111608585-> data received from printer:
111608742-> <2>501507<3><6>
111611705-> ********************** COMMAND BEGIN **********************
111611706-> data sent to printer:
111611706-> <2>P109/03/2024 EFECTIVO 000000501507<3>
111611972-> data received from printer:
111612128-> <6>
111613050-> ********************** COMMAND BEGIN **********************
111613051-> data sent to printer:
111613052-> <2>V<3>
111613243-> data received from printer:
111613409-> <6>
111613410-> ********************** COMMAND BEGIN **********************
111613410-> data sent to printer:
111613410-> <2>VNumero Orden: 0050754<3>
111613626-> data received from printer:
111613784-> <6>
111613785-> ********************** COMMAND BEGIN **********************
111613785-> data sent to printer:
111613786-> <2>V<3>
111613976-> data received from printer:
111614129-> <6>
111614149-> ********************** COMMAND BEGIN **********************
111614149-> data sent to printer:
111614150-> <2>V*Contrato de Garantia Extendida para<3>
111614380-> data received from printer:
111614534-> <6>
111614535-> ********************** COMMAND BEGIN **********************
111614535-> data sent to printer:
111614535-> <2>V      Cristales Formulados:<3>
111614792-> data received from printer:
111614954-> <6>
111614955-> ********************** COMMAND BEGIN **********************
111614955-> data sent to printer:
111614956-> <2>V <3>
111615149-> data received from printer:
111615300-> <6>
111615301-> ********************** COMMAND BEGIN **********************
111615301-> data sent to printer:
111615301-> <2>VOD: ESF 0,75 EJE 25 CIL -0,25 ADD 2,25<3>
111615535-> data received from printer:
111615691-> <6>
111615692-> ********************** COMMAND BEGIN **********************
111615693-> data sent to printer:
111615693-> <2>VOI: ESF 0,50 EJE 0 CIL 0,00 ADD 2,25<3>
111615921-> data received from printer:
111616081-> <6>
111616082-> ********************** COMMAND BEGIN **********************
111616082-> data sent to printer:
111616083-> <2>V <3>
111616276-> data received from printer:
111616427-> <6>
111616428-> ********************** COMMAND BEGIN **********************
111616428-> data sent to printer:
111616428-> <2>VCondiciones legales en el Contrato<3>
111616658-> data received from printer:
111616817-> <6>
111616818-> ********************** COMMAND BEGIN **********************
111616818-> data sent to printer:
111616818-> <2>VSuscrito.<3>
111617019-> data received from printer:
111617177-> <6>
111617177-> ********************** COMMAND BEGIN **********************
111617178-> data sent to printer:
111617178-> <2>V <3>
111617371-> data received from printer:
111617523-> <6>
111617535-> ********************** COMMAND BEGIN **********************
111617536-> data sent to printer:
111617536-> <2>V<161><161><161>GRACIAS POR SU COMPRA!!!<3>
111617758-> data received from printer:
111617913-> <6>
111617914-> ********************** COMMAND BEGIN **********************
111617914-> data sent to printer:
111617914-> <2>VSolo se aceptaran devoluciones<3>
111618136-> data received from printer:
111618288-> <6>
111618289-> ********************** COMMAND BEGIN **********************
111618289-> data sent to printer:
111618289-> <2>Vpor defectos de fabrica, con la<3>
111618514-> data received from printer:
111618678-> <6>
111618679-> ********************** COMMAND BEGIN **********************
111618679-> data sent to printer:
111618679-> <2>Vpresentacion de esta factura (original),<3>
111618915-> data received from printer:
111619068-> <6>
111619069-> ********************** COMMAND BEGIN **********************
111619069-> data sent to printer:
111619069-> <2>Vdentro de los treinta (30) dias<3>
111619328-> data received from printer:
111619488-> <6>
111619488-> ********************** COMMAND BEGIN **********************
111619489-> data sent to printer:
111619489-> <2>Vsiguientes a la emision de la misma.<3>
111619720-> data received from printer:
111619878-> <6>
111619885-> ********************** COMMAND BEGIN **********************
111619886-> data sent to printer:
111619886-> <2>Y0<3>
111619936-> data received from printer:
111620208-> <2>SENIAT    J-316292649    1600*800*3100*2          Bs.0TIY1900001131020230101*300<3><6>
111620243-> ********************** COMMAND BEGIN **********************
111620243-> data sent to printer:
111620244-> <2>S<3>
111620251-> data received from printer:
111620404-> <21>
111620405-> ********************** COMMAND BEGIN **********************
111620405-> data sent to printer:
111620405-> <2>M<3>
111621687-> data received from printer:
111621844-> <6>
125642073-> OPEN PORT: COM1@9600
125642123-> ********************** COMMAND BEGIN **********************
125642123-> data sent to printer:
125642123-> <2>Q<3>
125642131-> data received from printer:
125642295-> <21>
125642295-> ********************** COMMAND BEGIN **********************
125642296-> data sent to printer:
125642296-> <2>M<3>
125642304-> data received from printer:
125642461-> <21>
125649978-> OPEN PORT: COM1@9600
125650018-> OPEN PORT: COM1@9600
125650020-> ********************** COMMAND BEGIN **********************
125650020-> data sent to printer:
125650021-> <2>L&1<3>
125651692-> data received from printer:
125651852-> <2>2620*2617<3><6>
125651853-> ********************** COMMAND BEGIN **********************
125651853-> data sent to printer:
125651854-> <2>VRazon Social: Ethel Pineda<3>
125652074-> data received from printer:
125652227-> <6>
125652227-> ********************** COMMAND BEGIN **********************
125652228-> data sent to printer:
125652228-> <2>VCI/Rif: V-12659799<3>
125652436-> data received from printer:
125652587-> <6>
125652588-> ********************** COMMAND BEGIN **********************
125652588-> data sent to printer:
125652588-> <2>V----------------------------------------<3>
125652821-> data received from printer:
125652978-> <6>
125652979-> ********************** COMMAND BEGIN **********************
125652979-> data sent to printer:
125652980-> <2>VA000004 GARANTIA EXTENDIDA<3>
125653200-> data received from printer:
125653353-> <6>
125653354-> ********************** COMMAND BEGIN **********************
125653354-> data sent to printer:
125653354-> <2>N11,000xBs644,92      00000644921<3>
125653668-> data received from printer:
125653833-> <6>
125653834-> ********************** COMMAND BEGIN **********************
125653834-> data sent to printer:
125653834-> <2>VC000412 RLX ULTRA CR 39 <3>
125654686-> data received from printer:
125654838-> <6>
125654838-> ********************** COMMAND BEGIN **********************
125654839-> data sent to printer:
125654839-> <2>N12,000xBs1504,82     00003009640<3>
125655114-> data received from printer:
125655273-> <6>
125655274-> ********************** COMMAND BEGIN **********************
125655274-> data sent to printer:
125655275-> <2>VM179102 DMCGMW201053BS<3>
125655490-> data received from printer:
125655648-> <6>
125655649-> ********************** COMMAND BEGIN **********************
125655649-> data sent to printer:
125655650-> <2>N11,000xBs1083,90     00001083901<3>
125655932-> data received from printer:
125656083-> <6>
130917989-> ********************** COMMAND BEGIN **********************
130918019-> data sent to printer:
130918020-> <2>Q<3>
130918415-> data received from printer:
130918571-> <6>
130918571-> ********************** COMMAND BEGIN **********************
130918572-> data sent to printer:
130918572-> <2>M<3>
130918580-> data received from printer:
130918736-> <21>
131523652-> OPEN PORT: COM1@9600
131523716-> ********************** COMMAND BEGIN **********************
131523716-> data sent to printer:
131523717-> <2>Q<3>
131523725-> data received from printer:
131523883-> <21>
131523884-> ********************** COMMAND BEGIN **********************
131523884-> data sent to printer:
131523885-> <2>M<3>
131523892-> data received from printer:
131524049-> <21>
131713948-> OPEN PORT: COM1@9600
131713989-> ********************** COMMAND BEGIN **********************
131713990-> data sent to printer:
131713990-> <2>Q<3>
131713998-> data received from printer:
131714160-> <21>
131714161-> ********************** COMMAND BEGIN **********************
131714161-> data sent to printer:
131714162-> <2>M<3>
131714169-> data received from printer:
131714326-> <21>
131758463-> OPEN PORT: COM1@9600
131758503-> OPEN PORT: COM1@9600
131758505-> ********************** COMMAND BEGIN **********************
131758505-> data sent to printer:
131758506-> <2>L&1<3>
131800174-> data received from printer:
131800325-> <2>2621*2620<3><6>
131800327-> ********************** COMMAND BEGIN **********************
131800327-> data sent to printer:
131800328-> <2>VRazon Social: Ethel Pineda<3>
131800545-> data received from printer:
131800700-> <6>
131800701-> ********************** COMMAND BEGIN **********************
131800701-> data sent to printer:
131800702-> <2>VCI/Rif: V-12659799<3>
131800913-> data received from printer:
131801076-> <6>
131801077-> ********************** COMMAND BEGIN **********************
131801078-> data sent to printer:
131801078-> <2>V----------------------------------------<3>
131801308-> data received from printer:
131801467-> <6>
131801469-> ********************** COMMAND BEGIN **********************
131801470-> data sent to printer:
131801470-> <2>VA000004 GARANTIA EXTENDIDA<3>
131801688-> data received from printer:
131801842-> <6>
131801843-> ********************** COMMAND BEGIN **********************
131801843-> data sent to printer:
131801843-> <2>N11,000xBs644,92      00000644921<3>
131802126-> data received from printer:
131802277-> <6>
131802278-> ********************** COMMAND BEGIN **********************
131802278-> data sent to printer:
131802278-> <2>VC000412 RLX ULTRA CR 39 <3>
131802494-> data received from printer:
131802653-> <6>
131802654-> ********************** COMMAND BEGIN **********************
131802654-> data sent to printer:
131802655-> <2>N12,000xBs1504,82     00003009640<3>
131802931-> data received from printer:
131803088-> <6>
131803089-> ********************** COMMAND BEGIN **********************
131803089-> data sent to printer:
131803089-> <2>VM179102 DMCGMW201053BS<3>
131803306-> data received from printer:
131803464-> <6>
131803464-> ********************** COMMAND BEGIN **********************
131803465-> data sent to printer:
131803465-> <2>N11,000xBs1083,90     00001083901<3>
131803779-> data received from printer:
131803944-> <6>
131820665-> ********************** COMMAND BEGIN **********************
131820666-> data sent to printer:
131820666-> <2>OT501507<0><0><248>w&<15><136><3><3>
131821898-> data received from printer:
131822052-> <2>516552<3><6>
131824669-> ********************** COMMAND BEGIN **********************
131824669-> data sent to printer:
131824669-> <2>P109/03/2024 EFECTIVO 000000010732<3>
131824939-> data received from printer:
131825095-> <6>
131825096-> ********************** COMMAND BEGIN **********************
131825096-> data sent to printer:
131825097-> <2>P1DIVISAS             000000490775<3>
131825363-> data received from printer:
131825515-> <6>
131829569-> ********************** COMMAND BEGIN **********************
131829570-> data sent to printer:
131829570-> <2>V<3>
131829762-> data received from printer:
131829927-> <6>
131829927-> ********************** COMMAND BEGIN **********************
131829928-> data sent to printer:
131829928-> <2>VNumero Orden: 0050755<3>
131830178-> data received from printer:
131830332-> <6>
131830332-> ********************** COMMAND BEGIN **********************
131830333-> data sent to printer:
131830333-> <2>V<3>
131830525-> data received from printer:
131830677-> <6>
131830699-> ********************** COMMAND BEGIN **********************
131830700-> data sent to printer:
131830700-> <2>V*Contrato de Garantia Extendida para<3>
131830932-> data received from printer:
131831098-> <6>
131831099-> ********************** COMMAND BEGIN **********************
131831099-> data sent to printer:
131831099-> <2>V      Cristales Formulados:<3>
131831318-> data received from printer:
131831473-> <6>
131831474-> ********************** COMMAND BEGIN **********************
131831474-> data sent to printer:
131831474-> <2>V <3>
131831668-> data received from printer:
131831833-> <6>
131831834-> ********************** COMMAND BEGIN **********************
131831834-> data sent to printer:
131831834-> <2>VOD: ESF 0,75 EJE 25 CIL -0,25 ADD 2,25<3>
131832069-> data received from printer:
131832224-> <6>
131832224-> ********************** COMMAND BEGIN **********************
131832225-> data sent to printer:
131832225-> <2>VOI: ESF 0,50 EJE 0 CIL 0,00 ADD 2,25<3>
131832453-> data received from printer:
131832614-> <6>
131832615-> ********************** COMMAND BEGIN **********************
131832615-> data sent to printer:
131832616-> <2>V <3>
131832809-> data received from printer:
131832974-> <6>
131832975-> ********************** COMMAND BEGIN **********************
131832975-> data sent to printer:
131832976-> <2>VCondiciones legales en el Contrato<3>
131833205-> data received from printer:
131833365-> <6>
131833365-> ********************** COMMAND BEGIN **********************
131833366-> data sent to printer:
131833366-> <2>VSuscrito.<3>
131833566-> data received from printer:
131833725-> <6>
131833725-> ********************** COMMAND BEGIN **********************
131833726-> data sent to printer:
131833726-> <2>V <3>
131833919-> data received from printer:
131834071-> <6>
131834076-> ********************** COMMAND BEGIN **********************
131834077-> data sent to printer:
131834077-> <2>V<161><161><161>GRACIAS POR SU COMPRA!!!<3>
131834300-> data received from printer:
131834461-> <6>
131834462-> ********************** COMMAND BEGIN **********************
131834462-> data sent to printer:
131834462-> <2>VSolo se aceptaran devoluciones<3>
131834720-> data received from printer:
131834881-> <6>
131834882-> ********************** COMMAND BEGIN **********************
131834882-> data sent to printer:
131834883-> <2>Vpor defectos de fabrica, con la<3>
131835109-> data received from printer:
131835271-> <6>
131835271-> ********************** COMMAND BEGIN **********************
131835272-> data sent to printer:
131835272-> <2>Vpresentacion de esta factura (original),<3>
131835505-> data received from printer:
131835662-> <6>
131835662-> ********************** COMMAND BEGIN **********************
131835663-> data sent to printer:
131835663-> <2>Vdentro de los treinta (30) dias<3>
131835888-> data received from printer:
131836053-> <6>
131836053-> ********************** COMMAND BEGIN **********************
131836054-> data sent to printer:
131836054-> <2>Vsiguientes a la emision de la misma.<3>
131836286-> data received from printer:
131836443-> <6>
131836444-> ********************** COMMAND BEGIN **********************
131836445-> data sent to printer:
131836445-> <2>Y0<3>
131836495-> data received from printer:
131836775-> <2>SENIAT    J-316292649    1600*800*3100*2          Bs.0TIY1900001131020230303*300<3><6>
131836777-> ********************** COMMAND BEGIN **********************
131836777-> data sent to printer:
131836778-> <2>S<3>
131836785-> data received from printer:
131836940-> <21>
131836941-> ********************** COMMAND BEGIN **********************
131836941-> data sent to printer:
131836942-> <2>M<3>
131838250-> data received from printer:
131838411-> <6>
133118931-> OPEN PORT: COM1@9600
133118972-> ********************** COMMAND BEGIN **********************
133118973-> data sent to printer:
133118973-> <2>Q<3>
133118981-> data received from printer:
133119143-> <21>
133119144-> ********************** COMMAND BEGIN **********************
133119144-> data sent to printer:
133119145-> <2>M<3>
133119152-> data received from printer:
133119308-> <21>
133124638-> OPEN PORT: COM1@9600
133124678-> OPEN PORT: COM1@9600
133124679-> ********************** COMMAND BEGIN **********************
133124679-> data sent to printer:
133124679-> <2>L&1<3>
133126347-> data received from printer:
133126502-> <2>2622*2620<3><6>
133126503-> ********************** COMMAND BEGIN **********************
133126503-> data sent to printer:
133126504-> <2>VRazon Social: Ethel Pineda<3>
133126724-> data received from printer:
133126877-> <6>
133126878-> ********************** COMMAND BEGIN **********************
133126879-> data sent to printer:
133126879-> <2>VCI/Rif: V-12659799<3>
133127122-> data received from printer:
133127283-> <6>
133127283-> ********************** COMMAND BEGIN **********************
133127284-> data sent to printer:
133127284-> <2>V----------------------------------------<3>
133127519-> data received from printer:
133127673-> <6>
133127673-> ********************** COMMAND BEGIN **********************
133127674-> data sent to printer:
133127674-> <2>VA000004 GARANTIA EXTENDIDA<3>
133127890-> data received from printer:
133128049-> <6>
133128049-> ********************** COMMAND BEGIN **********************
133128050-> data sent to printer:
133128050-> <2>N11,000xBs644,92      00000644921<3>
133128331-> data received from printer:
133128484-> <6>
133128484-> ********************** COMMAND BEGIN **********************
133128485-> data sent to printer:
133128485-> <2>VC000412 RLX ULTRA CR 39 <3>
133128705-> data received from printer:
133128859-> <6>
133128860-> ********************** COMMAND BEGIN **********************
133128860-> data sent to printer:
133128860-> <2>N12,000xBs1504,82     00003009640<3>
133129136-> data received from printer:
133129294-> <6>
133129295-> ********************** COMMAND BEGIN **********************
133129295-> data sent to printer:
133129295-> <2>VM179102 DMCGMW201053BS<3>
133129511-> data received from printer:
133129670-> <6>
133129671-> ********************** COMMAND BEGIN **********************
133129671-> data sent to printer:
133129672-> <2>N11,000xBs1083,90     00001083901<3>
133129954-> data received from printer:
133130106-> <6>
133157797-> ********************** COMMAND BEGIN **********************
133157799-> data sent to printer:
133157800-> <2>OT501507<0><0><0><0><0><128><208>z<3>
133159722-> data received from printer:
133159884-> <2>516552<3><6>
151342370-> ********************** COMMAND BEGIN **********************
151342371-> data sent to printer:
151342371-> <2>P109/03/2024 EFECTIVO 000000010732<3>
151342649-> data received from printer:
151342810-> <6>
151342811-> ********************** COMMAND BEGIN **********************
151342811-> data sent to printer:
151342812-> <2>P1DIVISAS             000000490775<3>
151343080-> data received from printer:
151343231-> <6>
151344360-> ********************** COMMAND BEGIN **********************
151344361-> data sent to printer:
151344361-> <2>V<3>
151344556-> data received from printer:
151344718-> <6>
151344719-> ********************** COMMAND BEGIN **********************
151344719-> data sent to printer:
151344720-> <2>VNumero Orden: 0050756<3>
151344932-> data received from printer:
151345094-> <6>
151345095-> ********************** COMMAND BEGIN **********************
151345095-> data sent to printer:
151345095-> <2>V<3>
151345287-> data received from printer:
151345439-> <6>
151345458-> ********************** COMMAND BEGIN **********************
151345459-> data sent to printer:
151345459-> <2>V*Contrato de Garantia Extendida para<3>
151345691-> data received from printer:
151345846-> <6>
151345847-> ********************** COMMAND BEGIN **********************
151345847-> data sent to printer:
151345848-> <2>V      Cristales Formulados:<3>
151346067-> data received from printer:
151346222-> <6>
151346223-> ********************** COMMAND BEGIN **********************
151346223-> data sent to printer:
151346223-> <2>V <3>
151346417-> data received from printer:
151346568-> <6>
151346568-> ********************** COMMAND BEGIN **********************
151346569-> data sent to printer:
151346569-> <2>VOD: ESF 0,75 EJE 25 CIL -0,25 ADD 2,25<3>
151346837-> data received from printer:
151346989-> <6>
151346989-> ********************** COMMAND BEGIN **********************
151346990-> data sent to printer:
151346990-> <2>VOI: ESF 0,50 EJE 0 CIL 0,00 ADD 2,25<3>
151347220-> data received from printer:
151347380-> <6>
151347381-> ********************** COMMAND BEGIN **********************
151347382-> data sent to printer:
151347382-> <2>V <3>
151347577-> data received from printer:
151347742-> <6>
151347743-> ********************** COMMAND BEGIN **********************
151347743-> data sent to printer:
151347744-> <2>VCondiciones legales en el Contrato<3>
151347970-> data received from printer:
151348132-> <6>
151348133-> ********************** COMMAND BEGIN **********************
151348133-> data sent to printer:
151348134-> <2>VSuscrito.<3>
151348335-> data received from printer:
151348492-> <6>
151348493-> ********************** COMMAND BEGIN **********************
151348493-> data sent to printer:
151348493-> <2>V <3>
151348689-> data received from printer:
151348853-> <6>
151348858-> ********************** COMMAND BEGIN **********************
151348859-> data sent to printer:
151348859-> <2>V<161><161><161>GRACIAS POR SU COMPRA!!!<3>
151349077-> data received from printer:
151349243-> <6>
151349244-> ********************** COMMAND BEGIN **********************
151349244-> data sent to printer:
151349245-> <2>VSolo se aceptaran devoluciones<3>
151349468-> data received from printer:
151349634-> <6>
151349634-> ********************** COMMAND BEGIN **********************
151349635-> data sent to printer:
151349635-> <2>Vpor defectos de fabrica, con la<3>
151349862-> data received from printer:
151350025-> <6>
151350026-> ********************** COMMAND BEGIN **********************
151350026-> data sent to printer:
151350027-> <2>Vpresentacion de esta factura (original),<3>
151350259-> data received from printer:
151350416-> <6>
151350416-> ********************** COMMAND BEGIN **********************
151350417-> data sent to printer:
151350417-> <2>Vdentro de los treinta (30) dias<3>
151350642-> data received from printer:
151350807-> <6>
151350808-> ********************** COMMAND BEGIN **********************
151350808-> data sent to printer:
151350808-> <2>Vsiguientes a la emision de la misma.<3>
151351040-> data received from printer:
151351198-> <6>
151351198-> ********************** COMMAND BEGIN **********************
151351199-> data sent to printer:
151351199-> <2>Y0<3>
151351249-> data received from printer:
151351529-> <2>SENIAT    J-316292649    1600*800*3100*2          Bs.0TIY1900001131020230459*300<3><6>
151351530-> ********************** COMMAND BEGIN **********************
151351530-> data sent to printer:
151351531-> <2>S<3>
151351538-> data received from printer:
151351694-> <21>
151351694-> ********************** COMMAND BEGIN **********************
151351695-> data sent to printer:
151351695-> <2>M<3>
151353039-> data received from printer:
151353195-> <6>
152131526-> OPEN PORT: COM1@9600
152131581-> ********************** COMMAND BEGIN **********************
152131581-> data sent to printer:
152131582-> <2>Q<3>
152131589-> data received from printer:
152131752-> <21>
152131753-> ********************** COMMAND BEGIN **********************
152131754-> data sent to printer:
152131754-> <2>M<3>
152131762-> data received from printer:
152131918-> <21>
152145807-> OPEN PORT: COM1@9600
152145847-> OPEN PORT: COM1@9600
152145849-> ********************** COMMAND BEGIN **********************
152145849-> data sent to printer:
152145850-> <2>L&1<3>
152148147-> data received from printer:
152148309-> <2>2623*2620<3><6>
152148310-> ********************** COMMAND BEGIN **********************
152148311-> data sent to printer:
152148312-> <2>VRazon Social: Ethel Pineda<3>
152148528-> data received from printer:
152148684-> <6>
152148685-> ********************** COMMAND BEGIN **********************
152148685-> data sent to printer:
152148686-> <2>VCI/Rif: V-12659799<3>
152148895-> data received from printer:
152149046-> <6>
152149047-> ********************** COMMAND BEGIN **********************
152149047-> data sent to printer:
152149048-> <2>V----------------------------------------<3>
152149282-> data received from printer:
152149437-> <6>
152149440-> ********************** COMMAND BEGIN **********************
152149441-> data sent to printer:
152149441-> <2>VA000004 GARANTIA EXTENDIDA<3>
152149657-> data received from printer:
152149813-> <6>
152149814-> ********************** COMMAND BEGIN **********************
152149814-> data sent to printer:
152149815-> <2>N11,000xBs644,92      00000644921<3>
152150095-> data received from printer:
152150248-> <6>
152150248-> ********************** COMMAND BEGIN **********************
152150249-> data sent to printer:
152150249-> <2>VC000412 RLX ULTRA CR 39 <3>
152150469-> data received from printer:
152150624-> <6>
152150625-> ********************** COMMAND BEGIN **********************
152150625-> data sent to printer:
152150626-> <2>N12,000xBs1504,82     00003009640<3>
152150901-> data received from printer:
152151059-> <6>
152151060-> ********************** COMMAND BEGIN **********************
152151060-> data sent to printer:
152151060-> <2>VM179102 DMCGMW201053BS<3>
152151313-> data received from printer:
152151465-> <6>
152151465-> ********************** COMMAND BEGIN **********************
152151466-> data sent to printer:
152151466-> <2>N11,000xBs1083,90     00001083901<3>
152151745-> data received from printer:
152151901-> <6>
152218767-> ********************** COMMAND BEGIN **********************
152218767-> data sent to printer:
152218768-> <2>OT501507<0><0>m<0>e<0><224>d<3>
152219998-> data received from printer:
152220153-> <2>516552<3><6>
152301482-> ********************** COMMAND BEGIN **********************
152301483-> data sent to printer:
152301483-> <2>P109/03/2024 EFECTIVO 000000010732<3>
152301752-> data received from printer:
152301909-> <6>
152304497-> ********************** COMMAND BEGIN **********************
152304498-> data sent to printer:
152304498-> <2>P1DIVISAS             000000490775<3>
152304801-> data received from printer:
152304965-> <6>
152314685-> ********************** COMMAND BEGIN **********************
152314686-> data sent to printer:
152314686-> <2>V<3>
152314879-> data received from printer:
152315037-> <6>
152315289-> ********************** COMMAND BEGIN **********************
152315289-> data sent to printer:
152315290-> <2>VNumero Orden: 0050757<3>
152315505-> data received from printer:
152315660-> <6>
152315929-> ********************** COMMAND BEGIN **********************
152315929-> data sent to printer:
152315930-> <2>V<3>
152316120-> data received from printer:
152316286-> <6>
152325123-> ********************** COMMAND BEGIN **********************
152325123-> data sent to printer:
152325124-> <2>V*Contrato de Garantia Extendida para<3>
152325353-> data received from printer:
152325518-> <6>
152325563-> ********************** COMMAND BEGIN **********************
152325563-> data sent to printer:
152325564-> <2>V      Cristales Formulados:<3>
152325787-> data received from printer:
152325938-> <6>
152327946-> ********************** COMMAND BEGIN **********************
152327948-> data sent to printer:
152327951-> <2>V <3>
152328144-> data received from printer:
152328295-> <6>
152328909-> ********************** COMMAND BEGIN **********************
152328909-> data sent to printer:
152328910-> <2>VOD: ESF 0,75 EJE 25 CIL -0,25 ADD 2,25<3>
152329142-> data received from printer:
152329302-> <6>
152343676-> ********************** COMMAND BEGIN **********************
152343676-> data sent to printer:
152343677-> <2>VOI: ESF 0,50 EJE 0 CIL 0,00 ADD 2,25<3>
152343909-> data received from printer:
152344069-> <6>
152344070-> ********************** COMMAND BEGIN **********************
152344070-> data sent to printer:
152344070-> <2>V <3>
152344262-> data received from printer:
152344415-> <6>
152344415-> ********************** COMMAND BEGIN **********************
152344416-> data sent to printer:
152344416-> <2>VCondiciones legales en el Contrato<3>
152344645-> data received from printer:
152344807-> <6>
152344808-> ********************** COMMAND BEGIN **********************
152344808-> data sent to printer:
152344809-> <2>VSuscrito.<3>
152345013-> data received from printer:
152345168-> <6>
152345168-> ********************** COMMAND BEGIN **********************
152345169-> data sent to printer:
152345169-> <2>V <3>
152345361-> data received from printer:
152345513-> <6>
152345536-> ********************** COMMAND BEGIN **********************
152345536-> data sent to printer:
152345537-> <2>V<161><161><161>GRACIAS POR SU COMPRA!!!<3>
152345795-> data received from printer:
152345949-> <6>
152345950-> ********************** COMMAND BEGIN **********************
152345950-> data sent to printer:
152345950-> <2>VSolo se aceptaran devoluciones<3>
152346172-> data received from printer:
152346325-> <6>
152346325-> ********************** COMMAND BEGIN **********************
152346326-> data sent to printer:
152346326-> <2>Vpor defectos de fabrica, con la<3>
152346551-> data received from printer:
152346715-> <6>
152346715-> ********************** COMMAND BEGIN **********************
152346716-> data sent to printer:
152346716-> <2>Vpresentacion de esta factura (original),<3>
152346953-> data received from printer:
152347106-> <6>
152347107-> ********************** COMMAND BEGIN **********************
152347107-> data sent to printer:
152347108-> <2>Vdentro de los treinta (30) dias<3>
152347331-> data received from printer:
152347482-> <6>
152347483-> ********************** COMMAND BEGIN **********************
152347483-> data sent to printer:
152347484-> <2>Vsiguientes a la emision de la misma.<3>
152347713-> data received from printer:
152347873-> <6>
152347874-> ********************** COMMAND BEGIN **********************
152347875-> data sent to printer:
152347875-> <2>Y0<3>
152347925-> data received from printer:
152348204-> <2>SENIAT    J-316292649    1600*800*3100*2          Bs.0TIY1900001131020230509*300<3><6>
152348205-> ********************** COMMAND BEGIN **********************
152348206-> data sent to printer:
152348206-> <2>S<3>
152348214-> data received from printer:
152348369-> <21>
152350218-> ********************** COMMAND BEGIN **********************
152350218-> data sent to printer:
152350219-> <2>M<3>
152351564-> data received from printer:
152351729-> <6>
153813621-> OPEN PORT: COM1@9600
153813661-> ********************** COMMAND BEGIN **********************
153813661-> data sent to printer:
153813662-> <2>Q<3>
153813669-> data received from printer:
153813824-> <21>
153813825-> ********************** COMMAND BEGIN **********************
153813825-> data sent to printer:
153813825-> <2>M<3>
153813833-> data received from printer:
153813989-> <21>
153815910-> OPEN PORT: COM1@9600
153815950-> OPEN PORT: COM1@9600
153815951-> ********************** COMMAND BEGIN **********************
153815951-> data sent to printer:
153815952-> <2>L&1<3>
153817587-> data received from printer:
153817752-> <2>2624*2620<3><6>
153817753-> ********************** COMMAND BEGIN **********************
153817753-> data sent to printer:
153817753-> <2>VRazon Social: Ethel Pineda<3>
153818009-> data received from printer:
153818172-> <6>
153818172-> ********************** COMMAND BEGIN **********************
153818173-> data sent to printer:
153818173-> <2>VCI/Rif: V-12659799<3>
153818380-> data received from printer:
153818532-> <6>
153818533-> ********************** COMMAND BEGIN **********************
153818533-> data sent to printer:
153818533-> <2>V----------------------------------------<3>
153818765-> data received from printer:
153818922-> <6>
153818923-> ********************** COMMAND BEGIN **********************
153818924-> data sent to printer:
153818924-> <2>VA000004 GARANTIA EXTENDIDA<3>
153819144-> data received from printer:
153819297-> <6>
153819298-> ********************** COMMAND BEGIN **********************
153819298-> data sent to printer:
153819299-> <2>N11,000xBs644,92      00000644921<3>
153819577-> data received from printer:
153819732-> <6>
153819733-> ********************** COMMAND BEGIN **********************
153819733-> data sent to printer:
153819733-> <2>VC000412 RLX ULTRA CR 39 <3>
153819951-> data received from printer:
153820108-> <6>
153820109-> ********************** COMMAND BEGIN **********************
153820109-> data sent to printer:
153820110-> <2>N12,000xBs1504,82     00003009640<3>
153820389-> data received from printer:
153820543-> <6>
153820544-> ********************** COMMAND BEGIN **********************
153820544-> data sent to printer:
153820544-> <2>VM179102 DMCGMW201053BS<3>
153820758-> data received from printer:
153820918-> <6>
153820918-> ********************** COMMAND BEGIN **********************
153820919-> data sent to printer:
153820919-> <2>N11,000xBs1083,90     00001083901<3>
153821199-> data received from printer:
153821353-> <6>
153823547-> ********************** COMMAND BEGIN **********************
153823548-> data sent to printer:
153823548-> <2>OT501507<0><0><0><0><0><0><215>d<3>
153824816-> data received from printer:
153824975-> <2>516552<3><6>
153839371-> ********************** COMMAND BEGIN **********************
153839372-> data sent to printer:
153839372-> <2>P109/03/2024 EFECTIVO 000000010732<3>
153839638-> data received from printer:
153839789-> <6>
153839790-> ********************** COMMAND BEGIN **********************
153839790-> data sent to printer:
153839790-> <2>P1DIVISAS             000000505820<3>
153840059-> data received from printer:
153840210-> <6>
153840936-> ********************** COMMAND BEGIN **********************
153840937-> data sent to printer:
153840938-> <2>V<3>
153841133-> data received from printer:
153841288-> <6>
153841288-> ********************** COMMAND BEGIN **********************
153841289-> data sent to printer:
153841289-> <2>VNumero Orden: 0050758<3>
153841502-> data received from printer:
153841663-> <6>
153841664-> ********************** COMMAND BEGIN **********************
153841665-> data sent to printer:
153841665-> <2>V<3>
153841857-> data received from printer:
153842009-> <6>
153842036-> ********************** COMMAND BEGIN **********************
153842036-> data sent to printer:
153842037-> <2>V*Contrato de Garantia Extendida para<3>
153842268-> data received from printer:
153842430-> <6>
153842431-> ********************** COMMAND BEGIN **********************
153842431-> data sent to printer:
153842431-> <2>V      Cristales Formulados:<3>
153842650-> data received from printer:
153842805-> <6>
153842806-> ********************** COMMAND BEGIN **********************
153842806-> data sent to printer:
153842806-> <2>V <3>
153842999-> data received from printer:
153843150-> <6>
153843151-> ********************** COMMAND BEGIN **********************
153843151-> data sent to printer:
153843152-> <2>VOD: ESF 0,75 EJE 25 CIL -0,25 ADD 2,25<3>
153843385-> data received from printer:
153843540-> <6>
153843541-> ********************** COMMAND BEGIN **********************
153843541-> data sent to printer:
153843542-> <2>VOI: ESF 0,50 EJE 0 CIL 0,00 ADD 2,25<3>
153843770-> data received from printer:
153843930-> <6>
153843931-> ********************** COMMAND BEGIN **********************
153843931-> data sent to printer:
153843932-> <2>V <3>
153844124-> data received from printer:
153844290-> <6>
153844290-> ********************** COMMAND BEGIN **********************
153844291-> data sent to printer:
153844291-> <2>VCondiciones legales en el Contrato<3>
153844521-> data received from printer:
153844680-> <6>
153844681-> ********************** COMMAND BEGIN **********************
153844681-> data sent to printer:
153844681-> <2>VSuscrito.<3>
153844881-> data received from printer:
153845040-> <6>
153845041-> ********************** COMMAND BEGIN **********************
153845041-> data sent to printer:
153845042-> <2>V <3>
153845235-> data received from printer:
153845400-> <6>
153845405-> ********************** COMMAND BEGIN **********************
153845405-> data sent to printer:
153845406-> <2>V<161><161><161>GRACIAS POR SU COMPRA!!!<3>
153845628-> data received from printer:
153845790-> <6>
153845790-> ********************** COMMAND BEGIN **********************
153845791-> data sent to printer:
153845791-> <2>VSolo se aceptaran devoluciones<3>
153846013-> data received from printer:
153846165-> <6>
153846166-> ********************** COMMAND BEGIN **********************
153846166-> data sent to printer:
153846166-> <2>Vpor defectos de fabrica, con la<3>
153846391-> data received from printer:
153846556-> <6>
153846556-> ********************** COMMAND BEGIN **********************
153846557-> data sent to printer:
153846557-> <2>Vpresentacion de esta factura (original),<3>
153846793-> data received from printer:
153846947-> <6>
153846948-> ********************** COMMAND BEGIN **********************
153846948-> data sent to printer:
153846948-> <2>Vdentro de los treinta (30) dias<3>
153847171-> data received from printer:
153847337-> <6>
153847338-> ********************** COMMAND BEGIN **********************
153847338-> data sent to printer:
153847339-> <2>Vsiguientes a la emision de la misma.<3>
153847606-> data received from printer:
153847758-> <6>
153847759-> ********************** COMMAND BEGIN **********************
153847759-> data sent to printer:
153847759-> <2>Y0<3>
153847809-> data received from printer:
153848089-> <2>SENIAT    J-316292649    1600*800*3100*2          Bs.0TIY1900001131020230524*300<3><6>
153848090-> ********************** COMMAND BEGIN **********************
153848091-> data sent to printer:
153848091-> <2>S<3>
153848098-> data received from printer:
153848254-> <21>
153848255-> ********************** COMMAND BEGIN **********************
153848255-> data sent to printer:
153848255-> <2>M<3>
153849563-> data received from printer:
153849726-> <6>
