120926346-> OPEN PORT: COM1@9600
120926401-> ********************** COMMAND BEGIN **********************
120926402-> data sent to printer:
120926403-> <2>Q<3>
120926411-> data received from printer:
120926566-> <21>
120926567-> ********************** COMMAND BEGIN **********************
120926568-> data sent to printer:
120926568-> <2>M<3>
120926576-> data received from printer:
120926731-> <21>
121051396-> OPEN PORT: COM1@9600
121051436-> ********************** COMMAND BEGIN **********************
121051436-> data sent to printer:
121051437-> <2>Q<3>
121051444-> data received from printer:
121051596-> <21>
121051597-> ********************** COMMAND BEGIN **********************
121051597-> data sent to printer:
121051597-> <2>M<3>
121051605-> data received from printer:
121051762-> <21>
121217487-> OPEN PORT: COM1@9600
121217530-> ********************** COMMAND BEGIN **********************
121217531-> data sent to printer:
121217532-> <2>Q<3>
121217541-> data received from printer:
121217704-> <21>
121217705-> ********************** COMMAND BEGIN **********************
121217706-> data sent to printer:
121217706-> <2>M<3>
121217714-> data received from printer:
121217870-> <21>
143045307-> OPEN PORT: COM1@9600
143045379-> ********************** COMMAND BEGIN **********************
143045379-> data sent to printer:
143045380-> <2>Q<3>
143045388-> data received from printer:
143045545-> <21>
143045546-> ********************** COMMAND BEGIN **********************
143045547-> data sent to printer:
143045547-> <2>M<3>
143045555-> data received from printer:
143045710-> <21>
143110819-> OPEN PORT: COM1@9600
143110862-> ********************** COMMAND BEGIN **********************
143110862-> data sent to printer:
143110863-> <2>Q<3>
143110870-> data received from printer:
143111032-> <21>
143111033-> ********************** COMMAND BEGIN **********************
143111033-> data sent to printer:
143111034-> <2>M<3>
143111041-> data received from printer:
143111198-> <21>
144359789-> OPEN PORT: COM1@9600
144359829-> ********************** COMMAND BEGIN **********************
144359830-> data sent to printer:
144359830-> <2>Q<3>
144359838-> data received from printer:
144359997-> <21>
144359998-> ********************** COMMAND BEGIN **********************
144359999-> data sent to printer:
144359999-> <2>M<3>
144400007-> data received from printer:
144400162-> <21>
144557788-> OPEN PORT: COM1@9600
144557829-> OPEN PORT: COM1@9600
144557833-> ********************** COMMAND BEGIN **********************
144557834-> data sent to printer:
144557834-> <2>L&1<3>
144559509-> data received from printer:
144559665-> <2>2523*2515<3><6>
144559666-> ********************** COMMAND BEGIN **********************
144559666-> data sent to printer:
144559667-> <2>VRazon Social: Hector Bottini<3>
144600520-> data received from printer:
144600686-> <6>
144600687-> ********************** COMMAND BEGIN **********************
144600687-> data sent to printer:
144600687-> <2>VCI/Rif: V-21471405<3>
144600896-> data received from printer:
144601047-> <6>
144601049-> ********************** COMMAND BEGIN **********************
144601049-> data sent to printer:
144601050-> <2>V----------------------------------------<3>
144601282-> data received from printer:
144601438-> <6>
144601493-> ********************** COMMAND BEGIN **********************
144601494-> data sent to printer:
144601494-> <2>VW000094 BIOMEDICS TORIC (Reemplazo Mensu<3>
144601762-> data received from printer:
144601935-> <6>
144601936-> ********************** COMMAND BEGIN **********************
144601936-> data sent to printer:
144601937-> <2>VW000094 BIOMEDICS TORIC (Reemplazo Mensu<3>
144602169-> data received from printer:
144602326-> <6>
144602327-> ********************** COMMAND BEGIN **********************
144602327-> data sent to printer:
144602328-> <2>N12,000xBs2033,25     00004066500<3>
144602604-> data received from printer:
144602761-> <6>
144603044-> ********************** COMMAND BEGIN **********************
144603046-> data sent to printer:
144603048-> <2>Q<3>
144603414-> data received from printer:
144603574-> <6>
144603575-> ********************** COMMAND BEGIN **********************
144603575-> data sent to printer:
144603576-> <2>M<3>
144603583-> data received from printer:
144603740-> <21>
144727760-> OPEN PORT: COM1@9600
144727802-> ********************** COMMAND BEGIN **********************
144727802-> data sent to printer:
144727803-> <2>Q<3>
144727810-> data received from printer:
144727961-> <21>
144727962-> ********************** COMMAND BEGIN **********************
144727962-> data sent to printer:
144727963-> <2>M<3>
144727971-> data received from printer:
144728127-> <21>
144751402-> OPEN PORT: COM1@9600
144751443-> ********************** COMMAND BEGIN **********************
144751444-> data sent to printer:
144751444-> <2>Q<3>
144751452-> data received from printer:
144751610-> <21>
144751610-> ********************** COMMAND BEGIN **********************
144751611-> data sent to printer:
144751611-> <2>M<3>
144751619-> data received from printer:
144751775-> <21>
145250062-> OPEN PORT: COM1@9600
145250134-> ********************** COMMAND BEGIN **********************
145250135-> data sent to printer:
145250136-> <2>Q<3>
145250144-> data received from printer:
145250300-> <21>
145250301-> ********************** COMMAND BEGIN **********************
145250301-> data sent to printer:
145250302-> <2>M<3>
145250309-> data received from printer:
145250466-> <21>
145551163-> OPEN PORT: COM1@9600
145551204-> ********************** COMMAND BEGIN **********************
145551205-> data sent to printer:
145551205-> <2>Q<3>
145551212-> data received from printer:
145551366-> <21>
145551367-> ********************** COMMAND BEGIN **********************
145551367-> data sent to printer:
145551368-> <2>M<3>
145551376-> data received from printer:
145551531-> <21>
145554585-> OPEN PORT: COM1@9600
145554626-> OPEN PORT: COM1@9600
145554627-> ********************** COMMAND BEGIN **********************
145554628-> data sent to printer:
145554628-> <2>L&1<3>
145556299-> data received from printer:
145556458-> <2>2524*2523<3><6>
145556459-> ********************** COMMAND BEGIN **********************
145556459-> data sent to printer:
145556459-> <2>VRazon Social: Hector Bottini<3>
145556680-> data received from printer:
145556834-> <6>
145556835-> ********************** COMMAND BEGIN **********************
145556835-> data sent to printer:
145556836-> <2>VCI/Rif: V-21471405<3>
145557047-> data received from printer:
145557209-> <6>
145557210-> ********************** COMMAND BEGIN **********************
145557210-> data sent to printer:
145557211-> <2>V----------------------------------------<3>
145557441-> data received from printer:
145557599-> <6>
145557600-> ********************** COMMAND BEGIN **********************
145557600-> data sent to printer:
145557601-> <2>VW000094 BIOMEDICS TORIC (Reemplazo Mensu<3>
145557833-> data received from printer:
145557989-> <6>
145557997-> ********************** COMMAND BEGIN **********************
145557998-> data sent to printer:
145557998-> <2>VW000094 BIOMEDICS TORIC (Reemplazo Mensu<3>
145558232-> data received from printer:
145558394-> <6>
145558395-> ********************** COMMAND BEGIN **********************
145558395-> data sent to printer:
145558396-> <2>N12,000xBs2033,25     00004066500<3>
145558668-> data received from printer:
145558830-> <6>
145559405-> ********************** COMMAND BEGIN **********************
145559406-> data sent to printer:
145559408-> <2>O1<3>
145600015-> data received from printer:
145600171-> <2>406650<3><6>
145600196-> ********************** COMMAND BEGIN **********************
145600197-> data sent to printer:
145600198-> <2>P115/06/2023 EFECTIVO 000000026650<3>
145600502-> data received from printer:
145600666-> <6>
145600667-> ********************** COMMAND BEGIN **********************
145600667-> data sent to printer:
145600667-> <2>P115/06/2023 ISLR RETE000000380000<3>
145600935-> data received from printer:
145601087-> <6>
145601088-> ********************** COMMAND BEGIN **********************
145601088-> data sent to printer:
145601089-> <2>V<3>
145601283-> data received from printer:
145601448-> <6>
145601449-> ********************** COMMAND BEGIN **********************
145601449-> data sent to printer:
145601450-> <2>VNumero Orden: 0069157<3>
145601662-> data received from printer:
145601824-> <6>
145601825-> ********************** COMMAND BEGIN **********************
145601825-> data sent to printer:
145601825-> <2>V<3>
145602018-> data received from printer:
145602169-> <6>
145602229-> ********************** COMMAND BEGIN **********************
145602230-> data sent to printer:
145602231-> <2>V<161><161><161>GRACIAS POR SU COMPRA!!!<3>
145602454-> data received from printer:
145602609-> <6>
145602609-> ********************** COMMAND BEGIN **********************
145602610-> data sent to printer:
145602610-> <2>VSolo se aceptaran devoluciones<3>
145602832-> data received from printer:
145602985-> <6>
145602986-> ********************** COMMAND BEGIN **********************
145602986-> data sent to printer:
145602987-> <2>Vpor defectos de fabrica, con la<3>
145603211-> data received from printer:
145603361-> <6>
145603362-> ********************** COMMAND BEGIN **********************
145603362-> data sent to printer:
145603362-> <2>Vpresentacion de esta factura (original),<3>
145603598-> data received from printer:
145603751-> <6>
145603752-> ********************** COMMAND BEGIN **********************
145603752-> data sent to printer:
145603753-> <2>Vdentro de los treinta (30) dias<3>
145603976-> data received from printer:
145604127-> <6>
145604127-> ********************** COMMAND BEGIN **********************
145604128-> data sent to printer:
145604128-> <2>Vsiguientes a la emision de la misma.<3>
145604357-> data received from printer:
145604517-> <6>
145604525-> ********************** COMMAND BEGIN **********************
145604525-> data sent to printer:
145604526-> <2>Y0<3>
145604576-> data received from printer:
145604848-> <2>SENIAT    J-316292649    1600*800*3100*2          Bs.0TIY1900001040520230934*300<3><6>
145604857-> ********************** COMMAND BEGIN **********************
145604857-> data sent to printer:
145604858-> <2>S<3>
145604865-> data received from printer:
145605029-> <21>
145605030-> ********************** COMMAND BEGIN **********************
145605031-> data sent to printer:
145605031-> <2>M<3>
145606326-> data received from printer:
145606485-> <6>
