150558536-> OPEN PORT: COM1@9600
150603573-> ********************** COMMAND BEGIN **********************
150603574-> data sent to printer:
150603575-> <2>Q<3>
150609637-> No reponse from printer
150610916-> ********************** COMMAND BEGIN **********************
150610916-> data sent to printer:
150610917-> <2>M<3>
150655965-> No reponse from printer
150758578-> OPEN PORT: COM1@9600
150758618-> OPEN PORT: COM1@9600
150758686-> ********************** COMMAND BEGIN **********************
150758687-> data sent to printer:
150758687-> <2>L&1<3>
150804746-> No reponse from printer
150804755-> ********************** COMMAND BEGIN **********************
150804755-> data sent to printer:
150804756-> <2>VRazon Social: YORWIN VILLEGAS<3>
150808810-> No reponse from printer
150832247-> OPEN PORT: COM1@9600
150833433-> ********************** COMMAND BEGIN **********************
150833434-> data sent to printer:
150833434-> <2>Q<3>
150839488-> No reponse from printer
150840833-> ********************** COMMAND BEGIN **********************
150840834-> data sent to printer:
150840835-> <2>M<3>
150925894-> No reponse from printer
