155059846-> OPEN PORT: COM1@9600
155059947-> ********************** COMMAND BEGIN **********************
155059947-> data sent to printer:
155059948-> <2>L&2<3>
155101616-> data received from printer:
155101777-> <2>160*157<3><6>
155101778-> ********************** COMMAND BEGIN **********************
155101778-> data sent to printer:
155101779-> <2>VRazon Social: YUMIRA FERNANDEZ <3>
155102002-> data received from printer:
155102168-> <6>
155102168-> ********************** COMMAND BEGIN **********************
155102169-> data sent to printer:
155102169-> <2>VCI/Rif: V6469005<3>
155102379-> data received from printer:
155102543-> <6>
155102544-> ********************** COMMAND BEGIN **********************
155102544-> data sent to printer:
155102545-> <2>VDatos del Documento Original:<3>
155102800-> data received from printer:
155102963-> <6>
155102964-> ********************** COMMAND BEGIN **********************
155102964-> data sent to printer:
155102965-> <2>VNumero: 0001542<3>
155103173-> data received from printer:
155103338-> <6>
155103339-> ********************** COMMAND BEGIN **********************
155103339-> data sent to printer:
155103339-> <2>VFecha: 06/09/2023<3>
155103546-> data received from printer:
155103699-> <6>
155103700-> ********************** COMMAND BEGIN **********************
155103700-> data sent to printer:
155103700-> <2>VSerial Fiscal: TIX2290065<3>
155103918-> data received from printer:
155104075-> <6>
155104076-> ********************** COMMAND BEGIN **********************
155104076-> data sent to printer:
155104077-> <2>V----------------------------------------<3>
155104311-> data received from printer:
155104466-> <6>
155104846-> ********************** COMMAND BEGIN **********************
155104848-> data sent to printer:
155104850-> <2>VM162634 CPCLCDES1190952TR<3>
155105067-> data received from printer:
155105226-> <6>
155105227-> ********************** COMMAND BEGIN **********************
155105227-> data sent to printer:
155105227-> <2>R11,000xBs0,01        00000000011<3>
155105507-> data received from printer:
155105661-> <6>
155105661-> ********************** COMMAND BEGIN **********************
155105662-> data sent to printer:
155105662-> <2>VC000004 KRIPTOK INVISIBLE <3>
155105884-> data received from printer:
155106037-> <6>
155106038-> ********************** COMMAND BEGIN **********************
155106038-> data sent to printer:
155106038-> <2>R12,000xBs658,77      00001317540<3>
155106313-> data received from printer:
155106472-> <6>
155106473-> ********************** COMMAND BEGIN **********************
155106473-> data sent to printer:
155106474-> <2>VA000004 GARANTIA EXTENDIDA<3>
155106694-> data received from printer:
155106848-> <6>
155106849-> ********************** COMMAND BEGIN **********************
155106850-> data sent to printer:
155106850-> <2>R11,000xBs237,16      00000237161<3>
155107132-> data received from printer:
155107284-> <6>
155107615-> ********************** COMMAND BEGIN **********************
155107617-> data sent to printer:
155107619-> <2>O1<3>
155108750-> data received from printer:
155108915-> <2>159266<3><6>
155108916-> ********************** COMMAND BEGIN **********************
155108916-> data sent to printer:
155108917-> <2>VMonto Disponible:  1638,38<3>
155109135-> data received from printer:
155109290-> <6>
155109293-> ********************** COMMAND BEGIN **********************
155109293-> data sent to printer:
155109294-> <2>Y0<3>
155109343-> data received from printer:
155109620-> <2>SENIAT    J-316292649    1600*800*3100*2          Bs.0TIY1900001060620231029*300<3><6>
155109621-> ********************** COMMAND BEGIN **********************
155109621-> data sent to printer:
155109622-> <2>S<3>
155109629-> data received from printer:
155109786-> <21>
155109787-> ********************** COMMAND BEGIN **********************
155109787-> data sent to printer:
155109787-> <2>M<3>
155111108-> data received from printer:
155111272-> <6>
