111915521-> OPEN PORT: COM1@9600
112324901-> OPEN PORT: COM1@9600
112347227-> OPEN PORT: COM1@9600
112631180-> OPEN PORT: COM1@9600
120719500-> OPEN PORT: COM1@9600
120815259-> OPEN PORT: COM1@9600
121442925-> OPEN PORT: COM1@9600
121443011-> ********************** COMMAND BEGIN **********************
121443012-> data sent to printer:
121443012-> <2>Q<3>
121443017-> data received from printer:
121443183-> <21>
121443184-> ********************** COMMAND BEGIN **********************
121443184-> data sent to printer:
121443185-> <2>M<3>
121443190-> data received from printer:
121443349-> <21>
121556326-> OPEN PORT: COM1@9600
121557934-> OPEN PORT: COM1@9600
121558816-> ********************** COMMAND BEGIN **********************
121558816-> data sent to printer:
121558817-> <2>L&1<3>
121559477-> data received from printer:
121559646-> <2>6027*6024<3><6>
121559648-> ********************** COMMAND BEGIN **********************
121559648-> data sent to printer:
121559649-> <2>VRazon Social: WILLIAM  COLMENARES<3>
121559741-> data received from printer:
121559901-> <6>
121559902-> ********************** COMMAND BEGIN **********************
121559902-> data sent to printer:
121559902-> <2>VCI/Rif: V-21002617<3>
121559978-> data received from printer:
121600141-> <6>
121600142-> ********************** COMMAND BEGIN **********************
121600142-> data sent to printer:
121600142-> <2>V----------------------------------------<3>
121600242-> data received from printer:
121600396-> <6>
121602338-> ********************** COMMAND BEGIN **********************
121602338-> data sent to printer:
121602339-> <2>Y0<3>
121602347-> data received from printer:
121602609-> <2>SENIAT    J-00000000000001600*0800*3100*2          Bs.0TIS0900049261220241201<3><6>
121608613-> ********************** COMMAND BEGIN **********************
121608614-> data sent to printer:
121608614-> <2>VC000001 VISION SENCILLA TERMINADO <3>
121608707-> data received from printer:
121608872-> <6>
121608873-> ********************** COMMAND BEGIN **********************
121608873-> data sent to printer:
121608874-> <2>N12,000xBs595,00      00001190000<3>
121609016-> data received from printer:
121609173-> <6>
121614822-> ********************** COMMAND BEGIN **********************
121614822-> data sent to printer:
121614823-> <2>VM145364 CMSLSTYL3435754BR<3>
121614906-> data received from printer:
121615066-> <6>
121615067-> ********************** COMMAND BEGIN **********************
121615067-> data sent to printer:
121615068-> <2>N11,000xBs1495,00     00001495000<3>
121615209-> data received from printer:
121615367-> <6>
121739908-> ********************** COMMAND BEGIN **********************
121739908-> data sent to printer:
121739909-> <2>OT119000<0><0><0><0><0><128>><16><3>
121740471-> data received from printer:
121740640-> <2>268500<3><6>
121805335-> ********************** COMMAND BEGIN **********************
121805335-> data sent to printer:
121805336-> <2>P123/12/2024 TRANSFERE000000149500<3>
121805479-> data received from printer:
121805697-> <6>
121814043-> ********************** COMMAND BEGIN **********************
121814044-> data sent to printer:
121814045-> <2>P1DIVISAS             000000118999<3>
121814188-> data received from printer:
121814340-> <6>
122433577-> ********************** COMMAND BEGIN **********************
122433631-> data sent to printer:
122433631-> <2>V<3>
122433688-> data received from printer:
122433845-> <6>
122434290-> ********************** COMMAND BEGIN **********************
122434291-> data sent to printer:
122434291-> <2>VNumero Orden: 0060587<3>
122434370-> data received from printer:
122434526-> <6>
122435305-> ********************** COMMAND BEGIN **********************
122435306-> data sent to printer:
122435306-> <2>V<3>
122435363-> data received from printer:
122435517-> <6>
122440716-> ********************** COMMAND BEGIN **********************
122440716-> data sent to printer:
122440716-> <2>V<161><161><161>GRACIAS POR SU COMPRA!!!<3>
122440802-> data received from printer:
122440962-> <6>
122443863-> ********************** COMMAND BEGIN **********************
122443863-> data sent to printer:
122443864-> <2>VSolo se aceptaran devoluciones<3>
122443952-> data received from printer:
122444117-> <6>
122445767-> ********************** COMMAND BEGIN **********************
122445768-> data sent to printer:
122445768-> <2>Vpor defectos de fabrica, con la<3>
122445858-> data received from printer:
122446011-> <6>
122447543-> ********************** COMMAND BEGIN **********************
122447543-> data sent to printer:
122447544-> <2>Vpresentacion de esta factura (original),<3>
122447643-> data received from printer:
122447800-> <6>
122450263-> ********************** COMMAND BEGIN **********************
122450264-> data sent to printer:
122450264-> <2>Vdentro de los treinta (30) dias<3>
122450354-> data received from printer:
122450520-> <6>
122452068-> ********************** COMMAND BEGIN **********************
122452068-> data sent to printer:
122452069-> <2>Vsiguientes a la emision de la misma.<3>
122452164-> data received from printer:
122452324-> <6>
122453933-> ********************** COMMAND BEGIN **********************
122453934-> data sent to printer:
122453934-> <2>V <3>
122453992-> data received from printer:
122454157-> <6>
122456104-> ********************** COMMAND BEGIN **********************
122456105-> data sent to printer:
122456105-> <2>V   * * * CONTRIBUYENTE FORMAL * * * <3>
122456201-> data received from printer:
122456359-> <6>
122500617-> ********************** COMMAND BEGIN **********************
122500617-> data sent to printer:
122500618-> <2>V <3>
122500676-> data received from printer:
122500831-> <6>
122500831-> ********************** COMMAND BEGIN **********************
122500832-> data sent to printer:
122500832-> <2>V          CZL-0736194-0196<3>
122500917-> data received from printer:
122501073-> <6>
122501074-> ********************** COMMAND BEGIN **********************
122501074-> data sent to printer:
122501074-> <2>V <3>
122501132-> data received from printer:
122501284-> <6>
122501285-> ********************** COMMAND BEGIN **********************
122501285-> data sent to printer:
122501285-> <2>Y0<3>
122501293-> data received from printer:
122501541-> <2>SENIAT    J-00000000000001600*0800*3100*2          Bs.0TIS0900049261220241210<3><6>
122501542-> ********************** COMMAND BEGIN **********************
122501542-> data sent to printer:
122501543-> <2>S<3>
122501547-> data received from printer:
122501706-> <21>
122501707-> ********************** COMMAND BEGIN **********************
122501707-> data sent to printer:
122501708-> <2>M<3>
122501713-> data received from printer:
122501871-> <21>
122718882-> OPEN PORT: COM1@9600
122718946-> ********************** COMMAND BEGIN **********************
122718946-> data sent to printer:
122718947-> <2>Q<3>
122718951-> data received from printer:
122719115-> <21>
122719116-> ********************** COMMAND BEGIN **********************
122719116-> data sent to printer:
122719117-> <2>M<3>
122719122-> data received from printer:
122719280-> <21>
122957459-> OPEN PORT: COM1@9600
122957523-> OPEN PORT: COM1@9600
122957536-> ********************** COMMAND BEGIN **********************
122957536-> data sent to printer:
122957537-> <2>L&1<3>
122957543-> data received from printer:
122957707-> <21>
122957708-> ********************** COMMAND BEGIN **********************
122957708-> data sent to printer:
122957708-> <2>VRazon Social: WILLIAM  COLMENARES<3>
122957800-> data received from printer:
122957964-> <6>
122957965-> ********************** COMMAND BEGIN **********************
122957965-> data sent to printer:
122957965-> <2>VCI/Rif: V-21002617<3>
122958040-> data received from printer:
122958204-> <6>
122958213-> ********************** COMMAND BEGIN **********************
122958214-> data sent to printer:
122958214-> <2>V----------------------------------------<3>
122958314-> data received from printer:
122958473-> <6>
122958473-> ********************** COMMAND BEGIN **********************
122958474-> data sent to printer:
122958474-> <2>Y0<3>
122958482-> data received from printer:
122958730-> <2>SENIAT    J-00000000000001600*0800*3100*2          Bs.0TIS0900049261220241215<3><6>
122958748-> ********************** COMMAND BEGIN **********************
122958748-> data sent to printer:
122958749-> <2>VC000001 VISION SENCILLA TERMINADO <3>
122958842-> data received from printer:
122959001-> <6>
122959038-> ********************** COMMAND BEGIN **********************
122959039-> data sent to printer:
122959039-> <2>N12,000xBs595,00      00001190000<3>
122959078-> data received from printer:
122959243-> <21>
122959244-> ********************** COMMAND BEGIN **********************
122959244-> data sent to printer:
122959244-> <2>VM145364 CMSLSTYL3435754BR<3>
122959328-> data received from printer:
122959483-> <6>
122959484-> ********************** COMMAND BEGIN **********************
122959485-> data sent to printer:
122959485-> <2>N11,000xBs1495,00     00001495000<3>
122959524-> data received from printer:
122959678-> <21>
122959679-> ********************** COMMAND BEGIN **********************
122959679-> data sent to printer:
122959680-> <2>Q<3>
122959684-> data received from printer:
122959843-> <21>
122959843-> ********************** COMMAND BEGIN **********************
122959844-> data sent to printer:
122959844-> <2>M<3>
122959850-> data received from printer:
123000009-> <21>
123121656-> OPEN PORT: COM1@9600
123121720-> ********************** COMMAND BEGIN **********************
123121721-> data sent to printer:
123121721-> <2>Q<3>
123121726-> data received from printer:
123121900-> <21>
123121901-> ********************** COMMAND BEGIN **********************
123121901-> data sent to printer:
123121902-> <2>M<3>
123121907-> data received from printer:
123122065-> <21>
123152708-> OPEN PORT: COM1@9600
123153608-> OPEN PORT: COM1@9600
123154411-> ********************** COMMAND BEGIN **********************
123154411-> data sent to printer:
123154412-> <2>L&1<3>
123154418-> data received from printer:
123154571-> <21>
123154572-> ********************** COMMAND BEGIN **********************
123154572-> data sent to printer:
123154572-> <2>VRazon Social: WILLIAM  COLMENARES<3>
123154664-> data received from printer:
123154826-> <6>
123154827-> ********************** COMMAND BEGIN **********************
123154827-> data sent to printer:
123154828-> <2>VCI/Rif: V-21002617<3>
123154903-> data received from printer:
123155067-> <6>
123155067-> ********************** COMMAND BEGIN **********************
123155068-> data sent to printer:
123155068-> <2>V----------------------------------------<3>
123155168-> data received from printer:
123155322-> <6>
123217271-> ********************** COMMAND BEGIN **********************
123217272-> data sent to printer:
123217273-> <2>Q<3>
123217277-> data received from printer:
123217441-> <21>
123218055-> ********************** COMMAND BEGIN **********************
123218056-> data sent to printer:
123218056-> <2>M<3>
123218062-> data received from printer:
123218212-> <21>
141429925-> OPEN PORT: COM1@9600
141430283-> ********************** COMMAND BEGIN **********************
141430283-> data sent to printer:
141430284-> <2>Q<3>
141436342-> No reponse from printer
141436408-> ********************** COMMAND BEGIN **********************
141436409-> data sent to printer:
141436410-> <2>M<3>
141521462-> No reponse from printer
141549223-> OPEN PORT: COM1@9600
141549287-> OPEN PORT: COM1@9600
141549743-> ********************** COMMAND BEGIN **********************
141549744-> data sent to printer:
141549744-> <2>L&1<3>
141555797-> No reponse from printer
141555798-> ********************** COMMAND BEGIN **********************
141555798-> data sent to printer:
141555799-> <2>VRazon Social: WILLIAM  COLMENARES<3>
141559863-> No reponse from printer
141602005-> ********************** COMMAND BEGIN **********************
141602006-> data sent to printer:
141602006-> <2>Q<3>
141608059-> No reponse from printer
141608154-> ********************** COMMAND BEGIN **********************
141608260-> data sent to printer:
141608261-> <2>M<3>
141759364-> OPEN PORT: COM1@9600
141759428-> ********************** COMMAND BEGIN **********************
141759429-> data sent to printer:
141759429-> <2>Q<3>
141805483-> No reponse from printer
141805484-> ********************** COMMAND BEGIN **********************
141805492-> data sent to printer:
141805493-> <2>M<3>
141850556-> No reponse from printer
141903420-> OPEN PORT: COM1@9600
141910456-> OPEN PORT: COM1@9600
141911693-> ********************** COMMAND BEGIN **********************
141911694-> data sent to printer:
141911694-> <2>L&1<3>
141917758-> No reponse from printer
141917759-> ********************** COMMAND BEGIN **********************
141917759-> data sent to printer:
141917760-> <2>VRazon Social: WILLIAM  COLMENARES<3>
141921822-> No reponse from printer
141928385-> ********************** COMMAND BEGIN **********************
141928386-> data sent to printer:
141928387-> <2>Q<3>
141934452-> No reponse from printer
141944835-> ********************** COMMAND BEGIN **********************
141944836-> data sent to printer:
141944836-> <2>M<3>
