094848092-> OPEN PORT: COM1@9600
094848156-> ********************** COMMAND BEGIN **********************
094848157-> data sent to printer:
094848157-> <2>Q<3>
094848165-> data received from printer:
094848321-> <21>
094848321-> ********************** COMMAND BEGIN **********************
094848322-> data sent to printer:
094848322-> <2>M<3>
094848330-> data received from printer:
094848487-> <21>
094908591-> OPEN PORT: COM1@9600
094908634-> ********************** COMMAND BEGIN **********************
094908635-> data sent to printer:
094908636-> <2>Q<3>
094908644-> data received from printer:
094908800-> <21>
094908801-> ********************** COMMAND BEGIN **********************
094908801-> data sent to printer:
094908802-> <2>M<3>
094908809-> data received from printer:
094908966-> <21>
095334534-> OPEN PORT: COM1@9600
095334577-> ********************** COMMAND BEGIN **********************
095334578-> data sent to printer:
095334578-> <2>Q<3>
095334585-> data received from printer:
095334751-> <21>
095334752-> ********************** COMMAND BEGIN **********************
095334752-> data sent to printer:
095334753-> <2>M<3>
095334760-> data received from printer:
095334917-> <21>
095551342-> OPEN PORT: COM1@9600
095551385-> ********************** COMMAND BEGIN **********************
095551386-> data sent to printer:
095551387-> <2>Q<3>
095551395-> data received from printer:
095551551-> <21>
095551551-> ********************** COMMAND BEGIN **********************
095551552-> data sent to printer:
095551552-> <2>M<3>
095551560-> data received from printer:
095551717-> <21>
095620319-> OPEN PORT: COM1@9600
095620358-> OPEN PORT: COM1@9600
095620361-> ********************** COMMAND BEGIN **********************
095620361-> data sent to printer:
095620362-> <2>L&1<3>
095622032-> data received from printer:
095622192-> <2>2506*2505<3><6>
095622193-> ********************** COMMAND BEGIN **********************
095622193-> data sent to printer:
095622194-> <2>VRazon Social: Hector Bottini<3>
095622412-> data received from printer:
095622567-> <6>
095622568-> ********************** COMMAND BEGIN **********************
095622568-> data sent to printer:
095622568-> <2>VCI/Rif: V-21471405<3>
095622778-> data received from printer:
095622943-> <6>
095622944-> ********************** COMMAND BEGIN **********************
095622944-> data sent to printer:
095622945-> <2>V----------------------------------------<3>
095623180-> data received from printer:
095623333-> <6>
095623336-> ********************** COMMAND BEGIN **********************
095623337-> data sent to printer:
095623337-> <2>VW000094 BIOMEDICS TORIC (Reemplazo Mensu<3>
095623568-> data received from printer:
095623723-> <6>
095623723-> ********************** COMMAND BEGIN **********************
095623724-> data sent to printer:
095623724-> <2>VW000094 BIOMEDICS TORIC (Reemplazo Mensu<3>
095623957-> data received from printer:
095624114-> <6>
095624115-> ********************** COMMAND BEGIN **********************
095624115-> data sent to printer:
095624115-> <2>N12,000xBs2033,25     00004066500<3>
095624392-> data received from printer:
095624551-> <6>
095634625-> ********************** COMMAND BEGIN **********************
095634626-> data sent to printer:
095634626-> <2>O1<3>
095635265-> data received from printer:
095635428-> <2>406650<3><6>
095635462-> ********************** COMMAND BEGIN **********************
095635463-> data sent to printer:
095635463-> <2>P115/06/2023 EFECTIVO 000000406650<3>
095635734-> data received from printer:
095635894-> <6>
095635895-> ********************** COMMAND BEGIN **********************
095635896-> data sent to printer:
095635896-> <2>V<3>
095636087-> data received from printer:
095636239-> <6>
095636240-> ********************** COMMAND BEGIN **********************
095636240-> data sent to printer:
095636240-> <2>VNumero Orden: 0069144<3>
095636455-> data received from printer:
095636614-> <6>
095636615-> ********************** COMMAND BEGIN **********************
095636615-> data sent to printer:
095636615-> <2>V<3>
095636810-> data received from printer:
095636975-> <6>
095637012-> ********************** COMMAND BEGIN **********************
095637013-> data sent to printer:
095637013-> <2>V<161><161><161>GRACIAS POR SU COMPRA!!!<3>
095637232-> data received from printer:
095637398-> <6>
095637398-> ********************** COMMAND BEGIN **********************
095637399-> data sent to printer:
095637399-> <2>VSolo se aceptaran devoluciones<3>
095637623-> data received from printer:
095637789-> <6>
095637790-> ********************** COMMAND BEGIN **********************
095637790-> data sent to printer:
095637791-> <2>Vpor defectos de fabrica, con la<3>
095638018-> data received from printer:
095638180-> <6>
095638180-> ********************** COMMAND BEGIN **********************
095638181-> data sent to printer:
095638181-> <2>Vpresentacion de esta factura (original),<3>
095639069-> data received from printer:
095639232-> <6>
095639232-> ********************** COMMAND BEGIN **********************
095639233-> data sent to printer:
095639233-> <2>Vdentro de los treinta (30) dias<3>
095639458-> data received from printer:
095639623-> <6>
095639624-> ********************** COMMAND BEGIN **********************
095639624-> data sent to printer:
095639624-> <2>Vsiguientes a la emision de la misma.<3>
095639857-> data received from printer:
095640014-> <6>
095640015-> ********************** COMMAND BEGIN **********************
095640016-> data sent to printer:
095640016-> <2>Y0<3>
095640066-> data received from printer:
095640346-> <2>SENIAT    J-316292649    1600*800*3100*2          Bs.0TIY1900001280420230435*300<3><6>
095640359-> ********************** COMMAND BEGIN **********************
095640360-> data sent to printer:
095640360-> <2>S<3>
095640368-> data received from printer:
095640526-> <21>
095640527-> ********************** COMMAND BEGIN **********************
095640527-> data sent to printer:
095640527-> <2>M<3>
095641818-> data received from printer:
095641982-> <6>
095837294-> OPEN PORT: COM1@9600
095837335-> ********************** COMMAND BEGIN **********************
095837336-> data sent to printer:
095837336-> <2>Q<3>
095837344-> data received from printer:
095837501-> <21>
095837502-> ********************** COMMAND BEGIN **********************
095837502-> data sent to printer:
095837502-> <2>M<3>
095837510-> data received from printer:
095837668-> <21>
095914185-> OPEN PORT: COM1@9600
095914226-> OPEN PORT: COM1@9600
095914227-> ********************** COMMAND BEGIN **********************
095914227-> data sent to printer:
095914228-> <2>L&1<3>
095915901-> data received from printer:
095916062-> <2>2507*2505<3><6>
095916063-> ********************** COMMAND BEGIN **********************
095916063-> data sent to printer:
095916063-> <2>VRazon Social: Hector Bottini<3>
095916281-> data received from printer:
095916437-> <6>
095916438-> ********************** COMMAND BEGIN **********************
095916438-> data sent to printer:
095916438-> <2>VCI/Rif: V-21471405<3>
095916647-> data received from printer:
095916813-> <6>
095916814-> ********************** COMMAND BEGIN **********************
095916814-> data sent to printer:
095916814-> <2>V----------------------------------------<3>
095917049-> data received from printer:
095917203-> <6>
095917204-> ********************** COMMAND BEGIN **********************
095917204-> data sent to printer:
095917204-> <2>VW000094 BIOMEDICS TORIC (Reemplazo Mensu<3>
095917435-> data received from printer:
095917594-> <6>
095917594-> ********************** COMMAND BEGIN **********************
095917594-> data sent to printer:
095917594-> <2>VW000094 BIOMEDICS TORIC (Reemplazo Mensu<3>
095917826-> data received from printer:
095917984-> <6>
095917984-> ********************** COMMAND BEGIN **********************
095917985-> data sent to printer:
095917985-> <2>N12,000xBs2033,25     00004066500<3>
095918262-> data received from printer:
095918419-> <6>
095933167-> ********************** COMMAND BEGIN **********************
095933168-> data sent to printer:
095933168-> <2>Q<3>
095934219-> data received from printer:
095934379-> <6>
095935731-> ********************** COMMAND BEGIN **********************
095935732-> data sent to printer:
095935733-> <2>M<3>
095935741-> data received from printer:
095935896-> <21>
100110214-> OPEN PORT: COM1@9600
100110254-> ********************** COMMAND BEGIN **********************
100110255-> data sent to printer:
100110255-> <2>Q<3>
100110263-> data received from printer:
100110414-> <21>
100110415-> ********************** COMMAND BEGIN **********************
100110415-> data sent to printer:
100110415-> <2>M<3>
100110423-> data received from printer:
100110580-> <21>
100121141-> OPEN PORT: COM1@9600
100121181-> OPEN PORT: COM1@9600
100121182-> ********************** COMMAND BEGIN **********************
100121182-> data sent to printer:
100121182-> <2>L&1<3>
100122820-> data received from printer:
100122975-> <2>2508*2507<3><6>
100122976-> ********************** COMMAND BEGIN **********************
100122976-> data sent to printer:
100122976-> <2>VRazon Social: Hector Bottini<3>
100123195-> data received from printer:
100123351-> <6>
100123352-> ********************** COMMAND BEGIN **********************
100123352-> data sent to printer:
100123353-> <2>VCI/Rif: V-21471405<3>
100123599-> data received from printer:
100123757-> <6>
100123758-> ********************** COMMAND BEGIN **********************
100123758-> data sent to printer:
100123758-> <2>V----------------------------------------<3>
100123989-> data received from printer:
100124148-> <6>
100124149-> ********************** COMMAND BEGIN **********************
100124149-> data sent to printer:
100124149-> <2>VW000094 BIOMEDICS TORIC (Reemplazo Mensu<3>
100124382-> data received from printer:
100124540-> <6>
100124540-> ********************** COMMAND BEGIN **********************
100124541-> data sent to printer:
100124541-> <2>VW000094 BIOMEDICS TORIC (Reemplazo Mensu<3>
100124775-> data received from printer:
100124930-> <6>
100124931-> ********************** COMMAND BEGIN **********************
100124931-> data sent to printer:
100124931-> <2>N12,000xBs2033,25     00004066500<3>
100125204-> data received from printer:
100125365-> <6>
100404330-> ********************** COMMAND BEGIN **********************
100404331-> data sent to printer:
100404331-> <2>Q<3>
100404697-> data received from printer:
100404847-> <6>
100404848-> ********************** COMMAND BEGIN **********************
100404848-> data sent to printer:
100404848-> <2>M<3>
100404856-> data received from printer:
100405012-> <21>
100456280-> OPEN PORT: COM1@9600
100456320-> ********************** COMMAND BEGIN **********************
100456321-> data sent to printer:
100456321-> <2>Q<3>
100456329-> data received from printer:
100456484-> <21>
100456485-> ********************** COMMAND BEGIN **********************
100456485-> data sent to printer:
100456486-> <2>M<3>
100456493-> data received from printer:
100456650-> <21>
100519286-> OPEN PORT: COM1@9600
100519326-> OPEN PORT: COM1@9600
100519327-> ********************** COMMAND BEGIN **********************
100519328-> data sent to printer:
100519328-> <2>L&1<3>
100521000-> data received from printer:
100521155-> <2>2509*2508<3><6>
100521155-> ********************** COMMAND BEGIN **********************
100521156-> data sent to printer:
100521156-> <2>VRazon Social: Hector Bottini<3>
100521378-> data received from printer:
100521530-> <6>
100521530-> ********************** COMMAND BEGIN **********************
100521531-> data sent to printer:
100521531-> <2>VCI/Rif: V-21471405<3>
100521739-> data received from printer:
100521891-> <6>
100521891-> ********************** COMMAND BEGIN **********************
100521892-> data sent to printer:
100521892-> <2>V----------------------------------------<3>
100522125-> data received from printer:
100522281-> <6>
100522282-> ********************** COMMAND BEGIN **********************
100522282-> data sent to printer:
100522283-> <2>VW000094 BIOMEDICS TORIC (Reemplazo Mensu<3>
100522517-> data received from printer:
100522671-> <6>
100522672-> ********************** COMMAND BEGIN **********************
100522672-> data sent to printer:
100522672-> <2>VW000094 BIOMEDICS TORIC (Reemplazo Mensu<3>
100522903-> data received from printer:
100523061-> <6>
100523062-> ********************** COMMAND BEGIN **********************
100523062-> data sent to printer:
100523063-> <2>N12,000xBs2033,25     00004066500<3>
100523337-> data received from printer:
100523497-> <6>
100542935-> ********************** COMMAND BEGIN **********************
100542936-> data sent to printer:
100542936-> <2>Q<3>
100543304-> data received from printer:
100543466-> <6>
100544004-> ********************** COMMAND BEGIN **********************
100544004-> data sent to printer:
100544005-> <2>M<3>
100544013-> data received from printer:
100544173-> <21>
103801022-> OPEN PORT: COM1@9600
103801081-> OPEN PORT: COM1@9600
103801083-> ********************** COMMAND BEGIN **********************
103801084-> data sent to printer:
103801084-> <2>L&1<3>
103802756-> data received from printer:
103802912-> <2>2512*2511<3><6>
103802913-> ********************** COMMAND BEGIN **********************
103802914-> data sent to printer:
103802914-> <2>VRazon Social: Hector Bottini<3>
103803133-> data received from printer:
103803288-> <6>
103803289-> ********************** COMMAND BEGIN **********************
103803289-> data sent to printer:
103803289-> <2>VCI/Rif: V-21471405<3>
103803499-> data received from printer:
103803664-> <6>
103803665-> ********************** COMMAND BEGIN **********************
103803666-> data sent to printer:
103803666-> <2>V----------------------------------------<3>
103803901-> data received from printer:
103804054-> <6>
103804057-> ********************** COMMAND BEGIN **********************
103804058-> data sent to printer:
103804058-> <2>VW000094 BIOMEDICS TORIC (Reemplazo Mensu<3>
103804289-> data received from printer:
103804445-> <6>
103804445-> ********************** COMMAND BEGIN **********************
103804446-> data sent to printer:
103804446-> <2>VW000094 BIOMEDICS TORIC (Reemplazo Mensu<3>
103804716-> data received from printer:
103804881-> <6>
103804882-> ********************** COMMAND BEGIN **********************
103804882-> data sent to printer:
103804883-> <2>N12,000xBs2033,25     00004066500<3>
103805155-> data received from printer:
103805318-> <6>
103805599-> ********************** COMMAND BEGIN **********************
103805599-> data sent to printer:
103805600-> <2>Q<3>
103805967-> data received from printer:
103806123-> <6>
103806124-> ********************** COMMAND BEGIN **********************
103806124-> data sent to printer:
103806124-> <2>M<3>
103806132-> data received from printer:
103806288-> <21>
103838584-> OPEN PORT: COM1@9600
103838626-> OPEN PORT: COM1@9600
103838629-> ********************** COMMAND BEGIN **********************
103838629-> data sent to printer:
103838631-> <2>L&1<3>
103840300-> data received from printer:
103840459-> <2>2513*2512<3><6>
103840459-> ********************** COMMAND BEGIN **********************
103840460-> data sent to printer:
103840460-> <2>VRazon Social: Hector Bottini<3>
103841325-> data received from printer:
103841479-> <6>
103841480-> ********************** COMMAND BEGIN **********************
103841480-> data sent to printer:
103841480-> <2>VCI/Rif: V-21471405<3>
103841688-> data received from printer:
103841839-> <6>
103841839-> ********************** COMMAND BEGIN **********************
103841840-> data sent to printer:
103841840-> <2>V----------------------------------------<3>
103842073-> data received from printer:
103842229-> <6>
103842230-> ********************** COMMAND BEGIN **********************
103842230-> data sent to printer:
103842230-> <2>VW000094 BIOMEDICS TORIC (Reemplazo Mensu<3>
103842465-> data received from printer:
103842619-> <6>
103842620-> ********************** COMMAND BEGIN **********************
103842620-> data sent to printer:
103842620-> <2>VW000094 BIOMEDICS TORIC (Reemplazo Mensu<3>
103842851-> data received from printer:
103843010-> <6>
103843011-> ********************** COMMAND BEGIN **********************
103843011-> data sent to printer:
103843011-> <2>N12,000xBs2033,25     00004066500<3>
103843286-> data received from printer:
103843446-> <6>
103918702-> ********************** COMMAND BEGIN **********************
103918703-> data sent to printer:
103918703-> <2>Q<3>
103919070-> data received from printer:
103919221-> <6>
103919222-> ********************** COMMAND BEGIN **********************
103919222-> data sent to printer:
103919222-> <2>M<3>
103919230-> data received from printer:
103919387-> <21>
111821300-> OPEN PORT: COM1@9600
111821342-> OPEN PORT: COM1@9600
111821342-> ********************** COMMAND BEGIN **********************
111821343-> data sent to printer:
111821343-> <2>L&1<3>
111823014-> data received from printer:
111823174-> <2>2514*2513<3><6>
111823175-> ********************** COMMAND BEGIN **********************
111823175-> data sent to printer:
111823176-> <2>VRazon Social: Hector Bottini<3>
111823394-> data received from printer:
111823550-> <6>
111823550-> ********************** COMMAND BEGIN **********************
111823551-> data sent to printer:
111823551-> <2>VCI/Rif: V-21471405<3>
111823761-> data received from printer:
111823925-> <6>
111823925-> ********************** COMMAND BEGIN **********************
111823926-> data sent to printer:
111823926-> <2>V----------------------------------------<3>
111824161-> data received from printer:
111824316-> <6>
111824317-> ********************** COMMAND BEGIN **********************
111824317-> data sent to printer:
111824317-> <2>VW000094 BIOMEDICS TORIC (Reemplazo Mensu<3>
111824548-> data received from printer:
111824706-> <6>
111824707-> ********************** COMMAND BEGIN **********************
111824707-> data sent to printer:
111824708-> <2>VW000094 BIOMEDICS TORIC (Reemplazo Mensu<3>
111824940-> data received from printer:
111825097-> <6>
111825098-> ********************** COMMAND BEGIN **********************
111825098-> data sent to printer:
111825098-> <2>N12,000xBs2033,25     00004066500<3>
111825408-> data received from printer:
111825563-> <6>
111829907-> ********************** COMMAND BEGIN **********************
111829907-> data sent to printer:
111829907-> <2>P1DIVISAS             000000406650<3>
111829949-> data received from printer:
111830109-> <21>
111830110-> ********************** COMMAND BEGIN **********************
111830110-> data sent to printer:
111830111-> <2>Q<3>
111830477-> data received from printer:
111830634-> <6>
111830634-> ********************** COMMAND BEGIN **********************
111830635-> data sent to printer:
111830635-> <2>M<3>
111830643-> data received from printer:
111830799-> <21>
111840472-> OPEN PORT: COM1@9600
111840512-> OPEN PORT: COM1@9600
111840513-> ********************** COMMAND BEGIN **********************
111840514-> data sent to printer:
111840514-> <2>L&1<3>
111842150-> data received from printer:
111842311-> <2>2515*2514<3><6>
111842312-> ********************** COMMAND BEGIN **********************
111842312-> data sent to printer:
111842313-> <2>VRazon Social: Hector Bottini<3>
111842569-> data received from printer:
111842731-> <6>
111842732-> ********************** COMMAND BEGIN **********************
111842732-> data sent to printer:
111842732-> <2>VCI/Rif: V-21471405<3>
111842940-> data received from printer:
111843092-> <6>
111843093-> ********************** COMMAND BEGIN **********************
111843093-> data sent to printer:
111843094-> <2>V----------------------------------------<3>
111843326-> data received from printer:
111843482-> <6>
111843483-> ********************** COMMAND BEGIN **********************
111843483-> data sent to printer:
111843484-> <2>VW000094 BIOMEDICS TORIC (Reemplazo Mensu<3>
111843718-> data received from printer:
111843873-> <6>
111843874-> ********************** COMMAND BEGIN **********************
111843874-> data sent to printer:
111843874-> <2>VW000094 BIOMEDICS TORIC (Reemplazo Mensu<3>
111844105-> data received from printer:
111844264-> <6>
111844265-> ********************** COMMAND BEGIN **********************
111844265-> data sent to printer:
111844265-> <2>N12,000xBs2033,25     00004066500<3>
111844540-> data received from printer:
111844701-> <6>
115926709-> ********************** COMMAND BEGIN **********************
115926710-> data sent to printer:
115926710-> <2>P1DIVISAS             000000406650<3>
115926752-> data received from printer:
115926904-> <21>
115926905-> ********************** COMMAND BEGIN **********************
115926905-> data sent to printer:
115926906-> <2>Q<3>
115927273-> data received from printer:
115927429-> <6>
115927429-> ********************** COMMAND BEGIN **********************
115927430-> data sent to printer:
115927430-> <2>M<3>
115927438-> data received from printer:
115927595-> <21>
121144874-> OPEN PORT: COM1@9600
121144916-> OPEN PORT: COM1@9600
121144918-> ********************** COMMAND BEGIN **********************
121144918-> data sent to printer:
121144919-> <2>L&1<3>
121146590-> data received from printer:
121146754-> <2>2516*2515<3><6>
121146755-> ********************** COMMAND BEGIN **********************
121146755-> data sent to printer:
121146755-> <2>VRazon Social: Hector Bottini<3>
121146974-> data received from printer:
121147130-> <6>
121147130-> ********************** COMMAND BEGIN **********************
121147131-> data sent to printer:
121147131-> <2>VCI/Rif: V-21471405<3>
121147341-> data received from printer:
121147505-> <6>
121147506-> ********************** COMMAND BEGIN **********************
121147506-> data sent to printer:
121147506-> <2>V----------------------------------------<3>
121147741-> data received from printer:
121147895-> <6>
121147896-> ********************** COMMAND BEGIN **********************
121147896-> data sent to printer:
121147896-> <2>VW000094 BIOMEDICS TORIC (Reemplazo Mensu<3>
121148127-> data received from printer:
121148286-> <6>
121148287-> ********************** COMMAND BEGIN **********************
121148287-> data sent to printer:
121148288-> <2>VW000094 BIOMEDICS TORIC (Reemplazo Mensu<3>
121148520-> data received from printer:
121148675-> <6>
121148676-> ********************** COMMAND BEGIN **********************
121148676-> data sent to printer:
121148677-> <2>N12,000xBs2033,25     00004066500<3>
121148953-> data received from printer:
121149110-> <6>
121205563-> ********************** COMMAND BEGIN **********************
121205564-> data sent to printer:
121205564-> <2>OT406650<0><0><0><0><0><128>Bu<3>
121206347-> data received from printer:
121206510-> <2>418850<3><6>
121209727-> ********************** COMMAND BEGIN **********************
121209727-> data sent to printer:
121209727-> <2>P1DIVISAS             000000406650<3>
121209994-> data received from printer:
121210159-> <6>
121210160-> ********************** COMMAND BEGIN **********************
121210161-> data sent to printer:
121210161-> <2>V<3>
121210354-> data received from printer:
121210520-> <6>
121210527-> ********************** COMMAND BEGIN **********************
121210527-> data sent to printer:
121210528-> <2>VNumero Orden: 0069143<3>
121210744-> data received from printer:
121210896-> <6>
121210896-> ********************** COMMAND BEGIN **********************
121210897-> data sent to printer:
121210897-> <2>V<3>
121211088-> data received from printer:
121211242-> <6>
121211252-> ********************** COMMAND BEGIN **********************
121211252-> data sent to printer:
121211253-> <2>V<161><161><161>GRACIAS POR SU COMPRA!!!<3>
121211473-> data received from printer:
121211632-> <6>
121211633-> ********************** COMMAND BEGIN **********************
121211633-> data sent to printer:
121211633-> <2>VSolo se aceptaran devoluciones<3>
121211859-> data received from printer:
121212022-> <6>
121212022-> ********************** COMMAND BEGIN **********************
121212023-> data sent to printer:
121212023-> <2>Vpor defectos de fabrica, con la<3>
121212246-> data received from printer:
121212397-> <6>
121212398-> ********************** COMMAND BEGIN **********************
121212398-> data sent to printer:
121212398-> <2>Vpresentacion de esta factura (original),<3>
121212633-> data received from printer:
121212788-> <6>
121212789-> ********************** COMMAND BEGIN **********************
121212789-> data sent to printer:
121212789-> <2>Vdentro de los treinta (30) dias<3>
121213695-> data received from printer:
121213854-> <6>
121213854-> ********************** COMMAND BEGIN **********************
121213855-> data sent to printer:
121213855-> <2>Vsiguientes a la emision de la misma.<3>
121214084-> data received from printer:
121214245-> <6>
121214255-> ********************** COMMAND BEGIN **********************
121214255-> data sent to printer:
121214256-> <2>Y0<3>
121214305-> data received from printer:
121214590-> <2>SENIAT    J-316292649    1600*800*3100*2          Bs.0TIY1900001280420230651*300<3><6>
121214599-> ********************** COMMAND BEGIN **********************
121214600-> data sent to printer:
121214600-> <2>S<3>
121214608-> data received from printer:
121214770-> <21>
121214770-> ********************** COMMAND BEGIN **********************
121214771-> data sent to printer:
121214771-> <2>M<3>
121216059-> data received from printer:
121216211-> <6>
133018654-> OPEN PORT: COM1@9600
133018804-> ********************** COMMAND BEGIN **********************
133018804-> data sent to printer:
133018805-> <2>Q<3>
133018812-> data received from printer:
133018964-> <21>
133018965-> ********************** COMMAND BEGIN **********************
133018965-> data sent to printer:
133018966-> <2>M<3>
133018973-> data received from printer:
133019129-> <21>
133411586-> OPEN PORT: COM1@9600
133411627-> ********************** COMMAND BEGIN **********************
133411628-> data sent to printer:
133411628-> <2>Q<3>
133411636-> data received from printer:
133411791-> <21>
133411792-> ********************** COMMAND BEGIN **********************
133411792-> data sent to printer:
133411792-> <2>M<3>
133411800-> data received from printer:
133411956-> <21>
133501502-> OPEN PORT: COM1@9600
133501542-> ********************** COMMAND BEGIN **********************
133501542-> data sent to printer:
133501543-> <2>Q<3>
133501550-> data received from printer:
133501713-> <21>
133501714-> ********************** COMMAND BEGIN **********************
133501714-> data sent to printer:
133501714-> <2>M<3>
133501722-> data received from printer:
133501878-> <21>
133628814-> OPEN PORT: COM1@9600
133628854-> ********************** COMMAND BEGIN **********************
133628855-> data sent to printer:
133628855-> <2>Q<3>
133628862-> data received from printer:
133629017-> <21>
133629018-> ********************** COMMAND BEGIN **********************
133629018-> data sent to printer:
133629019-> <2>M<3>
133629026-> data received from printer:
133629182-> <21>
134225805-> OPEN PORT: COM1@9600
134225847-> ********************** COMMAND BEGIN **********************
134225847-> data sent to printer:
134225848-> <2>Q<3>
134225855-> data received from printer:
134226008-> <21>
134226009-> ********************** COMMAND BEGIN **********************
134226010-> data sent to printer:
134226010-> <2>M<3>
134226018-> data received from printer:
134226173-> <21>
134331416-> OPEN PORT: COM1@9600
134331457-> ********************** COMMAND BEGIN **********************
134331458-> data sent to printer:
134331458-> <2>Q<3>
134331465-> data received from printer:
134331621-> <21>
134331622-> ********************** COMMAND BEGIN **********************
134331622-> data sent to printer:
134331622-> <2>M<3>
134331630-> data received from printer:
134331787-> <21>
134436700-> OPEN PORT: COM1@9600
134436743-> ********************** COMMAND BEGIN **********************
134436744-> data sent to printer:
134436745-> <2>Q<3>
134436753-> data received from printer:
134436914-> <21>
134436914-> ********************** COMMAND BEGIN **********************
134436915-> data sent to printer:
134436915-> <2>M<3>
134436923-> data received from printer:
134437080-> <21>
134749143-> OPEN PORT: COM1@9600
134749185-> ********************** COMMAND BEGIN **********************
134749185-> data sent to printer:
134749186-> <2>Q<3>
134749193-> data received from printer:
134749346-> <21>
134749347-> ********************** COMMAND BEGIN **********************
134749347-> data sent to printer:
134749347-> <2>M<3>
134749355-> data received from printer:
134749511-> <21>
140517886-> OPEN PORT: COM1@9600
140517929-> OPEN PORT: COM1@9600
140517934-> ********************** COMMAND BEGIN **********************
140517935-> data sent to printer:
140517936-> <2>L&1<3>
140519608-> data received from printer:
140519771-> <2>2517*2515<3><6>
140519772-> ********************** COMMAND BEGIN **********************
140519772-> data sent to printer:
140519773-> <2>VRazon Social: Hector Bottini<3>
140519991-> data received from printer:
140520147-> <6>
140520148-> ********************** COMMAND BEGIN **********************
140520148-> data sent to printer:
140520149-> <2>VCI/Rif: V-21471405<3>
140520359-> data received from printer:
140520522-> <6>
140520523-> ********************** COMMAND BEGIN **********************
140520523-> data sent to printer:
140520524-> <2>V----------------------------------------<3>
140520758-> data received from printer:
140520913-> <6>
140520970-> ********************** COMMAND BEGIN **********************
140520971-> data sent to printer:
140520973-> <2>VW000094 BIOMEDICS TORIC (Reemplazo Mensu<3>
140521205-> data received from printer:
140521367-> <6>
140521368-> ********************** COMMAND BEGIN **********************
140521368-> data sent to printer:
140521368-> <2>VW000094 BIOMEDICS TORIC (Reemplazo Mensu<3>
140521638-> data received from printer:
140521802-> <6>
140521803-> ********************** COMMAND BEGIN **********************
140521803-> data sent to printer:
140521803-> <2>N12,000xBs2033,25     00004066500<3>
140522076-> data received from printer:
140522238-> <6>
140526224-> ********************** COMMAND BEGIN **********************
140526225-> data sent to printer:
140526225-> <2>OT353669<0><0>`<181>!<16><231><157><3>
140526975-> data received from printer:
140527133-> <2>417260<3><6>
140527142-> ********************** COMMAND BEGIN **********************
140527143-> data sent to printer:
140527143-> <2>P115/06/2023 EFECTIVO 000000063591<3>
140527409-> data received from printer:
140527570-> <6>
140527570-> ********************** COMMAND BEGIN **********************
140527571-> data sent to printer:
140527571-> <2>P1DIVISAS             000000353669<3>
140527840-> data received from printer:
140528005-> <6>
140528006-> ********************** COMMAND BEGIN **********************
140528006-> data sent to printer:
140528007-> <2>V<3>
140528201-> data received from printer:
140528367-> <6>
140528368-> ********************** COMMAND BEGIN **********************
140528368-> data sent to printer:
140528369-> <2>VNumero Orden: 0069142<3>
140528581-> data received from printer:
140528742-> <6>
140528743-> ********************** COMMAND BEGIN **********************
140528743-> data sent to printer:
140528743-> <2>V<3>
140528936-> data received from printer:
140529088-> <6>
140529129-> ********************** COMMAND BEGIN **********************
140529129-> data sent to printer:
140529130-> <2>V<161><161><161>GRACIAS POR SU COMPRA!!!<3>
140529353-> data received from printer:
140529508-> <6>
140529509-> ********************** COMMAND BEGIN **********************
140529509-> data sent to printer:
140529509-> <2>VSolo se aceptaran devoluciones<3>
140529767-> data received from printer:
140529929-> <6>
140529930-> ********************** COMMAND BEGIN **********************
140529930-> data sent to printer:
140529930-> <2>Vpor defectos de fabrica, con la<3>
140530157-> data received from printer:
140530319-> <6>
140530320-> ********************** COMMAND BEGIN **********************
140530320-> data sent to printer:
140530320-> <2>Vpresentacion de esta factura (original),<3>
140530553-> data received from printer:
140530710-> <6>
140530710-> ********************** COMMAND BEGIN **********************
140530711-> data sent to printer:
140530711-> <2>Vdentro de los treinta (30) dias<3>
140530936-> data received from printer:
140531100-> <6>
140531101-> ********************** COMMAND BEGIN **********************
140531101-> data sent to printer:
140531102-> <2>Vsiguientes a la emision de la misma.<3>
140531334-> data received from printer:
140531491-> <6>
140531493-> ********************** COMMAND BEGIN **********************
140531493-> data sent to printer:
140531493-> <2>Y0<3>
140531543-> data received from printer:
140531822-> <2>SENIAT    J-316292649    1600*800*3100*2          Bs.0TIY1900001280420230844*300<3><6>
140531831-> ********************** COMMAND BEGIN **********************
140531832-> data sent to printer:
140531832-> <2>S<3>
140531839-> data received from printer:
140532004-> <21>
140532004-> ********************** COMMAND BEGIN **********************
140532005-> data sent to printer:
140532005-> <2>M<3>
140533326-> data received from printer:
140533490-> <6>
140540704-> OPEN PORT: COM1@9600
140541924-> ********************** COMMAND BEGIN **********************
140541925-> data sent to printer:
140541925-> <2>V----------------------------------------<3>
140541974-> data received from printer:
140542135-> <21>
140542727-> ********************** COMMAND BEGIN **********************
140542727-> data sent to printer:
140542728-> <2>V <3>
140542736-> data received from printer:
140542895-> <21>
140543316-> ********************** COMMAND BEGIN **********************
140543317-> data sent to printer:
140543317-> <2>VOs: 0069142<3>
140543336-> data received from printer:
140543497-> <21>
140543714-> ********************** COMMAND BEGIN **********************
140543715-> data sent to printer:
140543715-> <2>VCliente: V-21471405<3>
140543742-> data received from printer:
140543896-> <21>
140544119-> ********************** COMMAND BEGIN **********************
140544119-> data sent to printer:
140544120-> <2>VTelefono: 0424-126511<3>
140544149-> data received from printer:
140544312-> <21>
140544615-> ********************** COMMAND BEGIN **********************
140544615-> data sent to printer:
140544615-> <2>VBanco: MERCANTIL<3>
140544639-> data received from printer:
140544803-> <21>
140545165-> ********************** COMMAND BEGIN **********************
140545165-> data sent to printer:
140545166-> <2>VMonto:    544,11<3>
140545190-> data received from printer:
140545343-> <21>
140545537-> ********************** COMMAND BEGIN **********************
140545537-> data sent to printer:
140545538-> <2>V <3>
140545546-> data received from printer:
140545709-> <21>
140546081-> ********************** COMMAND BEGIN **********************
140546081-> data sent to printer:
140546082-> <2>V----------------------------------------<3>
140546131-> data received from printer:
140546293-> <21>
140546539-> ********************** COMMAND BEGIN **********************
140546539-> data sent to printer:
140546539-> <2>M<3>
140546547-> data received from printer:
140546709-> <21>
140602632-> OPEN PORT: COM1@9600
140603020-> ********************** COMMAND BEGIN **********************
140603021-> data sent to printer:
140603021-> <2>V----------------------------------------<3>
140603070-> data received from printer:
140603228-> <21>
140603639-> ********************** COMMAND BEGIN **********************
140603640-> data sent to printer:
140603640-> <2>V <3>
140603649-> data received from printer:
140603812-> <21>
140604216-> ********************** COMMAND BEGIN **********************
140604217-> data sent to printer:
140604217-> <2>VOs: 0069142<3>
140604236-> data received from printer:
140604398-> <21>
140707077-> ********************** COMMAND BEGIN **********************
140707078-> data sent to printer:
140707078-> <2>VCliente: V-21471405<3>
140707106-> data received from printer:
140707267-> <21>
140708148-> ********************** COMMAND BEGIN **********************
140708148-> data sent to printer:
140708148-> <2>VTelefono: 0424-126511<3>
140708178-> data received from printer:
140708332-> <21>
140708421-> ********************** COMMAND BEGIN **********************
140708422-> data sent to printer:
140708422-> <2>VBanco: MERCANTIL<3>
140708447-> data received from printer:
140708606-> <21>
140708727-> ********************** COMMAND BEGIN **********************
140708728-> data sent to printer:
140708729-> <2>VMonto:    544,11<3>
140708753-> data received from printer:
140708910-> <21>
140709320-> ********************** COMMAND BEGIN **********************
140709321-> data sent to printer:
140709321-> <2>V <3>
140709330-> data received from printer:
140709484-> <21>
140710300-> ********************** COMMAND BEGIN **********************
140710301-> data sent to printer:
140710302-> <2>V----------------------------------------<3>
140710352-> data received from printer:
140710504-> <21>
140713654-> ********************** COMMAND BEGIN **********************
140713656-> data sent to printer:
140713657-> <2>M<3>
140713665-> data received from printer:
140713829-> <21>
152637179-> OPEN PORT: COM1@9600
152637251-> ********************** COMMAND BEGIN **********************
152637252-> data sent to printer:
152637252-> <2>Q<3>
152637260-> data received from printer:
152637424-> <21>
152637425-> ********************** COMMAND BEGIN **********************
152637426-> data sent to printer:
152637426-> <2>M<3>
152637434-> data received from printer:
152637589-> <21>
152713409-> OPEN PORT: COM1@9600
152713450-> OPEN PORT: COM1@9600
152713453-> ********************** COMMAND BEGIN **********************
152713453-> data sent to printer:
152713454-> <2>L&1<3>
152715125-> data received from printer:
152715285-> <2>2518*2515<3><6>
152715286-> ********************** COMMAND BEGIN **********************
152715286-> data sent to printer:
152715287-> <2>VRazon Social: Hector Bottini<3>
152715506-> data received from printer:
152715661-> <6>
152715662-> ********************** COMMAND BEGIN **********************
152715662-> data sent to printer:
152715663-> <2>VCI/Rif: V-21471405<3>
152715875-> data received from printer:
152716036-> <6>
152716037-> ********************** COMMAND BEGIN **********************
152716038-> data sent to printer:
152716038-> <2>V----------------------------------------<3>
152716269-> data received from printer:
152716427-> <6>
152716440-> ********************** COMMAND BEGIN **********************
152716441-> data sent to printer:
152716441-> <2>VW000094 BIOMEDICS TORIC (Reemplazo Mensu<3>
152716674-> data received from printer:
152716832-> <6>
152716833-> ********************** COMMAND BEGIN **********************
152716833-> data sent to printer:
152716834-> <2>VW000094 BIOMEDICS TORIC (Reemplazo Mensu<3>
152717069-> data received from printer:
152717223-> <6>
152717224-> ********************** COMMAND BEGIN **********************
152717224-> data sent to printer:
152717224-> <2>N12,000xBs2033,25     00004066500<3>
152717497-> data received from printer:
152717659-> <6>
152717937-> ********************** COMMAND BEGIN **********************
152717937-> data sent to printer:
152717938-> <2>OT406650<0><0><0><0><0><128><16><153><3>
152718720-> data received from printer:
152718880-> <2>418850<3><6>
152718889-> ********************** COMMAND BEGIN **********************
152718889-> data sent to printer:
152718890-> <2>P1DIVISAS             000000406650<3>
152719158-> data received from printer:
152719315-> <6>
152719316-> ********************** COMMAND BEGIN **********************
152719316-> data sent to printer:
152719317-> <2>V<3>
152719511-> data received from printer:
152719675-> <6>
152719675-> ********************** COMMAND BEGIN **********************
152719676-> data sent to printer:
152719676-> <2>VNumero Orden: 0069141<3>
152719889-> data received from printer:
152720051-> <6>
152720051-> ********************** COMMAND BEGIN **********************
152720052-> data sent to printer:
152720052-> <2>V<3>
152720245-> data received from printer:
152720396-> <6>
152720453-> ********************** COMMAND BEGIN **********************
152720454-> data sent to printer:
152720454-> <2>V<161><161><161>GRACIAS POR SU COMPRA!!!<3>
152720677-> data received from printer:
152720833-> <6>
152720834-> ********************** COMMAND BEGIN **********************
152720834-> data sent to printer:
152720834-> <2>VSolo se aceptaran devoluciones<3>
152721057-> data received from printer:
152721208-> <6>
152721209-> ********************** COMMAND BEGIN **********************
152721209-> data sent to printer:
152721209-> <2>Vpor defectos de fabrica, con la<3>
152721435-> data received from printer:
152721600-> <6>
152721601-> ********************** COMMAND BEGIN **********************
152721601-> data sent to printer:
152721602-> <2>Vpresentacion de esta factura (original),<3>
152721838-> data received from printer:
152721991-> <6>
152721992-> ********************** COMMAND BEGIN **********************
152721992-> data sent to printer:
152721992-> <2>Vdentro de los treinta (30) dias<3>
152722252-> data received from printer:
152722413-> <6>
152722414-> ********************** COMMAND BEGIN **********************
152722414-> data sent to printer:
152722414-> <2>Vsiguientes a la emision de la misma.<3>
152722647-> data received from printer:
152722804-> <6>
152722805-> ********************** COMMAND BEGIN **********************
152722806-> data sent to printer:
152722806-> <2>Y0<3>
152722856-> data received from printer:
152723135-> <2>SENIAT    J-316292649    1600*800*3100*2          Bs.0TIY1900001280420231006*300<3><6>
152723137-> ********************** COMMAND BEGIN **********************
152723137-> data sent to printer:
152723137-> <2>S<3>
152723145-> data received from printer:
152723301-> <21>
152723302-> ********************** COMMAND BEGIN **********************
152723302-> data sent to printer:
152723302-> <2>M<3>
152724588-> data received from printer:
152724741-> <6>
152736021-> OPEN PORT: COM1@9600
152736539-> ********************** COMMAND BEGIN **********************
152736540-> data sent to printer:
152736541-> <2>S<3>
152736903-> data received from printer:
152737062-> <6>
152737853-> ********************** COMMAND BEGIN **********************
152737854-> data sent to printer:
152737856-> <2>V----------------------------------------<3>
152738090-> data received from printer:
152738246-> <6>
152738589-> ********************** COMMAND BEGIN **********************
152738589-> data sent to printer:
152738590-> <2>V <3>
152738821-> data received from printer:
152738980-> <6>
152739351-> ********************** COMMAND BEGIN **********************
152739352-> data sent to printer:
152739352-> <2>VOs: 0069141<3>
152739603-> data received from printer:
152739757-> <6>
152740165-> ********************** COMMAND BEGIN **********************
152740166-> data sent to printer:
152740166-> <2>VCliente: V-21471405<3>
152740379-> data received from printer:
152740540-> <6>
152740852-> ********************** COMMAND BEGIN **********************
152740852-> data sent to printer:
152740853-> <2>VTelefono: 0424-126511<3>
152741068-> data received from printer:
152741226-> <6>
152741535-> ********************** COMMAND BEGIN **********************
152741536-> data sent to printer:
152741536-> <2>VBanco: MERCANTIL<3>
152741744-> data received from printer:
152741898-> <6>
152742283-> ********************** COMMAND BEGIN **********************
152742283-> data sent to printer:
152742284-> <2>VMonto:    436,37<3>
152742542-> data received from printer:
152742692-> <6>
152743130-> ********************** COMMAND BEGIN **********************
152743131-> data sent to printer:
152743131-> <2>V <3>
152743327-> data received from printer:
152743489-> <6>
152743832-> ********************** COMMAND BEGIN **********************
152743833-> data sent to printer:
152743833-> <2>V----------------------------------------<3>
152744066-> data received from printer:
152744222-> <6>
152744585-> ********************** COMMAND BEGIN **********************
152744586-> data sent to printer:
152744586-> <2>T<3>
152744992-> data received from printer:
152745147-> <6>
