090422711-> OPEN PORT: COM1@9600
090422716-> ********************** COMMAND BEGIN **********************
090422716-> data sent to printer:
090422716-> <2>Q<3>
090428775-> No reponse from printer
090428776-> ********************** COMMAND BEGIN **********************
090428776-> data sent to printer:
090428776-> <2>M<3>
090513828-> No reponse from printer
090521477-> OPEN PORT: COM1@9600
090523109-> OPEN PORT: COM1@9600
090524458-> ********************** COMMAND BEGIN **********************
090524458-> data sent to printer:
090524458-> <2>L&1<3>
090530523-> No reponse from printer
090530530-> ********************** COMMAND BEGIN **********************
090530531-> data sent to printer:
090530531-> <2>VRazon Social: HILDA LEHRER<3>
090534613-> No reponse from printer
090543391-> ********************** COMMAND BEGIN **********************
090543391-> data sent to printer:
090543391-> <2>Q<3>
090549456-> No reponse from printer
090549457-> ********************** COMMAND BEGIN **********************
090549457-> data sent to printer:
090549457-> <2>M<3>
090634520-> No reponse from printer
092541599-> OPEN PORT: COM1@9600
092541604-> ********************** COMMAND BEGIN **********************
092541605-> data sent to printer:
092541606-> <2>Q<3>
092547670-> No reponse from printer
092547671-> ********************** COMMAND BEGIN **********************
092547671-> data sent to printer:
092547671-> <2>M<3>
092632732-> No reponse from printer
092638371-> OPEN PORT: COM1@9600
092640025-> OPEN PORT: COM1@9600
092640969-> ********************** COMMAND BEGIN **********************
092640970-> data sent to printer:
092640970-> <2>L&1<3>
092647021-> No reponse from printer
092647022-> ********************** COMMAND BEGIN **********************
092647022-> data sent to printer:
092647022-> <2>VRazon Social: HILDA LEHRER<3>
092651111-> No reponse from printer
092659598-> ********************** COMMAND BEGIN **********************
092659599-> data sent to printer:
092659599-> <2>Q<3>
092705652-> No reponse from printer
092705653-> ********************** COMMAND BEGIN **********************
092705653-> data sent to printer:
092705653-> <2>M<3>
092750716-> No reponse from printer
092952139-> OPEN PORT: COM1@9600
092952142-> ********************** COMMAND BEGIN **********************
092952142-> data sent to printer:
092952142-> <2>Q<3>
092958197-> No reponse from printer
092958198-> ********************** COMMAND BEGIN **********************
092958198-> data sent to printer:
092958198-> <2>M<3>
093043258-> No reponse from printer
093049751-> OPEN PORT: COM1@9600
093051080-> OPEN PORT: COM1@9600
093052050-> ********************** COMMAND BEGIN **********************
093052051-> data sent to printer:
093052051-> <2>L&1<3>
093058114-> No reponse from printer
093058114-> ********************** COMMAND BEGIN **********************
093058115-> data sent to printer:
093058115-> <2>VRazon Social: HILDA LEHRER<3>
093102204-> No reponse from printer
093111681-> ********************** COMMAND BEGIN **********************
093111682-> data sent to printer:
093111682-> <2>Q<3>
093117739-> No reponse from printer
093117739-> ********************** COMMAND BEGIN **********************
093117740-> data sent to printer:
093117740-> <2>M<3>
093202795-> No reponse from printer
102939825-> OPEN PORT: COM1@9600
102939894-> ********************** COMMAND BEGIN **********************
102939894-> data sent to printer:
102939894-> <2>Q<3>
102939894-> data received from printer:
102940063-> <21>
102940063-> ********************** COMMAND BEGIN **********************
102940063-> data sent to printer:
102940063-> <2>M<3>
102940065-> data received from printer:
102940226-> <21>
102942662-> OPEN PORT: COM1@9600
102942732-> OPEN PORT: COM1@9600
102942732-> ********************** COMMAND BEGIN **********************
102942732-> data sent to printer:
102942732-> <2>L&1<3>
102943395-> data received from printer:
102943575-> <2>6151*6148<3><6>
102943575-> ********************** COMMAND BEGIN **********************
102943577-> data sent to printer:
102943577-> <2>VRazon Social: SOFIA BENARROYO<3>
102943659-> data received from printer:
102943819-> <6>
102943819-> ********************** COMMAND BEGIN **********************
102943819-> data sent to printer:
102943819-> <2>VCI/Rif: V-11314860<3>
102943892-> data received from printer:
102944043-> <6>
102944043-> ********************** COMMAND BEGIN **********************
102944043-> data sent to printer:
102944045-> <2>V----------------------------------------<3>
102944144-> data received from printer:
102944306-> <6>
102944308-> ********************** COMMAND BEGIN **********************
102944308-> data sent to printer:
102944308-> <2>Y0<3>
102944316-> data received from printer:
102944588-> <2>SENIAT    J-00000000000001600*0800*3100*2          Bs.0TIS0900049140420251023<3><6>
102947027-> ********************** COMMAND BEGIN **********************
102947027-> data sent to printer:
102947027-> <2>VC000882 MAXI DELGADO 1.56 TERM. AR BLUE <3>
102947128-> data received from printer:
102947290-> <6>
102947290-> ********************** COMMAND BEGIN **********************
102947290-> data sent to printer:
102947290-> <2>V <3>
102947344-> data received from printer:
102947507-> <6>
102947507-> ********************** COMMAND BEGIN **********************
102947507-> data sent to printer:
102947507-> <2>N12,000xBs1392,83     00002785660<3>
102947645-> data received from printer:
102947807-> <6>
102947807-> ********************** COMMAND BEGIN **********************
102947807-> data sent to printer:
102947807-> <2>VS000106 SERVICIO MONTURA PROPIA<3>
102947892-> data received from printer:
102948046-> <6>
102948046-> ********************** COMMAND BEGIN **********************
102948046-> data sent to printer:
102948046-> <2>N11,000xBs625,35      00000625351<3>
102948177-> data received from printer:
102948346-> <6>
103011168-> ********************** COMMAND BEGIN **********************
103011168-> data sent to printer:
103011168-> <2>O1<3>
103011716-> data received from printer:
103011876-> <2>351107<3><6>
103023322-> ********************** COMMAND BEGIN **********************
103023323-> data sent to printer:
103023323-> <2>P110/04/2025 EFECTIVO 000000351106<3>
103023464-> data received from printer:
103023635-> <6>
103027439-> ********************** COMMAND BEGIN **********************
103027440-> data sent to printer:
103027440-> <2>P1EFECTIVO            000000000001<3>
103027628-> data received from printer:
103027779-> <6>
103030971-> ********************** COMMAND BEGIN **********************
103030972-> data sent to printer:
103030972-> <2>V<3>
103031029-> data received from printer:
103031186-> <6>
103031509-> ********************** COMMAND BEGIN **********************
103031509-> data sent to printer:
103031509-> <2>VNumero Orden: 0035169<3>
103031587-> data received from printer:
103031741-> <6>
103032010-> ********************** COMMAND BEGIN **********************
103032010-> data sent to printer:
103032010-> <2>V<3>
103032057-> data received from printer:
103032226-> <6>
103100607-> OPEN PORT: COM1@9600
103100607-> ********************** COMMAND BEGIN **********************
103100607-> data sent to printer:
103100607-> <2>Q<3>
103100607-> data received from printer:
103100770-> <21>
103100770-> ********************** COMMAND BEGIN **********************
103100770-> data sent to printer:
103100770-> <2>M<3>
103102063-> data received from printer:
103102225-> <6>
103119104-> OPEN PORT: COM1@9600
103119157-> ********************** COMMAND BEGIN **********************
103119157-> data sent to printer:
103119173-> <2>Q<3>
103119173-> data received from printer:
103119342-> <21>
103119342-> ********************** COMMAND BEGIN **********************
103119342-> data sent to printer:
103119342-> <2>M<3>
103119342-> data received from printer:
103119505-> <21>
103121449-> OPEN PORT: COM1@9600
103121511-> OPEN PORT: COM1@9600
103121527-> ********************** COMMAND BEGIN **********************
103121527-> data sent to printer:
103121527-> <2>L&1<3>
103122180-> data received from printer:
103122352-> <2>6152*6148<3><6>
103122352-> ********************** COMMAND BEGIN **********************
103122352-> data sent to printer:
103122352-> <2>VRazon Social: SOFIA BENARROYO<3>
103122435-> data received from printer:
103122596-> <6>
103122596-> ********************** COMMAND BEGIN **********************
103122596-> data sent to printer:
103122598-> <2>VCI/Rif: V-11314860<3>
103122669-> data received from printer:
103122838-> <6>
103122838-> ********************** COMMAND BEGIN **********************
103122838-> data sent to printer:
103122838-> <2>V----------------------------------------<3>
103122931-> data received from printer:
103123102-> <6>
103123102-> ********************** COMMAND BEGIN **********************
103123102-> data sent to printer:
103123102-> <2>Y0<3>
103123104-> data received from printer:
103123367-> <2>SENIAT    J-00000000000001600*0800*3100*2          Bs.0TIS0900049140420251024<3><6>
103127443-> ********************** COMMAND BEGIN **********************
103127443-> data sent to printer:
103127443-> <2>VC000882 MAXI DELGADO 1.56 TERM. AR BLUE <3>
103127543-> data received from printer:
103127708-> <6>
103127708-> ********************** COMMAND BEGIN **********************
103127708-> data sent to printer:
103127708-> <2>V <3>
103127761-> data received from printer:
103127911-> <6>
103127911-> ********************** COMMAND BEGIN **********************
103127911-> data sent to printer:
103127911-> <2>N12,000xBs1392,83     00002785660<3>
103128054-> data received from printer:
103128217-> <6>
103128217-> ********************** COMMAND BEGIN **********************
103128217-> data sent to printer:
103128217-> <2>VS000106 SERVICIO MONTURA PROPIA<3>
103128301-> data received from printer:
103128462-> <6>
103128462-> ********************** COMMAND BEGIN **********************
103128462-> data sent to printer:
103128462-> <2>N11,000xBs625,35      00000625351<3>
103128604-> data received from printer:
103128766-> <6>
103223399-> ********************** COMMAND BEGIN **********************
103223400-> data sent to printer:
103223400-> <2>O1<3>
103223947-> data received from printer:
103224127-> <2>351107<3><6>
120314816-> ********************** COMMAND BEGIN **********************
120314817-> data sent to printer:
120314817-> <2>P110/04/2025 EFECTIVO 000000351106<3>
120314961-> data received from printer:
120315112-> <6>
120330633-> ********************** COMMAND BEGIN **********************
120330634-> data sent to printer:
120330634-> <2>P1EFECTIVO            000000000001<3>
120330828-> data received from printer:
120330982-> <6>
120339700-> ********************** COMMAND BEGIN **********************
120339702-> data sent to printer:
120339703-> <2>V<3>
120339760-> data received from printer:
120339913-> <6>
120340412-> ********************** COMMAND BEGIN **********************
120340413-> data sent to printer:
120340413-> <2>VNumero Orden: 0035169<3>
120340492-> data received from printer:
120340653-> <6>
120341137-> ********************** COMMAND BEGIN **********************
120341137-> data sent to printer:
120341138-> <2>V<3>
120341194-> data received from printer:
120341345-> <6>
120359641-> OPEN PORT: COM1@9600
120359642-> ********************** COMMAND BEGIN **********************
120359642-> data sent to printer:
120359643-> <2>Q<3>
120359648-> data received from printer:
120359802-> <21>
120359802-> ********************** COMMAND BEGIN **********************
120359803-> data sent to printer:
120359803-> <2>M<3>
120401101-> data received from printer:
120401257-> <6>
120414652-> OPEN PORT: COM1@9600
120414720-> ********************** COMMAND BEGIN **********************
120414721-> data sent to printer:
120414721-> <2>Q<3>
120414726-> data received from printer:
120414886-> <21>
120414886-> ********************** COMMAND BEGIN **********************
120414887-> data sent to printer:
120414887-> <2>M<3>
120414892-> data received from printer:
120415050-> <21>
120426252-> OPEN PORT: COM1@9600
120426318-> OPEN PORT: COM1@9600
120426319-> ********************** COMMAND BEGIN **********************
120426319-> data sent to printer:
120426319-> <2>L&1<3>
120426979-> data received from printer:
120427156-> <2>6153*6148<3><6>
120427156-> ********************** COMMAND BEGIN **********************
120427157-> data sent to printer:
120427157-> <2>VRazon Social: SOFIA BENARROYO<3>
120427244-> data received from printer:
120427396-> <6>
120427397-> ********************** COMMAND BEGIN **********************
120427397-> data sent to printer:
120427398-> <2>VCI/Rif: V-11314860<3>
120427473-> data received from printer:
120427637-> <6>
120427638-> ********************** COMMAND BEGIN **********************
120427638-> data sent to printer:
120427638-> <2>V----------------------------------------<3>
120427737-> data received from printer:
120427891-> <6>
120427891-> ********************** COMMAND BEGIN **********************
120427892-> data sent to printer:
120427892-> <2>Y0<3>
120427900-> data received from printer:
120428149-> <2>SENIAT    J-00000000000001600*0800*3100*2          Bs.0TIS0900049140420251157<3><6>
120431022-> ********************** COMMAND BEGIN **********************
120431023-> data sent to printer:
120431023-> <2>VC000882 MAXI DELGADO 1.56 TERM. AR BLUE <3>
120431122-> data received from printer:
120431283-> <6>
120431284-> ********************** COMMAND BEGIN **********************
120431284-> data sent to printer:
120431284-> <2>V <3>
120431342-> data received from printer:
120431493-> <6>
120431493-> ********************** COMMAND BEGIN **********************
120431494-> data sent to printer:
120431494-> <2>N12,000xBs1392,83     00002785660<3>
120431635-> data received from printer:
120431792-> <6>
120431793-> ********************** COMMAND BEGIN **********************
120431793-> data sent to printer:
120431793-> <2>VS000106 SERVICIO MONTURA PROPIA<3>
120431884-> data received from printer:
120432048-> <6>
120432049-> ********************** COMMAND BEGIN **********************
120432049-> data sent to printer:
120432050-> <2>N11,000xBs625,35      00000625351<3>
120432192-> data received from printer:
120432348-> <6>
120459747-> ********************** COMMAND BEGIN **********************
120459748-> data sent to printer:
120459748-> <2>O1<3>
120500297-> data received from printer:
120500464-> <2>351107<3><6>
120519898-> ********************** COMMAND BEGIN **********************
120519898-> data sent to printer:
120519898-> <2>P110/04/2025 EFECTIVO 000000351106<3>
120520040-> data received from printer:
120520206-> <6>
120527903-> ********************** COMMAND BEGIN **********************
120527904-> data sent to printer:
120527904-> <2>P1EFECTIVO            000000000001<3>
120528098-> data received from printer:
120528260-> <6>
120534515-> ********************** COMMAND BEGIN **********************
120534515-> data sent to printer:
120534516-> <2>V<3>
120534572-> data received from printer:
120534727-> <6>
120535418-> ********************** COMMAND BEGIN **********************
120535419-> data sent to printer:
120535419-> <2>VNumero Orden: 0035169<3>
120535498-> data received from printer:
120535654-> <6>
120536424-> ********************** COMMAND BEGIN **********************
120536424-> data sent to printer:
120536425-> <2>V<3>
120536482-> data received from printer:
120536641-> <6>
122723614-> OPEN PORT: COM1@9600
122723683-> ********************** COMMAND BEGIN **********************
122723684-> data sent to printer:
122723684-> <2>Q<3>
122723689-> data received from printer:
122723846-> <21>
122723847-> ********************** COMMAND BEGIN **********************
122723848-> data sent to printer:
122723848-> <2>M<3>
122725145-> data received from printer:
122725298-> <6>
122727872-> OPEN PORT: COM1@9600
122727938-> OPEN PORT: COM1@9600
122727940-> ********************** COMMAND BEGIN **********************
122727940-> data sent to printer:
122727941-> <2>L&1<3>
122728600-> data received from printer:
122728771-> <2>6154*6148<3><6>
122728772-> ********************** COMMAND BEGIN **********************
122728773-> data sent to printer:
122728773-> <2>VRazon Social: HILDA LEHRER<3>
122728857-> data received from printer:
122729012-> <6>
122729013-> ********************** COMMAND BEGIN **********************
122729013-> data sent to printer:
122729013-> <2>VCI/Rif: V-4082779<3>
122729087-> data received from printer:
122729251-> <6>
122729252-> ********************** COMMAND BEGIN **********************
122729253-> data sent to printer:
122729253-> <2>V----------------------------------------<3>
122729353-> data received from printer:
122729505-> <6>
122729507-> ********************** COMMAND BEGIN **********************
122729507-> data sent to printer:
122729508-> <2>Y0<3>
122729515-> data received from printer:
122729767-> <2>SENIAT    J-00000000000001600*0800*3100*2          Bs.0TIS0900049140420251220<3><6>
122741954-> ********************** COMMAND BEGIN **********************
122741955-> data sent to printer:
122741955-> <2>VC000106 MAXI DELGADO 1.56 TERMINADO AR P<3>
122742055-> data received from printer:
122742219-> <6>
122742219-> ********************** COMMAND BEGIN **********************
122742220-> data sent to printer:
122742220-> <2>V <3>
122742278-> data received from printer:
122742429-> <6>
122742430-> ********************** COMMAND BEGIN **********************
122742430-> data sent to printer:
122742431-> <2>N12,000xBs989,19      00001978380<3>
122742572-> data received from printer:
122742729-> <6>
122742730-> ********************** COMMAND BEGIN **********************
122742730-> data sent to printer:
122742730-> <2>VS000106 SERVICIO MONTURA PROPIA<3>
122742820-> data received from printer:
122742970-> <6>
122742971-> ********************** COMMAND BEGIN **********************
122742971-> data sent to printer:
122742972-> <2>N11,000xBs591,24      00000591241<3>
122743114-> data received from printer:
122743270-> <6>
123112439-> ********************** COMMAND BEGIN **********************
123112439-> data sent to printer:
123112440-> <2>O1<3>
123112989-> data received from printer:
123113159-> <2>266422<3><6>
123240885-> ********************** COMMAND BEGIN **********************
123240885-> data sent to printer:
123240886-> <2>P110/04/2025 EFECTIVO 000000266422<3>
123241080-> data received from printer:
123241240-> <6>
123303231-> ********************** COMMAND BEGIN **********************
123303232-> data sent to printer:
123303232-> <2>V<3>
123303289-> data received from printer:
123303451-> <6>
123303930-> ********************** COMMAND BEGIN **********************
123303931-> data sent to printer:
123303931-> <2>VNumero Orden: 0035096<3>
123304010-> data received from printer:
123304174-> <6>
123304595-> ********************** COMMAND BEGIN **********************
123304596-> data sent to printer:
123304596-> <2>V<3>
123304652-> data received from printer:
123304805-> <6>
123412192-> OPEN PORT: COM1@9600
123412193-> ********************** COMMAND BEGIN **********************
123412193-> data sent to printer:
123412193-> <2>Q<3>
123412198-> data received from printer:
123412361-> <21>
123412362-> ********************** COMMAND BEGIN **********************
123412362-> data sent to printer:
123412362-> <2>M<3>
123413661-> data received from printer:
123413812-> <6>
123424742-> OPEN PORT: COM1@9600
123424810-> ********************** COMMAND BEGIN **********************
123424810-> data sent to printer:
123424811-> <2>Q<3>
123424815-> data received from printer:
123424981-> <21>
123424982-> ********************** COMMAND BEGIN **********************
123424982-> data sent to printer:
123424983-> <2>M<3>
123424987-> data received from printer:
123425145-> <21>
123426919-> OPEN PORT: COM1@9600
123426985-> OPEN PORT: COM1@9600
123426986-> ********************** COMMAND BEGIN **********************
123426987-> data sent to printer:
123426987-> <2>L&1<3>
123427648-> data received from printer:
123427815-> <2>6155*6148<3><6>
123427816-> ********************** COMMAND BEGIN **********************
123427816-> data sent to printer:
123427816-> <2>VRazon Social: HILDA LEHRER<3>
123427901-> data received from printer:
123428056-> <6>
123428064-> ********************** COMMAND BEGIN **********************
123428064-> data sent to printer:
123428064-> <2>VCI/Rif: V-4082779<3>
123428139-> data received from printer:
123428296-> <6>
123428296-> ********************** COMMAND BEGIN **********************
123428297-> data sent to printer:
123428297-> <2>V----------------------------------------<3>
123428396-> data received from printer:
123428550-> <6>
123428551-> ********************** COMMAND BEGIN **********************
123428551-> data sent to printer:
123428552-> <2>Y0<3>
123428559-> data received from printer:
123428821-> <2>SENIAT    J-00000000000001600*0800*3100*2          Bs.0TIS0900049140420251227<3><6>
123432954-> ********************** COMMAND BEGIN **********************
123432956-> data sent to printer:
123432956-> <2>VC000106 MAXI DELGADO 1.56 TERMINADO AR P<3>
123433055-> data received from printer:
123433220-> <6>
123433220-> ********************** COMMAND BEGIN **********************
123433221-> data sent to printer:
123433221-> <2>V <3>
123433279-> data received from printer:
123433429-> <6>
123433429-> ********************** COMMAND BEGIN **********************
123433430-> data sent to printer:
123433430-> <2>N12,000xBs989,19      00001978380<3>
123433572-> data received from printer:
123433729-> <6>
123433730-> ********************** COMMAND BEGIN **********************
123433730-> data sent to printer:
123433730-> <2>VS000106 SERVICIO MONTURA PROPIA<3>
123433820-> data received from printer:
123433984-> <6>
123433984-> ********************** COMMAND BEGIN **********************
123433985-> data sent to printer:
123433985-> <2>N11,000xBs591,24      00000591241<3>
123434127-> data received from printer:
123434284-> <6>
123456038-> ********************** COMMAND BEGIN **********************
123456038-> data sent to printer:
123456039-> <2>O1<3>
123456587-> data received from printer:
123456752-> <2>266422<3><6>
123523156-> ********************** COMMAND BEGIN **********************
123523156-> data sent to printer:
123523157-> <2>P110/04/2025 EFECTIVO 000000266422<3>
123523353-> data received from printer:
123523509-> <6>
123523510-> ********************** COMMAND BEGIN **********************
123523510-> data sent to printer:
123523510-> <2>V<3>
123523567-> data received from printer:
123523720-> <6>
123523721-> ********************** COMMAND BEGIN **********************
123523721-> data sent to printer:
123523722-> <2>VNumero Orden: 0035096<3>
123523800-> data received from printer:
123523960-> <6>
123523961-> ********************** COMMAND BEGIN **********************
123523961-> data sent to printer:
123523961-> <2>V<3>
123524018-> data received from printer:
123524171-> <6>
123751798-> OPEN PORT: COM1@9600
123751799-> ********************** COMMAND BEGIN **********************
123751800-> data sent to printer:
123751800-> <2>Q<3>
123751805-> data received from printer:
123751960-> <21>
123751961-> ********************** COMMAND BEGIN **********************
123751961-> data sent to printer:
123751961-> <2>M<3>
123753260-> data received from printer:
123753416-> <6>
123803558-> OPEN PORT: COM1@9600
123803626-> ********************** COMMAND BEGIN **********************
123803626-> data sent to printer:
123803627-> <2>Q<3>
123803631-> data received from printer:
123803795-> <21>
123803796-> ********************** COMMAND BEGIN **********************
123803796-> data sent to printer:
123803796-> <2>M<3>
123803801-> data received from printer:
123803960-> <21>
123806604-> OPEN PORT: COM1@9600
123806670-> OPEN PORT: COM1@9600
123806671-> ********************** COMMAND BEGIN **********************
123806672-> data sent to printer:
123806672-> <2>L&1<3>
123807333-> data received from printer:
123807501-> <2>6156*6148<3><6>
123807502-> ********************** COMMAND BEGIN **********************
123807502-> data sent to printer:
123807502-> <2>VRazon Social: HILDA LEHRER<3>
123807587-> data received from printer:
123807741-> <6>
123807742-> ********************** COMMAND BEGIN **********************
123807742-> data sent to printer:
123807742-> <2>VCI/Rif: V-4082779<3>
123807817-> data received from printer:
123807982-> <6>
123807983-> ********************** COMMAND BEGIN **********************
123807983-> data sent to printer:
123807983-> <2>V----------------------------------------<3>
123808083-> data received from printer:
123808237-> <6>
123808238-> ********************** COMMAND BEGIN **********************
123808238-> data sent to printer:
123808238-> <2>Y0<3>
123808246-> data received from printer:
123808495-> <2>SENIAT    J-00000000000001600*0800*3100*2          Bs.0TIS0900049140420251231<3><6>
123809976-> ********************** COMMAND BEGIN **********************
123809976-> data sent to printer:
123809977-> <2>VC000106 MAXI DELGADO 1.56 TERMINADO AR P<3>
123810076-> data received from printer:
123810240-> <6>
123810240-> ********************** COMMAND BEGIN **********************
123810241-> data sent to printer:
123810241-> <2>V <3>
123810298-> data received from printer:
123810451-> <6>
123810452-> ********************** COMMAND BEGIN **********************
123810452-> data sent to printer:
123810453-> <2>N12,000xBs989,19      00001978380<3>
123810594-> data received from printer:
123810750-> <6>
123810751-> ********************** COMMAND BEGIN **********************
123810751-> data sent to printer:
123810751-> <2>VS000106 SERVICIO MONTURA PROPIA<3>
123810841-> data received from printer:
123811006-> <6>
123811006-> ********************** COMMAND BEGIN **********************
123811007-> data sent to printer:
123811007-> <2>N11,000xBs591,24      00000591241<3>
123811149-> data received from printer:
123811306-> <6>
123814638-> ********************** COMMAND BEGIN **********************
123814638-> data sent to printer:
123814638-> <2>O1<3>
123815188-> data received from printer:
123815353-> <2>266422<3><6>
123815366-> ********************** COMMAND BEGIN **********************
123815367-> data sent to printer:
123815367-> <2>P110/04/2025 EFECTIVO 000000266422<3>
123815561-> data received from printer:
123815727-> <6>
123815728-> ********************** COMMAND BEGIN **********************
123815728-> data sent to printer:
123815728-> <2>V<3>
123815784-> data received from printer:
123815937-> <6>
123815938-> ********************** COMMAND BEGIN **********************
123815938-> data sent to printer:
123815938-> <2>VNumero Orden: 0035096<3>
123816017-> data received from printer:
123816177-> <6>
123816178-> ********************** COMMAND BEGIN **********************
123816178-> data sent to printer:
123816178-> <2>V<3>
123816235-> data received from printer:
123816388-> <6>
123823182-> ********************** COMMAND BEGIN **********************
123823183-> data sent to printer:
123823183-> <2>V<161><161><161>GRACIAS POR SU COMPRA!!!<3>
123823268-> data received from printer:
123823424-> <6>
123823424-> ********************** COMMAND BEGIN **********************
123823425-> data sent to printer:
123823425-> <2>VSolo se aceptaran devoluciones<3>
123823515-> data received from printer:
123823679-> <6>
123823679-> ********************** COMMAND BEGIN **********************
123823680-> data sent to printer:
123823680-> <2>Vpor defectos de fabrica, con la<3>
123823770-> data received from printer:
123823933-> <6>
123823934-> ********************** COMMAND BEGIN **********************
123823934-> data sent to printer:
123823934-> <2>Vpresentacion de esta factura (original),<3>
123824034-> data received from printer:
123824189-> <6>
123824189-> ********************** COMMAND BEGIN **********************
123824190-> data sent to printer:
123824190-> <2>Vdentro de los treinta (30) dias<3>
123824279-> data received from printer:
123824430-> <6>
123824431-> ********************** COMMAND BEGIN **********************
123824431-> data sent to printer:
123824431-> <2>Vsiguientes a la emision de la misma.<3>
123824526-> data received from printer:
123824686-> <6>
123824686-> ********************** COMMAND BEGIN **********************
123824687-> data sent to printer:
123824687-> <2>Y0<3>
123824695-> data received from printer:
123824957-> <2>SENIAT    J-00000000000001600*0800*3100*2          Bs.0TIS0900049140420251231<3><6>
123824957-> ********************** COMMAND BEGIN **********************
123824958-> data sent to printer:
123824958-> <2>M<3>
123826256-> data received from printer:
123826412-> <6>
184309150-> OPEN PORT: COM1@9600
184309218-> ********************** COMMAND BEGIN **********************
184309218-> data sent to printer:
184309219-> <2>Q<3>
184309223-> data received from printer:
184309377-> <21>
184309378-> ********************** COMMAND BEGIN **********************
184309378-> data sent to printer:
184309379-> <2>M<3>
184309383-> data received from printer:
184309542-> <21>
185456068-> OPEN PORT: COM1@9600
185456134-> ********************** COMMAND BEGIN **********************
185456135-> data sent to printer:
185456135-> <2>Q<3>
185456140-> data received from printer:
185456301-> <21>
185456302-> ********************** COMMAND BEGIN **********************
185456302-> data sent to printer:
185456303-> <2>M<3>
185456307-> data received from printer:
185456465-> <21>
