170245977-> OPEN PORT: COM1@9600
170246149-> ********************** COMMAND BEGIN **********************
170246150-> data sent to printer:
170246150-> <2>L&2<3>
170246811-> data received from printer:
170246976-> <2>0910*6101<3><6>
170246977-> ********************** COMMAND BEGIN **********************
170246977-> data sent to printer:
170246978-> <2>VRazon Social: ADELFA RAMIREZ<3>
170247064-> data received from printer:
170247216-> <6>
170247217-> ********************** COMMAND BEGIN **********************
170247217-> data sent to printer:
170247217-> <2>VCI/Rif: V5692266<3>
170247291-> data received from printer:
170247456-> <6>
170247466-> ********************** COMMAND BEGIN **********************
170247466-> data sent to printer:
170247466-> <2>VDatos del Documento Original:<3>
170247554-> data received from printer:
170247711-> <6>
170247712-> ********************** COMMAND BEGIN **********************
170247712-> data sent to printer:
170247713-> <2>VNumero: 0000800<3>
170247785-> data received from printer:
170247937-> <6>
170247938-> ********************** COMMAND BEGIN **********************
170247938-> data sent to printer:
170247939-> <2>VFecha: 03/09/2024<3>
170248014-> data received from printer:
170248179-> <6>
170248180-> ********************** COMMAND BEGIN **********************
170248180-> data sent to printer:
170248181-> <2>VSerial Fiscal: TIX2490003<3>
170248264-> data received from printer:
170248420-> <6>
170248421-> ********************** COMMAND BEGIN **********************
170248421-> data sent to printer:
170248421-> <2>V----------------------------------------<3>
170248521-> data received from printer:
170248676-> <6>
170249357-> ********************** COMMAND BEGIN **********************
170249359-> data sent to printer:
170249361-> <2>VM167772 DMCLROUG130353N<3>
170249443-> data received from printer:
170249599-> <6>
170249600-> ********************** COMMAND BEGIN **********************
170249600-> data sent to printer:
170249601-> <2>R11,000xBs1058,90     00001058901<3>
170249742-> data received from printer:
170249899-> <6>
170249900-> ********************** COMMAND BEGIN **********************
170249900-> data sent to printer:
170249901-> <2>VA000004 GARANTIA EXTENDIDA<3>
170249985-> data received from printer:
170250139-> <6>
170250140-> ********************** COMMAND BEGIN **********************
170250140-> data sent to printer:
170250141-> <2>R11,000xBs840,89      00000840891<3>
170250282-> data received from printer:
170250440-> <6>
170250441-> ********************** COMMAND BEGIN **********************
170250441-> data sent to printer:
170250441-> <2>VC000422 RLX ULTRA POLI LIGTH <3>
170250529-> data received from printer:
170250680-> <6>
170250681-> ********************** COMMAND BEGIN **********************
170250681-> data sent to printer:
170250681-> <2>R12,000xBs2382,52     00004765040<3>
170250823-> data received from printer:
170250980-> <6>
170251273-> ********************** COMMAND BEGIN **********************
170251275-> data sent to printer:
170251277-> <2>O1<3>
170251787-> data received from printer:
170251937-> <6>
170251967-> ********************** COMMAND BEGIN **********************
170251968-> data sent to printer:
170251968-> <2>VMonto Disponible:  6968,8<3>
170252051-> data received from printer:
170252208-> <6>
170252221-> ********************** COMMAND BEGIN **********************
170252221-> data sent to printer:
170252222-> <2>Y0<3>
170252229-> data received from printer:
170252482-> <2>SENIAT    J-00000000000001600*0800*3100*2          Bs.0TIS0900049140220251656<3><6>
170252483-> ********************** COMMAND BEGIN **********************
170252483-> data sent to printer:
170252484-> <2>M<3>
170253782-> data received from printer:
170253938-> <6>
170309016-> OPEN PORT: COM1@9600
170309092-> ********************** COMMAND BEGIN **********************
170309093-> data sent to printer:
170309093-> <2>Y3<3>
170309101-> data received from printer:
170309275-> <2>6110*6101*910*1*<3><6>
