134134506-> OPEN PORT: COM1@9600
134134582-> ********************** COMMAND BEGIN **********************
134134583-> data sent to printer:
134134583-> <2>Q<3>
134134591-> data received from printer:
134134755-> <21>
134134756-> ********************** COMMAND BEGIN **********************
134134756-> data sent to printer:
134134756-> <2>M<3>
134134764-> data received from printer:
134134920-> <21>
134547544-> OPEN PORT: COM1@9600
134547588-> ********************** COMMAND BEGIN **********************
134547589-> data sent to printer:
134547589-> <2>Q<3>
134547597-> data received from printer:
134547758-> <21>
134547759-> ********************** COMMAND BEGIN **********************
134547759-> data sent to printer:
134547759-> <2>M<3>
134547767-> data received from printer:
134547924-> <21>
134704153-> OPEN PORT: COM1@9600
134704194-> OPEN PORT: COM1@9600
134704199-> ********************** COMMAND BEGIN **********************
134704200-> data sent to printer:
134704201-> <2>L&1<3>
134705873-> data received from printer:
134706025-> <2>2533*2528<3><6>
134706026-> ********************** COMMAND BEGIN **********************
134706026-> data sent to printer:
134706027-> <2>VRazon Social: Hector Bottini<3>
134706245-> data received from printer:
134706400-> <6>
134706401-> ********************** COMMAND BEGIN **********************
134706401-> data sent to printer:
134706401-> <2>VCI/Rif: V-21471405<3>
134706611-> data received from printer:
134706775-> <6>
134706776-> ********************** COMMAND BEGIN **********************
134706776-> data sent to printer:
134706777-> <2>V----------------------------------------<3>
134707045-> data received from printer:
134707195-> <6>
134707197-> ********************** COMMAND BEGIN **********************
134707198-> data sent to printer:
134707198-> <2>VW000094 BIOMEDICS TORIC (Reemplazo Mensu<3>
134707431-> data received from printer:
134707587-> <6>
134707588-> ********************** COMMAND BEGIN **********************
134707588-> data sent to printer:
134707588-> <2>VW000094 BIOMEDICS TORIC (Reemplazo Mensu<3>
134707823-> data received from printer:
134707978-> <6>
134707979-> ********************** COMMAND BEGIN **********************
134707979-> data sent to printer:
134707979-> <2>N12,000xBs2033,25     00004066500<3>
134708252-> data received from printer:
134708413-> <6>
134708764-> ********************** COMMAND BEGIN **********************
134708765-> data sent to printer:
134708767-> <2>OT194325<0>650<0><0><144><177><3>
134709517-> data received from printer:
134709669-> <2>412480<3><6>
134709726-> ********************** COMMAND BEGIN **********************
134709726-> data sent to printer:
134709727-> <2>P115/06/2023 TRANSFERE000000212325<3>
134709993-> data received from printer:
134710152-> <6>
134710153-> ********************** COMMAND BEGIN **********************
134710153-> data sent to printer:
134710153-> <2>P1DIVISAS             000000194325<3>
134710422-> data received from printer:
134710587-> <6>
134710588-> ********************** COMMAND BEGIN **********************
134710588-> data sent to printer:
134710589-> <2>V<3>
134710783-> data received from printer:
134710947-> <6>
134710948-> ********************** COMMAND BEGIN **********************
134710948-> data sent to printer:
134710948-> <2>VNumero Orden: 0069161<3>
134711196-> data received from printer:
134711353-> <6>
134711353-> ********************** COMMAND BEGIN **********************
134711354-> data sent to printer:
134711354-> <2>V<3>
134711549-> data received from printer:
134711699-> <6>
134712084-> ********************** COMMAND BEGIN **********************
134712085-> data sent to printer:
134712086-> <2>V<161><161><161>GRACIAS POR SU COMPRA!!!<3>
134712306-> data received from printer:
134712460-> <6>
134712461-> ********************** COMMAND BEGIN **********************
134712461-> data sent to printer:
134712461-> <2>VSolo se aceptaran devoluciones<3>
134712685-> data received from printer:
134712836-> <6>
134712837-> ********************** COMMAND BEGIN **********************
134712837-> data sent to printer:
134712837-> <2>Vpor defectos de fabrica, con la<3>
134713064-> data received from printer:
134713227-> <6>
134713227-> ********************** COMMAND BEGIN **********************
134713228-> data sent to printer:
134713228-> <2>Vpresentacion de esta factura (original),<3>
134713461-> data received from printer:
134713619-> <6>
134713620-> ********************** COMMAND BEGIN **********************
134713621-> data sent to printer:
134713621-> <2>Vdentro de los treinta (30) dias<3>
134713846-> data received from printer:
134714009-> <6>
134714010-> ********************** COMMAND BEGIN **********************
134714010-> data sent to printer:
134714010-> <2>Vsiguientes a la emision de la misma.<3>
134714242-> data received from printer:
134714400-> <6>
134714402-> ********************** COMMAND BEGIN **********************
134714402-> data sent to printer:
134714403-> <2>Y0<3>
134714452-> data received from printer:
134714732-> <2>SENIAT    J-316292649    1600*800*3100*2          Bs.0TIY1900001130520230825*300<3><6>
134714733-> ********************** COMMAND BEGIN **********************
134714734-> data sent to printer:
134714734-> <2>S<3>
134714741-> data received from printer:
134714898-> <21>
134714899-> ********************** COMMAND BEGIN **********************
134714899-> data sent to printer:
134714899-> <2>M<3>
134716220-> data received from printer:
134716370-> <6>
134716514-> OPEN PORT: COM1@9600
134716556-> ********************** COMMAND BEGIN **********************
134716556-> data sent to printer:
134716557-> <2>S<3>
134716915-> data received from printer:
134717068-> <6>
134717069-> ********************** COMMAND BEGIN **********************
134717069-> data sent to printer:
134717070-> <2>V----------------------------------------<3>
134717304-> data received from printer:
134717458-> <6>
134717459-> ********************** COMMAND BEGIN **********************
134717459-> data sent to printer:
134717460-> <2>V <3>
134717655-> data received from printer:
134717819-> <6>
134717819-> ********************** COMMAND BEGIN **********************
134717820-> data sent to printer:
134717820-> <2>VOs: 0069161<3>
134718071-> data received from printer:
134718225-> <6>
134718225-> ********************** COMMAND BEGIN **********************
134718226-> data sent to printer:
134718226-> <2>VCliente: V-21471405<3>
134718438-> data received from printer:
134718600-> <6>
134718600-> ********************** COMMAND BEGIN **********************
134718601-> data sent to printer:
134718601-> <2>VTelefono: 0424-126511<3>
134718818-> data received from printer:
134718976-> <6>
134718977-> ********************** COMMAND BEGIN **********************
134718977-> data sent to printer:
134718977-> <2>VBanco: MERCANTIL<3>
134719185-> data received from printer:
134719336-> <6>
134719336-> ********************** COMMAND BEGIN **********************
134719337-> data sent to printer:
134719337-> <2>VMonto:    11,70<3>
134719594-> data received from printer:
134719757-> <6>
134719758-> ********************** COMMAND BEGIN **********************
134719758-> data sent to printer:
134719758-> <2>V <3>
134719953-> data received from printer:
134720117-> <6>
134720117-> ********************** COMMAND BEGIN **********************
134720118-> data sent to printer:
134720118-> <2>V----------------------------------------<3>
134720387-> data received from printer:
134720538-> <6>
134720539-> ********************** COMMAND BEGIN **********************
134720539-> data sent to printer:
134720539-> <2>T<3>
134720944-> data received from printer:
134721109-> <6>
160026996-> OPEN PORT: COM1@9600
160027100-> ********************** COMMAND BEGIN **********************
160027101-> data sent to printer:
160027101-> <2>Q<3>
160027109-> data received from printer:
160027270-> <21>
160027270-> ********************** COMMAND BEGIN **********************
160027270-> data sent to printer:
160027271-> <2>M<3>
160027279-> data received from printer:
160027435-> <21>
160113903-> OPEN PORT: COM1@9600
160113946-> ********************** COMMAND BEGIN **********************
160113946-> data sent to printer:
160113947-> <2>Q<3>
160113955-> data received from printer:
160114117-> <21>
160114118-> ********************** COMMAND BEGIN **********************
160114118-> data sent to printer:
160114118-> <2>M<3>
160114126-> data received from printer:
160114283-> <21>
162515857-> OPEN PORT: COM1@9600
162515920-> ********************** COMMAND BEGIN **********************
162515921-> data sent to printer:
162515922-> <2>Q<3>
162515931-> data received from printer:
162516083-> <21>
162516084-> ********************** COMMAND BEGIN **********************
162516084-> data sent to printer:
162516085-> <2>M<3>
162516092-> data received from printer:
162516249-> <21>
162934120-> OPEN PORT: COM1@9600
162934162-> ********************** COMMAND BEGIN **********************
162934162-> data sent to printer:
162934163-> <2>Q<3>
162934170-> data received from printer:
162934336-> <21>
162934337-> ********************** COMMAND BEGIN **********************
162934338-> data sent to printer:
162934338-> <2>M<3>
162934346-> data received from printer:
162934502-> <21>
163907515-> OPEN PORT: COM1@9600
163907569-> ********************** COMMAND BEGIN **********************
163907570-> data sent to printer:
163907570-> <2>Q<3>
163907578-> data received from printer:
163907741-> <21>
163907742-> ********************** COMMAND BEGIN **********************
163907742-> data sent to printer:
163907743-> <2>M<3>
163907750-> data received from printer:
163907907-> <21>
170138309-> OPEN PORT: COM1@9600
170138351-> ********************** COMMAND BEGIN **********************
170138351-> data sent to printer:
170138351-> <2>Q<3>
170138359-> data received from printer:
170138520-> <21>
170138521-> ********************** COMMAND BEGIN **********************
170138522-> data sent to printer:
170138522-> <2>M<3>
170138530-> data received from printer:
170138686-> <21>
172840878-> OPEN PORT: COM1@9600
172840947-> ********************** COMMAND BEGIN **********************
172840947-> data sent to printer:
172840948-> <2>Q<3>
172840955-> data received from printer:
172841109-> <21>
172841110-> ********************** COMMAND BEGIN **********************
172841110-> data sent to printer:
172841110-> <2>M<3>
172841118-> data received from printer:
172841275-> <21>
172845011-> OPEN PORT: COM1@9600
172845051-> OPEN PORT: COM1@9600
172845053-> ********************** COMMAND BEGIN **********************
172845054-> data sent to printer:
172845054-> <2>L&1<3>
172848013-> data received from printer:
172848172-> <2>2534*2528<3><6>
172848173-> ********************** COMMAND BEGIN **********************
172848173-> data sent to printer:
172848174-> <2>VRazon Social: Hector Bottini<3>
172848392-> data received from printer:
172848547-> <6>
172848547-> ********************** COMMAND BEGIN **********************
172848548-> data sent to printer:
172848548-> <2>VCI/Rif: V-21471405<3>
172848757-> data received from printer:
172848922-> <6>
172848923-> ********************** COMMAND BEGIN **********************
172848923-> data sent to printer:
172848924-> <2>V----------------------------------------<3>
172849158-> data received from printer:
172849313-> <6>
172849324-> ********************** COMMAND BEGIN **********************
172849324-> data sent to printer:
172849325-> <2>VW000094 BIOMEDICS TORIC (Reemplazo Mensu<3>
172849555-> data received from printer:
172849718-> <6>
172849718-> ********************** COMMAND BEGIN **********************
172849719-> data sent to printer:
172849719-> <2>VW000094 BIOMEDICS TORIC (Reemplazo Mensu<3>
172849951-> data received from printer:
172850108-> <6>
172850109-> ********************** COMMAND BEGIN **********************
172850109-> data sent to printer:
172850110-> <2>N12,000xBs2033,25     00004066500<3>
172850386-> data received from printer:
172850544-> <6>
172850825-> ********************** COMMAND BEGIN **********************
172850826-> data sent to printer:
172850827-> <2>OT272053<0><0><0><0><0><0><215>=<3>
172851574-> data received from printer:
172851737-> <2>414812<3><6>
172851744-> ********************** COMMAND BEGIN **********************
172851745-> data sent to printer:
172851745-> <2>P115/06/2023 DEBITO   000000100000<3>
172852048-> data received from printer:
172852202-> <6>
172852202-> ********************** COMMAND BEGIN **********************
172852203-> data sent to printer:
172852203-> <2>P115/06/2023 EFECTIVO 000000002000<3>
172852471-> data received from printer:
172852623-> <6>
172852623-> ********************** COMMAND BEGIN **********************
172852624-> data sent to printer:
172852624-> <2>P115/06/2023 ISLR RETE000000039759<3>
172852894-> data received from printer:
172853058-> <6>
172853058-> ********************** COMMAND BEGIN **********************
172853059-> data sent to printer:
172853059-> <2>P1DIVISAS             000000272053<3>
172853325-> data received from printer:
172853478-> <6>
172853479-> ********************** COMMAND BEGIN **********************
172853479-> data sent to printer:
172853479-> <2>V<3>
172853672-> data received from printer:
172853823-> <6>
172853823-> ********************** COMMAND BEGIN **********************
172853824-> data sent to printer:
172853824-> <2>VNumero Orden: 0069162<3>
172854040-> data received from printer:
172854199-> <6>
172854199-> ********************** COMMAND BEGIN **********************
172854200-> data sent to printer:
172854200-> <2>V<3>
172854390-> data received from printer:
172854544-> <6>
172854585-> ********************** COMMAND BEGIN **********************
172854585-> data sent to printer:
172854585-> <2>V<161><161><161>GRACIAS POR SU COMPRA!!!<3>
172854807-> data received from printer:
172854964-> <6>
172854965-> ********************** COMMAND BEGIN **********************
172854965-> data sent to printer:
172854965-> <2>VSolo se aceptaran devoluciones<3>
172855191-> data received from printer:
172855356-> <6>
172855356-> ********************** COMMAND BEGIN **********************
172855357-> data sent to printer:
172855357-> <2>Vpor defectos de fabrica, con la<3>
172855580-> data received from printer:
172855732-> <6>
172855733-> ********************** COMMAND BEGIN **********************
172855733-> data sent to printer:
172855733-> <2>Vpresentacion de esta factura (original),<3>
172855967-> data received from printer:
172856123-> <6>
172856123-> ********************** COMMAND BEGIN **********************
172856124-> data sent to printer:
172856124-> <2>Vdentro de los treinta (30) dias<3>
172856351-> data received from printer:
172856515-> <6>
172856516-> ********************** COMMAND BEGIN **********************
172856516-> data sent to printer:
172856516-> <2>Vsiguientes a la emision de la misma.<3>
172856745-> data received from printer:
172856905-> <6>
172856907-> ********************** COMMAND BEGIN **********************
172856907-> data sent to printer:
172856908-> <2>Y0<3>
172856957-> data received from printer:
172857236-> <2>SENIAT    J-316292649    1600*800*3100*2          Bs.0TIY1900001130520231207*300<3><6>
172857237-> ********************** COMMAND BEGIN **********************
172857238-> data sent to printer:
172857238-> <2>S<3>
172857245-> data received from printer:
172857401-> <21>
172857402-> ********************** COMMAND BEGIN **********************
172857402-> data sent to printer:
172857402-> <2>M<3>
172858723-> data received from printer:
172858888-> <6>
172858947-> OPEN PORT: COM1@9600
172858987-> ********************** COMMAND BEGIN **********************
172858988-> data sent to printer:
172858988-> <2>S<3>
172859347-> data received from printer:
172859507-> <6>
172859508-> ********************** COMMAND BEGIN **********************
172859508-> data sent to printer:
172859508-> <2>V----------------------------------------<3>
172859745-> data received from printer:
172859898-> <6>
172859898-> ********************** COMMAND BEGIN **********************
172859899-> data sent to printer:
172859899-> <2>V <3>
172900091-> data received from printer:
172900243-> <6>
172900244-> ********************** COMMAND BEGIN **********************
172900244-> data sent to printer:
172900245-> <2>VOs: 0069162<3>
172900497-> data received from printer:
172900649-> <6>
172900650-> ********************** COMMAND BEGIN **********************
172900650-> data sent to printer:
172900650-> <2>VCliente: V-21471405<3>
172900898-> data received from printer:
172901054-> <6>
172901054-> ********************** COMMAND BEGIN **********************
172901055-> data sent to printer:
172901055-> <2>VTelefono: 0424-126511<3>
172901269-> data received from printer:
172901430-> <6>
172901430-> ********************** COMMAND BEGIN **********************
172901431-> data sent to printer:
172901431-> <2>VBanco: MERCANTIL<3>
172901642-> data received from printer:
172901805-> <6>
172901805-> ********************** COMMAND BEGIN **********************
172901806-> data sent to printer:
172901806-> <2>VMonto:    136,03<3>
172902062-> data received from printer:
172902226-> <6>
172902226-> ********************** COMMAND BEGIN **********************
172902227-> data sent to printer:
172902227-> <2>V <3>
172902420-> data received from printer:
172902572-> <6>
172902572-> ********************** COMMAND BEGIN **********************
172902573-> data sent to printer:
172902573-> <2>V----------------------------------------<3>
172902810-> data received from printer:
172902963-> <6>
172902964-> ********************** COMMAND BEGIN **********************
172902964-> data sent to printer:
172902964-> <2>T<3>
172903367-> data received from printer:
172903518-> <6>
