122805308-> OPEN PORT: COM1@9600
122805396-> ********************** COMMAND BEGIN **********************
122805397-> data sent to printer:
122805397-> <2>Q<3>
122805405-> data received from printer:
122805569-> <21>
122805570-> ********************** COMMAND BEGIN **********************
122805570-> data sent to printer:
122805571-> <2>M<3>
122805578-> data received from printer:
122805735-> <21>
132902603-> OPEN PORT: COM1@9600
132902645-> ********************** COMMAND BEGIN **********************
132902645-> data sent to printer:
132902645-> <2>Q<3>
132902653-> data received from printer:
132902809-> <21>
132902810-> ********************** COMMAND BEGIN **********************
132902810-> data sent to printer:
132902811-> <2>M<3>
132902818-> data received from printer:
132902975-> <21>
132904400-> OPEN PORT: COM1@9600
132904443-> OPEN PORT: COM1@9600
132904445-> ********************** COMMAND BEGIN **********************
132904446-> data sent to printer:
132904446-> <2>L&1<3>
132906118-> data received from printer:
132906272-> <2>2522*2515<3><6>
132906273-> ********************** COMMAND BEGIN **********************
132906273-> data sent to printer:
132906274-> <2>VRazon Social: Hector Bottini<3>
132906494-> data received from printer:
132906647-> <6>
132906648-> ********************** COMMAND BEGIN **********************
132906648-> data sent to printer:
132906648-> <2>VCI/Rif: V-21471405<3>
132906859-> data received from printer:
132907021-> <6>
132907023-> ********************** COMMAND BEGIN **********************
132907023-> data sent to printer:
132907023-> <2>V----------------------------------------<3>
132907254-> data received from printer:
132907411-> <6>
132907424-> ********************** COMMAND BEGIN **********************
132907425-> data sent to printer:
132907425-> <2>VW000094 BIOMEDICS TORIC (Reemplazo Mensu<3>
132907658-> data received from printer:
132907817-> <6>
132907818-> ********************** COMMAND BEGIN **********************
132907818-> data sent to printer:
132907818-> <2>VW000094 BIOMEDICS TORIC (Reemplazo Mensu<3>
132908053-> data received from printer:
132908208-> <6>
132908209-> ********************** COMMAND BEGIN **********************
132908209-> data sent to printer:
132908210-> <2>N12,000xBs2033,25     00004066500<3>
132908482-> data received from printer:
132908643-> <6>
132908933-> ********************** COMMAND BEGIN **********************
132908934-> data sent to printer:
132908934-> <2>OT244848<0><0><0><0><0><128><207><152><3>
132909718-> data received from printer:
132909880-> <2>413995<3><6>
132909888-> ********************** COMMAND BEGIN **********************
132909889-> data sent to printer:
132909889-> <2>P115/06/2023 EFECTIVO 000000167647<3>
132910156-> data received from printer:
132910315-> <6>
132910315-> ********************** COMMAND BEGIN **********************
132910316-> data sent to printer:
132910316-> <2>P115/06/2023 TRANSFERE000000001500<3>
132910587-> data received from printer:
132910752-> <6>
132910752-> ********************** COMMAND BEGIN **********************
132910753-> data sent to printer:
132910753-> <2>P1DIVISAS             000000244848<3>
132911020-> data received from printer:
132911172-> <6>
132911173-> ********************** COMMAND BEGIN **********************
132911173-> data sent to printer:
132911173-> <2>V<3>
132911366-> data received from printer:
132911517-> <6>
132911518-> ********************** COMMAND BEGIN **********************
132911518-> data sent to printer:
132911518-> <2>VNumero Orden: 0069154<3>
132911735-> data received from printer:
132911894-> <6>
132911894-> ********************** COMMAND BEGIN **********************
132911895-> data sent to printer:
132911895-> <2>V<3>
132912086-> data received from printer:
132912239-> <6>
132912265-> ********************** COMMAND BEGIN **********************
132912265-> data sent to printer:
132912266-> <2>V<161><161><161>GRACIAS POR SU COMPRA!!!<3>
132912486-> data received from printer:
132912644-> <6>
132912645-> ********************** COMMAND BEGIN **********************
132912645-> data sent to printer:
132912646-> <2>VSolo se aceptaran devoluciones<3>
132912872-> data received from printer:
132913035-> <6>
132913035-> ********************** COMMAND BEGIN **********************
132913036-> data sent to printer:
132913036-> <2>Vpor defectos de fabrica, con la<3>
132913294-> data received from printer:
132913455-> <6>
132913456-> ********************** COMMAND BEGIN **********************
132913456-> data sent to printer:
132913456-> <2>Vpresentacion de esta factura (original),<3>
132913692-> data received from printer:
132913845-> <6>
132913846-> ********************** COMMAND BEGIN **********************
132913846-> data sent to printer:
132913846-> <2>Vdentro de los treinta (30) dias<3>
132914069-> data received from printer:
132914221-> <6>
132914221-> ********************** COMMAND BEGIN **********************
132914222-> data sent to printer:
132914222-> <2>Vsiguientes a la emision de la misma.<3>
132914452-> data received from printer:
132914612-> <6>
132914614-> ********************** COMMAND BEGIN **********************
132914614-> data sent to printer:
132914614-> <2>Y0<3>
132914664-> data received from printer:
132914944-> <2>SENIAT    J-316292649    1600*800*3100*2          Bs.0TIY1900001030520230808*300<3><6>
132914946-> ********************** COMMAND BEGIN **********************
132914946-> data sent to printer:
132914946-> <2>S<3>
132914954-> data received from printer:
132915110-> <21>
132915111-> ********************** COMMAND BEGIN **********************
132915111-> data sent to printer:
132915112-> <2>M<3>
132916396-> data received from printer:
132916550-> <6>
132916619-> OPEN PORT: COM1@9600
132916659-> ********************** COMMAND BEGIN **********************
132916659-> data sent to printer:
132916659-> <2>S<3>
132917019-> data received from printer:
132917171-> <6>
132917171-> ********************** COMMAND BEGIN **********************
132917172-> data sent to printer:
132917172-> <2>V----------------------------------------<3>
132917442-> data received from printer:
132917607-> <6>
132917607-> ********************** COMMAND BEGIN **********************
132917608-> data sent to printer:
132917608-> <2>V <3>
132917802-> data received from printer:
132917968-> <6>
132917968-> ********************** COMMAND BEGIN **********************
132917969-> data sent to printer:
132917969-> <2>VOs: 0069154<3>
132918223-> data received from printer:
132918387-> <6>
132918388-> ********************** COMMAND BEGIN **********************
132918389-> data sent to printer:
132918389-> <2>VCliente: V-21471405<3>
132918599-> data received from printer:
132918762-> <6>
132918763-> ********************** COMMAND BEGIN **********************
132918763-> data sent to printer:
132918764-> <2>VTelefono: 0424-126511<3>
132918978-> data received from printer:
132919138-> <6>
132919139-> ********************** COMMAND BEGIN **********************
132919139-> data sent to printer:
132919139-> <2>VBanco: MERCANTIL<3>
132919351-> data received from printer:
132919513-> <6>
132919513-> ********************** COMMAND BEGIN **********************
132919514-> data sent to printer:
132919514-> <2>VMonto:    272,05<3>
132919770-> data received from printer:
132919933-> <6>
132919933-> ********************** COMMAND BEGIN **********************
132919934-> data sent to printer:
132919934-> <2>V <3>
132920128-> data received from printer:
132920293-> <6>
132920294-> ********************** COMMAND BEGIN **********************
132920294-> data sent to printer:
132920294-> <2>V----------------------------------------<3>
132920531-> data received from printer:
132920683-> <6>
132920684-> ********************** COMMAND BEGIN **********************
132920684-> data sent to printer:
132920685-> <2>T<3>
132921086-> data received from printer:
132921239-> <6>
