152939211-> OPEN PORT: COM1@9600
152939329-> ********************** COMMAND BEGIN **********************
152939330-> data sent to printer:
152939330-> <2>Q<3>
152939338-> data received from printer:
152939503-> <21>
152939504-> ********************** COMMAND BEGIN **********************
152939504-> data sent to printer:
152939505-> <2>M<3>
152939512-> data received from printer:
152939667-> <21>
152943738-> OPEN PORT: COM1@9600
152943779-> OPEN PORT: COM1@9600
152943803-> ********************** COMMAND BEGIN **********************
152943803-> data sent to printer:
152943804-> <2>L&1<3>
152945456-> data received from printer:
152945613-> <2>2567*2540<3><6>
152945614-> ********************** COMMAND BEGIN **********************
152945615-> data sent to printer:
152945615-> <2>VRazon Social: Anita Dutman<3>
152945831-> data received from printer:
152945988-> <6>
152945989-> ********************** COMMAND BEGIN **********************
152945989-> data sent to printer:
152945989-> <2>VCI/Rif: V-10336708<3>
152946199-> data received from printer:
152946349-> <6>
152946350-> ********************** COMMAND BEGIN **********************
152946351-> data sent to printer:
152946351-> <2>V----------------------------------------<3>
152946586-> data received from printer:
152946740-> <6>
152946743-> ********************** COMMAND BEGIN **********************
152946743-> data sent to printer:
152946743-> <2>VM162072 CMSLCDES400954O<3>
152946956-> data received from printer:
152947115-> <6>
152947116-> ********************** COMMAND BEGIN **********************
152947116-> data sent to printer:
152947117-> <2>N11,000xBs526,35      00000526351<3>
152947397-> data received from printer:
152947550-> <6>
152947842-> ********************** COMMAND BEGIN **********************
152947844-> data sent to printer:
152947846-> <2>OT61057<0><0><0><0><0><0><0>tb<3>
152948992-> data received from printer:
152949149-> <2>62889<3><6>
152949187-> ********************** COMMAND BEGIN **********************
152949188-> data sent to printer:
152949188-> <2>P1DIVISAS             000000061057<3>
152949458-> data received from printer:
152949615-> <6>
152949616-> ********************** COMMAND BEGIN **********************
152949616-> data sent to printer:
152949617-> <2>V<3>
152949807-> data received from printer:
152949960-> <6>
152949961-> ********************** COMMAND BEGIN **********************
152949961-> data sent to printer:
152949962-> <2>VNumero Orden: 0069581<3>
152950175-> data received from printer:
152950335-> <6>
152950336-> ********************** COMMAND BEGIN **********************
152950337-> data sent to printer:
152950337-> <2>V<3>
152950532-> data received from printer:
152950696-> <6>
152950729-> ********************** COMMAND BEGIN **********************
152950730-> data sent to printer:
152950730-> <2>V<161><161><161>GRACIAS POR SU COMPRA!!!<3>
152950948-> data received from printer:
152951103-> <6>
152951104-> ********************** COMMAND BEGIN **********************
152951104-> data sent to printer:
152951104-> <2>VSolo se aceptaran devoluciones<3>
152951328-> data received from printer:
152951493-> <6>
152951494-> ********************** COMMAND BEGIN **********************
152951494-> data sent to printer:
152951495-> <2>Vpor defectos de fabrica, con la<3>
152951722-> data received from printer:
152951883-> <6>
152951884-> ********************** COMMAND BEGIN **********************
152951884-> data sent to printer:
152951884-> <2>Vpresentacion de esta factura (original),<3>
152952117-> data received from printer:
152952273-> <6>
152952274-> ********************** COMMAND BEGIN **********************
152952274-> data sent to printer:
152952275-> <2>Vdentro de los treinta (30) dias<3>
152952500-> data received from printer:
152952663-> <6>
152952664-> ********************** COMMAND BEGIN **********************
152952665-> data sent to printer:
152952665-> <2>Vsiguientes a la emision de la misma.<3>
152952897-> data received from printer:
152953054-> <6>
152953056-> ********************** COMMAND BEGIN **********************
152953056-> data sent to printer:
152953056-> <2>Y0<3>
152953106-> data received from printer:
152953385-> <2>SENIAT    J-316292649    1600*800*3100*2          Bs.0TIY1900001200720230516*300<3><6>
152953386-> ********************** COMMAND BEGIN **********************
152953387-> data sent to printer:
152953387-> <2>S<3>
152953395-> data received from printer:
152953550-> <21>
152953551-> ********************** COMMAND BEGIN **********************
152953551-> data sent to printer:
152953551-> <2>M<3>
152954873-> data received from printer:
152955035-> <6>
