101721019-> OPEN PORT: COM1@9600
101721227-> ********************** COMMAND BEGIN **********************
101721227-> data sent to printer:
101721227-> <2>Q<3>
101727284-> No reponse from printer
101727285-> ********************** COMMAND BEGIN **********************
101727285-> data sent to printer:
101727286-> <2>M<3>
101812337-> No reponse from printer
101833216-> OPEN PORT: COM1@9600
101833256-> OPEN PORT: COM1@9600
101833338-> ********************** COMMAND BEGIN **********************
101833338-> data sent to printer:
101833339-> <2>L&1<3>
101839401-> No reponse from printer
101839402-> ********************** COMMAND BEGIN **********************
101839402-> data sent to printer:
101839403-> <2>VRazon Social: MARIA VIEIRA<3>
101843466-> No reponse from printer
101955160-> OPEN PORT: COM1@9600
101955161-> ********************** COMMAND BEGIN **********************
101955162-> data sent to printer:
101955162-> <2>Q<3>
102001214-> No reponse from printer
102001215-> ********************** COMMAND BEGIN **********************
102001215-> data sent to printer:
102001216-> <2>M<3>
102046270-> No reponse from printer
102218423-> OPEN PORT: COM1@9600
102218462-> ********************** COMMAND BEGIN **********************
102218462-> data sent to printer:
102218463-> <2>Q<3>
102224520-> No reponse from printer
102224521-> ********************** COMMAND BEGIN **********************
102224521-> data sent to printer:
102224521-> <2>M<3>
102309581-> No reponse from printer
102414395-> OPEN PORT: COM1@9600
102414434-> OPEN PORT: COM1@9600
102414434-> ********************** COMMAND BEGIN **********************
102414435-> data sent to printer:
102414435-> <2>L&1<3>
102420488-> No reponse from printer
102420489-> ********************** COMMAND BEGIN **********************
102420489-> data sent to printer:
102420490-> <2>VRazon Social: MARIA VIEIRA<3>
102424554-> No reponse from printer
102517269-> OPEN PORT: COM1@9600
102517270-> ********************** COMMAND BEGIN **********************
102517270-> data sent to printer:
102517270-> <2>Q<3>
102523327-> No reponse from printer
102523328-> ********************** COMMAND BEGIN **********************
102523328-> data sent to printer:
102523329-> <2>M<3>
102608388-> No reponse from printer
103021859-> OPEN PORT: COM1@9600
103021898-> ********************** COMMAND BEGIN **********************
103021899-> data sent to printer:
103021899-> <2>Q<3>
103027961-> No reponse from printer
103027962-> ********************** COMMAND BEGIN **********************
103027962-> data sent to printer:
103027962-> <2>M<3>
103113020-> No reponse from printer
103123199-> OPEN PORT: COM1@9600
103123239-> OPEN PORT: COM1@9600
103123240-> ********************** COMMAND BEGIN **********************
103123241-> data sent to printer:
103123241-> <2>L&1<3>
103129298-> No reponse from printer
103129299-> ********************** COMMAND BEGIN **********************
103129299-> data sent to printer:
103129300-> <2>VRazon Social: MARIA VIEIRA<3>
103133364-> No reponse from printer
103228818-> OPEN PORT: COM1@9600
103228819-> ********************** COMMAND BEGIN **********************
103228819-> data sent to printer:
103228820-> <2>Q<3>
103234880-> No reponse from printer
103234880-> ********************** COMMAND BEGIN **********************
103234881-> data sent to printer:
103234881-> <2>M<3>
103319939-> No reponse from printer
103848177-> OPEN PORT: COM1@9600
103848217-> ********************** COMMAND BEGIN **********************
103848218-> data sent to printer:
103848218-> <2>Q<3>
103854275-> No reponse from printer
103854276-> ********************** COMMAND BEGIN **********************
103854276-> data sent to printer:
103854277-> <2>M<3>
103939334-> No reponse from printer
103951701-> OPEN PORT: COM1@9600
103951740-> OPEN PORT: COM1@9600
103951741-> ********************** COMMAND BEGIN **********************
103951742-> data sent to printer:
103951742-> <2>L&1<3>
103957793-> No reponse from printer
103957794-> ********************** COMMAND BEGIN **********************
103957794-> data sent to printer:
103957794-> <2>VRazon Social: MARIA VIEIRA<3>
104001857-> No reponse from printer
104021213-> OPEN PORT: COM1@9600
104021214-> ********************** COMMAND BEGIN **********************
104021215-> data sent to printer:
104021215-> <2>Q<3>
104027278-> No reponse from printer
104027279-> ********************** COMMAND BEGIN **********************
104027279-> data sent to printer:
104027280-> <2>M<3>
104112355-> No reponse from printer
104136092-> OPEN PORT: COM1@9600
104136132-> ********************** COMMAND BEGIN **********************
104136132-> data sent to printer:
104136133-> <2>Q<3>
104142194-> No reponse from printer
104142196-> ********************** COMMAND BEGIN **********************
104142197-> data sent to printer:
104142198-> <2>M<3>
104227256-> No reponse from printer
104240245-> OPEN PORT: COM1@9600
104243033-> OPEN PORT: COM1@9600
104244495-> ********************** COMMAND BEGIN **********************
104244495-> data sent to printer:
104244496-> <2>L&1<3>
104250562-> No reponse from printer
104250563-> ********************** COMMAND BEGIN **********************
104250563-> data sent to printer:
104250563-> <2>VRazon Social: MARIA VIEIRA<3>
104254629-> No reponse from printer
104450343-> ********************** COMMAND BEGIN **********************
104450343-> data sent to printer:
104450344-> <2>VC000324 VISION SENCILLA TALLADO <3>
104453408-> No reponse from printer
104502479-> ********************** COMMAND BEGIN **********************
104502480-> data sent to printer:
104502480-> <2>VM162659 JPCCCDES1200652M<3>
104505543-> No reponse from printer
104532965-> ********************** COMMAND BEGIN **********************
104532966-> data sent to printer:
104532967-> <2>Q<3>
104539028-> No reponse from printer
104539754-> ********************** COMMAND BEGIN **********************
104539756-> data sent to printer:
104539759-> <2>M<3>
105241007-> OPEN PORT: COM1@9600
105241396-> ********************** COMMAND BEGIN **********************
105241396-> data sent to printer:
105241396-> <2>Q<3>
105247452-> No reponse from printer
105247453-> ********************** COMMAND BEGIN **********************
105247453-> data sent to printer:
105247454-> <2>M<3>
105332506-> No reponse from printer
105353840-> OPEN PORT: COM1@9600
105353880-> OPEN PORT: COM1@9600
105528193-> ********************** COMMAND BEGIN **********************
105528196-> data sent to printer:
105528198-> <2>L&1<3>
105534252-> No reponse from printer
105534252-> ********************** COMMAND BEGIN **********************
105534253-> data sent to printer:
105534253-> <2>VRazon Social: MARIA VIEIRA<3>
105538316-> No reponse from printer
105551705-> ********************** COMMAND BEGIN **********************
105551705-> data sent to printer:
105551706-> <2>Q<3>
105557762-> No reponse from printer
105559951-> ********************** COMMAND BEGIN **********************
105559951-> data sent to printer:
105559952-> <2>M<3>
105645006-> No reponse from printer
110326604-> OPEN PORT: COM1@9600
110326644-> ********************** COMMAND BEGIN **********************
110326644-> data sent to printer:
110326645-> <2>Q<3>
110332699-> No reponse from printer
110332700-> ********************** COMMAND BEGIN **********************
110332700-> data sent to printer:
110332700-> <2>M<3>
110417760-> No reponse from printer
110609357-> OPEN PORT: COM1@9600
110609397-> OPEN PORT: COM1@9600
110612305-> ********************** COMMAND BEGIN **********************
110612306-> data sent to printer:
110612308-> <2>L&1<3>
110618372-> No reponse from printer
110618372-> ********************** COMMAND BEGIN **********************
110618373-> data sent to printer:
110618373-> <2>VRazon Social: MARIA VIEIRA<3>
110622437-> No reponse from printer
110716790-> ********************** COMMAND BEGIN **********************
110716791-> data sent to printer:
110716791-> <2>Q<3>
110722853-> No reponse from printer
110722866-> ********************** COMMAND BEGIN **********************
110722866-> data sent to printer:
110722866-> <2>M<3>
110807923-> No reponse from printer
111738424-> OPEN PORT: COM1@9600
111738473-> ********************** COMMAND BEGIN **********************
111738474-> data sent to printer:
111738474-> <2>Q<3>
111744532-> No reponse from printer
111744532-> ********************** COMMAND BEGIN **********************
111744533-> data sent to printer:
111744533-> <2>M<3>
111829588-> No reponse from printer
111833535-> OPEN PORT: COM1@9600
111833575-> OPEN PORT: COM1@9600
111835411-> ********************** COMMAND BEGIN **********************
111835411-> data sent to printer:
111835412-> <2>L&1<3>
111841468-> No reponse from printer
111841469-> ********************** COMMAND BEGIN **********************
111841469-> data sent to printer:
111841470-> <2>VRazon Social: SARAH BRANDO<3>
111845534-> No reponse from printer
111912641-> ********************** COMMAND BEGIN **********************
111912642-> data sent to printer:
111912644-> <2>Q<3>
111918705-> No reponse from printer
111922260-> ********************** COMMAND BEGIN **********************
111922261-> data sent to printer:
111922261-> <2>M<3>
112007314-> No reponse from printer
112853306-> OPEN PORT: COM1@9600
112853458-> ********************** COMMAND BEGIN **********************
112853459-> data sent to printer:
112853459-> <2>Q<3>
112859518-> No reponse from printer
112859519-> ********************** COMMAND BEGIN **********************
112859567-> data sent to printer:
112859568-> <2>M<3>
112944620-> No reponse from printer
112956054-> OPEN PORT: COM1@9600
112956094-> OPEN PORT: COM1@9600
113005784-> ********************** COMMAND BEGIN **********************
113005785-> data sent to printer:
113005786-> <2>L&1<3>
113011887-> No reponse from printer
113011887-> ********************** COMMAND BEGIN **********************
113012223-> data sent to printer:
113012223-> <2>VRazon Social: SARAH BRANDO<3>
113016277-> No reponse from printer
113219490-> ********************** COMMAND BEGIN **********************
113219490-> data sent to printer:
113219491-> <2>Q<3>
113225601-> No reponse from printer
113225602-> ********************** COMMAND BEGIN **********************
113225603-> data sent to printer:
113225603-> <2>M<3>
113310665-> No reponse from printer
121419816-> OPEN PORT: COM1@9600
121419929-> ********************** COMMAND BEGIN **********************
121419930-> data sent to printer:
121419930-> <2>Q<3>
121419938-> data received from printer:
121420098-> <21>
121420099-> ********************** COMMAND BEGIN **********************
121420099-> data sent to printer:
121420100-> <2>M<3>
121420107-> data received from printer:
121420263-> <21>
121432889-> OPEN PORT: COM1@9600
121432929-> ********************** COMMAND BEGIN **********************
121432929-> data sent to printer:
121432930-> <2>Q<3>
121432938-> data received from printer:
121433096-> <21>
121433097-> ********************** COMMAND BEGIN **********************
121433097-> data sent to printer:
121433098-> <2>M<3>
121433105-> data received from printer:
121433262-> <21>
121435836-> OPEN PORT: COM1@9600
121435876-> OPEN PORT: COM1@9600
121446963-> ********************** COMMAND BEGIN **********************
121446964-> data sent to printer:
121446964-> <2>L&1<3>
121448632-> data received from printer:
121448791-> <2>2712*2710<3><6>
121448826-> ********************** COMMAND BEGIN **********************
121448827-> data sent to printer:
121448827-> <2>VRazon Social: SARAH BRANDO<3>
121449047-> data received from printer:
121449198-> <6>
121449198-> ********************** COMMAND BEGIN **********************
121449199-> data sent to printer:
121449199-> <2>VCI/Rif: V18122015<3>
121449406-> data received from printer:
121449558-> <6>
121449574-> ********************** COMMAND BEGIN **********************
121449575-> data sent to printer:
121449575-> <2>V----------------------------------------<3>
121449808-> data received from printer:
121449965-> <6>
121454351-> ********************** COMMAND BEGIN **********************
121454352-> data sent to printer:
121454352-> <2>VC000001 VISION SENCILLA TERMINADO <3>
121454580-> data received from printer:
121454737-> <6>
121454743-> ********************** COMMAND BEGIN **********************
121454743-> data sent to printer:
121454744-> <2>N12,000xBs376,50      00000753000<3>
121455016-> data received from printer:
121455172-> <6>
121455173-> ********************** COMMAND BEGIN **********************
121455173-> data sent to printer:
121455174-> <2>VM153152 UPCCCDES8088852VI<3>
121455393-> data received from printer:
121455548-> <6>
121455549-> ********************** COMMAND BEGIN **********************
121455549-> data sent to printer:
121455550-> <2>N11,000xBs301,20      00000301201<3>
121455832-> data received from printer:
121455984-> <6>
121456032-> ********************** COMMAND BEGIN **********************
121456033-> data sent to printer:
121456033-> <2>O1<3>
121457161-> data received from printer:
121457320-> <2>110239<3><6>
121457371-> ********************** COMMAND BEGIN **********************
121457371-> data sent to printer:
121457372-> <2>P111/10/2024 EFECTIVO 000000110239<3>
121457639-> data received from printer:
121457799-> <6>
121457800-> ********************** COMMAND BEGIN **********************
121457800-> data sent to printer:
121457801-> <2>V<3>
121457993-> data received from printer:
121458145-> <6>
121458146-> ********************** COMMAND BEGIN **********************
121458146-> data sent to printer:
121458147-> <2>VNumero Orden: 0001570<3>
121458363-> data received from printer:
121458520-> <6>
121458521-> ********************** COMMAND BEGIN **********************
121458521-> data sent to printer:
121458522-> <2>V<3>
121458712-> data received from printer:
121458866-> <6>
121458890-> ********************** COMMAND BEGIN **********************
121458890-> data sent to printer:
121458891-> <2>V<161><161><161>GRACIAS POR SU COMPRA!!!<3>
121459111-> data received from printer:
121459272-> <6>
121459273-> ********************** COMMAND BEGIN **********************
121459273-> data sent to printer:
121459274-> <2>VSolo se aceptaran devoluciones<3>
121459499-> data received from printer:
121459663-> <6>
121459664-> ********************** COMMAND BEGIN **********************
121459665-> data sent to printer:
121459665-> <2>Vpor defectos de fabrica, con la<3>
121459924-> data received from printer:
121500083-> <6>
121500085-> ********************** COMMAND BEGIN **********************
121500085-> data sent to printer:
121500086-> <2>Vpresentacion de esta factura (original),<3>
121500322-> data received from printer:
121500473-> <6>
121500474-> ********************** COMMAND BEGIN **********************
121500475-> data sent to printer:
121500475-> <2>Vdentro de los treinta (30) dias<3>
121500698-> data received from printer:
121500863-> <6>
121500864-> ********************** COMMAND BEGIN **********************
121500864-> data sent to printer:
121500864-> <2>Vsiguientes a la emision de la misma.<3>
121501095-> data received from printer:
121501253-> <6>
121501255-> ********************** COMMAND BEGIN **********************
121501256-> data sent to printer:
121501256-> <2>Y0<3>
121501306-> data received from printer:
121501583-> <2>SENIAT    J-316292649    1600*800*3100*2          Bs.0TIY1900001160520240154*300<3><6>
121501591-> ********************** COMMAND BEGIN **********************
121501591-> data sent to printer:
121501592-> <2>S<3>
121501599-> data received from printer:
121501750-> <21>
121501751-> ********************** COMMAND BEGIN **********************
121501752-> data sent to printer:
121501752-> <2>M<3>
121503667-> data received from printer:
121503820-> <6>
121552209-> OPEN PORT: COM1@9600
121552249-> ********************** COMMAND BEGIN **********************
121552249-> data sent to printer:
121552250-> <2>Q<3>
121552257-> data received from printer:
121552409-> <21>
121552410-> ********************** COMMAND BEGIN **********************
121552410-> data sent to printer:
121552411-> <2>M<3>
121552418-> data received from printer:
121552574-> <21>
121558655-> OPEN PORT: COM1@9600
121558695-> OPEN PORT: COM1@9600
121600497-> ********************** COMMAND BEGIN **********************
121600499-> data sent to printer:
121600500-> <2>L&1<3>
121602169-> data received from printer:
121602321-> <2>2713*2710<3><6>
121602321-> ********************** COMMAND BEGIN **********************
121602322-> data sent to printer:
121602322-> <2>VRazon Social: MARIA VIEIRA<3>
121602540-> data received from printer:
121602696-> <6>
121602697-> ********************** COMMAND BEGIN **********************
121602697-> data sent to printer:
121602698-> <2>VCI/Rif: V10507130<3>
121602908-> data received from printer:
121603071-> <6>
121603072-> ********************** COMMAND BEGIN **********************
121603073-> data sent to printer:
121603073-> <2>V----------------------------------------<3>
121603339-> data received from printer:
121603491-> <6>
121610527-> ********************** COMMAND BEGIN **********************
121610527-> data sent to printer:
121610528-> <2>VC000324 VISION SENCILLA TALLADO <3>
121610753-> data received from printer:
121610907-> <6>
121610908-> ********************** COMMAND BEGIN **********************
121610908-> data sent to printer:
121610909-> <2>N12,000xBs790,65      00001581300<3>
121611181-> data received from printer:
121611342-> <6>
121632113-> ********************** COMMAND BEGIN **********************
121632113-> data sent to printer:
121632114-> <2>VM162659 JPCCCDES1200652M<3>
121632331-> data received from printer:
121632486-> <6>
121632487-> ********************** COMMAND BEGIN **********************
121632487-> data sent to printer:
121632489-> <2>N11,000xBs301,20      00000301201<3>
121632771-> data received from printer:
121632936-> <6>
122043554-> ********************** COMMAND BEGIN **********************
122043555-> data sent to printer:
122043555-> <2>Q<3>
122043962-> data received from printer:
122044119-> <6>
122044120-> ********************** COMMAND BEGIN **********************
122044120-> data sent to printer:
122044121-> <2>M<3>
122044129-> data received from printer:
122044284-> <21>
122423924-> OPEN PORT: COM1@9600
122423965-> ********************** COMMAND BEGIN **********************
122423965-> data sent to printer:
122423966-> <2>Q<3>
122423973-> data received from printer:
122424126-> <21>
122424127-> ********************** COMMAND BEGIN **********************
122424127-> data sent to printer:
122424128-> <2>M<3>
122424136-> data received from printer:
122424291-> <21>
122503778-> OPEN PORT: COM1@9600
122503817-> OPEN PORT: COM1@9600
122507614-> ********************** COMMAND BEGIN **********************
122507614-> data sent to printer:
122507615-> <2>L&1<3>
122509284-> data received from printer:
122509435-> <2>2714*2713<3><6>
122509436-> ********************** COMMAND BEGIN **********************
122509436-> data sent to printer:
122509437-> <2>VRazon Social: MARIA VIEIRA<3>
122509655-> data received from printer:
122509811-> <6>
122509812-> ********************** COMMAND BEGIN **********************
122509813-> data sent to printer:
122509813-> <2>VCI/Rif: V10507130<3>
122510024-> data received from printer:
122510186-> <6>
122510187-> ********************** COMMAND BEGIN **********************
122510187-> data sent to printer:
122510188-> <2>V----------------------------------------<3>
122510419-> data received from printer:
122510576-> <6>
122518548-> ********************** COMMAND BEGIN **********************
122518549-> data sent to printer:
122518549-> <2>VC000324 VISION SENCILLA TALLADO <3>
122518773-> data received from printer:
122518938-> <6>
122518938-> ********************** COMMAND BEGIN **********************
122518939-> data sent to printer:
122518939-> <2>N12,000xBs790,65      00001581300<3>
122519215-> data received from printer:
122519374-> <6>
122525401-> ********************** COMMAND BEGIN **********************
122525401-> data sent to printer:
122525402-> <2>VM162659 JPCCCDES1200652M<3>
122525618-> data received from printer:
122525774-> <6>
122525775-> ********************** COMMAND BEGIN **********************
122525775-> data sent to printer:
122525776-> <2>N11,000xBs301,20      00000301201<3>
122526056-> data received from printer:
122526210-> <6>
122923273-> ********************** COMMAND BEGIN **********************
122923274-> data sent to printer:
122923274-> <2>Q<3>
122923666-> data received from printer:
122923832-> <6>
122923833-> ********************** COMMAND BEGIN **********************
122923833-> data sent to printer:
122923834-> <2>M<3>
122923841-> data received from printer:
122923996-> <21>
123040817-> OPEN PORT: COM1@9600
123040858-> ********************** COMMAND BEGIN **********************
123040858-> data sent to printer:
123040858-> <2>Q<3>
123040866-> data received from printer:
123041032-> <21>
123041033-> ********************** COMMAND BEGIN **********************
123041033-> data sent to printer:
123041034-> <2>M<3>
123041041-> data received from printer:
123041198-> <21>
123043599-> OPEN PORT: COM1@9600
123043639-> OPEN PORT: COM1@9600
123044214-> ********************** COMMAND BEGIN **********************
123044215-> data sent to printer:
123044216-> <2>L&1<3>
123045885-> data received from printer:
123046045-> <2>2715*2714<3><6>
123046046-> ********************** COMMAND BEGIN **********************
123046046-> data sent to printer:
123046047-> <2>VRazon Social: MARIA VIEIRA<3>
123046263-> data received from printer:
123046420-> <6>
123046421-> ********************** COMMAND BEGIN **********************
123046421-> data sent to printer:
123046422-> <2>VCI/Rif: V10507130<3>
123046668-> data received from printer:
123046825-> <6>
123046826-> ********************** COMMAND BEGIN **********************
123046827-> data sent to printer:
123046827-> <2>V----------------------------------------<3>
123047058-> data received from printer:
123047215-> <6>
123047217-> ********************** COMMAND BEGIN **********************
123047218-> data sent to printer:
123047218-> <2>VC000324 VISION SENCILLA TALLADO <3>
123047442-> data received from printer:
123047605-> <6>
123047606-> ********************** COMMAND BEGIN **********************
123047606-> data sent to printer:
123047607-> <2>N12,000xBs790,65      00001581300<3>
123047883-> data received from printer:
123048040-> <6>
123048041-> ********************** COMMAND BEGIN **********************
123048041-> data sent to printer:
123048042-> <2>VM162659 JPCCCDES1200652M<3>
123048258-> data received from printer:
123048417-> <6>
123048418-> ********************** COMMAND BEGIN **********************
123048418-> data sent to printer:
123048418-> <2>N11,000xBs301,20      00000301201<3>
123048699-> data received from printer:
123048853-> <6>
123048885-> ********************** COMMAND BEGIN **********************
123048885-> data sent to printer:
123048886-> <2>OT188266<0><0><0><0><0><128>[:<3>
123050772-> data received from printer:
123050925-> <2>198717<3><6>
123050937-> ********************** COMMAND BEGIN **********************
123050937-> data sent to printer:
123050937-> <2>P111/10/2024 DEBITO   000000010467<3>
123051208-> data received from printer:
123051361-> <6>
123051362-> ********************** COMMAND BEGIN **********************
123051362-> data sent to printer:
123051363-> <2>P1DIVISAS             000000188250<3>
123051629-> data received from printer:
123051783-> <6>
123051783-> ********************** COMMAND BEGIN **********************
123051783-> data sent to printer:
123051784-> <2>V<3>
123051975-> data received from printer:
123052127-> <6>
123052128-> ********************** COMMAND BEGIN **********************
123052128-> data sent to printer:
123052129-> <2>VNumero Orden: 0001567<3>
123052345-> data received from printer:
123052503-> <6>
123052504-> ********************** COMMAND BEGIN **********************
123052505-> data sent to printer:
123052505-> <2>V<3>
123052696-> data received from printer:
123052849-> <6>
123052883-> ********************** COMMAND BEGIN **********************
123052884-> data sent to printer:
123052884-> <2>V<161><161><161>GRACIAS POR SU COMPRA!!!<3>
123053105-> data received from printer:
123053256-> <6>
123053257-> ********************** COMMAND BEGIN **********************
123053257-> data sent to printer:
123053258-> <2>VSolo se aceptaran devoluciones<3>
123053484-> data received from printer:
123053646-> <6>
123053647-> ********************** COMMAND BEGIN **********************
123053647-> data sent to printer:
123053648-> <2>Vpor defectos de fabrica, con la<3>
123053871-> data received from printer:
123054036-> <6>
123054037-> ********************** COMMAND BEGIN **********************
123054037-> data sent to printer:
123054038-> <2>Vpresentacion de esta factura (original),<3>
123054273-> data received from printer:
123054426-> <6>
123054427-> ********************** COMMAND BEGIN **********************
123054427-> data sent to printer:
123054428-> <2>Vdentro de los treinta (30) dias<3>
123054654-> data received from printer:
123054818-> <6>
123054819-> ********************** COMMAND BEGIN **********************
123054820-> data sent to printer:
123054820-> <2>Vsiguientes a la emision de la misma.<3>
123055083-> data received from printer:
123055238-> <6>
123055240-> ********************** COMMAND BEGIN **********************
123055241-> data sent to printer:
123055241-> <2>Y0<3>
123055291-> data received from printer:
123055568-> <2>SENIAT    J-316292649    1600*800*3100*2          Bs.0TIY1900001160520240210*300<3><6>
123055569-> ********************** COMMAND BEGIN **********************
123055569-> data sent to printer:
123055570-> <2>S<3>
123055577-> data received from printer:
123055734-> <21>
123055735-> ********************** COMMAND BEGIN **********************
123055735-> data sent to printer:
123055736-> <2>M<3>
123057047-> data received from printer:
123057205-> <6>
123058640-> OPEN PORT: COM1@9600
123058680-> ********************** COMMAND BEGIN **********************
123058680-> data sent to printer:
123058681-> <2>S<3>
123059041-> data received from printer:
123059192-> <6>
123059193-> ********************** COMMAND BEGIN **********************
123059193-> data sent to printer:
123059193-> <2>V----------------------------------------<3>
123059429-> data received from printer:
123059582-> <6>
123059583-> ********************** COMMAND BEGIN **********************
123059583-> data sent to printer:
123059584-> <2>V <3>
123059775-> data received from printer:
123059928-> <6>
123059929-> ********************** COMMAND BEGIN **********************
123059929-> data sent to printer:
123059930-> <2>VOs: 0001567<3>
123100182-> data received from printer:
123100334-> <6>
123100335-> ********************** COMMAND BEGIN **********************
123100336-> data sent to printer:
123100336-> <2>VFactura:  0002715<3>
123100582-> data received from printer:
123100740-> <6>
123100741-> ********************** COMMAND BEGIN **********************
123100741-> data sent to printer:
123100742-> <2>VCorrelativo: 0000001<3>
123100955-> data received from printer:
123101116-> <6>
123101117-> ********************** COMMAND BEGIN **********************
123101117-> data sent to printer:
123101118-> <2>VNombre de la sucursal: 151-GAMA LA TRINIDAD<3>
123101356-> data received from printer:
123101522-> <6>
123101523-> ********************** COMMAND BEGIN **********************
123101523-> data sent to printer:
123101524-> <2>VCliente: V-10507130<3>
123101781-> data received from printer:
123101942-> <6>
123101943-> ********************** COMMAND BEGIN **********************
123101943-> data sent to printer:
123101944-> <2>VTelefono: 0424-1265113 <3>
123102161-> data received from printer:
123102318-> <6>
123102318-> ********************** COMMAND BEGIN **********************
123102319-> data sent to printer:
123102319-> <2>VBanco: MERCANTIL<3>
123102530-> data received from printer:
123102693-> <6>
123102694-> ********************** COMMAND BEGIN **********************
123102694-> data sent to printer:
123102695-> <2>VMonto:    150,6<3>
123102901-> data received from printer:
123103053-> <6>
123103054-> ********************** COMMAND BEGIN **********************
123103054-> data sent to printer:
123103055-> <2>V <3>
123103296-> data received from printer:
123103458-> <6>
123103459-> ********************** COMMAND BEGIN **********************
123103460-> data sent to printer:
123103460-> <2>V----------------------------------------<3>
123103697-> data received from printer:
123103848-> <6>
123103849-> ********************** COMMAND BEGIN **********************
123103849-> data sent to printer:
123103850-> <2>T<3>
123104203-> data received from printer:
123104358-> <6>
123131185-> OPEN PORT: COM1@9600
123131225-> ********************** COMMAND BEGIN **********************
123131226-> data sent to printer:
123131226-> <2>Q<3>
123131234-> data received from printer:
123131385-> <21>
123131386-> ********************** COMMAND BEGIN **********************
123131386-> data sent to printer:
123131387-> <2>M<3>
123131394-> data received from printer:
123131551-> <21>
123414601-> OPEN PORT: COM1@9600
123414670-> OPEN PORT: COM1@9600
123417746-> ********************** COMMAND BEGIN **********************
123417746-> data sent to printer:
123417747-> <2>L&1<3>
123419418-> data received from printer:
123419580-> <2>2716*2714<3><6>
123419581-> ********************** COMMAND BEGIN **********************
123419581-> data sent to printer:
123419582-> <2>VRazon Social: MARIA VIEIRA<3>
123419801-> data received from printer:
123419955-> <6>
123419956-> ********************** COMMAND BEGIN **********************
123419956-> data sent to printer:
123419956-> <2>VCI/Rif: V-10507130<3>
123420164-> data received from printer:
123420330-> <6>
123420331-> ********************** COMMAND BEGIN **********************
123420332-> data sent to printer:
123420332-> <2>V----------------------------------------<3>
123420565-> data received from printer:
123420720-> <6>
123424645-> ********************** COMMAND BEGIN **********************
123424645-> data sent to printer:
123424646-> <2>VC000324 VISION SENCILLA TALLADO <3>
123424905-> data received from printer:
123425066-> <6>
123425068-> ********************** COMMAND BEGIN **********************
123425069-> data sent to printer:
123425069-> <2>N12,000xBs790,65      00001581300<3>
123425344-> data received from printer:
123425501-> <6>
123425503-> ********************** COMMAND BEGIN **********************
123425503-> data sent to printer:
123425504-> <2>VM162659 JPCCCDES1200652M<3>
123425723-> data received from printer:
123425876-> <6>
123425877-> ********************** COMMAND BEGIN **********************
123425877-> data sent to printer:
123425877-> <2>N11,000xBs301,20      00000301201<3>
123426156-> data received from printer:
123426312-> <6>
123426344-> ********************** COMMAND BEGIN **********************
123426344-> data sent to printer:
123426345-> <2>O1<3>
123428070-> data received from printer:
123428235-> <2>193069<3><6>
123428240-> ********************** COMMAND BEGIN **********************
123428240-> data sent to printer:
123428240-> <2>P111/10/2024 EFECTIVO 000000193069<3>
123428542-> data received from printer:
123428700-> <6>
123428701-> ********************** COMMAND BEGIN **********************
123428702-> data sent to printer:
123428703-> <2>V<3>
123428897-> data received from printer:
123429061-> <6>
123429062-> ********************** COMMAND BEGIN **********************
123429062-> data sent to printer:
123429063-> <2>VNumero Orden: 0001568<3>
123429275-> data received from printer:
123429436-> <6>
123429437-> ********************** COMMAND BEGIN **********************
123429437-> data sent to printer:
123429438-> <2>V<3>
123429630-> data received from printer:
123429782-> <6>
123429788-> ********************** COMMAND BEGIN **********************
123429788-> data sent to printer:
123429789-> <2>V<161><161><161>GRACIAS POR SU COMPRA!!!<3>
123430011-> data received from printer:
123430172-> <6>
123430173-> ********************** COMMAND BEGIN **********************
123430174-> data sent to printer:
123430174-> <2>VSolo se aceptaran devoluciones<3>
123430396-> data received from printer:
123430547-> <6>
123430548-> ********************** COMMAND BEGIN **********************
123430548-> data sent to printer:
123430549-> <2>Vpor defectos de fabrica, con la<3>
123430774-> data received from printer:
123430938-> <6>
123430939-> ********************** COMMAND BEGIN **********************
123430939-> data sent to printer:
123430940-> <2>Vpresentacion de esta factura (original),<3>
123431175-> data received from printer:
123431329-> <6>
123431330-> ********************** COMMAND BEGIN **********************
123431330-> data sent to printer:
123431331-> <2>Vdentro de los treinta (30) dias<3>
123431554-> data received from printer:
123431704-> <6>
123431705-> ********************** COMMAND BEGIN **********************
123431705-> data sent to printer:
123431705-> <2>Vsiguientes a la emision de la misma.<3>
123431936-> data received from printer:
123432094-> <6>
123432095-> ********************** COMMAND BEGIN **********************
123432096-> data sent to printer:
123432096-> <2>Y0<3>
123432146-> data received from printer:
123432425-> <2>SENIAT    J-316292649    1600*800*3100*2          Bs.0TIY1900001160520240214*300<3><6>
123432426-> ********************** COMMAND BEGIN **********************
123432426-> data sent to printer:
123432427-> <2>S<3>
123432434-> data received from printer:
123432591-> <21>
123432592-> ********************** COMMAND BEGIN **********************
123432592-> data sent to printer:
123432593-> <2>M<3>
123433913-> data received from printer:
123434077-> <6>
144151963-> OPEN PORT: COM1@9600
144152102-> ********************** COMMAND BEGIN **********************
144152102-> data sent to printer:
144152102-> <2>Q<3>
144152110-> data received from printer:
144152261-> <21>
144152262-> ********************** COMMAND BEGIN **********************
144152262-> data sent to printer:
144152262-> <2>M<3>
144152270-> data received from printer:
144152426-> <21>
144154841-> OPEN PORT: COM1@9600
144154881-> OPEN PORT: COM1@9600
144155797-> ********************** COMMAND BEGIN **********************
144155797-> data sent to printer:
144155797-> <2>L&1<3>
144157464-> data received from printer:
144157617-> <2>2717*2714<3><6>
144157618-> ********************** COMMAND BEGIN **********************
144157618-> data sent to printer:
144157619-> <2>VRazon Social: MARIA VIEIRA<3>
144157839-> data received from printer:
144157992-> <6>
144157993-> ********************** COMMAND BEGIN **********************
144157993-> data sent to printer:
144157993-> <2>VCI/Rif: V-10507130<3>
144158201-> data received from printer:
144158352-> <6>
144158353-> ********************** COMMAND BEGIN **********************
144158353-> data sent to printer:
144158353-> <2>V----------------------------------------<3>
144158586-> data received from printer:
144158743-> <6>
144158747-> ********************** COMMAND BEGIN **********************
144158747-> data sent to printer:
144158747-> <2>VC000324 VISION SENCILLA TALLADO <3>
144158973-> data received from printer:
144159133-> <6>
144159134-> ********************** COMMAND BEGIN **********************
144159135-> data sent to printer:
144159135-> <2>N12,000xBs790,65      00001581300<3>
144159408-> data received from printer:
144159568-> <6>
144159569-> ********************** COMMAND BEGIN **********************
144159569-> data sent to printer:
144159570-> <2>VM162659 JPCCCDES1200652M<3>
144159787-> data received from printer:
144159943-> <6>
144159944-> ********************** COMMAND BEGIN **********************
144159944-> data sent to printer:
144159945-> <2>N11,000xBs301,20      00000301201<3>
144200226-> data received from printer:
144200378-> <6>
144200410-> ********************** COMMAND BEGIN **********************
144200410-> data sent to printer:
144200411-> <2>O1<3>
144201538-> data received from printer:
144201700-> <2>193069<3><6>
144201707-> ********************** COMMAND BEGIN **********************
144201707-> data sent to printer:
144201708-> <2>P111/10/2024 TRANSFERE000000188250<3>
144201974-> data received from printer:
144202135-> <6>
144202136-> ********************** COMMAND BEGIN **********************
144202136-> data sent to printer:
144202136-> <2>P111/10/2024 DEBITO   000000004819<3>
144202405-> data received from printer:
144202570-> <6>
144202571-> ********************** COMMAND BEGIN **********************
144202571-> data sent to printer:
144202572-> <2>V<3>
144202766-> data received from printer:
144202931-> <6>
144202932-> ********************** COMMAND BEGIN **********************
144202932-> data sent to printer:
144202932-> <2>VNumero Orden: 0001569<3>
144203145-> data received from printer:
144203306-> <6>
144203307-> ********************** COMMAND BEGIN **********************
144203307-> data sent to printer:
144203308-> <2>V<3>
144203500-> data received from printer:
144203652-> <6>
144203684-> ********************** COMMAND BEGIN **********************
144203685-> data sent to printer:
144203686-> <2>V<161><161><161>GRACIAS POR SU COMPRA!!!<3>
144203909-> data received from printer:
144204073-> <6>
144204074-> ********************** COMMAND BEGIN **********************
144204074-> data sent to printer:
144204074-> <2>VSolo se aceptaran devoluciones<3>
144204332-> data received from printer:
144204494-> <6>
144204495-> ********************** COMMAND BEGIN **********************
144204495-> data sent to printer:
144204495-> <2>Vpor defectos de fabrica, con la<3>
144204722-> data received from printer:
144204885-> <6>
144204886-> ********************** COMMAND BEGIN **********************
144204886-> data sent to printer:
144204887-> <2>Vpresentacion de esta factura (original),<3>
144205119-> data received from printer:
144205275-> <6>
144205276-> ********************** COMMAND BEGIN **********************
144205276-> data sent to printer:
144205276-> <2>Vdentro de los treinta (30) dias<3>
144205501-> data received from printer:
144205666-> <6>
144205667-> ********************** COMMAND BEGIN **********************
144205667-> data sent to printer:
144205668-> <2>Vsiguientes a la emision de la misma.<3>
144205900-> data received from printer:
144206056-> <6>
144206064-> ********************** COMMAND BEGIN **********************
144206065-> data sent to printer:
144206065-> <2>Y0<3>
144206115-> data received from printer:
144206402-> <2>SENIAT    J-316292649    1600*800*3100*2          Bs.0TIY1900001160520240421*300<3><6>
144206403-> ********************** COMMAND BEGIN **********************
144206403-> data sent to printer:
144206404-> <2>S<3>
144206411-> data received from printer:
144206568-> <21>
144206569-> ********************** COMMAND BEGIN **********************
144206569-> data sent to printer:
144206569-> <2>M<3>
144207851-> data received from printer:
144208009-> <6>
144209480-> OPEN PORT: COM1@9600
144209520-> ********************** COMMAND BEGIN **********************
144209520-> data sent to printer:
144209521-> <2>S<3>
144209916-> data received from printer:
144210074-> <6>
144210076-> ********************** COMMAND BEGIN **********************
144210077-> data sent to printer:
144210077-> <2>V----------------------------------------<3>
144210311-> data received from printer:
144210464-> <6>
144210465-> ********************** COMMAND BEGIN **********************
144210465-> data sent to printer:
144210466-> <2>V <3>
144210662-> data received from printer:
144210825-> <6>
144210826-> ********************** COMMAND BEGIN **********************
144210826-> data sent to printer:
144210826-> <2>VOs: 0001569<3>
144211077-> data received from printer:
144211230-> <6>
144211230-> ********************** COMMAND BEGIN **********************
144211231-> data sent to printer:
144211231-> <2>VFactura:  0002717<3>
144211442-> data received from printer:
144211607-> <6>
144211608-> ********************** COMMAND BEGIN **********************
144211608-> data sent to printer:
144211608-> <2>VCorrelativo: 0000002<3>
144211824-> data received from printer:
144211983-> <6>
144211984-> ********************** COMMAND BEGIN **********************
144211984-> data sent to printer:
144211985-> <2>VNombre de la sucursal: 151-GAMA LA TRINIDAD<3>
144212220-> data received from printer:
144212373-> <6>
144212374-> ********************** COMMAND BEGIN **********************
144212374-> data sent to printer:
144212375-> <2>VCliente: V-10507130<3>
144212636-> data received from printer:
144212794-> <6>
144212795-> ********************** COMMAND BEGIN **********************
144212795-> data sent to printer:
144212796-> <2>VTelefono: 0424-1265113 <3>
144213014-> data received from printer:
144213169-> <6>
144213170-> ********************** COMMAND BEGIN **********************
144213170-> data sent to printer:
144213171-> <2>VBanco: MERCANTIL<3>
144213378-> data received from printer:
144213529-> <6>
144213530-> ********************** COMMAND BEGIN **********************
144213531-> data sent to printer:
144213531-> <2>VMonto:    150,6<3>
144213738-> data received from printer:
144213904-> <6>
144213905-> ********************** COMMAND BEGIN **********************
144213906-> data sent to printer:
144213906-> <2>V <3>
144214150-> data received from printer:
144214310-> <6>
144214311-> ********************** COMMAND BEGIN **********************
144214311-> data sent to printer:
144214312-> <2>V----------------------------------------<3>
144214580-> data received from printer:
144214731-> <6>
144214732-> ********************** COMMAND BEGIN **********************
144214733-> data sent to printer:
144214733-> <2>T<3>
144215090-> data received from printer:
144215241-> <6>
