155133665-> OPEN PORT: COM1@9600
155404572-> OPEN PORT: COM1@9600
155409510-> ********************** COMMAND BEGIN **********************
155409511-> data sent to printer:
155409512-> <2>L&1<3>
155411151-> data received from printer:
155411309-> <2>2104*2034<3><6>
155411310-> ********************** COMMAND BEGIN **********************
155411310-> data sent to printer:
155411310-> <2>VRazon Social: <3>
155412134-> data received from printer:
155412297-> <6>
155412297-> ********************** COMMAND BEGIN **********************
155412298-> data sent to printer:
155412298-> <2>VCI/Rif: V-4973930<3>
155412501-> data received from printer:
155412650-> <6>
155412651-> ********************** COMMAND BEGIN **********************
155412651-> data sent to printer:
155412651-> <2>V----------------------------------------<3>
155412879-> data received from printer:
155413034-> <6>
155447501-> ********************** COMMAND BEGIN **********************
155447502-> data sent to printer:
155447502-> <2>VC000859 Prog. RLX DE+1.67 ColorMatic XT <3>
155447737-> data received from printer:
155447897-> <6>
155447897-> ********************** COMMAND BEGIN **********************
155447898-> data sent to printer:
155447898-> <2>V <3>
155448088-> data received from printer:
155448243-> <6>
155448261-> ********************** COMMAND BEGIN **********************
155448261-> data sent to printer:
155448262-> <2>N12,000xBs939,55      00001879100<3>
155448573-> data received from printer:
155448724-> <6>
155457688-> ********************** COMMAND BEGIN **********************
155457689-> data sent to printer:
155457690-> <2>VM175067 JPCCMOKIMOK362852M<3>
155457907-> data received from printer:
155458066-> <6>
155458066-> ********************** COMMAND BEGIN **********************
155458067-> data sent to printer:
155458067-> <2>N11,000xBs236,93      00000236930<3>
155458341-> data received from printer:
155458501-> <6>
155729454-> ********************** COMMAND BEGIN **********************
155729454-> data sent to printer:
155729455-> <2>M<3>
155729463-> data received from printer:
155729626-> <21>
155748515-> ********************** COMMAND BEGIN **********************
155748516-> data sent to printer:
155748516-> <2>M<3>
155748524-> data received from printer:
155748681-> <21>
155845288-> ********************** COMMAND BEGIN **********************
155845289-> data sent to printer:
155845289-> <2>M<3>
155845297-> data received from printer:
155845449-> <21>
160214858-> OPEN PORT: COM1@9600
160214898-> OPEN PORT: COM1@9600
160214900-> ********************** COMMAND BEGIN **********************
160214900-> data sent to printer:
160214900-> <2>L&1<3>
160214910-> data received from printer:
160215066-> <21>
160215067-> ********************** COMMAND BEGIN **********************
160215067-> data sent to printer:
160215067-> <2>VRazon Social: <3>
160215276-> data received from printer:
160215427-> <6>
160215427-> ********************** COMMAND BEGIN **********************
160215428-> data sent to printer:
160215428-> <2>VCI/Rif: V-4973930<3>
160215636-> data received from printer:
160215787-> <6>
160215787-> ********************** COMMAND BEGIN **********************
160215788-> data sent to printer:
160215788-> <2>V----------------------------------------<3>
160216022-> data received from printer:
160216177-> <6>
160216179-> ********************** COMMAND BEGIN **********************
160216179-> data sent to printer:
160216179-> <2>VC000859 Prog. RLX DE+1.67 ColorMatic XT <3>
160216415-> data received from printer:
160216567-> <6>
160216568-> ********************** COMMAND BEGIN **********************
160216568-> data sent to printer:
160216568-> <2>V <3>
160216760-> data received from printer:
160216912-> <6>
160216913-> ********************** COMMAND BEGIN **********************
160216914-> data sent to printer:
160216914-> <2>N12,000xBs939,55      00001879100<3>
160217188-> data received from printer:
160217347-> <6>
160217348-> ********************** COMMAND BEGIN **********************
160217348-> data sent to printer:
160217348-> <2>VM175067 JPCCMOKIMOK362852M<3>
160217570-> data received from printer:
160217722-> <6>
160217722-> ********************** COMMAND BEGIN **********************
160217723-> data sent to printer:
160217723-> <2>N11,000xBs236,93      00000236930<3>
160217995-> data received from printer:
160218159-> <6>
160234721-> OPEN PORT: COM1@9600
161335886-> OPEN PORT: COM1@9600
161335927-> OPEN PORT: COM1@9600
161335929-> ********************** COMMAND BEGIN **********************
161335930-> data sent to printer:
161335930-> <2>L&1<3>
161337565-> data received from printer:
161337720-> <2>2105*2034<3><6>
161337721-> ********************** COMMAND BEGIN **********************
161337721-> data sent to printer:
161337721-> <2>VRazon Social: <3>
161337963-> data received from printer:
161338125-> <6>
161338125-> ********************** COMMAND BEGIN **********************
161338126-> data sent to printer:
161338126-> <2>VCI/Rif: V-4973930<3>
161338333-> data received from printer:
161338486-> <6>
161338486-> ********************** COMMAND BEGIN **********************
161338487-> data sent to printer:
161338487-> <2>V----------------------------------------<3>
161338719-> data received from printer:
161338876-> <6>
161338878-> ********************** COMMAND BEGIN **********************
161338879-> data sent to printer:
161338879-> <2>VC000859 Prog. RLX DE+1.67 ColorMatic XT <3>
161339114-> data received from printer:
161339266-> <6>
161339266-> ********************** COMMAND BEGIN **********************
161339267-> data sent to printer:
161339267-> <2>V <3>
161339457-> data received from printer:
161339611-> <6>
161339611-> ********************** COMMAND BEGIN **********************
161339612-> data sent to printer:
161339612-> <2>N12,000xBs939,55      00001879100<3>
161339886-> data received from printer:
161340047-> <6>
161340048-> ********************** COMMAND BEGIN **********************
161340048-> data sent to printer:
161340048-> <2>VM175067 JPCCMOKIMOK362852M<3>
161340270-> data received from printer:
161340422-> <6>
161340423-> ********************** COMMAND BEGIN **********************
161340423-> data sent to printer:
161340423-> <2>N11,000xBs236,93      00000236930<3>
161340695-> data received from printer:
161340859-> <6>
161551302-> OPEN PORT: COM1@9600
161551342-> OPEN PORT: COM1@9600
161551345-> ********************** COMMAND BEGIN **********************
161551345-> data sent to printer:
161551346-> <2>L&1<3>
161551355-> data received from printer:
161551517-> <21>
161551517-> ********************** COMMAND BEGIN **********************
161551518-> data sent to printer:
161551518-> <2>VRazon Social: <3>
161551725-> data received from printer:
161551877-> <6>
161551877-> ********************** COMMAND BEGIN **********************
161551878-> data sent to printer:
161551878-> <2>VCI/Rif: V-4973930<3>
161552091-> data received from printer:
161552253-> <6>
161552254-> ********************** COMMAND BEGIN **********************
161552254-> data sent to printer:
161552254-> <2>V----------------------------------------<3>
161552487-> data received from printer:
161552643-> <6>
161552645-> ********************** COMMAND BEGIN **********************
161552645-> data sent to printer:
161552645-> <2>VC000859 Prog. RLX DE+1.67 ColorMatic XT <3>
161552879-> data received from printer:
161553034-> <6>
161553034-> ********************** COMMAND BEGIN **********************
161553035-> data sent to printer:
161553035-> <2>V <3>
161553230-> data received from printer:
161553381-> <6>
161553381-> ********************** COMMAND BEGIN **********************
161553382-> data sent to printer:
161553382-> <2>N12,000xBs939,55      00001879100<3>
161553690-> data received from printer:
161553846-> <6>
161553846-> ********************** COMMAND BEGIN **********************
161553847-> data sent to printer:
161553847-> <2>VM175067 JPCCMOKIMOK362852M<3>
161554070-> data received from printer:
161554223-> <6>
161554223-> ********************** COMMAND BEGIN **********************
161554224-> data sent to printer:
161554224-> <2>N11,000xBs236,93      00000236930<3>
161554496-> data received from printer:
161554659-> <6>
163326740-> OPEN PORT: COM1@9600
163326780-> OPEN PORT: COM1@9600
163326782-> ********************** COMMAND BEGIN **********************
163326783-> data sent to printer:
163326783-> <2>L&1<3>
163328455-> data received from printer:
163328607-> <2>2106*2105<3><6>
163328608-> ********************** COMMAND BEGIN **********************
163328608-> data sent to printer:
163328608-> <2>VRazon Social: <3>
163328812-> data received from printer:
163328968-> <6>
163328969-> ********************** COMMAND BEGIN **********************
163328969-> data sent to printer:
163328969-> <2>VCI/Rif: V-4973930<3>
163329178-> data received from printer:
163329329-> <6>
163329330-> ********************** COMMAND BEGIN **********************
163329330-> data sent to printer:
163329330-> <2>V----------------------------------------<3>
163329564-> data received from printer:
163329720-> <6>
163329723-> ********************** COMMAND BEGIN **********************
163329723-> data sent to printer:
163329723-> <2>VC000859 Prog. RLX DE+1.67 ColorMatic XT <3>
163329954-> data received from printer:
163330110-> <6>
163330111-> ********************** COMMAND BEGIN **********************
163330111-> data sent to printer:
163330111-> <2>V <3>
163330303-> data received from printer:
163330455-> <6>
163330456-> ********************** COMMAND BEGIN **********************
163330456-> data sent to printer:
163330456-> <2>N12,000xBs939,55      00001879100<3>
163330732-> data received from printer:
163330890-> <6>
163330890-> ********************** COMMAND BEGIN **********************
163330891-> data sent to printer:
163330891-> <2>VM175067 JPCCMOKIMOK362852M<3>
163331144-> data received from printer:
163331296-> <6>
163331297-> ********************** COMMAND BEGIN **********************
163331297-> data sent to printer:
163331297-> <2>N11,000xBs236,93      00000236930<3>
163331574-> data received from printer:
163331731-> <6>
163454271-> ********************** COMMAND BEGIN **********************
163454271-> data sent to printer:
163454272-> <2>O1<3>
163454875-> data received from printer:
163455029-> <2>211603<3><6>
165228580-> ********************** COMMAND BEGIN **********************
165228582-> data sent to printer:
165228583-> <2>Q<3>
165228949-> data received from printer:
165229105-> <6>
165232593-> ********************** COMMAND BEGIN **********************
165232594-> data sent to printer:
165232595-> <2>M<3>
165232603-> data received from printer:
165232759-> <21>
165246613-> OPEN PORT: COM1@9600
165246654-> OPEN PORT: COM1@9600
165246654-> ********************** COMMAND BEGIN **********************
165246655-> data sent to printer:
165246655-> <2>L&1<3>
165248323-> data received from printer:
165248484-> <2>2107*2106<3><6>
165248484-> ********************** COMMAND BEGIN **********************
165248485-> data sent to printer:
165248485-> <2>VRazon Social: <3>
165248692-> data received from printer:
165248845-> <6>
165248845-> ********************** COMMAND BEGIN **********************
165248846-> data sent to printer:
165248846-> <2>VCI/Rif: V-4973930<3>
165249052-> data received from printer:
165249205-> <6>
165249206-> ********************** COMMAND BEGIN **********************
165249206-> data sent to printer:
165249206-> <2>V----------------------------------------<3>
165249437-> data received from printer:
165249596-> <6>
165249597-> ********************** COMMAND BEGIN **********************
165249597-> data sent to printer:
165249597-> <2>VC000859 Prog. RLX DE+1.67 ColorMatic XT <3>
165249832-> data received from printer:
165249987-> <6>
165249987-> ********************** COMMAND BEGIN **********************
165249988-> data sent to printer:
165249988-> <2>V <3>
165250178-> data received from printer:
165250333-> <6>
165250334-> ********************** COMMAND BEGIN **********************
165250334-> data sent to printer:
165250334-> <2>N12,000xBs939,55      00001879100<3>
165250608-> data received from printer:
165250768-> <6>
165250768-> ********************** COMMAND BEGIN **********************
165250769-> data sent to printer:
165250769-> <2>VM175067 JPCCMOKIMOK362852M<3>
165250990-> data received from printer:
165251144-> <6>
165251144-> ********************** COMMAND BEGIN **********************
165251145-> data sent to printer:
165251145-> <2>N11,000xBs236,93      00000236930<3>
165251452-> data received from printer:
165251609-> <6>
165551612-> ********************** COMMAND BEGIN **********************
165551613-> data sent to printer:
165551614-> <2>Q<3>
165551981-> data received from printer:
165552136-> <6>
165643439-> ********************** COMMAND BEGIN **********************
165643440-> data sent to printer:
165643441-> <2>M<3>
165643448-> data received from printer:
165643611-> <21>
165647621-> OPEN PORT: COM1@9600
165647661-> OPEN PORT: COM1@9600
165647661-> ********************** COMMAND BEGIN **********************
165647662-> data sent to printer:
165647662-> <2>L&1<3>
165649332-> data received from printer:
165649494-> <2>2108*2107<3><6>
165649494-> ********************** COMMAND BEGIN **********************
165649495-> data sent to printer:
165649495-> <2>VRazon Social: <3>
165649698-> data received from printer:
165649855-> <6>
165649855-> ********************** COMMAND BEGIN **********************
165649856-> data sent to printer:
165649856-> <2>VCI/Rif: V-4973930<3>
165650064-> data received from printer:
165650215-> <6>
165650215-> ********************** COMMAND BEGIN **********************
165650215-> data sent to printer:
165650215-> <2>V----------------------------------------<3>
165650450-> data received from printer:
165650604-> <6>
165650604-> ********************** COMMAND BEGIN **********************
165650605-> data sent to printer:
165650605-> <2>VC000859 Prog. RLX DE+1.67 ColorMatic XT <3>
165650836-> data received from printer:
165650995-> <6>
165650995-> ********************** COMMAND BEGIN **********************
165650996-> data sent to printer:
165650996-> <2>V <3>
165651188-> data received from printer:
165651341-> <6>
165651341-> ********************** COMMAND BEGIN **********************
165651342-> data sent to printer:
165651342-> <2>N12,000xBs939,55      00001879100<3>
165651617-> data received from printer:
165651777-> <6>
165651777-> ********************** COMMAND BEGIN **********************
165651778-> data sent to printer:
165651778-> <2>VM175067 JPCCMOKIMOK362852M<3>
165651996-> data received from printer:
165652152-> <6>
165652152-> ********************** COMMAND BEGIN **********************
165652153-> data sent to printer:
165652153-> <2>N11,000xBs236,93      00000236930<3>
165652427-> data received from printer:
165652588-> <6>
165735313-> ********************** COMMAND BEGIN **********************
165735314-> data sent to printer:
165735314-> <2>V<3>
165735508-> data received from printer:
165735660-> <6>
165736218-> ********************** COMMAND BEGIN **********************
165736219-> data sent to printer:
165736219-> <2>VNumero Orden: 0000229<3>
165736432-> data received from printer:
165736584-> <6>
165737462-> ********************** COMMAND BEGIN **********************
165737463-> data sent to printer:
165737465-> <2>V<3>
165737659-> data received from printer:
165737809-> <6>
165800594-> ********************** COMMAND BEGIN **********************
165800595-> data sent to printer:
165800595-> <2>Q<3>
165800963-> data received from printer:
165801127-> <6>
165801128-> ********************** COMMAND BEGIN **********************
165801128-> data sent to printer:
165801128-> <2>M<3>
165801136-> data received from printer:
165801293-> <21>
