161042432-> OPEN PORT: COM1@9600
161042503-> ********************** COMMAND BEGIN **********************
161042504-> data sent to printer:
161042504-> <2>Q<3>
161042512-> data received from printer:
161042664-> <21>
161042665-> ********************** COMMAND BEGIN **********************
161042665-> data sent to printer:
161042666-> <2>M<3>
161042673-> data received from printer:
161042830-> <21>
161048776-> OPEN PORT: COM1@9600
161048816-> OPEN PORT: COM1@9600
161048829-> ********************** COMMAND BEGIN **********************
161048829-> data sent to printer:
161048829-> <2>L&1<3>
161050499-> data received from printer:
161050655-> <2>2402*2391<3><6>
161050656-> ********************** COMMAND BEGIN **********************
161050656-> data sent to printer:
161050656-> <2>VRazon Social: Angel Moran<3>
161050873-> data received from printer:
161051030-> <6>
161051031-> ********************** COMMAND BEGIN **********************
161051031-> data sent to printer:
161051031-> <2>VCI/Rif: V-1800368<3>
161051241-> data received from printer:
161051405-> <6>
161051406-> ********************** COMMAND BEGIN **********************
161051406-> data sent to printer:
161051406-> <2>V----------------------------------------<3>
161051637-> data received from printer:
161051796-> <6>
161051813-> ********************** COMMAND BEGIN **********************
161051814-> data sent to printer:
161051814-> <2>VM144902 NPCOCDES770743A<3>
161052028-> data received from printer:
161052186-> <6>
161052187-> ********************** COMMAND BEGIN **********************
161052187-> data sent to printer:
161052188-> <2>N11,000xBs193,36      00000193361<3>
161052469-> data received from printer:
161052621-> <6>
161052637-> ********************** COMMAND BEGIN **********************
161052637-> data sent to printer:
161052638-> <2>VC000013 ULTRA DELGADO 1.60 ASFERICO <3>
161052866-> data received from printer:
161053028-> <6>
161053029-> ********************** COMMAND BEGIN **********************
161053030-> data sent to printer:
161053030-> <2>N12,000xBs1426,03     00002852060<3>
161053307-> data received from printer:
161053463-> <6>
161053719-> ********************** COMMAND BEGIN **********************
161053720-> data sent to printer:
161053720-> <2>O1<3>
161054849-> data received from printer:
161055003-> <2>307636<3><6>
161055078-> ********************** COMMAND BEGIN **********************
161055078-> data sent to printer:
161055078-> <2>P101/06/2023 EFECTIVO 000000307636<3>
161055348-> data received from printer:
161055503-> <6>
161055504-> ********************** COMMAND BEGIN **********************
161055504-> data sent to printer:
161055504-> <2>V<3>
161055694-> data received from printer:
161055849-> <6>
161055849-> ********************** COMMAND BEGIN **********************
161055850-> data sent to printer:
161055850-> <2>VNumero Orden: 0104737<3>
161056064-> data received from printer:
161056225-> <6>
161056225-> ********************** COMMAND BEGIN **********************
161056226-> data sent to printer:
161056226-> <2>V<3>
161056420-> data received from printer:
161056585-> <6>
161056617-> ********************** COMMAND BEGIN **********************
161056617-> data sent to printer:
161056618-> <2>V<161><161><161>GRACIAS POR SU COMPRA!!!<3>
161056837-> data received from printer:
161056991-> <6>
161056991-> ********************** COMMAND BEGIN **********************
161056992-> data sent to printer:
161056992-> <2>VSolo se aceptaran devoluciones<3>
161057216-> data received from printer:
161057367-> <6>
161057368-> ********************** COMMAND BEGIN **********************
161057368-> data sent to printer:
161057368-> <2>Vpor defectos de fabrica, con la<3>
161057595-> data received from printer:
161057759-> <6>
161057760-> ********************** COMMAND BEGIN **********************
161057760-> data sent to printer:
161057760-> <2>Vpresentacion de esta factura (original),<3>
161057993-> data received from printer:
161058149-> <6>
161058149-> ********************** COMMAND BEGIN **********************
161058150-> data sent to printer:
161058150-> <2>Vdentro de los treinta (30) dias<3>
161058375-> data received from printer:
161058525-> <6>
161058525-> ********************** COMMAND BEGIN **********************
161058526-> data sent to printer:
161058526-> <2>Vsiguientes a la emision de la misma.<3>
161058791-> data received from printer:
161058946-> <6>
161058961-> ********************** COMMAND BEGIN **********************
161058961-> data sent to printer:
161058961-> <2>Y0<3>
161059011-> data received from printer:
161059292-> <2>SENIAT    J-316292649    1600*800*3100*2          Bs.0TIY1900001170220231052*300<3><6>
161059293-> ********************** COMMAND BEGIN **********************
161059293-> data sent to printer:
161059293-> <2>S<3>
161059301-> data received from printer:
161059456-> <21>
161059457-> ********************** COMMAND BEGIN **********************
161059457-> data sent to printer:
161059457-> <2>M<3>
161100746-> data received from printer:
161100896-> <6>
