105635796-> OPEN PORT: COM1@9600
105635836-> OPEN PORT: COM1@9600
105635849-> ********************** COMMAND BEGIN **********************
105635850-> data sent to printer:
105635850-> <2>L&1<3>
105637517-> data received from printer:
105637672-> <2>2202*2200<3><6>
105637673-> ********************** COMMAND BEGIN **********************
105637673-> data sent to printer:
105637673-> <2>VRazon Social: MARILUZ GRAU<3>
105637889-> data received from printer:
105638048-> <6>
105638048-> ********************** COMMAND BEGIN **********************
105638049-> data sent to printer:
105638049-> <2>VCI/Rif: V-9276628<3>
105638258-> data received from printer:
105638423-> <6>
105638424-> ********************** COMMAND BEGIN **********************
105638424-> data sent to printer:
105638424-> <2>V----------------------------------------<3>
105638691-> data received from printer:
105638857-> <6>
105643371-> ********************** COMMAND BEGIN **********************
105643371-> data sent to printer:
105643371-> <2>Q<3>
105643713-> data received from printer:
105643870-> <6>
105643871-> ********************** COMMAND BEGIN **********************
105643871-> data sent to printer:
105643871-> <2>M<3>
105643879-> data received from printer:
105644035-> <21>
105731814-> OPEN PORT: COM1@9600
105731962-> OPEN PORT: COM1@9600
105732507-> ********************** COMMAND BEGIN **********************
105732507-> data sent to printer:
105732508-> <2>L&1<3>
105734139-> data received from printer:
105734291-> <2>2203*2202<3><6>
105734291-> ********************** COMMAND BEGIN **********************
105734292-> data sent to printer:
105734292-> <2>VRazon Social: MARILUZ GRAU<3>
105734546-> data received from printer:
105734696-> <6>
105734696-> ********************** COMMAND BEGIN **********************
105734697-> data sent to printer:
105734697-> <2>VCI/Rif: V-9276628<3>
105734903-> data received from printer:
105735056-> <6>
105735056-> ********************** COMMAND BEGIN **********************
105735057-> data sent to printer:
105735057-> <2>V----------------------------------------<3>
105735289-> data received from printer:
105735446-> <6>
105826505-> ********************** COMMAND BEGIN **********************
105826506-> data sent to printer:
105826507-> <2>VC000394 PROGRESIVO RLX FIT CR 39 <3>
105826736-> data received from printer:
105826899-> <6>
105826900-> ********************** COMMAND BEGIN **********************
105826900-> data sent to printer:
105826900-> <2>N12,000xBs763,01      00001526020<3>
105827173-> data received from printer:
105827335-> <6>
105831479-> ********************** COMMAND BEGIN **********************
105831479-> data sent to printer:
105831480-> <2>VM175748 DPCHMORTMG620553MC<3>
105831699-> data received from printer:
105831853-> <6>
105831853-> ********************** COMMAND BEGIN **********************
105831853-> data sent to printer:
105831854-> <2>N11,000xBs874,67      00000874670<3>
105832130-> data received from printer:
105832290-> <6>
105902199-> ********************** COMMAND BEGIN **********************
105902201-> data sent to printer:
105902202-> <2>O1<3>
105902808-> data received from printer:
105902970-> <2>240069<3><6>
105915305-> ********************** COMMAND BEGIN **********************
105915306-> data sent to printer:
105915306-> <2>P131/12/2022 DEBITO   000000088963<3>
105915576-> data received from printer:
105915737-> <6>
105920879-> ********************** COMMAND BEGIN **********************
105920879-> data sent to printer:
105920880-> <2>P115/03/2023 Efectivo 000000088881<3>
105921185-> data received from printer:
105921348-> <6>
105929852-> ********************** COMMAND BEGIN **********************
105929853-> data sent to printer:
105929853-> <2>V<3>
105930046-> data received from printer:
105930198-> <6>
105930455-> ********************** COMMAND BEGIN **********************
105930455-> data sent to printer:
105930455-> <2>VNumero Orden: 0052210<3>
105930673-> data received from printer:
105930827-> <6>
105931135-> ********************** COMMAND BEGIN **********************
105931135-> data sent to printer:
105931135-> <2>V<3>
105931326-> data received from printer:
105931486-> <6>
105937961-> ********************** COMMAND BEGIN **********************
105937961-> data sent to printer:
105937961-> <2>Y0<3>
105938011-> data received from printer:
105938293-> <2>SENIAT    J-316292649    1600*800*3100*2          Bs.0TIY1900001011220220543*300<3><6>
105938294-> ********************** COMMAND BEGIN **********************
105938294-> data sent to printer:
105938294-> <2>S<3>
105938302-> data received from printer:
105938460-> <21>
105938460-> ********************** COMMAND BEGIN **********************
105938461-> data sent to printer:
105938461-> <2>M<3>
105939723-> data received from printer:
105939889-> <6>
