110123376-> OPEN PORT: COM1@9600
110123484-> ********************** COMMAND BEGIN **********************
110123485-> data sent to printer:
110123485-> <2>Q<3>
110129546-> No reponse from printer
110129547-> ********************** COMMAND BEGIN **********************
110129547-> data sent to printer:
110129548-> <2>M<3>
110214604-> No reponse from printer
110215991-> OPEN PORT: COM1@9600
110216030-> OPEN PORT: COM1@9600
110216047-> ********************** COMMAND BEGIN **********************
110216048-> data sent to printer:
110216048-> <2>L&1<3>
110222113-> No reponse from printer
110222114-> ********************** COMMAND BEGIN **********************
110222114-> data sent to printer:
110222115-> <2>VRazon Social: JOSE LUIS ORTEGA<3>
110226177-> No reponse from printer
123732714-> OPEN PORT: COM1@9600
123732966-> ********************** COMMAND BEGIN **********************
123732967-> data sent to printer:
123732967-> <2>Q<3>
123739021-> No reponse from printer
123739022-> ********************** COMMAND BEGIN **********************
123739023-> data sent to printer:
123739023-> <2>M<3>
123824083-> No reponse from printer
123824886-> OPEN PORT: COM1@9600
123824925-> OPEN PORT: COM1@9600
123824972-> ********************** COMMAND BEGIN **********************
123824972-> data sent to printer:
123824973-> <2>L&1<3>
123831025-> No reponse from printer
123831026-> ********************** COMMAND BEGIN **********************
123831026-> data sent to printer:
123831027-> <2>VRazon Social: JOSE LUIS ORTEGA<3>
123835090-> No reponse from printer
123849662-> OPEN PORT: COM1@9600
123849663-> ********************** COMMAND BEGIN **********************
123849664-> data sent to printer:
123849664-> <2>Q<3>
123855716-> No reponse from printer
123855717-> ********************** COMMAND BEGIN **********************
123855717-> data sent to printer:
123855718-> <2>M<3>
123940776-> No reponse from printer
125052767-> OPEN PORT: COM1@9600
125052807-> ********************** COMMAND BEGIN **********************
125052807-> data sent to printer:
125052808-> <2>Q<3>
125052815-> data received from printer:
125052972-> <21>
125052973-> ********************** COMMAND BEGIN **********************
125052973-> data sent to printer:
125052974-> <2>M<3>
125052981-> data received from printer:
125053138-> <21>
125053881-> OPEN PORT: COM1@9600
125053921-> OPEN PORT: COM1@9600
125053922-> ********************** COMMAND BEGIN **********************
125053923-> data sent to printer:
125053923-> <2>L&1<3>
125054600-> data received from printer:
125054758-> <2>6016*5970<3><6>
125054778-> ********************** COMMAND BEGIN **********************
125054778-> data sent to printer:
125054778-> <2>VRazon Social: BELISMAR LEON<3>
125054866-> data received from printer:
125055029-> <6>
125055030-> ********************** COMMAND BEGIN **********************
125055030-> data sent to printer:
125055031-> <2>VCI/Rif: V-11856252<3>
125055109-> data received from printer:
125055270-> <6>
125055275-> ********************** COMMAND BEGIN **********************
125055276-> data sent to printer:
125055276-> <2>V----------------------------------------<3>
125055377-> data received from printer:
125055540-> <6>
125055545-> ********************** COMMAND BEGIN **********************
125055545-> data sent to printer:
125055546-> <2>VM180682 DPCGACQUZW222152OT<3>
125055632-> data received from printer:
125055795-> <6>
125055796-> ********************** COMMAND BEGIN **********************
125055797-> data sent to printer:
125055797-> <2>N11,000xBs1465,85     00001465850<3>
125055941-> data received from printer:
125056096-> <6>
125056097-> ********************** COMMAND BEGIN **********************
125056097-> data sent to printer:
125056097-> <2>VC300412 RLX ULTRA CR 39 CleAR *<3>
125056189-> data received from printer:
125056352-> <6>
125056353-> ********************** COMMAND BEGIN **********************
125056353-> data sent to printer:
125056354-> <2>N12,000xBs2470,39     00004940780<3>
125056498-> data received from printer:
125056652-> <6>
125056790-> ********************** COMMAND BEGIN **********************
125056790-> data sent to printer:
125056791-> <2>O1<3>
125057351-> data received from printer:
125057513-> <2>640663<3><6>
125057602-> ********************** COMMAND BEGIN **********************
125057602-> data sent to printer:
125057603-> <2>P101/12/2024 DEBITO   000000258445<3>
125057748-> data received from printer:
125057907-> <6>
125057908-> ********************** COMMAND BEGIN **********************
125057908-> data sent to printer:
125057908-> <2>P105/12/2024 EFECTIVO 000000382218<3>
125058105-> data received from printer:
125058267-> <6>
125058268-> ********************** COMMAND BEGIN **********************
125058268-> data sent to printer:
125058269-> <2>V<3>
125058328-> data received from printer:
125058492-> <6>
125058493-> ********************** COMMAND BEGIN **********************
125058493-> data sent to printer:
125058493-> <2>VNumero Orden: 0204559<3>
125058575-> data received from printer:
125058733-> <6>
125058733-> ********************** COMMAND BEGIN **********************
125058734-> data sent to printer:
125058734-> <2>V<3>
125058793-> data received from printer:
125058959-> <6>
125059002-> ********************** COMMAND BEGIN **********************
125059003-> data sent to printer:
125059003-> <2>V<161><161><161>GRACIAS POR SU COMPRA!!!<3>
125059091-> data received from printer:
125059246-> <6>
125059246-> ********************** COMMAND BEGIN **********************
125059247-> data sent to printer:
125059247-> <2>VSolo se aceptaran devoluciones<3>
125059338-> data received from printer:
125059502-> <6>
125059503-> ********************** COMMAND BEGIN **********************
125059503-> data sent to printer:
125059504-> <2>Vpor defectos de fabrica, con la<3>
125059596-> data received from printer:
125059758-> <6>
125059758-> ********************** COMMAND BEGIN **********************
125059759-> data sent to printer:
125059759-> <2>Vpresentacion de esta factura (original),<3>
125059860-> data received from printer:
125100013-> <6>
125100014-> ********************** COMMAND BEGIN **********************
125100015-> data sent to printer:
125100015-> <2>Vdentro de los treinta (30) dias<3>
125100107-> data received from printer:
125100269-> <6>
125100269-> ********************** COMMAND BEGIN **********************
125100270-> data sent to printer:
125100270-> <2>Vsiguientes a la emision de la misma.<3>
125100368-> data received from printer:
125100525-> <6>
125100525-> ********************** COMMAND BEGIN **********************
125100526-> data sent to printer:
125100526-> <2>V <3>
125100587-> data received from printer:
125100750-> <6>
125100751-> ********************** COMMAND BEGIN **********************
125100751-> data sent to printer:
125100751-> <2>V   * * * CONTRIBUYENTE FORMAL * * * <3>
125100848-> data received from printer:
125101005-> <6>
125101019-> ********************** COMMAND BEGIN **********************
125101020-> data sent to printer:
125101020-> <2>Y0<3>
125101103-> data received from printer:
125101290-> <2>SENIAT    J-00000000000001600*0800*3100*2          Bs.0TIS0900049061220241236<3><6>
125101291-> ********************** COMMAND BEGIN **********************
125101292-> data sent to printer:
125101292-> <2>S<3>
125101299-> data received from printer:
125101456-> <21>
125101457-> ********************** COMMAND BEGIN **********************
125101457-> data sent to printer:
125101457-> <2>M<3>
125102758-> data received from printer:
125102911-> <6>
151824257-> OPEN PORT: COM1@9600
151830133-> ********************** COMMAND BEGIN **********************
151830133-> data sent to printer:
151830134-> <2>Q<3>
151836598-> No reponse from printer
151836599-> ********************** COMMAND BEGIN **********************
151836631-> data sent to printer:
151836631-> <2>M<3>
151922091-> No reponse from printer
151924736-> OPEN PORT: COM1@9600
151930588-> OPEN PORT: COM1@9600
151930605-> ********************** COMMAND BEGIN **********************
151930606-> data sent to printer:
151930606-> <2>L&1<3>
151937279-> No reponse from printer
151937279-> ********************** COMMAND BEGIN **********************
151937280-> data sent to printer:
151937280-> <2>VRazon Social: RICARDO NOGUERA<3>
151944641-> No reponse from printer
152435001-> OPEN PORT: COM1@9600
152435001-> ********************** COMMAND BEGIN **********************
152435002-> data sent to printer:
152435002-> <2>Q<3>
152441468-> No reponse from printer
152441469-> ********************** COMMAND BEGIN **********************
152441469-> data sent to printer:
152441470-> <2>M<3>
152526936-> No reponse from printer
152554286-> OPEN PORT: COM1@9600
152554326-> ********************** COMMAND BEGIN **********************
152554326-> data sent to printer:
152554327-> <2>Q<3>
152554334-> data received from printer:
152554488-> <21>
152554489-> ********************** COMMAND BEGIN **********************
152554489-> data sent to printer:
152554489-> <2>M<3>
152554497-> data received from printer:
152554653-> <21>
152555457-> OPEN PORT: COM1@9600
152555496-> OPEN PORT: COM1@9600
152555497-> ********************** COMMAND BEGIN **********************
152555498-> data sent to printer:
152555498-> <2>L&1<3>
152556175-> data received from printer:
152556334-> <2>6017*5970<3><6>
152556335-> ********************** COMMAND BEGIN **********************
152556336-> data sent to printer:
152556336-> <2>VRazon Social: RICARDO NOGUERA<3>
152556426-> data received from printer:
152556589-> <6>
152556590-> ********************** COMMAND BEGIN **********************
152556590-> data sent to printer:
152556591-> <2>VCI/Rif: V-21000839<3>
152556669-> data received from printer:
152556830-> <6>
152556831-> ********************** COMMAND BEGIN **********************
152556832-> data sent to printer:
152556832-> <2>V----------------------------------------<3>
152556934-> data received from printer:
152557086-> <6>
152557092-> ********************** COMMAND BEGIN **********************
152557093-> data sent to printer:
152557093-> <2>VM150874 CMACMIRO8095552O<3>
152557178-> data received from printer:
152557342-> <6>
152557343-> ********************** COMMAND BEGIN **********************
152557344-> data sent to printer:
152557344-> <2>N11,000xBs1010,00     00001010000<3>
152557488-> data received from printer:
152557642-> <6>
152557643-> ********************** COMMAND BEGIN **********************
152557643-> data sent to printer:
152557644-> <2>VC000001 VISION SENCILLA TERMINADO <3>
152557739-> data received from printer:
152557897-> <6>
152557898-> ********************** COMMAND BEGIN **********************
152557898-> data sent to printer:
152557899-> <2>N12,000xBs527,50      00001055000<3>
152558043-> data received from printer:
152558198-> <6>
152558249-> ********************** COMMAND BEGIN **********************
152558249-> data sent to printer:
152558250-> <2>O1<3>
152558810-> data received from printer:
152558966-> <2>206500<3><6>
152559015-> ********************** COMMAND BEGIN **********************
152559016-> data sent to printer:
152559017-> <2>P106/12/2024 EFECTIVO 000000206500<3>
152559214-> data received from printer:
152559374-> <6>
152559375-> ********************** COMMAND BEGIN **********************
152559375-> data sent to printer:
152559376-> <2>V<3>
152559435-> data received from printer:
152559599-> <6>
152559599-> ********************** COMMAND BEGIN **********************
152559600-> data sent to printer:
152559600-> <2>VNumero Orden: 0204593<3>
152559682-> data received from printer:
152559839-> <6>
152559840-> ********************** COMMAND BEGIN **********************
152559840-> data sent to printer:
152559841-> <2>V<3>
152559900-> data received from printer:
152600080-> <6>
152600116-> ********************** COMMAND BEGIN **********************
152600116-> data sent to printer:
152600117-> <2>V<161><161><161>GRACIAS POR SU COMPRA!!!<3>
152600205-> data received from printer:
152600365-> <6>
152600365-> ********************** COMMAND BEGIN **********************
152600366-> data sent to printer:
152600366-> <2>VSolo se aceptaran devoluciones<3>
152600457-> data received from printer:
152600621-> <6>
152600621-> ********************** COMMAND BEGIN **********************
152600622-> data sent to printer:
152600622-> <2>Vpor defectos de fabrica, con la<3>
152600714-> data received from printer:
152600877-> <6>
152600877-> ********************** COMMAND BEGIN **********************
152600878-> data sent to printer:
152600878-> <2>Vpresentacion de esta factura (original),<3>
152600980-> data received from printer:
152601134-> <6>
152601135-> ********************** COMMAND BEGIN **********************
152601135-> data sent to printer:
152601136-> <2>Vdentro de los treinta (30) dias<3>
152601228-> data received from printer:
152601389-> <6>
152601390-> ********************** COMMAND BEGIN **********************
152601390-> data sent to printer:
152601391-> <2>Vsiguientes a la emision de la misma.<3>
152601488-> data received from printer:
152601644-> <6>
152601644-> ********************** COMMAND BEGIN **********************
152601645-> data sent to printer:
152601645-> <2>V <3>
152601706-> data received from printer:
152601869-> <6>
152601870-> ********************** COMMAND BEGIN **********************
152601870-> data sent to printer:
152601870-> <2>V   * * * CONTRIBUYENTE FORMAL * * * <3>
152601968-> data received from printer:
152602124-> <6>
152602125-> ********************** COMMAND BEGIN **********************
152602126-> data sent to printer:
152602126-> <2>Y0<3>
152602209-> data received from printer:
152602394-> <2>SENIAT    J-00000000000001600*0800*3100*2          Bs.0TIS0900049061220241511<3><6>
152602395-> ********************** COMMAND BEGIN **********************
152602395-> data sent to printer:
152602396-> <2>S<3>
152602403-> data received from printer:
152602560-> <21>
152602561-> ********************** COMMAND BEGIN **********************
152602561-> data sent to printer:
152602562-> <2>M<3>
152603862-> data received from printer:
152604015-> <6>
154258915-> OPEN PORT: COM1@9600
154258956-> ********************** COMMAND BEGIN **********************
154258956-> data sent to printer:
154258957-> <2>Q<3>
154258964-> data received from printer:
154259123-> <21>
154259123-> ********************** COMMAND BEGIN **********************
154259124-> data sent to printer:
154259124-> <2>M<3>
154259132-> data received from printer:
154259289-> <21>
154300203-> OPEN PORT: COM1@9600
154300242-> OPEN PORT: COM1@9600
154300243-> ********************** COMMAND BEGIN **********************
154300243-> data sent to printer:
154300244-> <2>L&1<3>
154300920-> data received from printer:
154301075-> <2>6018*5970<3><6>
154301075-> ********************** COMMAND BEGIN **********************
154301076-> data sent to printer:
154301076-> <2>VRazon Social: JENNY GALLO<3>
154301162-> data received from printer:
154301315-> <6>
154301315-> ********************** COMMAND BEGIN **********************
154301316-> data sent to printer:
154301316-> <2>VCI/Rif: V-25001495<3>
154301395-> data received from printer:
154301555-> <6>
154301556-> ********************** COMMAND BEGIN **********************
154301556-> data sent to printer:
154301556-> <2>V----------------------------------------<3>
154301658-> data received from printer:
154301810-> <6>
154301811-> ********************** COMMAND BEGIN **********************
154301811-> data sent to printer:
154301812-> <2>VC000001 VISION SENCILLA TERMINADO <3>
154301907-> data received from printer:
154302065-> <6>
154302065-> ********************** COMMAND BEGIN **********************
154302066-> data sent to printer:
154302066-> <2>N12,000xBs527,50      00001055000<3>
154302210-> data received from printer:
154302366-> <6>
154302367-> ********************** COMMAND BEGIN **********************
154302367-> data sent to printer:
154302367-> <2>VM150874 CMACMIRO8095552O<3>
154302452-> data received from printer:
154302607-> <6>
154302608-> ********************** COMMAND BEGIN **********************
154302608-> data sent to printer:
154302609-> <2>N11,000xBs1010,00     00001010000<3>
154302753-> data received from printer:
154302907-> <6>
154302951-> ********************** COMMAND BEGIN **********************
154302952-> data sent to printer:
154302952-> <2>O1<3>
154303513-> data received from printer:
154303675-> <2>206500<3><6>
154303723-> ********************** COMMAND BEGIN **********************
154303724-> data sent to printer:
154303724-> <2>P106/12/2024 EFECTIVO 000000206500<3>
154303921-> data received from printer:
154304081-> <6>
154304082-> ********************** COMMAND BEGIN **********************
154304082-> data sent to printer:
154304083-> <2>V<3>
154304142-> data received from printer:
154304307-> <6>
154304307-> ********************** COMMAND BEGIN **********************
154304308-> data sent to printer:
154304308-> <2>VNumero Orden: 0204596<3>
154304390-> data received from printer:
154304547-> <6>
154304547-> ********************** COMMAND BEGIN **********************
154304548-> data sent to printer:
154304548-> <2>V<3>
154304608-> data received from printer:
154304772-> <6>
154304805-> ********************** COMMAND BEGIN **********************
154304805-> data sent to printer:
154304806-> <2>V<161><161><161>GRACIAS POR SU COMPRA!!!<3>
154304893-> data received from printer:
154305058-> <6>
154305058-> ********************** COMMAND BEGIN **********************
154305059-> data sent to printer:
154305059-> <2>VSolo se aceptaran devoluciones<3>
154305150-> data received from printer:
154305314-> <6>
154305314-> ********************** COMMAND BEGIN **********************
154305315-> data sent to printer:
154305315-> <2>Vpor defectos de fabrica, con la<3>
154305407-> data received from printer:
154305569-> <6>
154305570-> ********************** COMMAND BEGIN **********************
154305570-> data sent to printer:
154305570-> <2>Vpresentacion de esta factura (original),<3>
154305672-> data received from printer:
154305825-> <6>
154305825-> ********************** COMMAND BEGIN **********************
154305826-> data sent to printer:
154305826-> <2>Vdentro de los treinta (30) dias<3>
154305918-> data received from printer:
154306081-> <6>
154306081-> ********************** COMMAND BEGIN **********************
154306082-> data sent to printer:
154306082-> <2>Vsiguientes a la emision de la misma.<3>
154306179-> data received from printer:
154306336-> <6>
154306336-> ********************** COMMAND BEGIN **********************
154306337-> data sent to printer:
154306337-> <2>V <3>
154306398-> data received from printer:
154306563-> <6>
154306563-> ********************** COMMAND BEGIN **********************
154306564-> data sent to printer:
154306564-> <2>V   * * * CONTRIBUYENTE FORMAL * * * <3>
154306661-> data received from printer:
154306818-> <6>
154306819-> ********************** COMMAND BEGIN **********************
154306819-> data sent to printer:
154306820-> <2>Y0<3>
154306902-> data received from printer:
154307090-> <2>SENIAT    J-00000000000001600*0800*3100*2          Bs.0TIS0900049061220241528<3><6>
154307091-> ********************** COMMAND BEGIN **********************
154307091-> data sent to printer:
154307091-> <2>S<3>
154307099-> data received from printer:
154307256-> <21>
154307257-> ********************** COMMAND BEGIN **********************
154307257-> data sent to printer:
154307257-> <2>M<3>
154308557-> data received from printer:
154308710-> <6>
161811341-> OPEN PORT: COM1@9600
161811396-> ********************** COMMAND BEGIN **********************
161811396-> data sent to printer:
161811397-> <2>Q<3>
161811404-> data received from printer:
161811560-> <21>
161811561-> ********************** COMMAND BEGIN **********************
161811561-> data sent to printer:
161811562-> <2>M<3>
161811569-> data received from printer:
161811726-> <21>
161812541-> OPEN PORT: COM1@9600
161812580-> OPEN PORT: COM1@9600
161812581-> ********************** COMMAND BEGIN **********************
161812581-> data sent to printer:
161812582-> <2>L&1<3>
161813258-> data received from printer:
161813409-> <2>6019*5970<3><6>
161813409-> ********************** COMMAND BEGIN **********************
161813410-> data sent to printer:
161813410-> <2>VRazon Social: JENNY GALLO<3>
161813496-> data received from printer:
161813649-> <6>
161813650-> ********************** COMMAND BEGIN **********************
161813650-> data sent to printer:
161813651-> <2>VCI/Rif: V 25001495<3>
161813729-> data received from printer:
161813890-> <6>
161813890-> ********************** COMMAND BEGIN **********************
161813891-> data sent to printer:
161813891-> <2>V----------------------------------------<3>
161813993-> data received from printer:
161814145-> <6>
161814145-> ********************** COMMAND BEGIN **********************
161814146-> data sent to printer:
161814146-> <2>VM178360 DPCCJCVJC003V50A<3>
161814231-> data received from printer:
161814386-> <6>
161814387-> ********************** COMMAND BEGIN **********************
161814387-> data sent to printer:
161814388-> <2>N11,000xBs7575,81     00007575810<3>
161814532-> data received from printer:
161814686-> <6>
161814687-> ********************** COMMAND BEGIN **********************
161814687-> data sent to printer:
161814688-> <2>VC300394 PROGRESIVO RLX FIT CR 39 CleAR *<3>
161814789-> data received from printer:
161814941-> <6>
161814942-> ********************** COMMAND BEGIN **********************
161814942-> data sent to printer:
161814942-> <2>VC300394 PROGRESIVO RLX FIT CR 39 CleAR *<3>
161815044-> data received from printer:
161815197-> <6>
161815197-> ********************** COMMAND BEGIN **********************
161815198-> data sent to printer:
161815198-> <2>N12,000xBs2353,93     00004707860<3>
161815342-> data received from printer:
161815498-> <6>
161815543-> ********************** COMMAND BEGIN **********************
161815543-> data sent to printer:
161815543-> <2>O1<3>
161816106-> data received from printer:
161816265-> <2>01228367<3><6>
161816314-> ********************** COMMAND BEGIN **********************
161816314-> data sent to printer:
161816315-> <2>P101/12/2024 DEBITO   000000622180<3>
161816460-> data received from printer:
161816613-> <6>
161816614-> ********************** COMMAND BEGIN **********************
161816614-> data sent to printer:
161816615-> <2>P106/12/2024 EFECTIVO 000000606187<3>
161816812-> data received from printer:
161816974-> <6>
161816974-> ********************** COMMAND BEGIN **********************
161816975-> data sent to printer:
161816975-> <2>V<3>
161817035-> data received from printer:
161817199-> <6>
161817199-> ********************** COMMAND BEGIN **********************
161817200-> data sent to printer:
161817200-> <2>VNumero Orden: 0204561<3>
161817282-> data received from printer:
161817439-> <6>
161817440-> ********************** COMMAND BEGIN **********************
161817441-> data sent to printer:
161817441-> <2>V<3>
161817500-> data received from printer:
161817665-> <6>
161817671-> ********************** COMMAND BEGIN **********************
161817672-> data sent to printer:
161817672-> <2>V<161><161><161>GRACIAS POR SU COMPRA!!!<3>
161817760-> data received from printer:
161817920-> <6>
161817920-> ********************** COMMAND BEGIN **********************
161817921-> data sent to printer:
161817921-> <2>VSolo se aceptaran devoluciones<3>
161818012-> data received from printer:
161818175-> <6>
161818175-> ********************** COMMAND BEGIN **********************
161818176-> data sent to printer:
161818176-> <2>Vpor defectos de fabrica, con la<3>
161818268-> data received from printer:
161818430-> <6>
161818431-> ********************** COMMAND BEGIN **********************
161818432-> data sent to printer:
161818432-> <2>Vpresentacion de esta factura (original),<3>
161818533-> data received from printer:
161818686-> <6>
161818687-> ********************** COMMAND BEGIN **********************
161818687-> data sent to printer:
161818688-> <2>Vdentro de los treinta (30) dias<3>
161818780-> data received from printer:
161818941-> <6>
161818942-> ********************** COMMAND BEGIN **********************
161818942-> data sent to printer:
161818943-> <2>Vsiguientes a la emision de la misma.<3>
161819040-> data received from printer:
161819196-> <6>
161819196-> ********************** COMMAND BEGIN **********************
161819197-> data sent to printer:
161819197-> <2>V <3>
161819258-> data received from printer:
161819422-> <6>
161819423-> ********************** COMMAND BEGIN **********************
161819423-> data sent to printer:
161819423-> <2>V   * * * CONTRIBUYENTE FORMAL * * * <3>
161819521-> data received from printer:
161819677-> <6>
161819678-> ********************** COMMAND BEGIN **********************
161819678-> data sent to printer:
161819679-> <2>Y0<3>
161819761-> data received from printer:
161819947-> <2>SENIAT    J-00000000000001600*0800*3100*2          Bs.0TIS0900049061220241603<3><6>
161819948-> ********************** COMMAND BEGIN **********************
161819948-> data sent to printer:
161819949-> <2>S<3>
161819956-> data received from printer:
161820113-> <21>
161820114-> ********************** COMMAND BEGIN **********************
161820114-> data sent to printer:
161820115-> <2>M<3>
161821415-> data received from printer:
161821569-> <6>
